[  5%] Built target fast_lio__cpp
[  5%] Built target fast_lio__rs
[ 13%] Built target fast_lio__rosidl_generator_c
[ 13%] Built target ament_cmake_python_symlink_fast_lio
[ 25%] Built target fast_lio__rosidl_typesupport_fastrtps_cpp
[ 30%] Built target fast_lio__rosidl_typesupport_introspection_cpp
[ 38%] Built target fast_lio__rosidl_typesupport_cpp
[ 55%] Built target fast_lio__rosidl_typesupport_c
[ 55%] Built target fast_lio__rosidl_typesupport_introspection_c
[ 63%] Built target fast_lio__rosidl_typesupport_fastrtps_c
[ 63%] Built target fast_lio
[ 66%] Building CXX object CMakeFiles/fastlio_mapping.dir/src/laserMapping.cpp.o
[ 69%] Built target fast_lio__py
[ 75%] Built target fast_lio__rosidl_generator_py
[ 86%] Built target fast_lio__rosidl_typesupport_fastrtps_c__pyext
[ 86%] Built target fast_lio__rosidl_typesupport_introspection_c__pyext
[ 91%] Built target fast_lio__rosidl_typesupport_c__pyext
running egg_info
writing fast_lio.egg-info/PKG-INFO
writing dependency_links to fast_lio.egg-info/dependency_links.txt
writing top-level names to fast_lio.egg-info/top_level.txt
reading manifest file 'fast_lio.egg-info/SOURCES.txt'
writing manifest file 'fast_lio.egg-info/SOURCES.txt'
[ 91%] Built target ament_cmake_python_build_fast_lio_egg
In file included from /usr/include/boost/smart_ptr/detail/sp_thread_sleep.hpp:22,
                 from /usr/include/boost/smart_ptr/detail/yield_k.hpp:23,
                 from /usr/include/boost/smart_ptr/detail/spinlock_gcc_atomic.hpp:14,
                 from /usr/include/boost/smart_ptr/detail/spinlock.hpp:42,
                 from /usr/include/boost/smart_ptr/detail/spinlock_pool.hpp:25,
                 from /usr/include/boost/smart_ptr/shared_ptr.hpp:29,
                 from /usr/include/boost/shared_ptr.hpp:17,
                 from /usr/include/boost/date_time/microsec_time_clock.hpp:18,
                 from /usr/include/boost/interprocess/detail/posix_time_types_wrk.hpp:31,
                 from /usr/include/boost/interprocess/detail/os_thread_functions.hpp:36,
                 from /usr/include/boost/interprocess/sync/file_lock.hpp:26,
                 from /usr/include/pcl-1.12/pcl/io/pcd_io.h:46,
                 from /opt/ros/humble/include/pcl_conversions/pcl_conversions/pcl_conversions.h:73,
                 from /home/wheeltec/agribot/agribot_ws/src/FAST_LIO/src/IMU_Processing.hpp:18,
                 from /home/wheeltec/agribot/agribot_ws/src/FAST_LIO/src/laserMapping.cpp:47:
/usr/include/boost/bind.hpp:36:1: note: ‘#pragma message: The practice of declaring the Bind placeholders (_1, _2, ...) in the global namespace is deprecated. Please use <boost/bind/bind.hpp> + using namespace boost::placeholders, or define BOOST_BIND_GLOBAL_PLACEHOLDERS to retain the current behavior.’
   36 | BOOST_PRAGMA_MESSAGE(
      | ^~~~~~~~~~~~~~~~~~~~
In file included from /home/wheeltec/agribot/agribot_ws/src/FAST_LIO/include/IKFoM_toolkit/esekfom/../mtk/types/SOn.hpp:83,
                 from /home/wheeltec/agribot/agribot_ws/src/FAST_LIO/include/IKFoM_toolkit/esekfom/esekfom.hpp:49,
                 from /home/wheeltec/agribot/agribot_ws/src/FAST_LIO/include/use-ikfom.hpp:4,
                 from /home/wheeltec/agribot/agribot_ws/src/FAST_LIO/src/IMU_Processing.hpp:22,
                 from /home/wheeltec/agribot/agribot_ws/src/FAST_LIO/src/laserMapping.cpp:47:
/home/wheeltec/agribot/agribot_ws/src/FAST_LIO/include/IKFoM_toolkit/esekfom/../mtk/types/../src/mtkmath.hpp: In instantiation of ‘std::pair<_FIter, _FIter> MTK::cos_sinc_sqrt(const scalar&) [with scalar = double]’:
/home/wheeltec/agribot/agribot_ws/src/FAST_LIO/include/IKFoM_toolkit/esekfom/../mtk/types/../src/mtkmath.hpp:252:52:   required from ‘scalar MTK::exp(MTK::vectview<scalar, dim>, MTK::vectview<const scalar, dim>, const scalar&) [with scalar = double; int n = 3]’
/home/wheeltec/agribot/agribot_ws/src/FAST_LIO/include/IKFoM_toolkit/esekfom/../mtk/types/S2.hpp:140:32:   required from ‘void MTK::S2<_scalar, den, num, S2_typ>::boxplus(MTK::vectview<const _scalar, 2>, MTK::S2<_scalar, den, num, S2_typ>::scalar) [with _scalar = double; int den = 98090; int num = 10000; int S2_typ = 1; MTK::S2<_scalar, den, num, S2_typ>::scalar = double]’
/home/wheeltec/agribot/agribot_ws/src/FAST_LIO/include/use-ikfom.hpp:12:1:   required from here
/home/wheeltec/agribot/agribot_ws/src/FAST_LIO/include/IKFoM_toolkit/esekfom/../mtk/types/../src/mtkmath.hpp:143:27: note: parameter passing for argument of type ‘std::pair<double, double>’ when C++17 is enabled changed to match C++14 in GCC 10.1
  143 | std::pair<scalar, scalar> cos_sinc_sqrt(const scalar &x2){
      |                           ^~~~~~~~~~~~~
[ 94%] Linking CXX executable fastlio_mapping
[100%] Built target fastlio_mapping
-- Install configuration: "Release"
-- Execute custom install script
-- Up-to-date symlink: /home/wheeltec/agribot/agribot_ws/install/fast_lio/share/ament_index/resource_index/rosidl_interfaces/fast_lio
-- Up-to-date symlink: /home/wheeltec/agribot/agribot_ws/install/fast_lio/include/fast_lio/fast_lio/msg/detail/pose6_d__functions.h
-- Up-to-date symlink: /home/wheeltec/agribot/agribot_ws/install/fast_lio/include/fast_lio/fast_lio/msg/detail/pose6_d__struct.h
-- Up-to-date symlink: /home/wheeltec/agribot/agribot_ws/install/fast_lio/include/fast_lio/fast_lio/msg/detail/pose6_d__type_support.h
-- Up-to-date symlink: /home/wheeltec/agribot/agribot_ws/install/fast_lio/include/fast_lio/fast_lio/msg/pose6_d.h
-- Up-to-date symlink: /home/wheeltec/agribot/agribot_ws/install/fast_lio/include/fast_lio/fast_lio/msg/rosidl_generator_c__visibility_control.h
-- Up-to-date symlink: /home/wheeltec/agribot/agribot_ws/install/fast_lio/share/fast_lio/environment/library_path.sh
-- Up-to-date symlink: /home/wheeltec/agribot/agribot_ws/install/fast_lio/share/fast_lio/environment/library_path.dsv
-- Up-to-date symlink: /home/wheeltec/agribot/agribot_ws/install/fast_lio/include/fast_lio/fast_lio/msg/detail/pose6_d__rosidl_typesupport_fastrtps_c.h
-- Up-to-date symlink: /home/wheeltec/agribot/agribot_ws/install/fast_lio/include/fast_lio/fast_lio/msg/rosidl_typesupport_fastrtps_c__visibility_control.h
-- Up-to-date symlink: /home/wheeltec/agribot/agribot_ws/install/fast_lio/include/fast_lio/fast_lio/msg/detail/pose6_d__builder.hpp
-- Up-to-date symlink: /home/wheeltec/agribot/agribot_ws/install/fast_lio/include/fast_lio/fast_lio/msg/detail/pose6_d__struct.hpp
-- Up-to-date symlink: /home/wheeltec/agribot/agribot_ws/install/fast_lio/include/fast_lio/fast_lio/msg/detail/pose6_d__traits.hpp
-- Up-to-date symlink: /home/wheeltec/agribot/agribot_ws/install/fast_lio/include/fast_lio/fast_lio/msg/detail/pose6_d__type_support.hpp
-- Up-to-date symlink: /home/wheeltec/agribot/agribot_ws/install/fast_lio/include/fast_lio/fast_lio/msg/pose6_d.hpp
-- Up-to-date symlink: /home/wheeltec/agribot/agribot_ws/install/fast_lio/include/fast_lio/fast_lio/msg/rosidl_generator_cpp__visibility_control.hpp
-- Up-to-date symlink: /home/wheeltec/agribot/agribot_ws/install/fast_lio/include/fast_lio/fast_lio/msg/detail/pose6_d__rosidl_typesupport_fastrtps_cpp.hpp
-- Up-to-date symlink: /home/wheeltec/agribot/agribot_ws/install/fast_lio/include/fast_lio/fast_lio/msg/rosidl_typesupport_fastrtps_cpp__visibility_control.h
-- Up-to-date symlink: /home/wheeltec/agribot/agribot_ws/install/fast_lio/include/fast_lio/fast_lio/msg/detail/pose6_d__rosidl_typesupport_introspection_c.h
-- Up-to-date symlink: /home/wheeltec/agribot/agribot_ws/install/fast_lio/include/fast_lio/fast_lio/msg/rosidl_typesupport_introspection_c__visibility_control.h
-- Up-to-date symlink: /home/wheeltec/agribot/agribot_ws/install/fast_lio/include/fast_lio/fast_lio/msg/detail/pose6_d__rosidl_typesupport_introspection_cpp.hpp
-- Up-to-date symlink: /home/wheeltec/agribot/agribot_ws/install/fast_lio/share/fast_lio/environment/pythonpath.sh
-- Up-to-date symlink: /home/wheeltec/agribot/agribot_ws/install/fast_lio/share/fast_lio/environment/pythonpath.dsv
-- Up-to-date symlink: /home/wheeltec/agribot/agribot_ws/install/fast_lio/local/lib/python3.10/dist-packages/fast_lio-0.0.0-py3.10.egg-info/PKG-INFO
-- Up-to-date symlink: /home/wheeltec/agribot/agribot_ws/install/fast_lio/local/lib/python3.10/dist-packages/fast_lio-0.0.0-py3.10.egg-info/SOURCES.txt
-- Up-to-date symlink: /home/wheeltec/agribot/agribot_ws/install/fast_lio/local/lib/python3.10/dist-packages/fast_lio-0.0.0-py3.10.egg-info/dependency_links.txt
-- Up-to-date symlink: /home/wheeltec/agribot/agribot_ws/install/fast_lio/local/lib/python3.10/dist-packages/fast_lio-0.0.0-py3.10.egg-info/top_level.txt
-- Up-to-date symlink: /home/wheeltec/agribot/agribot_ws/install/fast_lio/local/lib/python3.10/dist-packages/fast_lio/__init__.py
-- Up-to-date symlink: /home/wheeltec/agribot/agribot_ws/install/fast_lio/local/lib/python3.10/dist-packages/fast_lio/_fast_lio_s.ep.rosidl_typesupport_c.c
-- Up-to-date symlink: /home/wheeltec/agribot/agribot_ws/install/fast_lio/local/lib/python3.10/dist-packages/fast_lio/_fast_lio_s.ep.rosidl_typesupport_fastrtps_c.c
-- Up-to-date symlink: /home/wheeltec/agribot/agribot_ws/install/fast_lio/local/lib/python3.10/dist-packages/fast_lio/_fast_lio_s.ep.rosidl_typesupport_introspection_c.c
-- Up-to-date symlink: /home/wheeltec/agribot/agribot_ws/install/fast_lio/local/lib/python3.10/dist-packages/fast_lio/fast_lio_s__rosidl_typesupport_c.cpython-310-aarch64-linux-gnu.so
-- Up-to-date symlink: /home/wheeltec/agribot/agribot_ws/install/fast_lio/local/lib/python3.10/dist-packages/fast_lio/fast_lio_s__rosidl_typesupport_fastrtps_c.cpython-310-aarch64-linux-gnu.so
-- Up-to-date symlink: /home/wheeltec/agribot/agribot_ws/install/fast_lio/local/lib/python3.10/dist-packages/fast_lio/fast_lio_s__rosidl_typesupport_introspection_c.cpython-310-aarch64-linux-gnu.so
-- Up-to-date symlink: /home/wheeltec/agribot/agribot_ws/install/fast_lio/local/lib/python3.10/dist-packages/fast_lio/libfast_lio__rosidl_generator_py.so
-- Up-to-date symlink: /home/wheeltec/agribot/agribot_ws/install/fast_lio/local/lib/python3.10/dist-packages/fast_lio/msg/__init__.py
-- Up-to-date symlink: /home/wheeltec/agribot/agribot_ws/install/fast_lio/local/lib/python3.10/dist-packages/fast_lio/msg/_pose6_d.py
-- Up-to-date symlink: /home/wheeltec/agribot/agribot_ws/install/fast_lio/local/lib/python3.10/dist-packages/fast_lio/msg/_pose6_d_s.c
-- Up-to-date symlink: /home/wheeltec/agribot/agribot_ws/install/fast_lio/local/lib/python3.10/dist-packages/fast_lio/fast_lio_s__rosidl_typesupport_fastrtps_c.cpython-310-aarch64-linux-gnu.so
-- Up-to-date symlink: /home/wheeltec/agribot/agribot_ws/install/fast_lio/local/lib/python3.10/dist-packages/fast_lio/fast_lio_s__rosidl_typesupport_introspection_c.cpython-310-aarch64-linux-gnu.so
-- Up-to-date symlink: /home/wheeltec/agribot/agribot_ws/install/fast_lio/local/lib/python3.10/dist-packages/fast_lio/fast_lio_s__rosidl_typesupport_c.cpython-310-aarch64-linux-gnu.so
-- Up-to-date symlink: /home/wheeltec/agribot/agribot_ws/install/fast_lio/share/ament_index/resource_index/rust_packages/fast_lio
-- Up-to-date symlink: /home/wheeltec/agribot/agribot_ws/install/fast_lio/share/fast_lio/rust/Cargo.toml
-- Up-to-date symlink: /home/wheeltec/agribot/agribot_ws/install/fast_lio/share/fast_lio/rust/build.rs
-- Up-to-date symlink: /home/wheeltec/agribot/agribot_ws/install/fast_lio/share/fast_lio/rust/src/lib.rs
-- Up-to-date symlink: /home/wheeltec/agribot/agribot_ws/install/fast_lio/share/fast_lio/rust/src/msg.rs
-- Up-to-date symlink: /home/wheeltec/agribot/agribot_ws/install/fast_lio/share/fast_lio/rust/src/msg/rmw.rs
-- Up-to-date symlink: /home/wheeltec/agribot/agribot_ws/install/fast_lio/share/fast_lio/msg/Pose6D.idl
-- Up-to-date symlink: /home/wheeltec/agribot/agribot_ws/install/fast_lio/share/fast_lio/msg/Pose6D.msg
-- Up-to-date symlink: /home/wheeltec/agribot/agribot_ws/install/fast_lio/lib/fast_lio/fastlio_mapping
-- Up-to-date symlink: /home/wheeltec/agribot/agribot_ws/install/fast_lio/share/fast_lio/config/avia.yaml
-- Up-to-date symlink: /home/wheeltec/agribot/agribot_ws/install/fast_lio/share/fast_lio/config/horizon.yaml
-- Up-to-date symlink: /home/wheeltec/agribot/agribot_ws/install/fast_lio/share/fast_lio/config/mid360.yaml
-- Up-to-date symlink: /home/wheeltec/agribot/agribot_ws/install/fast_lio/share/fast_lio/config/ouster64.yaml
-- Up-to-date symlink: /home/wheeltec/agribot/agribot_ws/install/fast_lio/share/fast_lio/config/velodyne.yaml
-- Up-to-date symlink: /home/wheeltec/agribot/agribot_ws/install/fast_lio/share/fast_lio/launch/gdb_debug_example.launch
-- Up-to-date symlink: /home/wheeltec/agribot/agribot_ws/install/fast_lio/share/fast_lio/launch/mapping.launch.py
-- Up-to-date symlink: /home/wheeltec/agribot/agribot_ws/install/fast_lio/share/fast_lio/rviz/fastlio.rviz
-- Up-to-date symlink: /home/wheeltec/agribot/agribot_ws/install/fast_lio/share/ament_index/resource_index/package_run_dependencies/fast_lio
-- Up-to-date symlink: /home/wheeltec/agribot/agribot_ws/install/fast_lio/share/ament_index/resource_index/parent_prefix_path/fast_lio
-- Up-to-date symlink: /home/wheeltec/agribot/agribot_ws/install/fast_lio/share/fast_lio/environment/ament_prefix_path.sh
-- Up-to-date symlink: /home/wheeltec/agribot/agribot_ws/install/fast_lio/share/fast_lio/environment/ament_prefix_path.dsv
-- Up-to-date symlink: /home/wheeltec/agribot/agribot_ws/install/fast_lio/share/fast_lio/environment/path.sh
-- Up-to-date symlink: /home/wheeltec/agribot/agribot_ws/install/fast_lio/share/fast_lio/environment/path.dsv
-- Up-to-date symlink: /home/wheeltec/agribot/agribot_ws/install/fast_lio/share/fast_lio/local_setup.bash
-- Up-to-date symlink: /home/wheeltec/agribot/agribot_ws/install/fast_lio/share/fast_lio/local_setup.sh
-- Up-to-date symlink: /home/wheeltec/agribot/agribot_ws/install/fast_lio/share/fast_lio/local_setup.zsh
-- Up-to-date symlink: /home/wheeltec/agribot/agribot_ws/install/fast_lio/share/fast_lio/local_setup.dsv
-- Symlinking: /home/wheeltec/agribot/agribot_ws/install/fast_lio/share/fast_lio/package.dsv
-- Up-to-date symlink: /home/wheeltec/agribot/agribot_ws/install/fast_lio/share/ament_index/resource_index/packages/fast_lio
-- Up-to-date symlink: /home/wheeltec/agribot/agribot_ws/install/fast_lio/share/fast_lio/cmake/rosidl_cmake-extras.cmake
-- Up-to-date symlink: /home/wheeltec/agribot/agribot_ws/install/fast_lio/share/fast_lio/cmake/ament_cmake_export_include_directories-extras.cmake
-- Up-to-date symlink: /home/wheeltec/agribot/agribot_ws/install/fast_lio/share/fast_lio/cmake/ament_cmake_export_libraries-extras.cmake
-- Up-to-date symlink: /home/wheeltec/agribot/agribot_ws/install/fast_lio/share/fast_lio/cmake/ament_cmake_export_targets-extras.cmake
-- Up-to-date symlink: /home/wheeltec/agribot/agribot_ws/install/fast_lio/share/fast_lio/cmake/rosidl_cmake_export_typesupport_targets-extras.cmake
-- Up-to-date symlink: /home/wheeltec/agribot/agribot_ws/install/fast_lio/share/fast_lio/cmake/ament_cmake_export_dependencies-extras.cmake
-- Up-to-date symlink: /home/wheeltec/agribot/agribot_ws/install/fast_lio/share/fast_lio/cmake/rosidl_cmake_export_typesupport_libraries-extras.cmake
-- Up-to-date symlink: /home/wheeltec/agribot/agribot_ws/install/fast_lio/share/fast_lio/cmake/rosidl_cmake_aggregate_target-extras.cmake
-- Up-to-date symlink: /home/wheeltec/agribot/agribot_ws/install/fast_lio/share/fast_lio/cmake/fast_lioConfig.cmake
-- Up-to-date symlink: /home/wheeltec/agribot/agribot_ws/install/fast_lio/share/fast_lio/cmake/fast_lioConfig-version.cmake
-- Up-to-date symlink: /home/wheeltec/agribot/agribot_ws/install/fast_lio/share/fast_lio/package.xml
-- Up-to-date: /home/wheeltec/agribot/agribot_ws/install/fast_lio/lib/libfast_lio__rosidl_generator_c.so
-- Up-to-date: /home/wheeltec/agribot/agribot_ws/install/fast_lio/lib/libfast_lio__rosidl_typesupport_fastrtps_c.so
-- Up-to-date: /home/wheeltec/agribot/agribot_ws/install/fast_lio/lib/libfast_lio__rosidl_typesupport_fastrtps_cpp.so
-- Up-to-date: /home/wheeltec/agribot/agribot_ws/install/fast_lio/lib/libfast_lio__rosidl_typesupport_introspection_c.so
-- Up-to-date: /home/wheeltec/agribot/agribot_ws/install/fast_lio/lib/libfast_lio__rosidl_typesupport_c.so
-- Up-to-date: /home/wheeltec/agribot/agribot_ws/install/fast_lio/lib/libfast_lio__rosidl_typesupport_introspection_cpp.so
-- Up-to-date: /home/wheeltec/agribot/agribot_ws/install/fast_lio/lib/libfast_lio__rosidl_typesupport_cpp.so
Listing '/home/wheeltec/agribot/agribot_ws/install/fast_lio/local/lib/python3.10/dist-packages/fast_lio'...
Listing '/home/wheeltec/agribot/agribot_ws/install/fast_lio/local/lib/python3.10/dist-packages/fast_lio/msg'...
-- Up-to-date: /home/wheeltec/agribot/agribot_ws/install/fast_lio/lib/libfast_lio__rosidl_generator_py.so
-- Up-to-date: /home/wheeltec/agribot/agribot_ws/install/fast_lio/share/fast_lio/cmake/export_fast_lio__rosidl_generator_cExport.cmake
-- Up-to-date: /home/wheeltec/agribot/agribot_ws/install/fast_lio/share/fast_lio/cmake/export_fast_lio__rosidl_generator_cExport-release.cmake
-- Up-to-date: /home/wheeltec/agribot/agribot_ws/install/fast_lio/share/fast_lio/cmake/export_fast_lio__rosidl_typesupport_fastrtps_cExport.cmake
-- Up-to-date: /home/wheeltec/agribot/agribot_ws/install/fast_lio/share/fast_lio/cmake/export_fast_lio__rosidl_typesupport_fastrtps_cExport-release.cmake
-- Up-to-date: /home/wheeltec/agribot/agribot_ws/install/fast_lio/share/fast_lio/cmake/export_fast_lio__rosidl_generator_cppExport.cmake
-- Up-to-date: /home/wheeltec/agribot/agribot_ws/install/fast_lio/share/fast_lio/cmake/export_fast_lio__rosidl_typesupport_fastrtps_cppExport.cmake
-- Up-to-date: /home/wheeltec/agribot/agribot_ws/install/fast_lio/share/fast_lio/cmake/export_fast_lio__rosidl_typesupport_fastrtps_cppExport-release.cmake
-- Up-to-date: /home/wheeltec/agribot/agribot_ws/install/fast_lio/share/fast_lio/cmake/fast_lio__rosidl_typesupport_introspection_cExport.cmake
-- Up-to-date: /home/wheeltec/agribot/agribot_ws/install/fast_lio/share/fast_lio/cmake/fast_lio__rosidl_typesupport_introspection_cExport-release.cmake
-- Up-to-date: /home/wheeltec/agribot/agribot_ws/install/fast_lio/share/fast_lio/cmake/fast_lio__rosidl_typesupport_cExport.cmake
-- Up-to-date: /home/wheeltec/agribot/agribot_ws/install/fast_lio/share/fast_lio/cmake/fast_lio__rosidl_typesupport_cExport-release.cmake
-- Up-to-date: /home/wheeltec/agribot/agribot_ws/install/fast_lio/share/fast_lio/cmake/fast_lio__rosidl_typesupport_introspection_cppExport.cmake
-- Up-to-date: /home/wheeltec/agribot/agribot_ws/install/fast_lio/share/fast_lio/cmake/fast_lio__rosidl_typesupport_introspection_cppExport-release.cmake
-- Up-to-date: /home/wheeltec/agribot/agribot_ws/install/fast_lio/share/fast_lio/cmake/fast_lio__rosidl_typesupport_cppExport.cmake
-- Up-to-date: /home/wheeltec/agribot/agribot_ws/install/fast_lio/share/fast_lio/cmake/fast_lio__rosidl_typesupport_cppExport-release.cmake
-- Up-to-date: /home/wheeltec/agribot/agribot_ws/install/fast_lio/share/fast_lio/cmake/export_fast_lio__rosidl_generator_pyExport.cmake
-- Up-to-date: /home/wheeltec/agribot/agribot_ws/install/fast_lio/share/fast_lio/cmake/export_fast_lio__rosidl_generator_pyExport-release.cmake
