[0.050s] Invoking command in '/home/wheeltec/agribot/agribot_ws/build/turn_on_agribot': CMAKE_PREFIX_PATH=${CMAKE_PREFIX_PATH}:/home/wheeltec/wheeltec_ros2/install/simple_follower_ros2:/home/wheeltec/wheeltec_ros2/install/wheeltec_robot_keyboard:/home/wheeltec/wheeltec_ros2/install/wheeltec_dual_rtk_driver:/home/wheeltec/wheeltec_ros2/install/ultralytics_ros2:/home/wheeltec/wheeltec_ros2/install/tf2_tools:/home/wheeltec/wheeltec_ros2/install/ollama_ros_chat:/home/wheeltec/wheeltec_ros2/install/nmea_navsat_driver:/home/wheeltec/wheeltec_ros2/install/nav2_waypoint_cycle:/home/wheeltec/wheeltec_ros2/install/nav2_simple_commander:/home/wheeltec/wheeltec_ros2/install/auto_recharge_ros2:/opt/ros/humble /usr/bin/cmake --build /home/wheeltec/agribot/agribot_ws/build/turn_on_agribot -- -j8 -l8
[0.123s] Invoked command in '/home/wheeltec/agribot/agribot_ws/build/turn_on_agribot' returned '0': CMAKE_PREFIX_PATH=${CMAKE_PREFIX_PATH}:/home/wheeltec/wheeltec_ros2/install/simple_follower_ros2:/home/wheeltec/wheeltec_ros2/install/wheeltec_robot_keyboard:/home/wheeltec/wheeltec_ros2/install/wheeltec_dual_rtk_driver:/home/wheeltec/wheeltec_ros2/install/ultralytics_ros2:/home/wheeltec/wheeltec_ros2/install/tf2_tools:/home/wheeltec/wheeltec_ros2/install/ollama_ros_chat:/home/wheeltec/wheeltec_ros2/install/nmea_navsat_driver:/home/wheeltec/wheeltec_ros2/install/nav2_waypoint_cycle:/home/wheeltec/wheeltec_ros2/install/nav2_simple_commander:/home/wheeltec/wheeltec_ros2/install/auto_recharge_ros2:/opt/ros/humble /usr/bin/cmake --build /home/wheeltec/agribot/agribot_ws/build/turn_on_agribot -- -j8 -l8
[0.143s] Invoking command in '/home/wheeltec/agribot/agribot_ws/build/turn_on_agribot': CMAKE_PREFIX_PATH=${CMAKE_PREFIX_PATH}:/home/wheeltec/wheeltec_ros2/install/simple_follower_ros2:/home/wheeltec/wheeltec_ros2/install/wheeltec_robot_keyboard:/home/wheeltec/wheeltec_ros2/install/wheeltec_dual_rtk_driver:/home/wheeltec/wheeltec_ros2/install/ultralytics_ros2:/home/wheeltec/wheeltec_ros2/install/tf2_tools:/home/wheeltec/wheeltec_ros2/install/ollama_ros_chat:/home/wheeltec/wheeltec_ros2/install/nmea_navsat_driver:/home/wheeltec/wheeltec_ros2/install/nav2_waypoint_cycle:/home/wheeltec/wheeltec_ros2/install/nav2_simple_commander:/home/wheeltec/wheeltec_ros2/install/auto_recharge_ros2:/opt/ros/humble /usr/bin/cmake --install /home/wheeltec/agribot/agribot_ws/build/turn_on_agribot
[0.157s] -- Install configuration: ""
[0.157s] -- Up-to-date: /home/wheeltec/agribot/agribot_ws/install/turn_on_agribot/share/ament_index/resource_index/package_run_dependencies/turn_on_agribot
[0.157s] -- Up-to-date: /home/wheeltec/agribot/agribot_ws/install/turn_on_agribot/share/ament_index/resource_index/parent_prefix_path/turn_on_agribot
[0.158s] -- Up-to-date: /home/wheeltec/agribot/agribot_ws/install/turn_on_agribot/share/turn_on_agribot/environment/ament_prefix_path.sh
[0.158s] -- Up-to-date: /home/wheeltec/agribot/agribot_ws/install/turn_on_agribot/share/turn_on_agribot/environment/ament_prefix_path.dsv
[0.158s] -- Up-to-date: /home/wheeltec/agribot/agribot_ws/install/turn_on_agribot/share/turn_on_agribot/environment/path.sh
[0.158s] -- Up-to-date: /home/wheeltec/agribot/agribot_ws/install/turn_on_agribot/share/turn_on_agribot/environment/path.dsv
[0.159s] -- Up-to-date: /home/wheeltec/agribot/agribot_ws/install/turn_on_agribot/share/turn_on_agribot/local_setup.bash
[0.159s] -- Up-to-date: /home/wheeltec/agribot/agribot_ws/install/turn_on_agribot/share/turn_on_agribot/local_setup.sh
[0.159s] -- Up-to-date: /home/wheeltec/agribot/agribot_ws/install/turn_on_agribot/share/turn_on_agribot/local_setup.zsh
[0.159s] -- Up-to-date: /home/wheeltec/agribot/agribot_ws/install/turn_on_agribot/share/turn_on_agribot/local_setup.dsv
[0.159s] -- Installing: /home/wheeltec/agribot/agribot_ws/install/turn_on_agribot/share/turn_on_agribot/package.dsv
[0.159s] -- Up-to-date: /home/wheeltec/agribot/agribot_ws/install/turn_on_agribot/share/ament_index/resource_index/packages/turn_on_agribot
[0.159s] -- Up-to-date: /home/wheeltec/agribot/agribot_ws/install/turn_on_agribot/share/turn_on_agribot/cmake/turn_on_agribotConfig.cmake
[0.160s] -- Up-to-date: /home/wheeltec/agribot/agribot_ws/install/turn_on_agribot/share/turn_on_agribot/cmake/turn_on_agribotConfig-version.cmake
[0.160s] -- Up-to-date: /home/wheeltec/agribot/agribot_ws/install/turn_on_agribot/share/turn_on_agribot/package.xml
[0.165s] Invoked command in '/home/wheeltec/agribot/agribot_ws/build/turn_on_agribot' returned '0': CMAKE_PREFIX_PATH=${CMAKE_PREFIX_PATH}:/home/wheeltec/wheeltec_ros2/install/simple_follower_ros2:/home/wheeltec/wheeltec_ros2/install/wheeltec_robot_keyboard:/home/wheeltec/wheeltec_ros2/install/wheeltec_dual_rtk_driver:/home/wheeltec/wheeltec_ros2/install/ultralytics_ros2:/home/wheeltec/wheeltec_ros2/install/tf2_tools:/home/wheeltec/wheeltec_ros2/install/ollama_ros_chat:/home/wheeltec/wheeltec_ros2/install/nmea_navsat_driver:/home/wheeltec/wheeltec_ros2/install/nav2_waypoint_cycle:/home/wheeltec/wheeltec_ros2/install/nav2_simple_commander:/home/wheeltec/wheeltec_ros2/install/auto_recharge_ros2:/opt/ros/humble /usr/bin/cmake --install /home/wheeltec/agribot/agribot_ws/build/turn_on_agribot
