[0.089s] Invoking command in '/home/wheeltec/agribot/agribot_ws/build/yesense_interface': CMAKE_PREFIX_PATH=${CMAKE_PREFIX_PATH}:/home/wheeltec/wheeltec_ros2/install/simple_follower_ros2:/home/wheeltec/wheeltec_ros2/install/wheeltec_robot_keyboard:/home/wheeltec/wheeltec_ros2/install/wheeltec_dual_rtk_driver:/home/wheeltec/wheeltec_ros2/install/ultralytics_ros2:/home/wheeltec/wheeltec_ros2/install/tf2_tools:/home/wheeltec/wheeltec_ros2/install/ollama_ros_chat:/home/wheeltec/wheeltec_ros2/install/nmea_navsat_driver:/home/wheeltec/wheeltec_ros2/install/nav2_waypoint_cycle:/home/wheeltec/wheeltec_ros2/install/nav2_simple_commander:/home/wheeltec/wheeltec_ros2/install/auto_recharge_ros2:/opt/ros/humble /usr/bin/cmake --build /home/wheeltec/agribot/agribot_ws/build/yesense_interface -- -j8 -l8
[0.205s] [  1%] Built target yesense_interface__rs
[0.215s] [  1%] Built target yesense_interface__cpp
[0.241s] [ 13%] Built target yesense_interface__rosidl_generator_c
[0.267s] [ 13%] Built target ament_cmake_python_copy_yesense_interface
[0.320s] [ 25%] Built target yesense_interface__rosidl_typesupport_fastrtps_cpp
[0.350s] [ 37%] Built target yesense_interface__rosidl_typesupport_introspection_cpp
[0.359s] [ 49%] Built target yesense_interface__rosidl_typesupport_cpp
[0.371s] [ 61%] Built target yesense_interface__rosidl_typesupport_c
[0.375s] [ 73%] Built target yesense_interface__rosidl_typesupport_introspection_c
[0.387s] [ 85%] Built target yesense_interface__rosidl_typesupport_fastrtps_c
[0.428s] [ 85%] Built target yesense_interface
[0.469s] [ 86%] Built target yesense_interface__py
[0.530s] [ 97%] Built target yesense_interface__rosidl_generator_py
[0.572s] [ 99%] Built target yesense_interface__rosidl_typesupport_introspection_c__pyext
[0.573s] [ 99%] Built target yesense_interface__rosidl_typesupport_c__pyext
[0.573s] [100%] Built target yesense_interface__rosidl_typesupport_fastrtps_c__pyext
[1.008s] running egg_info
[1.010s] writing yesense_interface.egg-info/PKG-INFO
[1.011s] writing dependency_links to yesense_interface.egg-info/dependency_links.txt
[1.012s] writing top-level names to yesense_interface.egg-info/top_level.txt
[1.027s] reading manifest file 'yesense_interface.egg-info/SOURCES.txt'
[1.029s] writing manifest file 'yesense_interface.egg-info/SOURCES.txt'
[1.120s] [100%] Built target ament_cmake_python_build_yesense_interface_egg
[1.163s] Invoked command in '/home/wheeltec/agribot/agribot_ws/build/yesense_interface' returned '0': CMAKE_PREFIX_PATH=${CMAKE_PREFIX_PATH}:/home/wheeltec/wheeltec_ros2/install/simple_follower_ros2:/home/wheeltec/wheeltec_ros2/install/wheeltec_robot_keyboard:/home/wheeltec/wheeltec_ros2/install/wheeltec_dual_rtk_driver:/home/wheeltec/wheeltec_ros2/install/ultralytics_ros2:/home/wheeltec/wheeltec_ros2/install/tf2_tools:/home/wheeltec/wheeltec_ros2/install/ollama_ros_chat:/home/wheeltec/wheeltec_ros2/install/nmea_navsat_driver:/home/wheeltec/wheeltec_ros2/install/nav2_waypoint_cycle:/home/wheeltec/wheeltec_ros2/install/nav2_simple_commander:/home/wheeltec/wheeltec_ros2/install/auto_recharge_ros2:/opt/ros/humble /usr/bin/cmake --build /home/wheeltec/agribot/agribot_ws/build/yesense_interface -- -j8 -l8
[1.170s] Invoking command in '/home/wheeltec/agribot/agribot_ws/build/yesense_interface': CMAKE_PREFIX_PATH=${CMAKE_PREFIX_PATH}:/home/wheeltec/wheeltec_ros2/install/simple_follower_ros2:/home/wheeltec/wheeltec_ros2/install/wheeltec_robot_keyboard:/home/wheeltec/wheeltec_ros2/install/wheeltec_dual_rtk_driver:/home/wheeltec/wheeltec_ros2/install/ultralytics_ros2:/home/wheeltec/wheeltec_ros2/install/tf2_tools:/home/wheeltec/wheeltec_ros2/install/ollama_ros_chat:/home/wheeltec/wheeltec_ros2/install/nmea_navsat_driver:/home/wheeltec/wheeltec_ros2/install/nav2_waypoint_cycle:/home/wheeltec/wheeltec_ros2/install/nav2_simple_commander:/home/wheeltec/wheeltec_ros2/install/auto_recharge_ros2:/opt/ros/humble /usr/bin/cmake --install /home/wheeltec/agribot/agribot_ws/build/yesense_interface
[1.183s] -- Install configuration: ""
[1.183s] -- Up-to-date: /home/wheeltec/agribot/agribot_ws/install/yesense_interface/share/ament_index/resource_index/rosidl_interfaces/yesense_interface
[1.184s] -- Up-to-date: /home/wheeltec/agribot/agribot_ws/install/yesense_interface/include/yesense_interface/yesense_interface
[1.184s] -- Up-to-date: /home/wheeltec/agribot/agribot_ws/install/yesense_interface/include/yesense_interface/yesense_interface/msg
[1.184s] -- Up-to-date: /home/wheeltec/agribot/agribot_ws/install/yesense_interface/include/yesense_interface/yesense_interface/msg/quat.h
[1.185s] -- Up-to-date: /home/wheeltec/agribot/agribot_ws/install/yesense_interface/include/yesense_interface/yesense_interface/msg/nav_all.h
[1.185s] -- Up-to-date: /home/wheeltec/agribot/agribot_ws/install/yesense_interface/include/yesense_interface/yesense_interface/msg/imu_data.h
[1.185s] -- Up-to-date: /home/wheeltec/agribot/agribot_ws/install/yesense_interface/include/yesense_interface/yesense_interface/msg/attitude_min_ahrs.h
[1.186s] -- Up-to-date: /home/wheeltec/agribot/agribot_ws/install/yesense_interface/include/yesense_interface/yesense_interface/msg/nav_status.h
[1.186s] -- Up-to-date: /home/wheeltec/agribot/agribot_ws/install/yesense_interface/include/yesense_interface/yesense_interface/msg/vel.h
[1.186s] -- Up-to-date: /home/wheeltec/agribot/agribot_ws/install/yesense_interface/include/yesense_interface/yesense_interface/msg/three_axis.h
[1.188s] -- Up-to-date: /home/wheeltec/agribot/agribot_ws/install/yesense_interface/include/yesense_interface/yesense_interface/msg/euler_angle.h
[1.188s] -- Up-to-date: /home/wheeltec/agribot/agribot_ws/install/yesense_interface/include/yesense_interface/yesense_interface/msg/utc.h
[1.188s] -- Up-to-date: /home/wheeltec/agribot/agribot_ws/install/yesense_interface/include/yesense_interface/yesense_interface/msg/euler_only.h
[1.189s] -- Up-to-date: /home/wheeltec/agribot/agribot_ws/install/yesense_interface/include/yesense_interface/yesense_interface/msg/pressure.h
[1.189s] -- Up-to-date: /home/wheeltec/agribot/agribot_ws/install/yesense_interface/include/yesense_interface/yesense_interface/msg/attitude_min_vru.h
[1.189s] -- Up-to-date: /home/wheeltec/agribot/agribot_ws/install/yesense_interface/include/yesense_interface/yesense_interface/msg/sensor_temp.h
[1.189s] -- Up-to-date: /home/wheeltec/agribot/agribot_ws/install/yesense_interface/include/yesense_interface/yesense_interface/msg/rosidl_generator_c__visibility_control.h
[1.189s] -- Up-to-date: /home/wheeltec/agribot/agribot_ws/install/yesense_interface/include/yesense_interface/yesense_interface/msg/nav_min_utc.h
[1.190s] -- Up-to-date: /home/wheeltec/agribot/agribot_ws/install/yesense_interface/include/yesense_interface/yesense_interface/msg/attitude_all_data.h
[1.190s] -- Up-to-date: /home/wheeltec/agribot/agribot_ws/install/yesense_interface/include/yesense_interface/yesense_interface/msg/detail
[1.190s] -- Up-to-date: /home/wheeltec/agribot/agribot_ws/install/yesense_interface/include/yesense_interface/yesense_interface/msg/detail/imu_data__functions.h
[1.190s] -- Up-to-date: /home/wheeltec/agribot/agribot_ws/install/yesense_interface/include/yesense_interface/yesense_interface/msg/detail/attitude_min_ahrs__functions.c
[1.191s] -- Up-to-date: /home/wheeltec/agribot/agribot_ws/install/yesense_interface/include/yesense_interface/yesense_interface/msg/detail/vel__functions.c
[1.191s] -- Up-to-date: /home/wheeltec/agribot/agribot_ws/install/yesense_interface/include/yesense_interface/yesense_interface/msg/detail/attitude_min_vru__type_support.h
[1.191s] -- Up-to-date: /home/wheeltec/agribot/agribot_ws/install/yesense_interface/include/yesense_interface/yesense_interface/msg/detail/nav_min__struct.h
[1.192s] -- Up-to-date: /home/wheeltec/agribot/agribot_ws/install/yesense_interface/include/yesense_interface/yesense_interface/msg/detail/imu_data__functions.c
[1.192s] -- Up-to-date: /home/wheeltec/agribot/agribot_ws/install/yesense_interface/include/yesense_interface/yesense_interface/msg/detail/pos_only__functions.c
[1.192s] -- Up-to-date: /home/wheeltec/agribot/agribot_ws/install/yesense_interface/include/yesense_interface/yesense_interface/msg/detail/three_axis__functions.c
[1.192s] -- Up-to-date: /home/wheeltec/agribot/agribot_ws/install/yesense_interface/include/yesense_interface/yesense_interface/msg/detail/sensor_temp__type_support.h
[1.192s] -- Up-to-date: /home/wheeltec/agribot/agribot_ws/install/yesense_interface/include/yesense_interface/yesense_interface/msg/detail/euler_angle__struct.h
[1.193s] -- Up-to-date: /home/wheeltec/agribot/agribot_ws/install/yesense_interface/include/yesense_interface/yesense_interface/msg/detail/nav_status__type_support.h
[1.193s] -- Up-to-date: /home/wheeltec/agribot/agribot_ws/install/yesense_interface/include/yesense_interface/yesense_interface/msg/detail/tid__functions.c
[1.193s] -- Up-to-date: /home/wheeltec/agribot/agribot_ws/install/yesense_interface/include/yesense_interface/yesense_interface/msg/detail/utc__functions.h
[1.194s] -- Up-to-date: /home/wheeltec/agribot/agribot_ws/install/yesense_interface/include/yesense_interface/yesense_interface/msg/detail/attitude_all_data__struct.h
[1.194s] -- Up-to-date: /home/wheeltec/agribot/agribot_ws/install/yesense_interface/include/yesense_interface/yesense_interface/msg/detail/imu_data_ten_axis__functions.h
[1.194s] -- Up-to-date: /home/wheeltec/agribot/agribot_ws/install/yesense_interface/include/yesense_interface/yesense_interface/msg/detail/pressure__functions.c
[1.194s] -- Up-to-date: /home/wheeltec/agribot/agribot_ws/install/yesense_interface/include/yesense_interface/yesense_interface/msg/detail/vel__struct.h
[1.194s] -- Up-to-date: /home/wheeltec/agribot/agribot_ws/install/yesense_interface/include/yesense_interface/yesense_interface/msg/detail/tid__struct.h
[1.194s] -- Up-to-date: /home/wheeltec/agribot/agribot_ws/install/yesense_interface/include/yesense_interface/yesense_interface/msg/detail/euler_only__functions.h
[1.195s] -- Up-to-date: /home/wheeltec/agribot/agribot_ws/install/yesense_interface/include/yesense_interface/yesense_interface/msg/detail/tid__functions.h
[1.195s] -- Up-to-date: /home/wheeltec/agribot/agribot_ws/install/yesense_interface/include/yesense_interface/yesense_interface/msg/detail/imu_data__type_support.h
[1.195s] -- Up-to-date: /home/wheeltec/agribot/agribot_ws/install/yesense_interface/include/yesense_interface/yesense_interface/msg/detail/imu_data__struct.h
[1.195s] -- Up-to-date: /home/wheeltec/agribot/agribot_ws/install/yesense_interface/include/yesense_interface/yesense_interface/msg/detail/euler_angle__functions.c
[1.196s] -- Up-to-date: /home/wheeltec/agribot/agribot_ws/install/yesense_interface/include/yesense_interface/yesense_interface/msg/detail/nav_min__type_support.h
[1.196s] -- Up-to-date: /home/wheeltec/agribot/agribot_ws/install/yesense_interface/include/yesense_interface/yesense_interface/msg/detail/robot_lord__functions.h
[1.196s] -- Up-to-date: /home/wheeltec/agribot/agribot_ws/install/yesense_interface/include/yesense_interface/yesense_interface/msg/detail/attitude_min_vru__functions.c
[1.196s] -- Up-to-date: /home/wheeltec/agribot/agribot_ws/install/yesense_interface/include/yesense_interface/yesense_interface/msg/detail/attitude_all_data__functions.c
[1.196s] -- Up-to-date: /home/wheeltec/agribot/agribot_ws/install/yesense_interface/include/yesense_interface/yesense_interface/msg/detail/euler_only__functions.c
[1.197s] -- Up-to-date: /home/wheeltec/agribot/agribot_ws/install/yesense_interface/include/yesense_interface/yesense_interface/msg/detail/attitude_min_vru__functions.h
[1.197s] -- Up-to-date: /home/wheeltec/agribot/agribot_ws/install/yesense_interface/include/yesense_interface/yesense_interface/msg/detail/pos_only__type_support.h
[1.197s] -- Up-to-date: /home/wheeltec/agribot/agribot_ws/install/yesense_interface/include/yesense_interface/yesense_interface/msg/detail/nav_status__struct.h
[1.198s] -- Up-to-date: /home/wheeltec/agribot/agribot_ws/install/yesense_interface/include/yesense_interface/yesense_interface/msg/detail/euler_angle__functions.h
[1.198s] -- Up-to-date: /home/wheeltec/agribot/agribot_ws/install/yesense_interface/include/yesense_interface/yesense_interface/msg/detail/imu_data_ten_axis__struct.h
[1.198s] -- Up-to-date: /home/wheeltec/agribot/agribot_ws/install/yesense_interface/include/yesense_interface/yesense_interface/msg/detail/euler_only__struct.h
[1.198s] -- Up-to-date: /home/wheeltec/agribot/agribot_ws/install/yesense_interface/include/yesense_interface/yesense_interface/msg/detail/three_axis__type_support.h
[1.199s] -- Up-to-date: /home/wheeltec/agribot/agribot_ws/install/yesense_interface/include/yesense_interface/yesense_interface/msg/detail/pressure__type_support.h
[1.199s] -- Up-to-date: /home/wheeltec/agribot/agribot_ws/install/yesense_interface/include/yesense_interface/yesense_interface/msg/detail/nav_min_utc__type_support.h
[1.199s] -- Up-to-date: /home/wheeltec/agribot/agribot_ws/install/yesense_interface/include/yesense_interface/yesense_interface/msg/detail/attitude_min_ahrs__type_support.h
[1.199s] -- Up-to-date: /home/wheeltec/agribot/agribot_ws/install/yesense_interface/include/yesense_interface/yesense_interface/msg/detail/tid__type_support.h
[1.199s] -- Up-to-date: /home/wheeltec/agribot/agribot_ws/install/yesense_interface/include/yesense_interface/yesense_interface/msg/detail/utc__functions.c
[1.200s] -- Up-to-date: /home/wheeltec/agribot/agribot_ws/install/yesense_interface/include/yesense_interface/yesense_interface/msg/detail/quat__type_support.h
[1.200s] -- Up-to-date: /home/wheeltec/agribot/agribot_ws/install/yesense_interface/include/yesense_interface/yesense_interface/msg/detail/nav_all__struct.h
[1.200s] -- Up-to-date: /home/wheeltec/agribot/agribot_ws/install/yesense_interface/include/yesense_interface/yesense_interface/msg/detail/pos_only__struct.h
[1.200s] -- Up-to-date: /home/wheeltec/agribot/agribot_ws/install/yesense_interface/include/yesense_interface/yesense_interface/msg/detail/utc__struct.h
[1.201s] -- Up-to-date: /home/wheeltec/agribot/agribot_ws/install/yesense_interface/include/yesense_interface/yesense_interface/msg/detail/imu_data_ten_axis__type_support.h
[1.201s] -- Up-to-date: /home/wheeltec/agribot/agribot_ws/install/yesense_interface/include/yesense_interface/yesense_interface/msg/detail/sensor_temp__functions.h
[1.201s] -- Up-to-date: /home/wheeltec/agribot/agribot_ws/install/yesense_interface/include/yesense_interface/yesense_interface/msg/detail/sensor_temp__struct.h
[1.201s] -- Up-to-date: /home/wheeltec/agribot/agribot_ws/install/yesense_interface/include/yesense_interface/yesense_interface/msg/detail/nav_min_utc__functions.c
[1.202s] -- Up-to-date: /home/wheeltec/agribot/agribot_ws/install/yesense_interface/include/yesense_interface/yesense_interface/msg/detail/sensor_temp__functions.c
[1.202s] -- Up-to-date: /home/wheeltec/agribot/agribot_ws/install/yesense_interface/include/yesense_interface/yesense_interface/msg/detail/euler_only__type_support.h
[1.202s] -- Up-to-date: /home/wheeltec/agribot/agribot_ws/install/yesense_interface/include/yesense_interface/yesense_interface/msg/detail/quat__functions.c
[1.202s] -- Up-to-date: /home/wheeltec/agribot/agribot_ws/install/yesense_interface/include/yesense_interface/yesense_interface/msg/detail/nav_status__functions.h
[1.202s] -- Up-to-date: /home/wheeltec/agribot/agribot_ws/install/yesense_interface/include/yesense_interface/yesense_interface/msg/detail/attitude_all_data__functions.h
[1.203s] -- Up-to-date: /home/wheeltec/agribot/agribot_ws/install/yesense_interface/include/yesense_interface/yesense_interface/msg/detail/nav_min__functions.h
[1.203s] -- Up-to-date: /home/wheeltec/agribot/agribot_ws/install/yesense_interface/include/yesense_interface/yesense_interface/msg/detail/nav_all__functions.h
[1.203s] -- Up-to-date: /home/wheeltec/agribot/agribot_ws/install/yesense_interface/include/yesense_interface/yesense_interface/msg/detail/pos_only__functions.h
[1.203s] -- Up-to-date: /home/wheeltec/agribot/agribot_ws/install/yesense_interface/include/yesense_interface/yesense_interface/msg/detail/attitude_all_data__type_support.h
[1.203s] -- Up-to-date: /home/wheeltec/agribot/agribot_ws/install/yesense_interface/include/yesense_interface/yesense_interface/msg/detail/attitude_min_ahrs__functions.h
[1.204s] -- Up-to-date: /home/wheeltec/agribot/agribot_ws/install/yesense_interface/include/yesense_interface/yesense_interface/msg/detail/quat__struct.h
[1.204s] -- Up-to-date: /home/wheeltec/agribot/agribot_ws/install/yesense_interface/include/yesense_interface/yesense_interface/msg/detail/gnss_pos__struct.h
[1.204s] -- Up-to-date: /home/wheeltec/agribot/agribot_ws/install/yesense_interface/include/yesense_interface/yesense_interface/msg/detail/robot_lord__type_support.h
[1.204s] -- Up-to-date: /home/wheeltec/agribot/agribot_ws/install/yesense_interface/include/yesense_interface/yesense_interface/msg/detail/robot_lord__struct.h
[1.205s] -- Up-to-date: /home/wheeltec/agribot/agribot_ws/install/yesense_interface/include/yesense_interface/yesense_interface/msg/detail/utc__type_support.h
[1.205s] -- Up-to-date: /home/wheeltec/agribot/agribot_ws/install/yesense_interface/include/yesense_interface/yesense_interface/msg/detail/sample_timestamp__functions.h
[1.205s] -- Up-to-date: /home/wheeltec/agribot/agribot_ws/install/yesense_interface/include/yesense_interface/yesense_interface/msg/detail/three_axis__functions.h
[1.205s] -- Up-to-date: /home/wheeltec/agribot/agribot_ws/install/yesense_interface/include/yesense_interface/yesense_interface/msg/detail/gnss_pos__functions.c
[1.205s] -- Up-to-date: /home/wheeltec/agribot/agribot_ws/install/yesense_interface/include/yesense_interface/yesense_interface/msg/detail/nav_all__type_support.h
[1.205s] -- Up-to-date: /home/wheeltec/agribot/agribot_ws/install/yesense_interface/include/yesense_interface/yesense_interface/msg/detail/pressure__struct.h
[1.206s] -- Up-to-date: /home/wheeltec/agribot/agribot_ws/install/yesense_interface/include/yesense_interface/yesense_interface/msg/detail/vel__functions.h
[1.206s] -- Up-to-date: /home/wheeltec/agribot/agribot_ws/install/yesense_interface/include/yesense_interface/yesense_interface/msg/detail/nav_status__functions.c
[1.206s] -- Up-to-date: /home/wheeltec/agribot/agribot_ws/install/yesense_interface/include/yesense_interface/yesense_interface/msg/detail/robot_lord__functions.c
[1.206s] -- Up-to-date: /home/wheeltec/agribot/agribot_ws/install/yesense_interface/include/yesense_interface/yesense_interface/msg/detail/attitude_min_vru__struct.h
[1.207s] -- Up-to-date: /home/wheeltec/agribot/agribot_ws/install/yesense_interface/include/yesense_interface/yesense_interface/msg/detail/three_axis__struct.h
[1.207s] -- Up-to-date: /home/wheeltec/agribot/agribot_ws/install/yesense_interface/include/yesense_interface/yesense_interface/msg/detail/gnss_pos__functions.h
[1.207s] -- Up-to-date: /home/wheeltec/agribot/agribot_ws/install/yesense_interface/include/yesense_interface/yesense_interface/msg/detail/nav_all__functions.c
[1.207s] -- Up-to-date: /home/wheeltec/agribot/agribot_ws/install/yesense_interface/include/yesense_interface/yesense_interface/msg/detail/nav_min__functions.c
[1.208s] -- Up-to-date: /home/wheeltec/agribot/agribot_ws/install/yesense_interface/include/yesense_interface/yesense_interface/msg/detail/vel__type_support.h
[1.208s] -- Up-to-date: /home/wheeltec/agribot/agribot_ws/install/yesense_interface/include/yesense_interface/yesense_interface/msg/detail/nav_min_utc__struct.h
[1.208s] -- Up-to-date: /home/wheeltec/agribot/agribot_ws/install/yesense_interface/include/yesense_interface/yesense_interface/msg/detail/gnss_pos__type_support.h
[1.209s] -- Up-to-date: /home/wheeltec/agribot/agribot_ws/install/yesense_interface/include/yesense_interface/yesense_interface/msg/detail/nav_min_utc__functions.h
[1.209s] -- Up-to-date: /home/wheeltec/agribot/agribot_ws/install/yesense_interface/include/yesense_interface/yesense_interface/msg/detail/imu_data_ten_axis__functions.c
[1.210s] -- Up-to-date: /home/wheeltec/agribot/agribot_ws/install/yesense_interface/include/yesense_interface/yesense_interface/msg/detail/euler_angle__type_support.h
[1.210s] -- Up-to-date: /home/wheeltec/agribot/agribot_ws/install/yesense_interface/include/yesense_interface/yesense_interface/msg/detail/sample_timestamp__struct.h
[1.211s] -- Up-to-date: /home/wheeltec/agribot/agribot_ws/install/yesense_interface/include/yesense_interface/yesense_interface/msg/detail/sample_timestamp__functions.c
[1.211s] -- Up-to-date: /home/wheeltec/agribot/agribot_ws/install/yesense_interface/include/yesense_interface/yesense_interface/msg/detail/pressure__functions.h
[1.211s] -- Up-to-date: /home/wheeltec/agribot/agribot_ws/install/yesense_interface/include/yesense_interface/yesense_interface/msg/detail/quat__functions.h
[1.212s] -- Up-to-date: /home/wheeltec/agribot/agribot_ws/install/yesense_interface/include/yesense_interface/yesense_interface/msg/detail/sample_timestamp__type_support.h
[1.212s] -- Up-to-date: /home/wheeltec/agribot/agribot_ws/install/yesense_interface/include/yesense_interface/yesense_interface/msg/detail/attitude_min_ahrs__struct.h
[1.212s] -- Up-to-date: /home/wheeltec/agribot/agribot_ws/install/yesense_interface/include/yesense_interface/yesense_interface/msg/pos_only.h
[1.212s] -- Up-to-date: /home/wheeltec/agribot/agribot_ws/install/yesense_interface/include/yesense_interface/yesense_interface/msg/tid.h
[1.212s] -- Up-to-date: /home/wheeltec/agribot/agribot_ws/install/yesense_interface/include/yesense_interface/yesense_interface/msg/nav_min.h
[1.212s] -- Up-to-date: /home/wheeltec/agribot/agribot_ws/install/yesense_interface/include/yesense_interface/yesense_interface/msg/gnss_pos.h
[1.213s] -- Up-to-date: /home/wheeltec/agribot/agribot_ws/install/yesense_interface/include/yesense_interface/yesense_interface/msg/sample_timestamp.h
[1.213s] -- Up-to-date: /home/wheeltec/agribot/agribot_ws/install/yesense_interface/include/yesense_interface/yesense_interface/msg/imu_data_ten_axis.h
[1.213s] -- Up-to-date: /home/wheeltec/agribot/agribot_ws/install/yesense_interface/include/yesense_interface/yesense_interface/msg/robot_lord.h
[1.213s] -- Up-to-date: /home/wheeltec/agribot/agribot_ws/install/yesense_interface/share/yesense_interface/environment/library_path.sh
[1.213s] -- Up-to-date: /home/wheeltec/agribot/agribot_ws/install/yesense_interface/share/yesense_interface/environment/library_path.dsv
[1.213s] -- Up-to-date: /home/wheeltec/agribot/agribot_ws/install/yesense_interface/lib/libyesense_interface__rosidl_generator_c.so
[1.214s] -- Up-to-date: /home/wheeltec/agribot/agribot_ws/install/yesense_interface/include/yesense_interface/yesense_interface
[1.214s] -- Up-to-date: /home/wheeltec/agribot/agribot_ws/install/yesense_interface/include/yesense_interface/yesense_interface/msg
[1.214s] -- Up-to-date: /home/wheeltec/agribot/agribot_ws/install/yesense_interface/include/yesense_interface/yesense_interface/msg/rosidl_typesupport_fastrtps_c__visibility_control.h
[1.214s] -- Up-to-date: /home/wheeltec/agribot/agribot_ws/install/yesense_interface/include/yesense_interface/yesense_interface/msg/detail
[1.214s] -- Up-to-date: /home/wheeltec/agribot/agribot_ws/install/yesense_interface/include/yesense_interface/yesense_interface/msg/detail/attitude_min_ahrs__rosidl_typesupport_fastrtps_c.h
[1.214s] -- Up-to-date: /home/wheeltec/agribot/agribot_ws/install/yesense_interface/include/yesense_interface/yesense_interface/msg/detail/nav_min_utc__rosidl_typesupport_fastrtps_c.h
[1.215s] -- Up-to-date: /home/wheeltec/agribot/agribot_ws/install/yesense_interface/include/yesense_interface/yesense_interface/msg/detail/utc__rosidl_typesupport_fastrtps_c.h
[1.215s] -- Up-to-date: /home/wheeltec/agribot/agribot_ws/install/yesense_interface/include/yesense_interface/yesense_interface/msg/detail/euler_angle__rosidl_typesupport_fastrtps_c.h
[1.215s] -- Up-to-date: /home/wheeltec/agribot/agribot_ws/install/yesense_interface/include/yesense_interface/yesense_interface/msg/detail/pos_only__rosidl_typesupport_fastrtps_c.h
[1.215s] -- Up-to-date: /home/wheeltec/agribot/agribot_ws/install/yesense_interface/include/yesense_interface/yesense_interface/msg/detail/imu_data_ten_axis__rosidl_typesupport_fastrtps_c.h
[1.215s] -- Up-to-date: /home/wheeltec/agribot/agribot_ws/install/yesense_interface/include/yesense_interface/yesense_interface/msg/detail/sample_timestamp__rosidl_typesupport_fastrtps_c.h
[1.215s] -- Up-to-date: /home/wheeltec/agribot/agribot_ws/install/yesense_interface/include/yesense_interface/yesense_interface/msg/detail/nav_all__rosidl_typesupport_fastrtps_c.h
[1.215s] -- Up-to-date: /home/wheeltec/agribot/agribot_ws/install/yesense_interface/include/yesense_interface/yesense_interface/msg/detail/three_axis__rosidl_typesupport_fastrtps_c.h
[1.216s] -- Up-to-date: /home/wheeltec/agribot/agribot_ws/install/yesense_interface/include/yesense_interface/yesense_interface/msg/detail/robot_lord__rosidl_typesupport_fastrtps_c.h
[1.216s] -- Up-to-date: /home/wheeltec/agribot/agribot_ws/install/yesense_interface/include/yesense_interface/yesense_interface/msg/detail/imu_data__rosidl_typesupport_fastrtps_c.h
[1.216s] -- Up-to-date: /home/wheeltec/agribot/agribot_ws/install/yesense_interface/include/yesense_interface/yesense_interface/msg/detail/attitude_min_vru__rosidl_typesupport_fastrtps_c.h
[1.216s] -- Up-to-date: /home/wheeltec/agribot/agribot_ws/install/yesense_interface/include/yesense_interface/yesense_interface/msg/detail/nav_status__rosidl_typesupport_fastrtps_c.h
[1.216s] -- Up-to-date: /home/wheeltec/agribot/agribot_ws/install/yesense_interface/include/yesense_interface/yesense_interface/msg/detail/vel__rosidl_typesupport_fastrtps_c.h
[1.216s] -- Up-to-date: /home/wheeltec/agribot/agribot_ws/install/yesense_interface/include/yesense_interface/yesense_interface/msg/detail/sensor_temp__rosidl_typesupport_fastrtps_c.h
[1.216s] -- Up-to-date: /home/wheeltec/agribot/agribot_ws/install/yesense_interface/include/yesense_interface/yesense_interface/msg/detail/tid__rosidl_typesupport_fastrtps_c.h
[1.217s] -- Up-to-date: /home/wheeltec/agribot/agribot_ws/install/yesense_interface/include/yesense_interface/yesense_interface/msg/detail/quat__rosidl_typesupport_fastrtps_c.h
[1.217s] -- Up-to-date: /home/wheeltec/agribot/agribot_ws/install/yesense_interface/include/yesense_interface/yesense_interface/msg/detail/gnss_pos__rosidl_typesupport_fastrtps_c.h
[1.217s] -- Up-to-date: /home/wheeltec/agribot/agribot_ws/install/yesense_interface/include/yesense_interface/yesense_interface/msg/detail/nav_min__rosidl_typesupport_fastrtps_c.h
[1.217s] -- Up-to-date: /home/wheeltec/agribot/agribot_ws/install/yesense_interface/include/yesense_interface/yesense_interface/msg/detail/attitude_all_data__rosidl_typesupport_fastrtps_c.h
[1.217s] -- Up-to-date: /home/wheeltec/agribot/agribot_ws/install/yesense_interface/include/yesense_interface/yesense_interface/msg/detail/euler_only__rosidl_typesupport_fastrtps_c.h
[1.217s] -- Up-to-date: /home/wheeltec/agribot/agribot_ws/install/yesense_interface/include/yesense_interface/yesense_interface/msg/detail/pressure__rosidl_typesupport_fastrtps_c.h
[1.217s] -- Up-to-date: /home/wheeltec/agribot/agribot_ws/install/yesense_interface/lib/libyesense_interface__rosidl_typesupport_fastrtps_c.so
[1.218s] -- Up-to-date: /home/wheeltec/agribot/agribot_ws/install/yesense_interface/include/yesense_interface/yesense_interface
[1.218s] -- Up-to-date: /home/wheeltec/agribot/agribot_ws/install/yesense_interface/include/yesense_interface/yesense_interface/msg
[1.218s] -- Up-to-date: /home/wheeltec/agribot/agribot_ws/install/yesense_interface/include/yesense_interface/yesense_interface/msg/rosidl_typesupport_introspection_c__visibility_control.h
[1.218s] -- Up-to-date: /home/wheeltec/agribot/agribot_ws/install/yesense_interface/include/yesense_interface/yesense_interface/msg/detail
[1.218s] -- Up-to-date: /home/wheeltec/agribot/agribot_ws/install/yesense_interface/include/yesense_interface/yesense_interface/msg/detail/nav_all__rosidl_typesupport_introspection_c.h
[1.218s] -- Up-to-date: /home/wheeltec/agribot/agribot_ws/install/yesense_interface/include/yesense_interface/yesense_interface/msg/detail/pos_only__rosidl_typesupport_introspection_c.h
[1.218s] -- Up-to-date: /home/wheeltec/agribot/agribot_ws/install/yesense_interface/include/yesense_interface/yesense_interface/msg/detail/pos_only__type_support.c
[1.219s] -- Up-to-date: /home/wheeltec/agribot/agribot_ws/install/yesense_interface/include/yesense_interface/yesense_interface/msg/detail/sample_timestamp__rosidl_typesupport_introspection_c.h
[1.219s] -- Up-to-date: /home/wheeltec/agribot/agribot_ws/install/yesense_interface/include/yesense_interface/yesense_interface/msg/detail/nav_status__type_support.c
[1.219s] -- Up-to-date: /home/wheeltec/agribot/agribot_ws/install/yesense_interface/include/yesense_interface/yesense_interface/msg/detail/quat__type_support.c
[1.219s] -- Up-to-date: /home/wheeltec/agribot/agribot_ws/install/yesense_interface/include/yesense_interface/yesense_interface/msg/detail/utc__type_support.c
[1.219s] -- Up-to-date: /home/wheeltec/agribot/agribot_ws/install/yesense_interface/include/yesense_interface/yesense_interface/msg/detail/pressure__type_support.c
[1.219s] -- Up-to-date: /home/wheeltec/agribot/agribot_ws/install/yesense_interface/include/yesense_interface/yesense_interface/msg/detail/nav_min__type_support.c
[1.220s] -- Up-to-date: /home/wheeltec/agribot/agribot_ws/install/yesense_interface/include/yesense_interface/yesense_interface/msg/detail/tid__rosidl_typesupport_introspection_c.h
[1.220s] -- Up-to-date: /home/wheeltec/agribot/agribot_ws/install/yesense_interface/include/yesense_interface/yesense_interface/msg/detail/imu_data_ten_axis__rosidl_typesupport_introspection_c.h
[1.220s] -- Up-to-date: /home/wheeltec/agribot/agribot_ws/install/yesense_interface/include/yesense_interface/yesense_interface/msg/detail/sample_timestamp__type_support.c
[1.220s] -- Up-to-date: /home/wheeltec/agribot/agribot_ws/install/yesense_interface/include/yesense_interface/yesense_interface/msg/detail/attitude_all_data__rosidl_typesupport_introspection_c.h
[1.220s] -- Up-to-date: /home/wheeltec/agribot/agribot_ws/install/yesense_interface/include/yesense_interface/yesense_interface/msg/detail/attitude_all_data__type_support.c
[1.220s] -- Up-to-date: /home/wheeltec/agribot/agribot_ws/install/yesense_interface/include/yesense_interface/yesense_interface/msg/detail/gnss_pos__rosidl_typesupport_introspection_c.h
[1.220s] -- Up-to-date: /home/wheeltec/agribot/agribot_ws/install/yesense_interface/include/yesense_interface/yesense_interface/msg/detail/nav_status__rosidl_typesupport_introspection_c.h
[1.221s] -- Up-to-date: /home/wheeltec/agribot/agribot_ws/install/yesense_interface/include/yesense_interface/yesense_interface/msg/detail/imu_data_ten_axis__type_support.c
[1.221s] -- Up-to-date: /home/wheeltec/agribot/agribot_ws/install/yesense_interface/include/yesense_interface/yesense_interface/msg/detail/tid__type_support.c
[1.221s] -- Up-to-date: /home/wheeltec/agribot/agribot_ws/install/yesense_interface/include/yesense_interface/yesense_interface/msg/detail/attitude_min_ahrs__type_support.c
[1.221s] -- Up-to-date: /home/wheeltec/agribot/agribot_ws/install/yesense_interface/include/yesense_interface/yesense_interface/msg/detail/three_axis__rosidl_typesupport_introspection_c.h
[1.221s] -- Up-to-date: /home/wheeltec/agribot/agribot_ws/install/yesense_interface/include/yesense_interface/yesense_interface/msg/detail/euler_angle__rosidl_typesupport_introspection_c.h
[1.221s] -- Up-to-date: /home/wheeltec/agribot/agribot_ws/install/yesense_interface/include/yesense_interface/yesense_interface/msg/detail/vel__rosidl_typesupport_introspection_c.h
[1.221s] -- Up-to-date: /home/wheeltec/agribot/agribot_ws/install/yesense_interface/include/yesense_interface/yesense_interface/msg/detail/nav_min_utc__rosidl_typesupport_introspection_c.h
[1.222s] -- Up-to-date: /home/wheeltec/agribot/agribot_ws/install/yesense_interface/include/yesense_interface/yesense_interface/msg/detail/nav_all__type_support.c
[1.222s] -- Up-to-date: /home/wheeltec/agribot/agribot_ws/install/yesense_interface/include/yesense_interface/yesense_interface/msg/detail/nav_min_utc__type_support.c
[1.222s] -- Up-to-date: /home/wheeltec/agribot/agribot_ws/install/yesense_interface/include/yesense_interface/yesense_interface/msg/detail/nav_min__rosidl_typesupport_introspection_c.h
[1.222s] -- Up-to-date: /home/wheeltec/agribot/agribot_ws/install/yesense_interface/include/yesense_interface/yesense_interface/msg/detail/imu_data__rosidl_typesupport_introspection_c.h
[1.222s] -- Up-to-date: /home/wheeltec/agribot/agribot_ws/install/yesense_interface/include/yesense_interface/yesense_interface/msg/detail/utc__rosidl_typesupport_introspection_c.h
[1.222s] -- Up-to-date: /home/wheeltec/agribot/agribot_ws/install/yesense_interface/include/yesense_interface/yesense_interface/msg/detail/imu_data__type_support.c
[1.222s] -- Up-to-date: /home/wheeltec/agribot/agribot_ws/install/yesense_interface/include/yesense_interface/yesense_interface/msg/detail/vel__type_support.c
[1.223s] -- Up-to-date: /home/wheeltec/agribot/agribot_ws/install/yesense_interface/include/yesense_interface/yesense_interface/msg/detail/sensor_temp__type_support.c
[1.223s] -- Up-to-date: /home/wheeltec/agribot/agribot_ws/install/yesense_interface/include/yesense_interface/yesense_interface/msg/detail/attitude_min_vru__type_support.c
[1.223s] -- Up-to-date: /home/wheeltec/agribot/agribot_ws/install/yesense_interface/include/yesense_interface/yesense_interface/msg/detail/three_axis__type_support.c
[1.223s] -- Up-to-date: /home/wheeltec/agribot/agribot_ws/install/yesense_interface/include/yesense_interface/yesense_interface/msg/detail/robot_lord__rosidl_typesupport_introspection_c.h
[1.223s] -- Up-to-date: /home/wheeltec/agribot/agribot_ws/install/yesense_interface/include/yesense_interface/yesense_interface/msg/detail/robot_lord__type_support.c
[1.223s] -- Up-to-date: /home/wheeltec/agribot/agribot_ws/install/yesense_interface/include/yesense_interface/yesense_interface/msg/detail/attitude_min_ahrs__rosidl_typesupport_introspection_c.h
[1.223s] -- Up-to-date: /home/wheeltec/agribot/agribot_ws/install/yesense_interface/include/yesense_interface/yesense_interface/msg/detail/attitude_min_vru__rosidl_typesupport_introspection_c.h
[1.224s] -- Up-to-date: /home/wheeltec/agribot/agribot_ws/install/yesense_interface/include/yesense_interface/yesense_interface/msg/detail/gnss_pos__type_support.c
[1.224s] -- Up-to-date: /home/wheeltec/agribot/agribot_ws/install/yesense_interface/include/yesense_interface/yesense_interface/msg/detail/euler_only__type_support.c
[1.224s] -- Up-to-date: /home/wheeltec/agribot/agribot_ws/install/yesense_interface/include/yesense_interface/yesense_interface/msg/detail/sensor_temp__rosidl_typesupport_introspection_c.h
[1.224s] -- Up-to-date: /home/wheeltec/agribot/agribot_ws/install/yesense_interface/include/yesense_interface/yesense_interface/msg/detail/euler_angle__type_support.c
[1.224s] -- Up-to-date: /home/wheeltec/agribot/agribot_ws/install/yesense_interface/include/yesense_interface/yesense_interface/msg/detail/euler_only__rosidl_typesupport_introspection_c.h
[1.224s] -- Up-to-date: /home/wheeltec/agribot/agribot_ws/install/yesense_interface/include/yesense_interface/yesense_interface/msg/detail/pressure__rosidl_typesupport_introspection_c.h
[1.224s] -- Up-to-date: /home/wheeltec/agribot/agribot_ws/install/yesense_interface/include/yesense_interface/yesense_interface/msg/detail/quat__rosidl_typesupport_introspection_c.h
[1.225s] -- Up-to-date: /home/wheeltec/agribot/agribot_ws/install/yesense_interface/lib/libyesense_interface__rosidl_typesupport_introspection_c.so
[1.225s] -- Up-to-date: /home/wheeltec/agribot/agribot_ws/install/yesense_interface/lib/libyesense_interface__rosidl_typesupport_c.so
[1.225s] -- Up-to-date: /home/wheeltec/agribot/agribot_ws/install/yesense_interface/include/yesense_interface/yesense_interface
[1.225s] -- Up-to-date: /home/wheeltec/agribot/agribot_ws/install/yesense_interface/include/yesense_interface/yesense_interface/msg
[1.225s] -- Up-to-date: /home/wheeltec/agribot/agribot_ws/install/yesense_interface/include/yesense_interface/yesense_interface/msg/imu_data.hpp
[1.225s] -- Up-to-date: /home/wheeltec/agribot/agribot_ws/install/yesense_interface/include/yesense_interface/yesense_interface/msg/utc.hpp
[1.225s] -- Up-to-date: /home/wheeltec/agribot/agribot_ws/install/yesense_interface/include/yesense_interface/yesense_interface/msg/gnss_pos.hpp
[1.226s] -- Up-to-date: /home/wheeltec/agribot/agribot_ws/install/yesense_interface/include/yesense_interface/yesense_interface/msg/attitude_min_vru.hpp
[1.226s] -- Up-to-date: /home/wheeltec/agribot/agribot_ws/install/yesense_interface/include/yesense_interface/yesense_interface/msg/nav_all.hpp
[1.226s] -- Up-to-date: /home/wheeltec/agribot/agribot_ws/install/yesense_interface/include/yesense_interface/yesense_interface/msg/nav_min.hpp
[1.226s] -- Up-to-date: /home/wheeltec/agribot/agribot_ws/install/yesense_interface/include/yesense_interface/yesense_interface/msg/imu_data_ten_axis.hpp
[1.226s] -- Up-to-date: /home/wheeltec/agribot/agribot_ws/install/yesense_interface/include/yesense_interface/yesense_interface/msg/sensor_temp.hpp
[1.226s] -- Up-to-date: /home/wheeltec/agribot/agribot_ws/install/yesense_interface/include/yesense_interface/yesense_interface/msg/attitude_min_ahrs.hpp
[1.226s] -- Up-to-date: /home/wheeltec/agribot/agribot_ws/install/yesense_interface/include/yesense_interface/yesense_interface/msg/nav_status.hpp
[1.227s] -- Up-to-date: /home/wheeltec/agribot/agribot_ws/install/yesense_interface/include/yesense_interface/yesense_interface/msg/pressure.hpp
[1.227s] -- Up-to-date: /home/wheeltec/agribot/agribot_ws/install/yesense_interface/include/yesense_interface/yesense_interface/msg/quat.hpp
[1.227s] -- Up-to-date: /home/wheeltec/agribot/agribot_ws/install/yesense_interface/include/yesense_interface/yesense_interface/msg/robot_lord.hpp
[1.227s] -- Up-to-date: /home/wheeltec/agribot/agribot_ws/install/yesense_interface/include/yesense_interface/yesense_interface/msg/three_axis.hpp
[1.227s] -- Up-to-date: /home/wheeltec/agribot/agribot_ws/install/yesense_interface/include/yesense_interface/yesense_interface/msg/nav_min_utc.hpp
[1.227s] -- Up-to-date: /home/wheeltec/agribot/agribot_ws/install/yesense_interface/include/yesense_interface/yesense_interface/msg/detail
[1.227s] -- Up-to-date: /home/wheeltec/agribot/agribot_ws/install/yesense_interface/include/yesense_interface/yesense_interface/msg/detail/euler_only__struct.hpp
[1.228s] -- Up-to-date: /home/wheeltec/agribot/agribot_ws/install/yesense_interface/include/yesense_interface/yesense_interface/msg/detail/nav_all__type_support.hpp
[1.228s] -- Up-to-date: /home/wheeltec/agribot/agribot_ws/install/yesense_interface/include/yesense_interface/yesense_interface/msg/detail/attitude_all_data__type_support.hpp
[1.228s] -- Up-to-date: /home/wheeltec/agribot/agribot_ws/install/yesense_interface/include/yesense_interface/yesense_interface/msg/detail/imu_data_ten_axis__type_support.hpp
[1.228s] -- Up-to-date: /home/wheeltec/agribot/agribot_ws/install/yesense_interface/include/yesense_interface/yesense_interface/msg/detail/nav_status__traits.hpp
[1.228s] -- Up-to-date: /home/wheeltec/agribot/agribot_ws/install/yesense_interface/include/yesense_interface/yesense_interface/msg/detail/robot_lord__traits.hpp
[1.228s] -- Up-to-date: /home/wheeltec/agribot/agribot_ws/install/yesense_interface/include/yesense_interface/yesense_interface/msg/detail/vel__struct.hpp
[1.228s] -- Up-to-date: /home/wheeltec/agribot/agribot_ws/install/yesense_interface/include/yesense_interface/yesense_interface/msg/detail/gnss_pos__type_support.hpp
[1.229s] -- Up-to-date: /home/wheeltec/agribot/agribot_ws/install/yesense_interface/include/yesense_interface/yesense_interface/msg/detail/pressure__type_support.hpp
[1.229s] -- Up-to-date: /home/wheeltec/agribot/agribot_ws/install/yesense_interface/include/yesense_interface/yesense_interface/msg/detail/quat__builder.hpp
[1.229s] -- Up-to-date: /home/wheeltec/agribot/agribot_ws/install/yesense_interface/include/yesense_interface/yesense_interface/msg/detail/nav_all__struct.hpp
[1.229s] -- Up-to-date: /home/wheeltec/agribot/agribot_ws/install/yesense_interface/include/yesense_interface/yesense_interface/msg/detail/quat__type_support.hpp
[1.229s] -- Up-to-date: /home/wheeltec/agribot/agribot_ws/install/yesense_interface/include/yesense_interface/yesense_interface/msg/detail/nav_status__type_support.hpp
[1.229s] -- Up-to-date: /home/wheeltec/agribot/agribot_ws/install/yesense_interface/include/yesense_interface/yesense_interface/msg/detail/attitude_min_vru__struct.hpp
[1.229s] -- Up-to-date: /home/wheeltec/agribot/agribot_ws/install/yesense_interface/include/yesense_interface/yesense_interface/msg/detail/nav_min_utc__builder.hpp
[1.230s] -- Up-to-date: /home/wheeltec/agribot/agribot_ws/install/yesense_interface/include/yesense_interface/yesense_interface/msg/detail/imu_data_ten_axis__struct.hpp
[1.230s] -- Up-to-date: /home/wheeltec/agribot/agribot_ws/install/yesense_interface/include/yesense_interface/yesense_interface/msg/detail/tid__traits.hpp
[1.230s] -- Up-to-date: /home/wheeltec/agribot/agribot_ws/install/yesense_interface/include/yesense_interface/yesense_interface/msg/detail/nav_min__builder.hpp
[1.230s] -- Up-to-date: /home/wheeltec/agribot/agribot_ws/install/yesense_interface/include/yesense_interface/yesense_interface/msg/detail/nav_status__builder.hpp
[1.230s] -- Up-to-date: /home/wheeltec/agribot/agribot_ws/install/yesense_interface/include/yesense_interface/yesense_interface/msg/detail/attitude_min_ahrs__struct.hpp
[1.230s] -- Up-to-date: /home/wheeltec/agribot/agribot_ws/install/yesense_interface/include/yesense_interface/yesense_interface/msg/detail/nav_min__struct.hpp
[1.231s] -- Up-to-date: /home/wheeltec/agribot/agribot_ws/install/yesense_interface/include/yesense_interface/yesense_interface/msg/detail/robot_lord__builder.hpp
[1.231s] -- Up-to-date: /home/wheeltec/agribot/agribot_ws/install/yesense_interface/include/yesense_interface/yesense_interface/msg/detail/imu_data_ten_axis__builder.hpp
[1.231s] -- Up-to-date: /home/wheeltec/agribot/agribot_ws/install/yesense_interface/include/yesense_interface/yesense_interface/msg/detail/three_axis__builder.hpp
[1.231s] -- Up-to-date: /home/wheeltec/agribot/agribot_ws/install/yesense_interface/include/yesense_interface/yesense_interface/msg/detail/sensor_temp__traits.hpp
[1.231s] -- Up-to-date: /home/wheeltec/agribot/agribot_ws/install/yesense_interface/include/yesense_interface/yesense_interface/msg/detail/imu_data__struct.hpp
[1.231s] -- Up-to-date: /home/wheeltec/agribot/agribot_ws/install/yesense_interface/include/yesense_interface/yesense_interface/msg/detail/attitude_min_vru__type_support.hpp
[1.231s] -- Up-to-date: /home/wheeltec/agribot/agribot_ws/install/yesense_interface/include/yesense_interface/yesense_interface/msg/detail/robot_lord__type_support.hpp
[1.231s] -- Up-to-date: /home/wheeltec/agribot/agribot_ws/install/yesense_interface/include/yesense_interface/yesense_interface/msg/detail/nav_min__traits.hpp
[1.232s] -- Up-to-date: /home/wheeltec/agribot/agribot_ws/install/yesense_interface/include/yesense_interface/yesense_interface/msg/detail/gnss_pos__struct.hpp
[1.232s] -- Up-to-date: /home/wheeltec/agribot/agribot_ws/install/yesense_interface/include/yesense_interface/yesense_interface/msg/detail/euler_angle__struct.hpp
[1.232s] -- Up-to-date: /home/wheeltec/agribot/agribot_ws/install/yesense_interface/include/yesense_interface/yesense_interface/msg/detail/nav_all__traits.hpp
[1.232s] -- Up-to-date: /home/wheeltec/agribot/agribot_ws/install/yesense_interface/include/yesense_interface/yesense_interface/msg/detail/imu_data__traits.hpp
[1.232s] -- Up-to-date: /home/wheeltec/agribot/agribot_ws/install/yesense_interface/include/yesense_interface/yesense_interface/msg/detail/euler_angle__traits.hpp
[1.232s] -- Up-to-date: /home/wheeltec/agribot/agribot_ws/install/yesense_interface/include/yesense_interface/yesense_interface/msg/detail/vel__builder.hpp
[1.232s] -- Up-to-date: /home/wheeltec/agribot/agribot_ws/install/yesense_interface/include/yesense_interface/yesense_interface/msg/detail/tid__builder.hpp
[1.233s] -- Up-to-date: /home/wheeltec/agribot/agribot_ws/install/yesense_interface/include/yesense_interface/yesense_interface/msg/detail/attitude_min_vru__builder.hpp
[1.233s] -- Up-to-date: /home/wheeltec/agribot/agribot_ws/install/yesense_interface/include/yesense_interface/yesense_interface/msg/detail/nav_min_utc__traits.hpp
[1.233s] -- Up-to-date: /home/wheeltec/agribot/agribot_ws/install/yesense_interface/include/yesense_interface/yesense_interface/msg/detail/three_axis__traits.hpp
[1.233s] -- Up-to-date: /home/wheeltec/agribot/agribot_ws/install/yesense_interface/include/yesense_interface/yesense_interface/msg/detail/attitude_min_ahrs__type_support.hpp
[1.233s] -- Up-to-date: /home/wheeltec/agribot/agribot_ws/install/yesense_interface/include/yesense_interface/yesense_interface/msg/detail/quat__struct.hpp
[1.233s] -- Up-to-date: /home/wheeltec/agribot/agribot_ws/install/yesense_interface/include/yesense_interface/yesense_interface/msg/detail/three_axis__struct.hpp
[1.233s] -- Up-to-date: /home/wheeltec/agribot/agribot_ws/install/yesense_interface/include/yesense_interface/yesense_interface/msg/detail/nav_status__struct.hpp
[1.234s] -- Up-to-date: /home/wheeltec/agribot/agribot_ws/install/yesense_interface/include/yesense_interface/yesense_interface/msg/detail/attitude_all_data__struct.hpp
[1.234s] -- Up-to-date: /home/wheeltec/agribot/agribot_ws/install/yesense_interface/include/yesense_interface/yesense_interface/msg/detail/pos_only__builder.hpp
[1.234s] -- Up-to-date: /home/wheeltec/agribot/agribot_ws/install/yesense_interface/include/yesense_interface/yesense_interface/msg/detail/utc__builder.hpp
[1.234s] -- Up-to-date: /home/wheeltec/agribot/agribot_ws/install/yesense_interface/include/yesense_interface/yesense_interface/msg/detail/attitude_all_data__traits.hpp
[1.234s] -- Up-to-date: /home/wheeltec/agribot/agribot_ws/install/yesense_interface/include/yesense_interface/yesense_interface/msg/detail/three_axis__type_support.hpp
[1.234s] -- Up-to-date: /home/wheeltec/agribot/agribot_ws/install/yesense_interface/include/yesense_interface/yesense_interface/msg/detail/utc__struct.hpp
[1.234s] -- Up-to-date: /home/wheeltec/agribot/agribot_ws/install/yesense_interface/include/yesense_interface/yesense_interface/msg/detail/pos_only__traits.hpp
[1.235s] -- Up-to-date: /home/wheeltec/agribot/agribot_ws/install/yesense_interface/include/yesense_interface/yesense_interface/msg/detail/sample_timestamp__builder.hpp
[1.235s] -- Up-to-date: /home/wheeltec/agribot/agribot_ws/install/yesense_interface/include/yesense_interface/yesense_interface/msg/detail/tid__type_support.hpp
[1.235s] -- Up-to-date: /home/wheeltec/agribot/agribot_ws/install/yesense_interface/include/yesense_interface/yesense_interface/msg/detail/gnss_pos__traits.hpp
[1.235s] -- Up-to-date: /home/wheeltec/agribot/agribot_ws/install/yesense_interface/include/yesense_interface/yesense_interface/msg/detail/sample_timestamp__traits.hpp
[1.235s] -- Up-to-date: /home/wheeltec/agribot/agribot_ws/install/yesense_interface/include/yesense_interface/yesense_interface/msg/detail/pressure__traits.hpp
[1.235s] -- Up-to-date: /home/wheeltec/agribot/agribot_ws/install/yesense_interface/include/yesense_interface/yesense_interface/msg/detail/imu_data__builder.hpp
[1.235s] -- Up-to-date: /home/wheeltec/agribot/agribot_ws/install/yesense_interface/include/yesense_interface/yesense_interface/msg/detail/attitude_min_ahrs__traits.hpp
[1.236s] -- Up-to-date: /home/wheeltec/agribot/agribot_ws/install/yesense_interface/include/yesense_interface/yesense_interface/msg/detail/pressure__struct.hpp
[1.236s] -- Up-to-date: /home/wheeltec/agribot/agribot_ws/install/yesense_interface/include/yesense_interface/yesense_interface/msg/detail/nav_all__builder.hpp
[1.236s] -- Up-to-date: /home/wheeltec/agribot/agribot_ws/install/yesense_interface/include/yesense_interface/yesense_interface/msg/detail/euler_only__traits.hpp
[1.236s] -- Up-to-date: /home/wheeltec/agribot/agribot_ws/install/yesense_interface/include/yesense_interface/yesense_interface/msg/detail/utc__traits.hpp
[1.236s] -- Up-to-date: /home/wheeltec/agribot/agribot_ws/install/yesense_interface/include/yesense_interface/yesense_interface/msg/detail/vel__type_support.hpp
[1.236s] -- Up-to-date: /home/wheeltec/agribot/agribot_ws/install/yesense_interface/include/yesense_interface/yesense_interface/msg/detail/euler_angle__builder.hpp
[1.236s] -- Up-to-date: /home/wheeltec/agribot/agribot_ws/install/yesense_interface/include/yesense_interface/yesense_interface/msg/detail/pressure__builder.hpp
[1.237s] -- Up-to-date: /home/wheeltec/agribot/agribot_ws/install/yesense_interface/include/yesense_interface/yesense_interface/msg/detail/sensor_temp__struct.hpp
[1.237s] -- Up-to-date: /home/wheeltec/agribot/agribot_ws/install/yesense_interface/include/yesense_interface/yesense_interface/msg/detail/sample_timestamp__type_support.hpp
[1.237s] -- Up-to-date: /home/wheeltec/agribot/agribot_ws/install/yesense_interface/include/yesense_interface/yesense_interface/msg/detail/attitude_all_data__builder.hpp
[1.237s] -- Up-to-date: /home/wheeltec/agribot/agribot_ws/install/yesense_interface/include/yesense_interface/yesense_interface/msg/detail/sample_timestamp__struct.hpp
[1.237s] -- Up-to-date: /home/wheeltec/agribot/agribot_ws/install/yesense_interface/include/yesense_interface/yesense_interface/msg/detail/euler_only__type_support.hpp
[1.237s] -- Up-to-date: /home/wheeltec/agribot/agribot_ws/install/yesense_interface/include/yesense_interface/yesense_interface/msg/detail/utc__type_support.hpp
[1.238s] -- Up-to-date: /home/wheeltec/agribot/agribot_ws/install/yesense_interface/include/yesense_interface/yesense_interface/msg/detail/sensor_temp__builder.hpp
[1.238s] -- Up-to-date: /home/wheeltec/agribot/agribot_ws/install/yesense_interface/include/yesense_interface/yesense_interface/msg/detail/nav_min_utc__type_support.hpp
[1.238s] -- Up-to-date: /home/wheeltec/agribot/agribot_ws/install/yesense_interface/include/yesense_interface/yesense_interface/msg/detail/imu_data_ten_axis__traits.hpp
[1.238s] -- Up-to-date: /home/wheeltec/agribot/agribot_ws/install/yesense_interface/include/yesense_interface/yesense_interface/msg/detail/nav_min_utc__struct.hpp
[1.238s] -- Up-to-date: /home/wheeltec/agribot/agribot_ws/install/yesense_interface/include/yesense_interface/yesense_interface/msg/detail/sensor_temp__type_support.hpp
[1.238s] -- Up-to-date: /home/wheeltec/agribot/agribot_ws/install/yesense_interface/include/yesense_interface/yesense_interface/msg/detail/tid__struct.hpp
[1.238s] -- Up-to-date: /home/wheeltec/agribot/agribot_ws/install/yesense_interface/include/yesense_interface/yesense_interface/msg/detail/nav_min__type_support.hpp
[1.239s] -- Up-to-date: /home/wheeltec/agribot/agribot_ws/install/yesense_interface/include/yesense_interface/yesense_interface/msg/detail/euler_only__builder.hpp
[1.239s] -- Up-to-date: /home/wheeltec/agribot/agribot_ws/install/yesense_interface/include/yesense_interface/yesense_interface/msg/detail/robot_lord__struct.hpp
[1.239s] -- Up-to-date: /home/wheeltec/agribot/agribot_ws/install/yesense_interface/include/yesense_interface/yesense_interface/msg/detail/pos_only__type_support.hpp
[1.239s] -- Up-to-date: /home/wheeltec/agribot/agribot_ws/install/yesense_interface/include/yesense_interface/yesense_interface/msg/detail/vel__traits.hpp
[1.239s] -- Up-to-date: /home/wheeltec/agribot/agribot_ws/install/yesense_interface/include/yesense_interface/yesense_interface/msg/detail/quat__traits.hpp
[1.240s] -- Up-to-date: /home/wheeltec/agribot/agribot_ws/install/yesense_interface/include/yesense_interface/yesense_interface/msg/detail/attitude_min_vru__traits.hpp
[1.240s] -- Up-to-date: /home/wheeltec/agribot/agribot_ws/install/yesense_interface/include/yesense_interface/yesense_interface/msg/detail/euler_angle__type_support.hpp
[1.240s] -- Up-to-date: /home/wheeltec/agribot/agribot_ws/install/yesense_interface/include/yesense_interface/yesense_interface/msg/detail/gnss_pos__builder.hpp
[1.240s] -- Up-to-date: /home/wheeltec/agribot/agribot_ws/install/yesense_interface/include/yesense_interface/yesense_interface/msg/detail/pos_only__struct.hpp
[1.240s] -- Up-to-date: /home/wheeltec/agribot/agribot_ws/install/yesense_interface/include/yesense_interface/yesense_interface/msg/detail/attitude_min_ahrs__builder.hpp
[1.240s] -- Up-to-date: /home/wheeltec/agribot/agribot_ws/install/yesense_interface/include/yesense_interface/yesense_interface/msg/detail/imu_data__type_support.hpp
[1.241s] -- Up-to-date: /home/wheeltec/agribot/agribot_ws/install/yesense_interface/include/yesense_interface/yesense_interface/msg/vel.hpp
[1.241s] -- Up-to-date: /home/wheeltec/agribot/agribot_ws/install/yesense_interface/include/yesense_interface/yesense_interface/msg/euler_angle.hpp
[1.241s] -- Up-to-date: /home/wheeltec/agribot/agribot_ws/install/yesense_interface/include/yesense_interface/yesense_interface/msg/tid.hpp
[1.241s] -- Up-to-date: /home/wheeltec/agribot/agribot_ws/install/yesense_interface/include/yesense_interface/yesense_interface/msg/sample_timestamp.hpp
[1.241s] -- Up-to-date: /home/wheeltec/agribot/agribot_ws/install/yesense_interface/include/yesense_interface/yesense_interface/msg/attitude_all_data.hpp
[1.241s] -- Up-to-date: /home/wheeltec/agribot/agribot_ws/install/yesense_interface/include/yesense_interface/yesense_interface/msg/rosidl_generator_cpp__visibility_control.hpp
[1.241s] -- Up-to-date: /home/wheeltec/agribot/agribot_ws/install/yesense_interface/include/yesense_interface/yesense_interface/msg/euler_only.hpp
[1.242s] -- Up-to-date: /home/wheeltec/agribot/agribot_ws/install/yesense_interface/include/yesense_interface/yesense_interface/msg/pos_only.hpp
[1.242s] -- Up-to-date: /home/wheeltec/agribot/agribot_ws/install/yesense_interface/include/yesense_interface/yesense_interface
[1.242s] -- Up-to-date: /home/wheeltec/agribot/agribot_ws/install/yesense_interface/include/yesense_interface/yesense_interface/msg
[1.242s] -- Up-to-date: /home/wheeltec/agribot/agribot_ws/install/yesense_interface/include/yesense_interface/yesense_interface/msg/rosidl_typesupport_fastrtps_cpp__visibility_control.h
[1.242s] -- Up-to-date: /home/wheeltec/agribot/agribot_ws/install/yesense_interface/include/yesense_interface/yesense_interface/msg/detail
[1.242s] -- Up-to-date: /home/wheeltec/agribot/agribot_ws/install/yesense_interface/include/yesense_interface/yesense_interface/msg/detail/nav_status__rosidl_typesupport_fastrtps_cpp.hpp
[1.242s] -- Up-to-date: /home/wheeltec/agribot/agribot_ws/install/yesense_interface/include/yesense_interface/yesense_interface/msg/detail/sensor_temp__rosidl_typesupport_fastrtps_cpp.hpp
[1.243s] -- Up-to-date: /home/wheeltec/agribot/agribot_ws/install/yesense_interface/include/yesense_interface/yesense_interface/msg/detail/attitude_all_data__rosidl_typesupport_fastrtps_cpp.hpp
[1.243s] -- Up-to-date: /home/wheeltec/agribot/agribot_ws/install/yesense_interface/include/yesense_interface/yesense_interface/msg/detail/three_axis__rosidl_typesupport_fastrtps_cpp.hpp
[1.243s] -- Up-to-date: /home/wheeltec/agribot/agribot_ws/install/yesense_interface/include/yesense_interface/yesense_interface/msg/detail/vel__rosidl_typesupport_fastrtps_cpp.hpp
[1.243s] -- Up-to-date: /home/wheeltec/agribot/agribot_ws/install/yesense_interface/include/yesense_interface/yesense_interface/msg/detail/quat__rosidl_typesupport_fastrtps_cpp.hpp
[1.243s] -- Up-to-date: /home/wheeltec/agribot/agribot_ws/install/yesense_interface/include/yesense_interface/yesense_interface/msg/detail/attitude_min_vru__rosidl_typesupport_fastrtps_cpp.hpp
[1.243s] -- Up-to-date: /home/wheeltec/agribot/agribot_ws/install/yesense_interface/include/yesense_interface/yesense_interface/msg/detail/sample_timestamp__rosidl_typesupport_fastrtps_cpp.hpp
[1.243s] -- Up-to-date: /home/wheeltec/agribot/agribot_ws/install/yesense_interface/include/yesense_interface/yesense_interface/msg/detail/robot_lord__rosidl_typesupport_fastrtps_cpp.hpp
[1.244s] -- Up-to-date: /home/wheeltec/agribot/agribot_ws/install/yesense_interface/include/yesense_interface/yesense_interface/msg/detail/nav_min__rosidl_typesupport_fastrtps_cpp.hpp
[1.244s] -- Up-to-date: /home/wheeltec/agribot/agribot_ws/install/yesense_interface/include/yesense_interface/yesense_interface/msg/detail/nav_min_utc__rosidl_typesupport_fastrtps_cpp.hpp
[1.244s] -- Up-to-date: /home/wheeltec/agribot/agribot_ws/install/yesense_interface/include/yesense_interface/yesense_interface/msg/detail/attitude_min_ahrs__rosidl_typesupport_fastrtps_cpp.hpp
[1.244s] -- Up-to-date: /home/wheeltec/agribot/agribot_ws/install/yesense_interface/include/yesense_interface/yesense_interface/msg/detail/imu_data__rosidl_typesupport_fastrtps_cpp.hpp
[1.244s] -- Up-to-date: /home/wheeltec/agribot/agribot_ws/install/yesense_interface/include/yesense_interface/yesense_interface/msg/detail/euler_only__rosidl_typesupport_fastrtps_cpp.hpp
[1.244s] -- Up-to-date: /home/wheeltec/agribot/agribot_ws/install/yesense_interface/include/yesense_interface/yesense_interface/msg/detail/pressure__rosidl_typesupport_fastrtps_cpp.hpp
[1.244s] -- Up-to-date: /home/wheeltec/agribot/agribot_ws/install/yesense_interface/include/yesense_interface/yesense_interface/msg/detail/tid__rosidl_typesupport_fastrtps_cpp.hpp
[1.245s] -- Up-to-date: /home/wheeltec/agribot/agribot_ws/install/yesense_interface/include/yesense_interface/yesense_interface/msg/detail/pos_only__rosidl_typesupport_fastrtps_cpp.hpp
[1.245s] -- Up-to-date: /home/wheeltec/agribot/agribot_ws/install/yesense_interface/include/yesense_interface/yesense_interface/msg/detail/utc__rosidl_typesupport_fastrtps_cpp.hpp
[1.245s] -- Up-to-date: /home/wheeltec/agribot/agribot_ws/install/yesense_interface/include/yesense_interface/yesense_interface/msg/detail/nav_all__rosidl_typesupport_fastrtps_cpp.hpp
[1.245s] -- Up-to-date: /home/wheeltec/agribot/agribot_ws/install/yesense_interface/include/yesense_interface/yesense_interface/msg/detail/imu_data_ten_axis__rosidl_typesupport_fastrtps_cpp.hpp
[1.245s] -- Up-to-date: /home/wheeltec/agribot/agribot_ws/install/yesense_interface/include/yesense_interface/yesense_interface/msg/detail/gnss_pos__rosidl_typesupport_fastrtps_cpp.hpp
[1.245s] -- Up-to-date: /home/wheeltec/agribot/agribot_ws/install/yesense_interface/include/yesense_interface/yesense_interface/msg/detail/euler_angle__rosidl_typesupport_fastrtps_cpp.hpp
[1.245s] -- Up-to-date: /home/wheeltec/agribot/agribot_ws/install/yesense_interface/include/yesense_interface/yesense_interface/msg/detail/dds_fastrtps
[1.246s] -- Up-to-date: /home/wheeltec/agribot/agribot_ws/install/yesense_interface/lib/libyesense_interface__rosidl_typesupport_fastrtps_cpp.so
[1.246s] -- Up-to-date: /home/wheeltec/agribot/agribot_ws/install/yesense_interface/include/yesense_interface/yesense_interface
[1.246s] -- Up-to-date: /home/wheeltec/agribot/agribot_ws/install/yesense_interface/include/yesense_interface/yesense_interface/msg
[1.246s] -- Up-to-date: /home/wheeltec/agribot/agribot_ws/install/yesense_interface/include/yesense_interface/yesense_interface/msg/detail
[1.246s] -- Up-to-date: /home/wheeltec/agribot/agribot_ws/install/yesense_interface/include/yesense_interface/yesense_interface/msg/detail/sample_timestamp__type_support.cpp
[1.246s] -- Up-to-date: /home/wheeltec/agribot/agribot_ws/install/yesense_interface/include/yesense_interface/yesense_interface/msg/detail/imu_data_ten_axis__rosidl_typesupport_introspection_cpp.hpp
[1.246s] -- Up-to-date: /home/wheeltec/agribot/agribot_ws/install/yesense_interface/include/yesense_interface/yesense_interface/msg/detail/utc__rosidl_typesupport_introspection_cpp.hpp
[1.247s] -- Up-to-date: /home/wheeltec/agribot/agribot_ws/install/yesense_interface/include/yesense_interface/yesense_interface/msg/detail/pos_only__type_support.cpp
[1.247s] -- Up-to-date: /home/wheeltec/agribot/agribot_ws/install/yesense_interface/include/yesense_interface/yesense_interface/msg/detail/euler_only__rosidl_typesupport_introspection_cpp.hpp
[1.247s] -- Up-to-date: /home/wheeltec/agribot/agribot_ws/install/yesense_interface/include/yesense_interface/yesense_interface/msg/detail/nav_min_utc__rosidl_typesupport_introspection_cpp.hpp
[1.247s] -- Up-to-date: /home/wheeltec/agribot/agribot_ws/install/yesense_interface/include/yesense_interface/yesense_interface/msg/detail/euler_angle__rosidl_typesupport_introspection_cpp.hpp
[1.247s] -- Up-to-date: /home/wheeltec/agribot/agribot_ws/install/yesense_interface/include/yesense_interface/yesense_interface/msg/detail/vel__type_support.cpp
[1.247s] -- Up-to-date: /home/wheeltec/agribot/agribot_ws/install/yesense_interface/include/yesense_interface/yesense_interface/msg/detail/sample_timestamp__rosidl_typesupport_introspection_cpp.hpp
[1.247s] -- Up-to-date: /home/wheeltec/agribot/agribot_ws/install/yesense_interface/include/yesense_interface/yesense_interface/msg/detail/nav_all__rosidl_typesupport_introspection_cpp.hpp
[1.248s] -- Up-to-date: /home/wheeltec/agribot/agribot_ws/install/yesense_interface/include/yesense_interface/yesense_interface/msg/detail/attitude_min_vru__type_support.cpp
[1.248s] -- Up-to-date: /home/wheeltec/agribot/agribot_ws/install/yesense_interface/include/yesense_interface/yesense_interface/msg/detail/euler_only__type_support.cpp
[1.248s] -- Up-to-date: /home/wheeltec/agribot/agribot_ws/install/yesense_interface/include/yesense_interface/yesense_interface/msg/detail/tid__type_support.cpp
[1.248s] -- Up-to-date: /home/wheeltec/agribot/agribot_ws/install/yesense_interface/include/yesense_interface/yesense_interface/msg/detail/attitude_all_data__type_support.cpp
[1.248s] -- Up-to-date: /home/wheeltec/agribot/agribot_ws/install/yesense_interface/include/yesense_interface/yesense_interface/msg/detail/robot_lord__rosidl_typesupport_introspection_cpp.hpp
[1.248s] -- Up-to-date: /home/wheeltec/agribot/agribot_ws/install/yesense_interface/include/yesense_interface/yesense_interface/msg/detail/imu_data__type_support.cpp
[1.248s] -- Up-to-date: /home/wheeltec/agribot/agribot_ws/install/yesense_interface/include/yesense_interface/yesense_interface/msg/detail/gnss_pos__rosidl_typesupport_introspection_cpp.hpp
[1.249s] -- Up-to-date: /home/wheeltec/agribot/agribot_ws/install/yesense_interface/include/yesense_interface/yesense_interface/msg/detail/nav_min__type_support.cpp
[1.249s] -- Up-to-date: /home/wheeltec/agribot/agribot_ws/install/yesense_interface/include/yesense_interface/yesense_interface/msg/detail/utc__type_support.cpp
[1.249s] -- Up-to-date: /home/wheeltec/agribot/agribot_ws/install/yesense_interface/include/yesense_interface/yesense_interface/msg/detail/quat__rosidl_typesupport_introspection_cpp.hpp
[1.249s] -- Up-to-date: /home/wheeltec/agribot/agribot_ws/install/yesense_interface/include/yesense_interface/yesense_interface/msg/detail/vel__rosidl_typesupport_introspection_cpp.hpp
[1.249s] -- Up-to-date: /home/wheeltec/agribot/agribot_ws/install/yesense_interface/include/yesense_interface/yesense_interface/msg/detail/pos_only__rosidl_typesupport_introspection_cpp.hpp
[1.249s] -- Up-to-date: /home/wheeltec/agribot/agribot_ws/install/yesense_interface/include/yesense_interface/yesense_interface/msg/detail/nav_all__type_support.cpp
[1.249s] -- Up-to-date: /home/wheeltec/agribot/agribot_ws/install/yesense_interface/include/yesense_interface/yesense_interface/msg/detail/nav_min_utc__type_support.cpp
[1.250s] -- Up-to-date: /home/wheeltec/agribot/agribot_ws/install/yesense_interface/include/yesense_interface/yesense_interface/msg/detail/euler_angle__type_support.cpp
[1.250s] -- Up-to-date: /home/wheeltec/agribot/agribot_ws/install/yesense_interface/include/yesense_interface/yesense_interface/msg/detail/pressure__rosidl_typesupport_introspection_cpp.hpp
[1.250s] -- Up-to-date: /home/wheeltec/agribot/agribot_ws/install/yesense_interface/include/yesense_interface/yesense_interface/msg/detail/pressure__type_support.cpp
[1.250s] -- Up-to-date: /home/wheeltec/agribot/agribot_ws/install/yesense_interface/include/yesense_interface/yesense_interface/msg/detail/three_axis__type_support.cpp
[1.250s] -- Up-to-date: /home/wheeltec/agribot/agribot_ws/install/yesense_interface/include/yesense_interface/yesense_interface/msg/detail/attitude_all_data__rosidl_typesupport_introspection_cpp.hpp
[1.250s] -- Up-to-date: /home/wheeltec/agribot/agribot_ws/install/yesense_interface/include/yesense_interface/yesense_interface/msg/detail/imu_data__rosidl_typesupport_introspection_cpp.hpp
[1.250s] -- Up-to-date: /home/wheeltec/agribot/agribot_ws/install/yesense_interface/include/yesense_interface/yesense_interface/msg/detail/three_axis__rosidl_typesupport_introspection_cpp.hpp
[1.251s] -- Up-to-date: /home/wheeltec/agribot/agribot_ws/install/yesense_interface/include/yesense_interface/yesense_interface/msg/detail/nav_status__type_support.cpp
[1.251s] -- Up-to-date: /home/wheeltec/agribot/agribot_ws/install/yesense_interface/include/yesense_interface/yesense_interface/msg/detail/robot_lord__type_support.cpp
[1.251s] -- Up-to-date: /home/wheeltec/agribot/agribot_ws/install/yesense_interface/include/yesense_interface/yesense_interface/msg/detail/attitude_min_vru__rosidl_typesupport_introspection_cpp.hpp
[1.251s] -- Up-to-date: /home/wheeltec/agribot/agribot_ws/install/yesense_interface/include/yesense_interface/yesense_interface/msg/detail/gnss_pos__type_support.cpp
[1.251s] -- Up-to-date: /home/wheeltec/agribot/agribot_ws/install/yesense_interface/include/yesense_interface/yesense_interface/msg/detail/nav_status__rosidl_typesupport_introspection_cpp.hpp
[1.251s] -- Up-to-date: /home/wheeltec/agribot/agribot_ws/install/yesense_interface/include/yesense_interface/yesense_interface/msg/detail/nav_min__rosidl_typesupport_introspection_cpp.hpp
[1.251s] -- Up-to-date: /home/wheeltec/agribot/agribot_ws/install/yesense_interface/include/yesense_interface/yesense_interface/msg/detail/attitude_min_ahrs__type_support.cpp
[1.252s] -- Up-to-date: /home/wheeltec/agribot/agribot_ws/install/yesense_interface/include/yesense_interface/yesense_interface/msg/detail/tid__rosidl_typesupport_introspection_cpp.hpp
[1.252s] -- Up-to-date: /home/wheeltec/agribot/agribot_ws/install/yesense_interface/include/yesense_interface/yesense_interface/msg/detail/imu_data_ten_axis__type_support.cpp
[1.252s] -- Up-to-date: /home/wheeltec/agribot/agribot_ws/install/yesense_interface/include/yesense_interface/yesense_interface/msg/detail/sensor_temp__rosidl_typesupport_introspection_cpp.hpp
[1.252s] -- Up-to-date: /home/wheeltec/agribot/agribot_ws/install/yesense_interface/include/yesense_interface/yesense_interface/msg/detail/attitude_min_ahrs__rosidl_typesupport_introspection_cpp.hpp
[1.252s] -- Up-to-date: /home/wheeltec/agribot/agribot_ws/install/yesense_interface/include/yesense_interface/yesense_interface/msg/detail/sensor_temp__type_support.cpp
[1.252s] -- Up-to-date: /home/wheeltec/agribot/agribot_ws/install/yesense_interface/include/yesense_interface/yesense_interface/msg/detail/quat__type_support.cpp
[1.253s] -- Up-to-date: /home/wheeltec/agribot/agribot_ws/install/yesense_interface/lib/libyesense_interface__rosidl_typesupport_introspection_cpp.so
[1.253s] -- Up-to-date: /home/wheeltec/agribot/agribot_ws/install/yesense_interface/lib/libyesense_interface__rosidl_typesupport_cpp.so
[1.253s] -- Up-to-date: /home/wheeltec/agribot/agribot_ws/install/yesense_interface/share/yesense_interface/environment/pythonpath.sh
[1.253s] -- Up-to-date: /home/wheeltec/agribot/agribot_ws/install/yesense_interface/share/yesense_interface/environment/pythonpath.dsv
[1.253s] -- Up-to-date: /home/wheeltec/agribot/agribot_ws/install/yesense_interface/local/lib/python3.10/dist-packages/yesense_interface-1.0.0-py3.10.egg-info
[1.254s] -- Installing: /home/wheeltec/agribot/agribot_ws/install/yesense_interface/local/lib/python3.10/dist-packages/yesense_interface-1.0.0-py3.10.egg-info/SOURCES.txt
[1.254s] -- Installing: /home/wheeltec/agribot/agribot_ws/install/yesense_interface/local/lib/python3.10/dist-packages/yesense_interface-1.0.0-py3.10.egg-info/PKG-INFO
[1.254s] -- Installing: /home/wheeltec/agribot/agribot_ws/install/yesense_interface/local/lib/python3.10/dist-packages/yesense_interface-1.0.0-py3.10.egg-info/dependency_links.txt
[1.254s] -- Installing: /home/wheeltec/agribot/agribot_ws/install/yesense_interface/local/lib/python3.10/dist-packages/yesense_interface-1.0.0-py3.10.egg-info/top_level.txt
[1.255s] -- Up-to-date: /home/wheeltec/agribot/agribot_ws/install/yesense_interface/local/lib/python3.10/dist-packages/yesense_interface
[1.255s] -- Up-to-date: /home/wheeltec/agribot/agribot_ws/install/yesense_interface/local/lib/python3.10/dist-packages/yesense_interface/yesense_interface_s__rosidl_typesupport_fastrtps_c.cpython-310-aarch64-linux-gnu.so
[1.255s] -- Up-to-date: /home/wheeltec/agribot/agribot_ws/install/yesense_interface/local/lib/python3.10/dist-packages/yesense_interface/yesense_interface_s__rosidl_typesupport_c.cpython-310-aarch64-linux-gnu.so
[1.255s] -- Up-to-date: /home/wheeltec/agribot/agribot_ws/install/yesense_interface/local/lib/python3.10/dist-packages/yesense_interface/_yesense_interface_s.ep.rosidl_typesupport_introspection_c.c
[1.255s] -- Up-to-date: /home/wheeltec/agribot/agribot_ws/install/yesense_interface/local/lib/python3.10/dist-packages/yesense_interface/libyesense_interface__rosidl_generator_py.so
[1.256s] -- Up-to-date: /home/wheeltec/agribot/agribot_ws/install/yesense_interface/local/lib/python3.10/dist-packages/yesense_interface/_yesense_interface_s.ep.rosidl_typesupport_fastrtps_c.c
[1.256s] -- Up-to-date: /home/wheeltec/agribot/agribot_ws/install/yesense_interface/local/lib/python3.10/dist-packages/yesense_interface/_yesense_interface_s.ep.rosidl_typesupport_c.c
[1.256s] -- Up-to-date: /home/wheeltec/agribot/agribot_ws/install/yesense_interface/local/lib/python3.10/dist-packages/yesense_interface/yesense_interface_s__rosidl_typesupport_introspection_c.cpython-310-aarch64-linux-gnu.so
[1.256s] -- Up-to-date: /home/wheeltec/agribot/agribot_ws/install/yesense_interface/local/lib/python3.10/dist-packages/yesense_interface/msg
[1.256s] -- Up-to-date: /home/wheeltec/agribot/agribot_ws/install/yesense_interface/local/lib/python3.10/dist-packages/yesense_interface/msg/_three_axis.py
[1.256s] -- Up-to-date: /home/wheeltec/agribot/agribot_ws/install/yesense_interface/local/lib/python3.10/dist-packages/yesense_interface/msg/_attitude_min_ahrs_s.c
[1.257s] -- Up-to-date: /home/wheeltec/agribot/agribot_ws/install/yesense_interface/local/lib/python3.10/dist-packages/yesense_interface/msg/_gnss_pos.py
[1.257s] -- Up-to-date: /home/wheeltec/agribot/agribot_ws/install/yesense_interface/local/lib/python3.10/dist-packages/yesense_interface/msg/_sensor_temp_s.c
[1.257s] -- Up-to-date: /home/wheeltec/agribot/agribot_ws/install/yesense_interface/local/lib/python3.10/dist-packages/yesense_interface/msg/_robot_lord_s.c
[1.257s] -- Up-to-date: /home/wheeltec/agribot/agribot_ws/install/yesense_interface/local/lib/python3.10/dist-packages/yesense_interface/msg/_attitude_all_data_s.c
[1.257s] -- Up-to-date: /home/wheeltec/agribot/agribot_ws/install/yesense_interface/local/lib/python3.10/dist-packages/yesense_interface/msg/_sensor_temp.py
[1.258s] -- Up-to-date: /home/wheeltec/agribot/agribot_ws/install/yesense_interface/local/lib/python3.10/dist-packages/yesense_interface/msg/_nav_min_utc.py
[1.258s] -- Up-to-date: /home/wheeltec/agribot/agribot_ws/install/yesense_interface/local/lib/python3.10/dist-packages/yesense_interface/msg/_pressure.py
[1.258s] -- Up-to-date: /home/wheeltec/agribot/agribot_ws/install/yesense_interface/local/lib/python3.10/dist-packages/yesense_interface/msg/_euler_only.py
[1.258s] -- Up-to-date: /home/wheeltec/agribot/agribot_ws/install/yesense_interface/local/lib/python3.10/dist-packages/yesense_interface/msg/_nav_all.py
[1.258s] -- Up-to-date: /home/wheeltec/agribot/agribot_ws/install/yesense_interface/local/lib/python3.10/dist-packages/yesense_interface/msg/_utc_s.c
[1.258s] -- Up-to-date: /home/wheeltec/agribot/agribot_ws/install/yesense_interface/local/lib/python3.10/dist-packages/yesense_interface/msg/_pressure_s.c
[1.258s] -- Up-to-date: /home/wheeltec/agribot/agribot_ws/install/yesense_interface/local/lib/python3.10/dist-packages/yesense_interface/msg/_attitude_min_ahrs.py
[1.259s] -- Up-to-date: /home/wheeltec/agribot/agribot_ws/install/yesense_interface/local/lib/python3.10/dist-packages/yesense_interface/msg/_pos_only_s.c
[1.259s] -- Up-to-date: /home/wheeltec/agribot/agribot_ws/install/yesense_interface/local/lib/python3.10/dist-packages/yesense_interface/msg/_attitude_min_vru.py
[1.259s] -- Up-to-date: /home/wheeltec/agribot/agribot_ws/install/yesense_interface/local/lib/python3.10/dist-packages/yesense_interface/msg/_nav_min_s.c
[1.259s] -- Up-to-date: /home/wheeltec/agribot/agribot_ws/install/yesense_interface/local/lib/python3.10/dist-packages/yesense_interface/msg/_nav_all_s.c
[1.259s] -- Up-to-date: /home/wheeltec/agribot/agribot_ws/install/yesense_interface/local/lib/python3.10/dist-packages/yesense_interface/msg/_tid_s.c
[1.260s] -- Up-to-date: /home/wheeltec/agribot/agribot_ws/install/yesense_interface/local/lib/python3.10/dist-packages/yesense_interface/msg/_euler_angle_s.c
[1.260s] -- Up-to-date: /home/wheeltec/agribot/agribot_ws/install/yesense_interface/local/lib/python3.10/dist-packages/yesense_interface/msg/_three_axis_s.c
[1.260s] -- Up-to-date: /home/wheeltec/agribot/agribot_ws/install/yesense_interface/local/lib/python3.10/dist-packages/yesense_interface/msg/_euler_only_s.c
[1.260s] -- Up-to-date: /home/wheeltec/agribot/agribot_ws/install/yesense_interface/local/lib/python3.10/dist-packages/yesense_interface/msg/_vel_s.c
[1.260s] -- Up-to-date: /home/wheeltec/agribot/agribot_ws/install/yesense_interface/local/lib/python3.10/dist-packages/yesense_interface/msg/_tid.py
[1.260s] -- Up-to-date: /home/wheeltec/agribot/agribot_ws/install/yesense_interface/local/lib/python3.10/dist-packages/yesense_interface/msg/_imu_data_ten_axis.py
[1.261s] -- Up-to-date: /home/wheeltec/agribot/agribot_ws/install/yesense_interface/local/lib/python3.10/dist-packages/yesense_interface/msg/_nav_status_s.c
[1.261s] -- Up-to-date: /home/wheeltec/agribot/agribot_ws/install/yesense_interface/local/lib/python3.10/dist-packages/yesense_interface/msg/_quat.py
[1.261s] -- Up-to-date: /home/wheeltec/agribot/agribot_ws/install/yesense_interface/local/lib/python3.10/dist-packages/yesense_interface/msg/_imu_data_ten_axis_s.c
[1.261s] -- Up-to-date: /home/wheeltec/agribot/agribot_ws/install/yesense_interface/local/lib/python3.10/dist-packages/yesense_interface/msg/_imu_data.py
[1.261s] -- Up-to-date: /home/wheeltec/agribot/agribot_ws/install/yesense_interface/local/lib/python3.10/dist-packages/yesense_interface/msg/_attitude_min_vru_s.c
[1.261s] -- Up-to-date: /home/wheeltec/agribot/agribot_ws/install/yesense_interface/local/lib/python3.10/dist-packages/yesense_interface/msg/_vel.py
[1.261s] -- Up-to-date: /home/wheeltec/agribot/agribot_ws/install/yesense_interface/local/lib/python3.10/dist-packages/yesense_interface/msg/_robot_lord.py
[1.262s] -- Up-to-date: /home/wheeltec/agribot/agribot_ws/install/yesense_interface/local/lib/python3.10/dist-packages/yesense_interface/msg/_utc.py
[1.262s] -- Up-to-date: /home/wheeltec/agribot/agribot_ws/install/yesense_interface/local/lib/python3.10/dist-packages/yesense_interface/msg/_nav_min_utc_s.c
[1.262s] -- Up-to-date: /home/wheeltec/agribot/agribot_ws/install/yesense_interface/local/lib/python3.10/dist-packages/yesense_interface/msg/_attitude_all_data.py
[1.262s] -- Up-to-date: /home/wheeltec/agribot/agribot_ws/install/yesense_interface/local/lib/python3.10/dist-packages/yesense_interface/msg/_nav_status.py
[1.262s] -- Up-to-date: /home/wheeltec/agribot/agribot_ws/install/yesense_interface/local/lib/python3.10/dist-packages/yesense_interface/msg/_gnss_pos_s.c
[1.262s] -- Up-to-date: /home/wheeltec/agribot/agribot_ws/install/yesense_interface/local/lib/python3.10/dist-packages/yesense_interface/msg/_imu_data_s.c
[1.263s] -- Up-to-date: /home/wheeltec/agribot/agribot_ws/install/yesense_interface/local/lib/python3.10/dist-packages/yesense_interface/msg/_quat_s.c
[1.263s] -- Up-to-date: /home/wheeltec/agribot/agribot_ws/install/yesense_interface/local/lib/python3.10/dist-packages/yesense_interface/msg/_euler_angle.py
[1.263s] -- Up-to-date: /home/wheeltec/agribot/agribot_ws/install/yesense_interface/local/lib/python3.10/dist-packages/yesense_interface/msg/_pos_only.py
[1.263s] -- Up-to-date: /home/wheeltec/agribot/agribot_ws/install/yesense_interface/local/lib/python3.10/dist-packages/yesense_interface/msg/_sample_timestamp.py
[1.263s] -- Up-to-date: /home/wheeltec/agribot/agribot_ws/install/yesense_interface/local/lib/python3.10/dist-packages/yesense_interface/msg/_sample_timestamp_s.c
[1.263s] -- Up-to-date: /home/wheeltec/agribot/agribot_ws/install/yesense_interface/local/lib/python3.10/dist-packages/yesense_interface/msg/_nav_min.py
[1.263s] -- Up-to-date: /home/wheeltec/agribot/agribot_ws/install/yesense_interface/local/lib/python3.10/dist-packages/yesense_interface/msg/__init__.py
[1.264s] -- Up-to-date: /home/wheeltec/agribot/agribot_ws/install/yesense_interface/local/lib/python3.10/dist-packages/yesense_interface/__init__.py
[1.316s] Listing '/home/wheeltec/agribot/agribot_ws/install/yesense_interface/local/lib/python3.10/dist-packages/yesense_interface'...
[1.316s] Listing '/home/wheeltec/agribot/agribot_ws/install/yesense_interface/local/lib/python3.10/dist-packages/yesense_interface/msg'...
[1.337s] -- Up-to-date: /home/wheeltec/agribot/agribot_ws/install/yesense_interface/local/lib/python3.10/dist-packages/yesense_interface/yesense_interface_s__rosidl_typesupport_fastrtps_c.cpython-310-aarch64-linux-gnu.so
[1.346s] -- Up-to-date: /home/wheeltec/agribot/agribot_ws/install/yesense_interface/local/lib/python3.10/dist-packages/yesense_interface/yesense_interface_s__rosidl_typesupport_introspection_c.cpython-310-aarch64-linux-gnu.so
[1.346s] -- Up-to-date: /home/wheeltec/agribot/agribot_ws/install/yesense_interface/local/lib/python3.10/dist-packages/yesense_interface/yesense_interface_s__rosidl_typesupport_c.cpython-310-aarch64-linux-gnu.so
[1.346s] -- Up-to-date: /home/wheeltec/agribot/agribot_ws/install/yesense_interface/lib/libyesense_interface__rosidl_generator_py.so
[1.347s] -- Up-to-date: /home/wheeltec/agribot/agribot_ws/install/yesense_interface/share/ament_index/resource_index/rust_packages/yesense_interface
[1.347s] -- Up-to-date: /home/wheeltec/agribot/agribot_ws/install/yesense_interface/share/yesense_interface/rust
[1.347s] -- Up-to-date: /home/wheeltec/agribot/agribot_ws/install/yesense_interface/share/yesense_interface/rust/build.rs
[1.349s] -- Up-to-date: /home/wheeltec/agribot/agribot_ws/install/yesense_interface/share/yesense_interface/rust/src
[1.350s] -- Up-to-date: /home/wheeltec/agribot/agribot_ws/install/yesense_interface/share/yesense_interface/rust/src/msg.rs
[1.350s] -- Up-to-date: /home/wheeltec/agribot/agribot_ws/install/yesense_interface/share/yesense_interface/rust/src/lib.rs
[1.351s] -- Up-to-date: /home/wheeltec/agribot/agribot_ws/install/yesense_interface/share/yesense_interface/rust/src/msg
[1.351s] -- Up-to-date: /home/wheeltec/agribot/agribot_ws/install/yesense_interface/share/yesense_interface/rust/src/msg/rmw.rs
[1.351s] -- Up-to-date: /home/wheeltec/agribot/agribot_ws/install/yesense_interface/share/yesense_interface/rust/Cargo.toml
[1.352s] -- Up-to-date: /home/wheeltec/agribot/agribot_ws/install/yesense_interface/share/yesense_interface/msg/Tid.idl
[1.352s] -- Up-to-date: /home/wheeltec/agribot/agribot_ws/install/yesense_interface/share/yesense_interface/msg/ThreeAxis.idl
[1.352s] -- Up-to-date: /home/wheeltec/agribot/agribot_ws/install/yesense_interface/share/yesense_interface/msg/SensorTemp.idl
[1.353s] -- Up-to-date: /home/wheeltec/agribot/agribot_ws/install/yesense_interface/share/yesense_interface/msg/Pressure.idl
[1.353s] -- Up-to-date: /home/wheeltec/agribot/agribot_ws/install/yesense_interface/share/yesense_interface/msg/EulerAngle.idl
[1.354s] -- Up-to-date: /home/wheeltec/agribot/agribot_ws/install/yesense_interface/share/yesense_interface/msg/Quat.idl
[1.355s] -- Up-to-date: /home/wheeltec/agribot/agribot_ws/install/yesense_interface/share/yesense_interface/msg/GnssPos.idl
[1.356s] -- Up-to-date: /home/wheeltec/agribot/agribot_ws/install/yesense_interface/share/yesense_interface/msg/NavStatus.idl
[1.356s] -- Up-to-date: /home/wheeltec/agribot/agribot_ws/install/yesense_interface/share/yesense_interface/msg/Vel.idl
[1.356s] -- Up-to-date: /home/wheeltec/agribot/agribot_ws/install/yesense_interface/share/yesense_interface/msg/Utc.idl
[1.357s] -- Up-to-date: /home/wheeltec/agribot/agribot_ws/install/yesense_interface/share/yesense_interface/msg/SampleTimestamp.idl
[1.357s] -- Up-to-date: /home/wheeltec/agribot/agribot_ws/install/yesense_interface/share/yesense_interface/msg/ImuData.idl
[1.357s] -- Up-to-date: /home/wheeltec/agribot/agribot_ws/install/yesense_interface/share/yesense_interface/msg/ImuDataTenAxis.idl
[1.358s] -- Up-to-date: /home/wheeltec/agribot/agribot_ws/install/yesense_interface/share/yesense_interface/msg/EulerOnly.idl
[1.358s] -- Up-to-date: /home/wheeltec/agribot/agribot_ws/install/yesense_interface/share/yesense_interface/msg/RobotLord.idl
[1.359s] -- Up-to-date: /home/wheeltec/agribot/agribot_ws/install/yesense_interface/share/yesense_interface/msg/AttitudeMinVru.idl
[1.359s] -- Up-to-date: /home/wheeltec/agribot/agribot_ws/install/yesense_interface/share/yesense_interface/msg/AttitudeMinAhrs.idl
[1.361s] -- Up-to-date: /home/wheeltec/agribot/agribot_ws/install/yesense_interface/share/yesense_interface/msg/AttitudeAllData.idl
[1.361s] -- Up-to-date: /home/wheeltec/agribot/agribot_ws/install/yesense_interface/share/yesense_interface/msg/PosOnly.idl
[1.363s] -- Up-to-date: /home/wheeltec/agribot/agribot_ws/install/yesense_interface/share/yesense_interface/msg/NavMin.idl
[1.364s] -- Up-to-date: /home/wheeltec/agribot/agribot_ws/install/yesense_interface/share/yesense_interface/msg/NavMinUtc.idl
[1.365s] -- Up-to-date: /home/wheeltec/agribot/agribot_ws/install/yesense_interface/share/yesense_interface/msg/NavAll.idl
[1.365s] -- Up-to-date: /home/wheeltec/agribot/agribot_ws/install/yesense_interface/share/yesense_interface/msg/Tid.msg
[1.366s] -- Up-to-date: /home/wheeltec/agribot/agribot_ws/install/yesense_interface/share/yesense_interface/msg/ThreeAxis.msg
[1.366s] -- Up-to-date: /home/wheeltec/agribot/agribot_ws/install/yesense_interface/share/yesense_interface/msg/SensorTemp.msg
[1.367s] -- Up-to-date: /home/wheeltec/agribot/agribot_ws/install/yesense_interface/share/yesense_interface/msg/Pressure.msg
[1.367s] -- Up-to-date: /home/wheeltec/agribot/agribot_ws/install/yesense_interface/share/yesense_interface/msg/EulerAngle.msg
[1.367s] -- Up-to-date: /home/wheeltec/agribot/agribot_ws/install/yesense_interface/share/yesense_interface/msg/Quat.msg
[1.368s] -- Up-to-date: /home/wheeltec/agribot/agribot_ws/install/yesense_interface/share/yesense_interface/msg/GnssPos.msg
[1.368s] -- Up-to-date: /home/wheeltec/agribot/agribot_ws/install/yesense_interface/share/yesense_interface/msg/NavStatus.msg
[1.369s] -- Up-to-date: /home/wheeltec/agribot/agribot_ws/install/yesense_interface/share/yesense_interface/msg/Vel.msg
[1.369s] -- Up-to-date: /home/wheeltec/agribot/agribot_ws/install/yesense_interface/share/yesense_interface/msg/Utc.msg
[1.369s] -- Up-to-date: /home/wheeltec/agribot/agribot_ws/install/yesense_interface/share/yesense_interface/msg/SampleTimestamp.msg
[1.370s] -- Up-to-date: /home/wheeltec/agribot/agribot_ws/install/yesense_interface/share/yesense_interface/msg/ImuData.msg
[1.370s] -- Up-to-date: /home/wheeltec/agribot/agribot_ws/install/yesense_interface/share/yesense_interface/msg/ImuDataTenAxis.msg
[1.371s] -- Up-to-date: /home/wheeltec/agribot/agribot_ws/install/yesense_interface/share/yesense_interface/msg/EulerOnly.msg
[1.371s] -- Up-to-date: /home/wheeltec/agribot/agribot_ws/install/yesense_interface/share/yesense_interface/msg/RobotLord.msg
[1.371s] -- Up-to-date: /home/wheeltec/agribot/agribot_ws/install/yesense_interface/share/yesense_interface/msg/AttitudeMinVru.msg
[1.372s] -- Up-to-date: /home/wheeltec/agribot/agribot_ws/install/yesense_interface/share/yesense_interface/msg/AttitudeMinAhrs.msg
[1.372s] -- Up-to-date: /home/wheeltec/agribot/agribot_ws/install/yesense_interface/share/yesense_interface/msg/AttitudeAllData.msg
[1.372s] -- Up-to-date: /home/wheeltec/agribot/agribot_ws/install/yesense_interface/share/yesense_interface/msg/PosOnly.msg
[1.373s] -- Up-to-date: /home/wheeltec/agribot/agribot_ws/install/yesense_interface/share/yesense_interface/msg/NavMin.msg
[1.373s] -- Up-to-date: /home/wheeltec/agribot/agribot_ws/install/yesense_interface/share/yesense_interface/msg/NavMinUtc.msg
[1.375s] -- Up-to-date: /home/wheeltec/agribot/agribot_ws/install/yesense_interface/share/yesense_interface/msg/NavAll.msg
[1.375s] -- Up-to-date: /home/wheeltec/agribot/agribot_ws/install/yesense_interface/share/ament_index/resource_index/package_run_dependencies/yesense_interface
[1.376s] -- Up-to-date: /home/wheeltec/agribot/agribot_ws/install/yesense_interface/share/ament_index/resource_index/parent_prefix_path/yesense_interface
[1.376s] -- Up-to-date: /home/wheeltec/agribot/agribot_ws/install/yesense_interface/share/yesense_interface/environment/ament_prefix_path.sh
[1.376s] -- Up-to-date: /home/wheeltec/agribot/agribot_ws/install/yesense_interface/share/yesense_interface/environment/ament_prefix_path.dsv
[1.376s] -- Up-to-date: /home/wheeltec/agribot/agribot_ws/install/yesense_interface/share/yesense_interface/environment/path.sh
[1.377s] -- Up-to-date: /home/wheeltec/agribot/agribot_ws/install/yesense_interface/share/yesense_interface/environment/path.dsv
[1.377s] -- Up-to-date: /home/wheeltec/agribot/agribot_ws/install/yesense_interface/share/yesense_interface/local_setup.bash
[1.377s] -- Up-to-date: /home/wheeltec/agribot/agribot_ws/install/yesense_interface/share/yesense_interface/local_setup.sh
[1.377s] -- Up-to-date: /home/wheeltec/agribot/agribot_ws/install/yesense_interface/share/yesense_interface/local_setup.zsh
[1.378s] -- Up-to-date: /home/wheeltec/agribot/agribot_ws/install/yesense_interface/share/yesense_interface/local_setup.dsv
[1.378s] -- Installing: /home/wheeltec/agribot/agribot_ws/install/yesense_interface/share/yesense_interface/package.dsv
[1.378s] -- Up-to-date: /home/wheeltec/agribot/agribot_ws/install/yesense_interface/share/ament_index/resource_index/packages/yesense_interface
[1.378s] -- Up-to-date: /home/wheeltec/agribot/agribot_ws/install/yesense_interface/share/yesense_interface/cmake/export_yesense_interface__rosidl_generator_cExport.cmake
[1.379s] -- Up-to-date: /home/wheeltec/agribot/agribot_ws/install/yesense_interface/share/yesense_interface/cmake/export_yesense_interface__rosidl_generator_cExport-noconfig.cmake
[1.379s] -- Up-to-date: /home/wheeltec/agribot/agribot_ws/install/yesense_interface/share/yesense_interface/cmake/export_yesense_interface__rosidl_typesupport_fastrtps_cExport.cmake
[1.379s] -- Up-to-date: /home/wheeltec/agribot/agribot_ws/install/yesense_interface/share/yesense_interface/cmake/export_yesense_interface__rosidl_typesupport_fastrtps_cExport-noconfig.cmake
[1.379s] -- Up-to-date: /home/wheeltec/agribot/agribot_ws/install/yesense_interface/share/yesense_interface/cmake/yesense_interface__rosidl_typesupport_introspection_cExport.cmake
[1.380s] -- Up-to-date: /home/wheeltec/agribot/agribot_ws/install/yesense_interface/share/yesense_interface/cmake/yesense_interface__rosidl_typesupport_introspection_cExport-noconfig.cmake
[1.380s] -- Up-to-date: /home/wheeltec/agribot/agribot_ws/install/yesense_interface/share/yesense_interface/cmake/yesense_interface__rosidl_typesupport_cExport.cmake
[1.380s] -- Up-to-date: /home/wheeltec/agribot/agribot_ws/install/yesense_interface/share/yesense_interface/cmake/yesense_interface__rosidl_typesupport_cExport-noconfig.cmake
[1.381s] -- Up-to-date: /home/wheeltec/agribot/agribot_ws/install/yesense_interface/share/yesense_interface/cmake/export_yesense_interface__rosidl_generator_cppExport.cmake
[1.381s] -- Up-to-date: /home/wheeltec/agribot/agribot_ws/install/yesense_interface/share/yesense_interface/cmake/export_yesense_interface__rosidl_typesupport_fastrtps_cppExport.cmake
[1.381s] -- Up-to-date: /home/wheeltec/agribot/agribot_ws/install/yesense_interface/share/yesense_interface/cmake/export_yesense_interface__rosidl_typesupport_fastrtps_cppExport-noconfig.cmake
[1.381s] -- Up-to-date: /home/wheeltec/agribot/agribot_ws/install/yesense_interface/share/yesense_interface/cmake/yesense_interface__rosidl_typesupport_introspection_cppExport.cmake
[1.381s] -- Up-to-date: /home/wheeltec/agribot/agribot_ws/install/yesense_interface/share/yesense_interface/cmake/yesense_interface__rosidl_typesupport_introspection_cppExport-noconfig.cmake
[1.382s] -- Up-to-date: /home/wheeltec/agribot/agribot_ws/install/yesense_interface/share/yesense_interface/cmake/yesense_interface__rosidl_typesupport_cppExport.cmake
[1.382s] -- Up-to-date: /home/wheeltec/agribot/agribot_ws/install/yesense_interface/share/yesense_interface/cmake/yesense_interface__rosidl_typesupport_cppExport-noconfig.cmake
[1.382s] -- Up-to-date: /home/wheeltec/agribot/agribot_ws/install/yesense_interface/share/yesense_interface/cmake/export_yesense_interface__rosidl_generator_pyExport.cmake
[1.383s] -- Up-to-date: /home/wheeltec/agribot/agribot_ws/install/yesense_interface/share/yesense_interface/cmake/export_yesense_interface__rosidl_generator_pyExport-noconfig.cmake
[1.383s] -- Up-to-date: /home/wheeltec/agribot/agribot_ws/install/yesense_interface/share/yesense_interface/cmake/rosidl_cmake-extras.cmake
[1.383s] -- Up-to-date: /home/wheeltec/agribot/agribot_ws/install/yesense_interface/share/yesense_interface/cmake/ament_cmake_export_include_directories-extras.cmake
[1.383s] -- Up-to-date: /home/wheeltec/agribot/agribot_ws/install/yesense_interface/share/yesense_interface/cmake/ament_cmake_export_libraries-extras.cmake
[1.384s] -- Up-to-date: /home/wheeltec/agribot/agribot_ws/install/yesense_interface/share/yesense_interface/cmake/ament_cmake_export_targets-extras.cmake
[1.384s] -- Up-to-date: /home/wheeltec/agribot/agribot_ws/install/yesense_interface/share/yesense_interface/cmake/rosidl_cmake_export_typesupport_targets-extras.cmake
[1.384s] -- Up-to-date: /home/wheeltec/agribot/agribot_ws/install/yesense_interface/share/yesense_interface/cmake/ament_cmake_export_dependencies-extras.cmake
[1.384s] -- Up-to-date: /home/wheeltec/agribot/agribot_ws/install/yesense_interface/share/yesense_interface/cmake/rosidl_cmake_export_typesupport_libraries-extras.cmake
[1.385s] -- Up-to-date: /home/wheeltec/agribot/agribot_ws/install/yesense_interface/share/yesense_interface/cmake/rosidl_cmake_aggregate_target-extras.cmake
[1.385s] -- Up-to-date: /home/wheeltec/agribot/agribot_ws/install/yesense_interface/share/yesense_interface/cmake/yesense_interfaceConfig.cmake
[1.385s] -- Up-to-date: /home/wheeltec/agribot/agribot_ws/install/yesense_interface/share/yesense_interface/cmake/yesense_interfaceConfig-version.cmake
[1.385s] -- Up-to-date: /home/wheeltec/agribot/agribot_ws/install/yesense_interface/share/yesense_interface/package.xml
[1.406s] Invoked command in '/home/wheeltec/agribot/agribot_ws/build/yesense_interface' returned '0': CMAKE_PREFIX_PATH=${CMAKE_PREFIX_PATH}:/home/wheeltec/wheeltec_ros2/install/simple_follower_ros2:/home/wheeltec/wheeltec_ros2/install/wheeltec_robot_keyboard:/home/wheeltec/wheeltec_ros2/install/wheeltec_dual_rtk_driver:/home/wheeltec/wheeltec_ros2/install/ultralytics_ros2:/home/wheeltec/wheeltec_ros2/install/tf2_tools:/home/wheeltec/wheeltec_ros2/install/ollama_ros_chat:/home/wheeltec/wheeltec_ros2/install/nmea_navsat_driver:/home/wheeltec/wheeltec_ros2/install/nav2_waypoint_cycle:/home/wheeltec/wheeltec_ros2/install/nav2_simple_commander:/home/wheeltec/wheeltec_ros2/install/auto_recharge_ros2:/opt/ros/humble /usr/bin/cmake --install /home/wheeltec/agribot/agribot_ws/build/yesense_interface
