-- Found ament_cmake: 1.3.14 (/opt/ros/humble/share/ament_cmake/cmake)
-- Override CMake install command with custom implementation using symlinks instead of copying resources
-- Found rclcpp: 16.0.19 (/opt/ros/humble/share/rclcpp/cmake)
-- Found rosidl_generator_c: 3.1.9 (/opt/ros/humble/share/rosidl_generator_c/cmake)
-- Found rosidl_adapter: 3.1.9 (/opt/ros/humble/share/rosidl_adapter/cmake)
-- Found rosidl_generator_cpp: 3.1.9 (/opt/ros/humble/share/rosidl_generator_cpp/cmake)
-- Using all available rosidl_typesupport_c: rosidl_typesupport_fastrtps_c;rosidl_typesupport_introspection_c
-- Using all available rosidl_typesupport_cpp: rosidl_typesupport_fastrtps_cpp;rosidl_typesupport_introspection_cpp
-- Found rmw_implementation_cmake: 6.1.2 (/opt/ros/humble/share/rmw_implementation_cmake/cmake)
-- Found rmw_fastrtps_cpp: 6.2.10 (/opt/ros/humble/share/rmw_fastrtps_cpp/cmake)
-- Using RMW implementation 'rmw_fastrtps_cpp' as default
-- Found serial: 1.2.1 (/home/wheeltec/agribot/agribot_ws/install/serial/share/serial/cmake)
-- Found sensor_msgs: 4.9.1 (/opt/ros/humble/share/sensor_msgs/cmake)
-- Found nav_msgs: 4.9.1 (/opt/ros/humble/share/nav_msgs/cmake)
-- Found tf2: 0.25.20 (/opt/ros/humble/share/tf2/cmake)
-- Found tf2_ros: 0.25.20 (/opt/ros/humble/share/tf2_ros/cmake)
-- Found tf2_geometry_msgs: 0.25.20 (/opt/ros/humble/share/tf2_geometry_msgs/cmake)
-- Found eigen3_cmake_module: 0.1.1 (/opt/ros/humble/share/eigen3_cmake_module/cmake)
-- Ensuring Eigen3 include directory is part of orocos-kdl CMake target
-- Found ament_lint_auto: 0.12.15 (/opt/ros/humble/share/ament_lint_auto/cmake)
-- Found ament_cmake_gtest: 1.3.14 (/opt/ros/humble/share/ament_cmake_gtest/cmake)
-- Found launch_testing_ament_cmake: 1.0.14 (/opt/ros/humble/share/launch_testing_ament_cmake/cmake)
-- Found python_cmake_module: 0.10.0 (/opt/ros/humble/share/python_cmake_module/cmake)
-- Using PYTHON_EXECUTABLE: /usr/bin/python3
-- Using PYTHON_INCLUDE_DIRS: /usr/include/python3.10
-- Using PYTHON_LIBRARIES: /usr/lib/aarch64-linux-gnu/libpython3.10.so
-- Found gtest sources under '/opt/ros/humble/src/gtest_vendor': C++ tests using 'Google Test' will be built
-- Added test 'cppcheck' to perform static code analysis on C / C++ code
-- Configured cppcheck include dirs: /home/wheeltec/agribot/agribot_ws/src/turn_on_32chassis/include
-- Configured cppcheck exclude dirs and/or files: 
-- Added test 'flake8' to check Python code syntax and style conventions
-- Added test 'lint_cmake' to check CMake code style
-- Added test 'pep257' to check Python code against some of the docstring style conventions in PEP 257
-- Added test 'xmllint' to check XML markup files
-- Configuring done
-- Generating done
-- Build files have been written to: /home/wheeltec/agribot/agribot_ws/build/turn_on_32chassis
Consolidate compiler generated dependencies of target gtest_main
Consolidate compiler generated dependencies of target gtest
Consolidate compiler generated dependencies of target imu_source_selector_node
Consolidate compiler generated dependencies of target slip_aware_odometry_node
Consolidate compiler generated dependencies of target turn_on_32chassis_node
[ 30%] Built target gtest
[ 30%] Built target gtest_main
[ 46%] Built target imu_source_selector_node
[ 61%] Built target slip_aware_odometry_node
[ 84%] Built target turn_on_32chassis_node
Consolidate compiler generated dependencies of target test_wheel_trust_monitor
[100%] Built target test_wheel_trust_monitor
-- Install configuration: ""
-- Execute custom install script
-- Up-to-date symlink: /home/wheeltec/agribot/agribot_ws/install/turn_on_32chassis/lib/turn_on_32chassis/turn_on_32chassis_node
-- Up-to-date symlink: /home/wheeltec/agribot/agribot_ws/install/turn_on_32chassis/lib/turn_on_32chassis/imu_source_selector_node
-- Up-to-date symlink: /home/wheeltec/agribot/agribot_ws/install/turn_on_32chassis/lib/turn_on_32chassis/slip_aware_odometry_node
-- Up-to-date symlink: /home/wheeltec/agribot/agribot_ws/install/turn_on_32chassis/share/turn_on_32chassis/launch/turn_on_32chassis.launch.py
-- Up-to-date symlink: /home/wheeltec/agribot/agribot_ws/install/turn_on_32chassis/share/turn_on_32chassis/urdf/meshes/bases/burger_base.stl
-- Up-to-date symlink: /home/wheeltec/agribot/agribot_ws/install/turn_on_32chassis/share/turn_on_32chassis/urdf/meshes/bases/waffle_base.stl
-- Up-to-date symlink: /home/wheeltec/agribot/agribot_ws/install/turn_on_32chassis/share/turn_on_32chassis/urdf/meshes/bases/waffle_pi_base.stl
-- Up-to-date symlink: /home/wheeltec/agribot/agribot_ws/install/turn_on_32chassis/share/turn_on_32chassis/urdf/meshes/mid-360-asm.stl
-- Up-to-date symlink: /home/wheeltec/agribot/agribot_ws/install/turn_on_32chassis/share/turn_on_32chassis/urdf/meshes/mini_4wd_moveit_four_meshes/arm_base_link.STL
-- Up-to-date symlink: /home/wheeltec/agribot/agribot_ws/install/turn_on_32chassis/share/turn_on_32chassis/urdf/meshes/mini_4wd_moveit_four_meshes/base_link.STL
-- Up-to-date symlink: /home/wheeltec/agribot/agribot_ws/install/turn_on_32chassis/share/turn_on_32chassis/urdf/meshes/mini_4wd_moveit_four_meshes/camera_link.STL
-- Up-to-date symlink: /home/wheeltec/agribot/agribot_ws/install/turn_on_32chassis/share/turn_on_32chassis/urdf/meshes/mini_4wd_moveit_four_meshes/controller_link.STL
-- Up-to-date symlink: /home/wheeltec/agribot/agribot_ws/install/turn_on_32chassis/share/turn_on_32chassis/urdf/meshes/mini_4wd_moveit_four_meshes/display_link.STL
-- Up-to-date symlink: /home/wheeltec/agribot/agribot_ws/install/turn_on_32chassis/share/turn_on_32chassis/urdf/meshes/mini_4wd_moveit_four_meshes/j1_link.STL
-- Up-to-date symlink: /home/wheeltec/agribot/agribot_ws/install/turn_on_32chassis/share/turn_on_32chassis/urdf/meshes/mini_4wd_moveit_four_meshes/j2_link.STL
-- Up-to-date symlink: /home/wheeltec/agribot/agribot_ws/install/turn_on_32chassis/share/turn_on_32chassis/urdf/meshes/mini_4wd_moveit_four_meshes/j3_link.STL
-- Up-to-date symlink: /home/wheeltec/agribot/agribot_ws/install/turn_on_32chassis/share/turn_on_32chassis/urdf/meshes/mini_4wd_moveit_four_meshes/j4_1_link.STL
-- Up-to-date symlink: /home/wheeltec/agribot/agribot_ws/install/turn_on_32chassis/share/turn_on_32chassis/urdf/meshes/mini_4wd_moveit_four_meshes/j4_2_link.STL
-- Up-to-date symlink: /home/wheeltec/agribot/agribot_ws/install/turn_on_32chassis/share/turn_on_32chassis/urdf/meshes/mini_4wd_moveit_four_meshes/j4_3_link.STL
-- Up-to-date symlink: /home/wheeltec/agribot/agribot_ws/install/turn_on_32chassis/share/turn_on_32chassis/urdf/meshes/mini_4wd_moveit_four_meshes/j4_4_link.STL
-- Up-to-date symlink: /home/wheeltec/agribot/agribot_ws/install/turn_on_32chassis/share/turn_on_32chassis/urdf/meshes/mini_4wd_moveit_four_meshes/j4_5_link.STL
-- Up-to-date symlink: /home/wheeltec/agribot/agribot_ws/install/turn_on_32chassis/share/turn_on_32chassis/urdf/meshes/mini_4wd_moveit_four_meshes/j4_6_link.STL
-- Up-to-date symlink: /home/wheeltec/agribot/agribot_ws/install/turn_on_32chassis/share/turn_on_32chassis/urdf/meshes/mini_4wd_moveit_four_meshes/laser.STL
-- Up-to-date symlink: /home/wheeltec/agribot/agribot_ws/install/turn_on_32chassis/share/turn_on_32chassis/urdf/meshes/mini_4wd_moveit_four_meshes/lb_wheel_link.STL
-- Up-to-date symlink: /home/wheeltec/agribot/agribot_ws/install/turn_on_32chassis/share/turn_on_32chassis/urdf/meshes/mini_4wd_moveit_four_meshes/lf_wheel_link.STL
-- Up-to-date symlink: /home/wheeltec/agribot/agribot_ws/install/turn_on_32chassis/share/turn_on_32chassis/urdf/meshes/mini_4wd_moveit_four_meshes/rb_wheel_link.STL
-- Up-to-date symlink: /home/wheeltec/agribot/agribot_ws/install/turn_on_32chassis/share/turn_on_32chassis/urdf/meshes/mini_4wd_moveit_four_meshes/rf_wheel_link.STL
-- Up-to-date symlink: /home/wheeltec/agribot/agribot_ws/install/turn_on_32chassis/share/turn_on_32chassis/urdf/meshes/mini_4wd_robot_meshes/base_link.STL
-- Up-to-date symlink: /home/wheeltec/agribot/agribot_ws/install/turn_on_32chassis/share/turn_on_32chassis/urdf/meshes/mini_4wd_robot_meshes/camera_link.STL
-- Up-to-date symlink: /home/wheeltec/agribot/agribot_ws/install/turn_on_32chassis/share/turn_on_32chassis/urdf/meshes/mini_4wd_robot_meshes/controller_link.STL
-- Up-to-date symlink: /home/wheeltec/agribot/agribot_ws/install/turn_on_32chassis/share/turn_on_32chassis/urdf/meshes/mini_4wd_robot_meshes/laser.STL
-- Up-to-date symlink: /home/wheeltec/agribot/agribot_ws/install/turn_on_32chassis/share/turn_on_32chassis/urdf/meshes/mini_4wd_robot_meshes/lb_wheel_link.STL
-- Up-to-date symlink: /home/wheeltec/agribot/agribot_ws/install/turn_on_32chassis/share/turn_on_32chassis/urdf/meshes/mini_4wd_robot_meshes/lf_wheel_link.STL
-- Up-to-date symlink: /home/wheeltec/agribot/agribot_ws/install/turn_on_32chassis/share/turn_on_32chassis/urdf/meshes/mini_4wd_robot_meshes/rb_wheel_link.STL
-- Up-to-date symlink: /home/wheeltec/agribot/agribot_ws/install/turn_on_32chassis/share/turn_on_32chassis/urdf/meshes/mini_4wd_robot_meshes/rf_wheel_link.STL
-- Up-to-date symlink: /home/wheeltec/agribot/agribot_ws/install/turn_on_32chassis/share/turn_on_32chassis/urdf/meshes/mini_akm_meshes/base_link.STL
-- Up-to-date symlink: /home/wheeltec/agribot/agribot_ws/install/turn_on_32chassis/share/turn_on_32chassis/urdf/meshes/mini_akm_meshes/camera_link.STL
-- Up-to-date symlink: /home/wheeltec/agribot/agribot_ws/install/turn_on_32chassis/share/turn_on_32chassis/urdf/meshes/mini_akm_meshes/controller_link.STL
-- Up-to-date symlink: /home/wheeltec/agribot/agribot_ws/install/turn_on_32chassis/share/turn_on_32chassis/urdf/meshes/mini_akm_meshes/front_link.STL
-- Up-to-date symlink: /home/wheeltec/agribot/agribot_ws/install/turn_on_32chassis/share/turn_on_32chassis/urdf/meshes/mini_akm_meshes/laser_link.STL
-- Up-to-date symlink: /home/wheeltec/agribot/agribot_ws/install/turn_on_32chassis/share/turn_on_32chassis/urdf/meshes/mini_akm_meshes/lb_link.STL
-- Up-to-date symlink: /home/wheeltec/agribot/agribot_ws/install/turn_on_32chassis/share/turn_on_32chassis/urdf/meshes/mini_akm_meshes/left_link.STL
-- Up-to-date symlink: /home/wheeltec/agribot/agribot_ws/install/turn_on_32chassis/share/turn_on_32chassis/urdf/meshes/mini_akm_meshes/lf_link.STL
-- Up-to-date symlink: /home/wheeltec/agribot/agribot_ws/install/turn_on_32chassis/share/turn_on_32chassis/urdf/meshes/mini_akm_meshes/rb_link.STL
-- Up-to-date symlink: /home/wheeltec/agribot/agribot_ws/install/turn_on_32chassis/share/turn_on_32chassis/urdf/meshes/mini_akm_meshes/rf_link.STL
-- Up-to-date symlink: /home/wheeltec/agribot/agribot_ws/install/turn_on_32chassis/share/turn_on_32chassis/urdf/meshes/mini_akm_meshes/right_link.STL
-- Up-to-date symlink: /home/wheeltec/agribot/agribot_ws/install/turn_on_32chassis/share/turn_on_32chassis/urdf/meshes/mini_akm_robot_meshes/base_link.STL
-- Up-to-date symlink: /home/wheeltec/agribot/agribot_ws/install/turn_on_32chassis/share/turn_on_32chassis/urdf/meshes/mini_akm_robot_meshes/camera_link.STL
-- Up-to-date symlink: /home/wheeltec/agribot/agribot_ws/install/turn_on_32chassis/share/turn_on_32chassis/urdf/meshes/mini_akm_robot_meshes/controller_link.STL
-- Up-to-date symlink: /home/wheeltec/agribot/agribot_ws/install/turn_on_32chassis/share/turn_on_32chassis/urdf/meshes/mini_akm_robot_meshes/front_link.STL
-- Up-to-date symlink: /home/wheeltec/agribot/agribot_ws/install/turn_on_32chassis/share/turn_on_32chassis/urdf/meshes/mini_akm_robot_meshes/laser.STL
-- Up-to-date symlink: /home/wheeltec/agribot/agribot_ws/install/turn_on_32chassis/share/turn_on_32chassis/urdf/meshes/mini_akm_robot_meshes/lb_link.STL
-- Up-to-date symlink: /home/wheeltec/agribot/agribot_ws/install/turn_on_32chassis/share/turn_on_32chassis/urdf/meshes/mini_akm_robot_meshes/left_link.STL
-- Up-to-date symlink: /home/wheeltec/agribot/agribot_ws/install/turn_on_32chassis/share/turn_on_32chassis/urdf/meshes/mini_akm_robot_meshes/lf_link.STL
-- Up-to-date symlink: /home/wheeltec/agribot/agribot_ws/install/turn_on_32chassis/share/turn_on_32chassis/urdf/meshes/mini_akm_robot_meshes/rb_link.STL
-- Up-to-date symlink: /home/wheeltec/agribot/agribot_ws/install/turn_on_32chassis/share/turn_on_32chassis/urdf/meshes/mini_akm_robot_meshes/rf_link.STL
-- Up-to-date symlink: /home/wheeltec/agribot/agribot_ws/install/turn_on_32chassis/share/turn_on_32chassis/urdf/meshes/mini_akm_robot_meshes/right_link.STL
-- Up-to-date symlink: /home/wheeltec/agribot/agribot_ws/install/turn_on_32chassis/share/turn_on_32chassis/urdf/meshes/wheels/left_tire.stl
-- Up-to-date symlink: /home/wheeltec/agribot/agribot_ws/install/turn_on_32chassis/share/turn_on_32chassis/urdf/meshes/wheels/right_tire.stl
-- Up-to-date symlink: /home/wheeltec/agribot/agribot_ws/install/turn_on_32chassis/share/turn_on_32chassis/urdf/urdf/agribot.urdf.xacro
-- Up-to-date symlink: /home/wheeltec/agribot/agribot_ws/install/turn_on_32chassis/share/turn_on_32chassis/urdf/urdf/mini_4wd_robot.urdf.xacro
-- Up-to-date symlink: /home/wheeltec/agribot/agribot_ws/install/turn_on_32chassis/share/turn_on_32chassis/config/bringup.yaml
-- Up-to-date symlink: /home/wheeltec/agribot/agribot_ws/install/turn_on_32chassis/share/turn_on_32chassis/config/ekf.yaml
-- Symlinking: /home/wheeltec/agribot/agribot_ws/install/turn_on_32chassis/share/turn_on_32chassis/config/ekf_legacy.yaml
-- Up-to-date symlink: /home/wheeltec/agribot/agribot_ws/install/turn_on_32chassis/share/turn_on_32chassis/config/imuconfig.yaml
-- Up-to-date symlink: /home/wheeltec/agribot/agribot_ws/install/turn_on_32chassis/share/turn_on_32chassis/config/rviz2_config_agribot.rviz
-- Up-to-date symlink: /home/wheeltec/agribot/agribot_ws/install/turn_on_32chassis/share/turn_on_32chassis/README.md
-- Up-to-date symlink: /home/wheeltec/agribot/agribot_ws/install/turn_on_32chassis/share/ament_index/resource_index/package_run_dependencies/turn_on_32chassis
-- Up-to-date symlink: /home/wheeltec/agribot/agribot_ws/install/turn_on_32chassis/share/ament_index/resource_index/parent_prefix_path/turn_on_32chassis
-- Up-to-date symlink: /home/wheeltec/agribot/agribot_ws/install/turn_on_32chassis/share/turn_on_32chassis/environment/ament_prefix_path.sh
-- Up-to-date symlink: /home/wheeltec/agribot/agribot_ws/install/turn_on_32chassis/share/turn_on_32chassis/environment/ament_prefix_path.dsv
-- Up-to-date symlink: /home/wheeltec/agribot/agribot_ws/install/turn_on_32chassis/share/turn_on_32chassis/environment/path.sh
-- Up-to-date symlink: /home/wheeltec/agribot/agribot_ws/install/turn_on_32chassis/share/turn_on_32chassis/environment/path.dsv
-- Up-to-date symlink: /home/wheeltec/agribot/agribot_ws/install/turn_on_32chassis/share/turn_on_32chassis/local_setup.bash
-- Up-to-date symlink: /home/wheeltec/agribot/agribot_ws/install/turn_on_32chassis/share/turn_on_32chassis/local_setup.sh
-- Up-to-date symlink: /home/wheeltec/agribot/agribot_ws/install/turn_on_32chassis/share/turn_on_32chassis/local_setup.zsh
-- Up-to-date symlink: /home/wheeltec/agribot/agribot_ws/install/turn_on_32chassis/share/turn_on_32chassis/local_setup.dsv
-- Symlinking: /home/wheeltec/agribot/agribot_ws/install/turn_on_32chassis/share/turn_on_32chassis/package.dsv
-- Up-to-date symlink: /home/wheeltec/agribot/agribot_ws/install/turn_on_32chassis/share/ament_index/resource_index/packages/turn_on_32chassis
-- Up-to-date symlink: /home/wheeltec/agribot/agribot_ws/install/turn_on_32chassis/share/turn_on_32chassis/cmake/turn_on_32chassisConfig.cmake
-- Up-to-date symlink: /home/wheeltec/agribot/agribot_ws/install/turn_on_32chassis/share/turn_on_32chassis/cmake/turn_on_32chassisConfig-version.cmake
-- Up-to-date symlink: /home/wheeltec/agribot/agribot_ws/install/turn_on_32chassis/share/turn_on_32chassis/package.xml
