[35m[1mConsolidate compiler generated dependencies of target yesense_node_subscriber[0m
[35m[1mConsolidate compiler generated dependencies of target yesense_node_publisher[0m
[ 33%] [32m[1mLinking CXX executable yesense_node_publisher[0m
[ 33%] [32m[1mLinking CXX executable yesense_node_subscriber[0m
[ 83%] Built target yesense_node_publisher
[100%] Built target yesense_node_subscriber
-- Install configuration: ""
-- Up-to-date: /home/wheeltec/agribot/agribot_ws/install/yesense_std_ros2/share/yesense_std_ros2/launch
-- Up-to-date: /home/wheeltec/agribot/agribot_ws/install/yesense_std_ros2/share/yesense_std_ros2/launch/yesense_node.launch.py
-- Up-to-date: /home/wheeltec/agribot/agribot_ws/install/yesense_std_ros2/share/yesense_std_ros2/config
-- Up-to-date: /home/wheeltec/agribot/agribot_ws/install/yesense_std_ros2/share/yesense_std_ros2/config/yesense_config.yaml
-- Installing: /home/wheeltec/agribot/agribot_ws/install/yesense_std_ros2/lib/yesense_std_ros2/yesense_node_publisher
-- Set runtime path of "/home/wheeltec/agribot/agribot_ws/install/yesense_std_ros2/lib/yesense_std_ros2/yesense_node_publisher" to ""
-- Installing: /home/wheeltec/agribot/agribot_ws/install/yesense_std_ros2/lib/yesense_std_ros2/yesense_node_subscriber
-- Set runtime path of "/home/wheeltec/agribot/agribot_ws/install/yesense_std_ros2/lib/yesense_std_ros2/yesense_node_subscriber" to ""
-- Up-to-date: /home/wheeltec/agribot/agribot_ws/install/yesense_std_ros2/share/ament_index/resource_index/package_run_dependencies/yesense_std_ros2
-- Up-to-date: /home/wheeltec/agribot/agribot_ws/install/yesense_std_ros2/share/ament_index/resource_index/parent_prefix_path/yesense_std_ros2
-- Up-to-date: /home/wheeltec/agribot/agribot_ws/install/yesense_std_ros2/share/yesense_std_ros2/environment/ament_prefix_path.sh
-- Up-to-date: /home/wheeltec/agribot/agribot_ws/install/yesense_std_ros2/share/yesense_std_ros2/environment/ament_prefix_path.dsv
-- Up-to-date: /home/wheeltec/agribot/agribot_ws/install/yesense_std_ros2/share/yesense_std_ros2/environment/path.sh
-- Up-to-date: /home/wheeltec/agribot/agribot_ws/install/yesense_std_ros2/share/yesense_std_ros2/environment/path.dsv
-- Up-to-date: /home/wheeltec/agribot/agribot_ws/install/yesense_std_ros2/share/yesense_std_ros2/local_setup.bash
-- Up-to-date: /home/wheeltec/agribot/agribot_ws/install/yesense_std_ros2/share/yesense_std_ros2/local_setup.sh
-- Up-to-date: /home/wheeltec/agribot/agribot_ws/install/yesense_std_ros2/share/yesense_std_ros2/local_setup.zsh
-- Up-to-date: /home/wheeltec/agribot/agribot_ws/install/yesense_std_ros2/share/yesense_std_ros2/local_setup.dsv
-- Installing: /home/wheeltec/agribot/agribot_ws/install/yesense_std_ros2/share/yesense_std_ros2/package.dsv
-- Up-to-date: /home/wheeltec/agribot/agribot_ws/install/yesense_std_ros2/share/ament_index/resource_index/packages/yesense_std_ros2
-- Up-to-date: /home/wheeltec/agribot/agribot_ws/install/yesense_std_ros2/share/yesense_std_ros2/cmake/yesense_std_ros2Config.cmake
-- Up-to-date: /home/wheeltec/agribot/agribot_ws/install/yesense_std_ros2/share/yesense_std_ros2/cmake/yesense_std_ros2Config-version.cmake
-- Up-to-date: /home/wheeltec/agribot/agribot_ws/install/yesense_std_ros2/share/yesense_std_ros2/package.xml
