-- The C compiler identification is GNU 11.4.0
-- The CXX compiler identification is GNU 11.4.0
-- Detecting C compiler ABI info
-- Detecting C compiler ABI info - done
-- Check for working C compiler: /usr/bin/cc - skipped
-- Detecting C compile features
-- Detecting C compile features - done
-- Detecting CXX compiler ABI info
-- Detecting CXX compiler ABI info - done
-- Check for working CXX compiler: /usr/bin/c++ - skipped
-- Detecting CXX compile features
-- Detecting CXX compile features - done
-- Found ament_cmake: 1.3.12 (/opt/ros/humble/share/ament_cmake/cmake)
-- Found Python3: /usr/bin/python3 (found version "3.10.12") found components: Interpreter 
-- Found rclcpp: 16.0.17 (/opt/ros/humble/share/rclcpp/cmake)
-- Found rosidl_generator_c: 3.1.8 (/opt/ros/humble/share/rosidl_generator_c/cmake)
-- Found rosidl_adapter: 3.1.8 (/opt/ros/humble/share/rosidl_adapter/cmake)
-- Found rosidl_generator_cpp: 3.1.8 (/opt/ros/humble/share/rosidl_generator_cpp/cmake)
-- Using all available rosidl_typesupport_c: rosidl_typesupport_fastrtps_c;rosidl_typesupport_introspection_c
-- Using all available rosidl_typesupport_cpp: rosidl_typesupport_fastrtps_cpp;rosidl_typesupport_introspection_cpp
-- Found rmw_implementation_cmake: 6.1.2 (/opt/ros/humble/share/rmw_implementation_cmake/cmake)
-- Found rmw_fastrtps_cpp: 6.2.9 (/opt/ros/humble/share/rmw_fastrtps_cpp/cmake)
-- Found OpenSSL: /usr/lib/aarch64-linux-gnu/libcrypto.so (found version "3.0.2")  
-- Found FastRTPS: /opt/ros/humble/include  
-- Using RMW implementation 'rmw_fastrtps_cpp' as default
-- Looking for pthread.h
-- Looking for pthread.h - found
-- Performing Test CMAKE_HAVE_LIBC_PTHREAD
-- Performing Test CMAKE_HAVE_LIBC_PTHREAD - Success
-- Found Threads: TRUE  
-- Found sensor_msgs: 4.9.0 (/opt/ros/humble/share/sensor_msgs/cmake)
-- Found nav_msgs: 4.9.0 (/opt/ros/humble/share/nav_msgs/cmake)
-- Found visualization_msgs: 4.9.0 (/opt/ros/humble/share/visualization_msgs/cmake)
-- Found pcl_conversions: 2.4.5 (/opt/ros/humble/share/pcl_conversions/cmake)
-- Checking for module 'eigen3'
--   Found eigen3, version 3.4.0
-- Found Eigen: /usr/include/eigen3 (Required is at least version "3.1") 
-- Eigen found (include: /usr/include/eigen3, version: 3.4.0)
-- Checking for module 'flann'
--   Found flann, version 1.9.1
-- Found FLANN: /usr/lib/aarch64-linux-gnu/libflann_cpp.so  
-- FLANN found (include: /usr/include, lib: /usr/lib/aarch64-linux-gnu/libflann_cpp.so)
-- Checking for module 'libusb-1.0'
--   Found libusb-1.0, version 1.0.25
-- Found libusb: /usr/lib/aarch64-linux-gnu/libusb-1.0.so  
-- OpenNI found (version: 1.5.4.0, include: /usr/include/ni, lib: /usr/lib/libOpenNI.so;libusb::libusb)
-- OpenNI2 found (version: 2.3.0.85, include: /home/wheeltec/wheeltec_ros2/install/astra_camera/include/openni2, lib: /usr/lib/aarch64-linux-gnu/libOpenNI2.so;libusb::libusb)
-- Eigen found (include: /usr/include/eigen3, version: 3.4.0)
-- OpenNI found (version: 1.5.4.0, include: /usr/include/ni, lib: /usr/lib/libOpenNI.so;libusb::libusb)
-- OpenNI2 found (version: 2.3.0.85, include: /home/wheeltec/wheeltec_ros2/install/astra_camera/include/openni2, lib: /usr/lib/aarch64-linux-gnu/libOpenNI2.so;libusb::libusb)
-- Found Qhull version 8.0.2
-- OpenNI found (version: 1.5.4.0, include: /usr/include/ni, lib: /usr/lib/libOpenNI.so;libusb::libusb)
-- Found PCL_COMMON: /usr/lib/aarch64-linux-gnu/libpcl_common.so  
-- Found PCL_KDTREE: /usr/lib/aarch64-linux-gnu/libpcl_kdtree.so  
-- Found PCL_OCTREE: /usr/lib/aarch64-linux-gnu/libpcl_octree.so  
-- Found PCL_SEARCH: /usr/lib/aarch64-linux-gnu/libpcl_search.so  
-- Found PCL_SAMPLE_CONSENSUS: /usr/lib/aarch64-linux-gnu/libpcl_sample_consensus.so  
-- Found PCL_FILTERS: /usr/lib/aarch64-linux-gnu/libpcl_filters.so  
-- Found PCL_2D: /usr/include/pcl-1.12  
-- Found PCL_GEOMETRY: /usr/include/pcl-1.12  
-- Found PCL_IO: /usr/lib/aarch64-linux-gnu/libpcl_io.so  
-- Found PCL_FEATURES: /usr/lib/aarch64-linux-gnu/libpcl_features.so  
-- Found PCL_ML: /usr/lib/aarch64-linux-gnu/libpcl_ml.so  
-- Found PCL_SEGMENTATION: /usr/lib/aarch64-linux-gnu/libpcl_segmentation.so  
-- Found PCL_VISUALIZATION: /usr/lib/aarch64-linux-gnu/libpcl_visualization.so  
-- Found PCL_SURFACE: /usr/lib/aarch64-linux-gnu/libpcl_surface.so  
-- Found PCL_REGISTRATION: /usr/lib/aarch64-linux-gnu/libpcl_registration.so  
-- Found PCL_KEYPOINTS: /usr/lib/aarch64-linux-gnu/libpcl_keypoints.so  
-- Found PCL_TRACKING: /usr/lib/aarch64-linux-gnu/libpcl_tracking.so  
-- Found PCL_RECOGNITION: /usr/lib/aarch64-linux-gnu/libpcl_recognition.so  
-- Found PCL_STEREO: /usr/lib/aarch64-linux-gnu/libpcl_stereo.so  
-- Found PCL_APPS: /usr/lib/aarch64-linux-gnu/libpcl_apps.so  
-- Found PCL_IN_HAND_SCANNER: /usr/include/pcl-1.12  
-- Found PCL_MODELER: /usr/include/pcl-1.12  
-- Found PCL_POINT_CLOUD_EDITOR: /usr/include/pcl-1.12  
-- Found PCL_OUTOFCORE: /usr/lib/aarch64-linux-gnu/libpcl_outofcore.so  
-- Found PCL_PEOPLE: /usr/lib/aarch64-linux-gnu/libpcl_people.so  
-- Found tf2: 0.25.18 (/opt/ros/humble/share/tf2/cmake)
-- Found tf2_geometry_msgs: 0.25.18 (/opt/ros/humble/share/tf2_geometry_msgs/cmake)
-- Found eigen3_cmake_module: 0.1.1 (/opt/ros/humble/share/eigen3_cmake_module/cmake)
-- Found Eigen3: TRUE (found version "3.4.0") 
-- Ensuring Eigen3 include directory is part of orocos-kdl CMake target
-- Found ament_lint_auto: 0.12.14 (/opt/ros/humble/share/ament_lint_auto/cmake)
-- Added test 'cppcheck' to perform static code analysis on C / C++ code
-- Configured cppcheck include dirs: /home/wheeltec/agribot/agribot_ws/src/centerline_extraction/include
-- Configured cppcheck exclude dirs and/or files: 
-- Added test 'flake8' to check Python code syntax and style conventions
-- Added test 'lint_cmake' to check CMake code style
-- Added test 'pep257' to check Python code against some of the docstring style conventions in PEP 257
-- Added test 'uncrustify' to check C / C++ code style
-- Configured uncrustify additional arguments: 
-- Added test 'xmllint' to check XML markup files
-- Configuring done
-- Generating done
-- Build files have been written to: /home/wheeltec/agribot/agribot_ws/build/centerline_extraction
[35m[1mConsolidate compiler generated dependencies of target cornfield_navigation_node[0m
[35m[1mConsolidate compiler generated dependencies of target corn_row_detector_projection[0m
[ 14%] [32mBuilding CXX object CMakeFiles/pure_pursuit_controller.dir/src/pure_pursuit_controller.cpp.o[0m
[ 57%] Built target cornfield_navigation_node
[ 85%] Built target corn_row_detector_projection
In file included from [01m[K/opt/ros/humble/include/rclcpp/rclcpp/client.hpp:40[m[K,
                 from [01m[K/opt/ros/humble/include/rclcpp/rclcpp/callback_group.hpp:24[m[K,
                 from [01m[K/opt/ros/humble/include/rclcpp/rclcpp/any_executable.hpp:20[m[K,
                 from [01m[K/opt/ros/humble/include/rclcpp/rclcpp/memory_strategy.hpp:25[m[K,
                 from [01m[K/opt/ros/humble/include/rclcpp/rclcpp/memory_strategies.hpp:18[m[K,
                 from [01m[K/opt/ros/humble/include/rclcpp/rclcpp/executor_options.hpp:20[m[K,
                 from [01m[K/opt/ros/humble/include/rclcpp/rclcpp/executor.hpp:37[m[K,
                 from [01m[K/opt/ros/humble/include/rclcpp/rclcpp/executors/multi_threaded_executor.hpp:25[m[K,
                 from [01m[K/opt/ros/humble/include/rclcpp/rclcpp/executors.hpp:21[m[K,
                 from [01m[K/opt/ros/humble/include/rclcpp/rclcpp/rclcpp.hpp:155[m[K,
                 from [01m[K/home/wheeltec/agribot/agribot_ws/src/centerline_extraction/src/pure_pursuit_controller.cpp:5[m[K:
[01m[K/home/wheeltec/agribot/agribot_ws/src/centerline_extraction/src/pure_pursuit_controller.cpp:[m[K In member function ‘[01m[Kvoid PurePursuitController::control_loop()[m[K’:
[01m[K/home/wheeltec/agribot/agribot_ws/src/centerline_extraction/src/pure_pursuit_controller.cpp:109:61:[m[K [01;31m[Kerror: [m[Kcannot capture ‘[01m[Krclcpp::Node::now() const()[m[K’ by reference
  109 |         RCLCPP_DEBUG_THROTTLE(this->get_logger(), this->now([01;31m[K)[m[K, 1000, "No valid path available");
      |                                                             [01;31m[K^[m[K
[01m[K/home/wheeltec/agribot/agribot_ws/src/centerline_extraction/src/pure_pursuit_controller.cpp:[m[K In lambda function:
[01m[K/home/wheeltec/agribot/agribot_ws/src/centerline_extraction/src/pure_pursuit_controller.cpp:109:9:[m[K [01;31m[Kerror: [m[K‘[01m[Kc[m[K’ was not declared in this scope
  109 |         [01;31m[KRCLCPP_DEBUG_THROTTLE[m[K(this->get_logger(), this->now(), 1000, "No valid path available");
      |         [01;31m[K^~~~~~~~~~~~~~~~~~~~~[m[K
[01m[K/home/wheeltec/agribot/agribot_ws/src/centerline_extraction/src/pure_pursuit_controller.cpp:[m[K In member function ‘[01m[Kvoid PurePursuitController::control_loop()[m[K’:
[01m[K/home/wheeltec/agribot/agribot_ws/src/centerline_extraction/src/pure_pursuit_controller.cpp:133:60:[m[K [01;31m[Kerror: [m[Kcannot capture ‘[01m[Krclcpp::Node::now() const()[m[K’ by reference
  133 |         RCLCPP_WARN_THROTTLE(this->get_logger(), this->now([01;31m[K)[m[K, 1000, "Could not find lookahead point");
      |                                                            [01;31m[K^[m[K
[01m[K/home/wheeltec/agribot/agribot_ws/src/centerline_extraction/src/pure_pursuit_controller.cpp:[m[K In lambda function:
[01m[K/home/wheeltec/agribot/agribot_ws/src/centerline_extraction/src/pure_pursuit_controller.cpp:133:9:[m[K [01;31m[Kerror: [m[K‘[01m[Kc[m[K’ was not declared in this scope
  133 |         [01;31m[KRCLCPP_WARN_THROTTLE[m[K(this->get_logger(), this->now(), 1000, "Could not find lookahead point");
      |         [01;31m[K^~~~~~~~~~~~~~~~~~~~[m[K
[01m[K/home/wheeltec/agribot/agribot_ws/src/centerline_extraction/src/pure_pursuit_controller.cpp:[m[K In member function ‘[01m[Kvoid PurePursuitController::control_loop()[m[K’:
[01m[K/home/wheeltec/agribot/agribot_ws/src/centerline_extraction/src/pure_pursuit_controller.cpp:119:12:[m[K [01;35m[Kwarning: [m[Kunused variable ‘[01m[Kdt[m[K’ [[01;35m[K]8;;https://gcc.gnu.org/onlinedocs/gcc/Warning-Options.html#index-Wunused-variable-Wunused-variable]8;;[m[K]
  119 |     double [01;35m[Kdt[m[K = (current_time - last_time_).seconds();
      |            [01;35m[K^~[m[K
[01m[K/home/wheeltec/agribot/agribot_ws/src/centerline_extraction/src/pure_pursuit_controller.cpp:[m[K In member function ‘[01m[Kdouble PurePursuitController::calculate_curvature(int)[m[K’:
[01m[K/home/wheeltec/agribot/agribot_ws/src/centerline_extraction/src/pure_pursuit_controller.cpp:220:34:[m[K [01;31m[Kerror: [m[K‘[01m[Kusing Point = struct geometry_msgs::msg::Point_<std::allocator<void> >[m[K’ {aka ‘[01m[Kstruct geometry_msgs::msg::Point_<std::allocator<void> >[m[K’} has no member named ‘[01m[Kpoint[m[K’; did you mean ‘[01m[KPoint_[m[K’?
  220 |     double dx = lookahead_point_.[01;31m[Kpoint[m[K.x - robot_x_;
      |                                  [01;31m[K^~~~~[m[K
      |                                  [32m[KPoint_[m[K
[01m[K/home/wheeltec/agribot/agribot_ws/src/centerline_extraction/src/pure_pursuit_controller.cpp:221:34:[m[K [01;31m[Kerror: [m[K‘[01m[Kusing Point = struct geometry_msgs::msg::Point_<std::allocator<void> >[m[K’ {aka ‘[01m[Kstruct geometry_msgs::msg::Point_<std::allocator<void> >[m[K’} has no member named ‘[01m[Kpoint[m[K’; did you mean ‘[01m[KPoint_[m[K’?
  221 |     double dy = lookahead_point_.[01;31m[Kpoint[m[K.y - robot_y_;
      |                                  [01;31m[K^~~~~[m[K
      |                                  [32m[KPoint_[m[K
[01m[K/home/wheeltec/agribot/agribot_ws/src/centerline_extraction/src/pure_pursuit_controller.cpp:[m[K In member function ‘[01m[Kgeometry_msgs::msg::Twist PurePursuitController::calculate_control_command()[m[K’:
[01m[K/home/wheeltec/agribot/agribot_ws/src/centerline_extraction/src/pure_pursuit_controller.cpp:253:54:[m[K [01;31m[Kerror: [m[K‘[01m[Kusing Point = struct geometry_msgs::msg::Point_<std::allocator<void> >[m[K’ {aka ‘[01m[Kstruct geometry_msgs::msg::Point_<std::allocator<void> >[m[K’} has no member named ‘[01m[Kpoint[m[K’; did you mean ‘[01m[KPoint_[m[K’?
  253 |     double lateral_error = std::abs(lookahead_point_.[01;31m[Kpoint[m[K.y - robot_y_);
      |                                                      [01;31m[K^~~~~[m[K
      |                                                      [32m[KPoint_[m[K
gmake[2]: *** [CMakeFiles/pure_pursuit_controller.dir/build.make:76：CMakeFiles/pure_pursuit_controller.dir/src/pure_pursuit_controller.cpp.o] 错误 1
gmake[1]: *** [CMakeFiles/Makefile2:167：CMakeFiles/pure_pursuit_controller.dir/all] 错误 2
gmake: *** [Makefile:146：all] 错误 2
