[0.068s] Invoking command in '/home/wheeltec/agribot/agribot_ws/build/centerline_extraction': CMAKE_PREFIX_PATH=${CMAKE_PREFIX_PATH}:/home/wheeltec/wheeltec_ros2/install/simple_follower_ros2:/home/wheeltec/wheeltec_ros2/install/wheeltec_robot_keyboard:/home/wheeltec/wheeltec_ros2/install/wheeltec_dual_rtk_driver:/home/wheeltec/wheeltec_ros2/install/ultralytics_ros2:/home/wheeltec/wheeltec_ros2/install/tf2_tools:/home/wheeltec/wheeltec_ros2/install/ollama_ros_chat:/home/wheeltec/wheeltec_ros2/install/nmea_navsat_driver:/home/wheeltec/wheeltec_ros2/install/nav2_waypoint_cycle:/home/wheeltec/wheeltec_ros2/install/nav2_simple_commander:/home/wheeltec/wheeltec_ros2/install/auto_recharge_ros2:/opt/ros/humble /usr/bin/cmake --build /home/wheeltec/agribot/agribot_ws/build/centerline_extraction -- -j8 -l8
[0.159s] [35m[1mConsolidate compiler generated dependencies of target cornfield_navigation_node[0m
[0.213s] [ 40%] Built target corn_row_detector_projection
[0.214s] [ 60%] [32mBuilding CXX object CMakeFiles/cornfield_navigation_node.dir/src/pid_controller.cpp.o[0m
[29.475s] [ 80%] [32m[1mLinking CXX executable cornfield_navigation_node[0m
[32.562s] [100%] Built target cornfield_navigation_node
[32.589s] Invoked command in '/home/wheeltec/agribot/agribot_ws/build/centerline_extraction' returned '0': CMAKE_PREFIX_PATH=${CMAKE_PREFIX_PATH}:/home/wheeltec/wheeltec_ros2/install/simple_follower_ros2:/home/wheeltec/wheeltec_ros2/install/wheeltec_robot_keyboard:/home/wheeltec/wheeltec_ros2/install/wheeltec_dual_rtk_driver:/home/wheeltec/wheeltec_ros2/install/ultralytics_ros2:/home/wheeltec/wheeltec_ros2/install/tf2_tools:/home/wheeltec/wheeltec_ros2/install/ollama_ros_chat:/home/wheeltec/wheeltec_ros2/install/nmea_navsat_driver:/home/wheeltec/wheeltec_ros2/install/nav2_waypoint_cycle:/home/wheeltec/wheeltec_ros2/install/nav2_simple_commander:/home/wheeltec/wheeltec_ros2/install/auto_recharge_ros2:/opt/ros/humble /usr/bin/cmake --build /home/wheeltec/agribot/agribot_ws/build/centerline_extraction -- -j8 -l8
[32.594s] Invoking command in '/home/wheeltec/agribot/agribot_ws/build/centerline_extraction': CMAKE_PREFIX_PATH=${CMAKE_PREFIX_PATH}:/home/wheeltec/wheeltec_ros2/install/simple_follower_ros2:/home/wheeltec/wheeltec_ros2/install/wheeltec_robot_keyboard:/home/wheeltec/wheeltec_ros2/install/wheeltec_dual_rtk_driver:/home/wheeltec/wheeltec_ros2/install/ultralytics_ros2:/home/wheeltec/wheeltec_ros2/install/tf2_tools:/home/wheeltec/wheeltec_ros2/install/ollama_ros_chat:/home/wheeltec/wheeltec_ros2/install/nmea_navsat_driver:/home/wheeltec/wheeltec_ros2/install/nav2_waypoint_cycle:/home/wheeltec/wheeltec_ros2/install/nav2_simple_commander:/home/wheeltec/wheeltec_ros2/install/auto_recharge_ros2:/opt/ros/humble /usr/bin/cmake --install /home/wheeltec/agribot/agribot_ws/build/centerline_extraction
[32.609s] -- Install configuration: ""
[32.609s] -- Installing: /home/wheeltec/agribot/agribot_ws/install/centerline_extraction/lib/centerline_extraction/cornfield_navigation_node
[32.623s] -- Set runtime path of "/home/wheeltec/agribot/agribot_ws/install/centerline_extraction/lib/centerline_extraction/cornfield_navigation_node" to ""
[32.624s] -- Up-to-date: /home/wheeltec/agribot/agribot_ws/install/centerline_extraction/lib/centerline_extraction/corn_row_detector_projection
[32.624s] -- Up-to-date: /home/wheeltec/agribot/agribot_ws/install/centerline_extraction/include//include
[32.624s] -- Up-to-date: /home/wheeltec/agribot/agribot_ws/install/centerline_extraction/include//include/centerline_extraction
[32.624s] -- Up-to-date: /home/wheeltec/agribot/agribot_ws/install/centerline_extraction/include//include/centerline_extraction/corn_row_detector_projection.hpp
[32.625s] -- Installing: /home/wheeltec/agribot/agribot_ws/install/centerline_extraction/include//include/centerline_extraction/pid_controller.hpp
[32.625s] -- Up-to-date: /home/wheeltec/agribot/agribot_ws/install/centerline_extraction/share/ament_index/resource_index/package_run_dependencies/centerline_extraction
[32.625s] -- Up-to-date: /home/wheeltec/agribot/agribot_ws/install/centerline_extraction/share/ament_index/resource_index/parent_prefix_path/centerline_extraction
[32.625s] -- Up-to-date: /home/wheeltec/agribot/agribot_ws/install/centerline_extraction/share/centerline_extraction/environment/ament_prefix_path.sh
[32.626s] -- Up-to-date: /home/wheeltec/agribot/agribot_ws/install/centerline_extraction/share/centerline_extraction/environment/ament_prefix_path.dsv
[32.626s] -- Up-to-date: /home/wheeltec/agribot/agribot_ws/install/centerline_extraction/share/centerline_extraction/environment/path.sh
[32.626s] -- Up-to-date: /home/wheeltec/agribot/agribot_ws/install/centerline_extraction/share/centerline_extraction/environment/path.dsv
[32.626s] -- Up-to-date: /home/wheeltec/agribot/agribot_ws/install/centerline_extraction/share/centerline_extraction/local_setup.bash
[32.626s] -- Up-to-date: /home/wheeltec/agribot/agribot_ws/install/centerline_extraction/share/centerline_extraction/local_setup.sh
[32.626s] -- Up-to-date: /home/wheeltec/agribot/agribot_ws/install/centerline_extraction/share/centerline_extraction/local_setup.zsh
[32.626s] -- Up-to-date: /home/wheeltec/agribot/agribot_ws/install/centerline_extraction/share/centerline_extraction/local_setup.dsv
[32.627s] -- Installing: /home/wheeltec/agribot/agribot_ws/install/centerline_extraction/share/centerline_extraction/package.dsv
[32.627s] -- Up-to-date: /home/wheeltec/agribot/agribot_ws/install/centerline_extraction/share/ament_index/resource_index/packages/centerline_extraction
[32.627s] -- Up-to-date: /home/wheeltec/agribot/agribot_ws/install/centerline_extraction/share/centerline_extraction/cmake/centerline_extractionConfig.cmake
[32.627s] -- Up-to-date: /home/wheeltec/agribot/agribot_ws/install/centerline_extraction/share/centerline_extraction/cmake/centerline_extractionConfig-version.cmake
[32.627s] -- Up-to-date: /home/wheeltec/agribot/agribot_ws/install/centerline_extraction/share/centerline_extraction/package.xml
[32.632s] Invoked command in '/home/wheeltec/agribot/agribot_ws/build/centerline_extraction' returned '0': CMAKE_PREFIX_PATH=${CMAKE_PREFIX_PATH}:/home/wheeltec/wheeltec_ros2/install/simple_follower_ros2:/home/wheeltec/wheeltec_ros2/install/wheeltec_robot_keyboard:/home/wheeltec/wheeltec_ros2/install/wheeltec_dual_rtk_driver:/home/wheeltec/wheeltec_ros2/install/ultralytics_ros2:/home/wheeltec/wheeltec_ros2/install/tf2_tools:/home/wheeltec/wheeltec_ros2/install/ollama_ros_chat:/home/wheeltec/wheeltec_ros2/install/nmea_navsat_driver:/home/wheeltec/wheeltec_ros2/install/nav2_waypoint_cycle:/home/wheeltec/wheeltec_ros2/install/nav2_simple_commander:/home/wheeltec/wheeltec_ros2/install/auto_recharge_ros2:/opt/ros/humble /usr/bin/cmake --install /home/wheeltec/agribot/agribot_ws/build/centerline_extraction
