[0.094s] Invoking command in '/home/wheeltec/agribot/agribot_ws/build/yesense_interface': CMAKE_PREFIX_PATH=${CMAKE_PREFIX_PATH}:/home/wheeltec/wheeltec_ros2/install/simple_follower_ros2:/home/wheeltec/wheeltec_ros2/install/wheeltec_robot_keyboard:/home/wheeltec/wheeltec_ros2/install/wheeltec_dual_rtk_driver:/home/wheeltec/wheeltec_ros2/install/ultralytics_ros2:/home/wheeltec/wheeltec_ros2/install/tf2_tools:/home/wheeltec/wheeltec_ros2/install/ollama_ros_chat:/home/wheeltec/wheeltec_ros2/install/nmea_navsat_driver:/home/wheeltec/wheeltec_ros2/install/nav2_waypoint_cycle:/home/wheeltec/wheeltec_ros2/install/nav2_simple_commander:/home/wheeltec/wheeltec_ros2/install/auto_recharge_ros2:/opt/ros/humble /usr/bin/cmake --build /home/wheeltec/agribot/agribot_ws/build/yesense_interface -- -j8 -l8
[0.225s] [  0%] Built target yesense_interface__cpp
[0.241s] [  1%] Built target yesense_interface__rs
[0.309s] [ 13%] Built target yesense_interface__rosidl_generator_c
[0.416s] [ 26%] Built target yesense_interface__rosidl_typesupport_fastrtps_cpp
[0.416s] [ 37%] Built target yesense_interface__rosidl_typesupport_cpp
[0.416s] [ 37%] Built target ament_cmake_python_copy_yesense_interface
[0.450s] [ 49%] Built target yesense_interface__rosidl_typesupport_introspection_c
[0.452s] [ 61%] Built target yesense_interface__rosidl_typesupport_introspection_cpp
[0.474s] [ 73%] Built target yesense_interface__rosidl_typesupport_fastrtps_c
[0.475s] [ 85%] Built target yesense_interface__rosidl_typesupport_c
[0.508s] [ 85%] Built target yesense_interface
[0.552s] [ 86%] Built target yesense_interface__py
[0.612s] [ 97%] Built target yesense_interface__rosidl_generator_py
[0.667s] [ 98%] Built target yesense_interface__rosidl_typesupport_c__pyext
[0.673s] [ 99%] Built target yesense_interface__rosidl_typesupport_fastrtps_c__pyext
[0.680s] [100%] Built target yesense_interface__rosidl_typesupport_introspection_c__pyext
[1.128s] running egg_info
[1.130s] writing yesense_interface.egg-info/PKG-INFO
[1.131s] writing dependency_links to yesense_interface.egg-info/dependency_links.txt
[1.131s] writing top-level names to yesense_interface.egg-info/top_level.txt
[1.145s] reading manifest file 'yesense_interface.egg-info/SOURCES.txt'
[1.147s] writing manifest file 'yesense_interface.egg-info/SOURCES.txt'
[1.229s] [100%] Built target ament_cmake_python_build_yesense_interface_egg
[1.256s] Invoked command in '/home/wheeltec/agribot/agribot_ws/build/yesense_interface' returned '0': CMAKE_PREFIX_PATH=${CMAKE_PREFIX_PATH}:/home/wheeltec/wheeltec_ros2/install/simple_follower_ros2:/home/wheeltec/wheeltec_ros2/install/wheeltec_robot_keyboard:/home/wheeltec/wheeltec_ros2/install/wheeltec_dual_rtk_driver:/home/wheeltec/wheeltec_ros2/install/ultralytics_ros2:/home/wheeltec/wheeltec_ros2/install/tf2_tools:/home/wheeltec/wheeltec_ros2/install/ollama_ros_chat:/home/wheeltec/wheeltec_ros2/install/nmea_navsat_driver:/home/wheeltec/wheeltec_ros2/install/nav2_waypoint_cycle:/home/wheeltec/wheeltec_ros2/install/nav2_simple_commander:/home/wheeltec/wheeltec_ros2/install/auto_recharge_ros2:/opt/ros/humble /usr/bin/cmake --build /home/wheeltec/agribot/agribot_ws/build/yesense_interface -- -j8 -l8
[1.260s] Invoking command in '/home/wheeltec/agribot/agribot_ws/build/yesense_interface': CMAKE_PREFIX_PATH=${CMAKE_PREFIX_PATH}:/home/wheeltec/wheeltec_ros2/install/simple_follower_ros2:/home/wheeltec/wheeltec_ros2/install/wheeltec_robot_keyboard:/home/wheeltec/wheeltec_ros2/install/wheeltec_dual_rtk_driver:/home/wheeltec/wheeltec_ros2/install/ultralytics_ros2:/home/wheeltec/wheeltec_ros2/install/tf2_tools:/home/wheeltec/wheeltec_ros2/install/ollama_ros_chat:/home/wheeltec/wheeltec_ros2/install/nmea_navsat_driver:/home/wheeltec/wheeltec_ros2/install/nav2_waypoint_cycle:/home/wheeltec/wheeltec_ros2/install/nav2_simple_commander:/home/wheeltec/wheeltec_ros2/install/auto_recharge_ros2:/opt/ros/humble /usr/bin/cmake --install /home/wheeltec/agribot/agribot_ws/build/yesense_interface
[1.282s] -- Install configuration: ""
[1.283s] -- Up-to-date: /home/wheeltec/agribot/agribot_ws/install/yesense_interface/share/ament_index/resource_index/rosidl_interfaces/yesense_interface
[1.285s] -- Up-to-date: /home/wheeltec/agribot/agribot_ws/install/yesense_interface/include/yesense_interface/yesense_interface
[1.285s] -- Up-to-date: /home/wheeltec/agribot/agribot_ws/install/yesense_interface/include/yesense_interface/yesense_interface/msg
[1.285s] -- Up-to-date: /home/wheeltec/agribot/agribot_ws/install/yesense_interface/include/yesense_interface/yesense_interface/msg/quat.h
[1.285s] -- Up-to-date: /home/wheeltec/agribot/agribot_ws/install/yesense_interface/include/yesense_interface/yesense_interface/msg/nav_all.h
[1.286s] -- Up-to-date: /home/wheeltec/agribot/agribot_ws/install/yesense_interface/include/yesense_interface/yesense_interface/msg/imu_data.h
[1.286s] -- Up-to-date: /home/wheeltec/agribot/agribot_ws/install/yesense_interface/include/yesense_interface/yesense_interface/msg/attitude_min_ahrs.h
[1.286s] -- Up-to-date: /home/wheeltec/agribot/agribot_ws/install/yesense_interface/include/yesense_interface/yesense_interface/msg/nav_status.h
[1.286s] -- Up-to-date: /home/wheeltec/agribot/agribot_ws/install/yesense_interface/include/yesense_interface/yesense_interface/msg/vel.h
[1.287s] -- Up-to-date: /home/wheeltec/agribot/agribot_ws/install/yesense_interface/include/yesense_interface/yesense_interface/msg/three_axis.h
[1.287s] -- Up-to-date: /home/wheeltec/agribot/agribot_ws/install/yesense_interface/include/yesense_interface/yesense_interface/msg/euler_angle.h
[1.287s] -- Up-to-date: /home/wheeltec/agribot/agribot_ws/install/yesense_interface/include/yesense_interface/yesense_interface/msg/utc.h
[1.287s] -- Up-to-date: /home/wheeltec/agribot/agribot_ws/install/yesense_interface/include/yesense_interface/yesense_interface/msg/euler_only.h
[1.288s] -- Up-to-date: /home/wheeltec/agribot/agribot_ws/install/yesense_interface/include/yesense_interface/yesense_interface/msg/pressure.h
[1.288s] -- Up-to-date: /home/wheeltec/agribot/agribot_ws/install/yesense_interface/include/yesense_interface/yesense_interface/msg/attitude_min_vru.h
[1.288s] -- Up-to-date: /home/wheeltec/agribot/agribot_ws/install/yesense_interface/include/yesense_interface/yesense_interface/msg/sensor_temp.h
[1.288s] -- Up-to-date: /home/wheeltec/agribot/agribot_ws/install/yesense_interface/include/yesense_interface/yesense_interface/msg/rosidl_generator_c__visibility_control.h
[1.288s] -- Up-to-date: /home/wheeltec/agribot/agribot_ws/install/yesense_interface/include/yesense_interface/yesense_interface/msg/nav_min_utc.h
[1.288s] -- Up-to-date: /home/wheeltec/agribot/agribot_ws/install/yesense_interface/include/yesense_interface/yesense_interface/msg/attitude_all_data.h
[1.288s] -- Up-to-date: /home/wheeltec/agribot/agribot_ws/install/yesense_interface/include/yesense_interface/yesense_interface/msg/detail
[1.289s] -- Up-to-date: /home/wheeltec/agribot/agribot_ws/install/yesense_interface/include/yesense_interface/yesense_interface/msg/detail/imu_data__functions.h
[1.289s] -- Up-to-date: /home/wheeltec/agribot/agribot_ws/install/yesense_interface/include/yesense_interface/yesense_interface/msg/detail/attitude_min_ahrs__functions.c
[1.289s] -- Up-to-date: /home/wheeltec/agribot/agribot_ws/install/yesense_interface/include/yesense_interface/yesense_interface/msg/detail/vel__functions.c
[1.289s] -- Up-to-date: /home/wheeltec/agribot/agribot_ws/install/yesense_interface/include/yesense_interface/yesense_interface/msg/detail/attitude_min_vru__type_support.h
[1.289s] -- Up-to-date: /home/wheeltec/agribot/agribot_ws/install/yesense_interface/include/yesense_interface/yesense_interface/msg/detail/nav_min__struct.h
[1.289s] -- Up-to-date: /home/wheeltec/agribot/agribot_ws/install/yesense_interface/include/yesense_interface/yesense_interface/msg/detail/imu_data__functions.c
[1.289s] -- Up-to-date: /home/wheeltec/agribot/agribot_ws/install/yesense_interface/include/yesense_interface/yesense_interface/msg/detail/pos_only__functions.c
[1.290s] -- Up-to-date: /home/wheeltec/agribot/agribot_ws/install/yesense_interface/include/yesense_interface/yesense_interface/msg/detail/three_axis__functions.c
[1.290s] -- Up-to-date: /home/wheeltec/agribot/agribot_ws/install/yesense_interface/include/yesense_interface/yesense_interface/msg/detail/sensor_temp__type_support.h
[1.290s] -- Up-to-date: /home/wheeltec/agribot/agribot_ws/install/yesense_interface/include/yesense_interface/yesense_interface/msg/detail/euler_angle__struct.h
[1.290s] -- Up-to-date: /home/wheeltec/agribot/agribot_ws/install/yesense_interface/include/yesense_interface/yesense_interface/msg/detail/nav_status__type_support.h
[1.290s] -- Up-to-date: /home/wheeltec/agribot/agribot_ws/install/yesense_interface/include/yesense_interface/yesense_interface/msg/detail/tid__functions.c
[1.290s] -- Up-to-date: /home/wheeltec/agribot/agribot_ws/install/yesense_interface/include/yesense_interface/yesense_interface/msg/detail/utc__functions.h
[1.290s] -- Up-to-date: /home/wheeltec/agribot/agribot_ws/install/yesense_interface/include/yesense_interface/yesense_interface/msg/detail/attitude_all_data__struct.h
[1.291s] -- Up-to-date: /home/wheeltec/agribot/agribot_ws/install/yesense_interface/include/yesense_interface/yesense_interface/msg/detail/imu_data_ten_axis__functions.h
[1.301s] -- Up-to-date: /home/wheeltec/agribot/agribot_ws/install/yesense_interface/include/yesense_interface/yesense_interface/msg/detail/pressure__functions.c
[1.302s] -- Up-to-date: /home/wheeltec/agribot/agribot_ws/install/yesense_interface/include/yesense_interface/yesense_interface/msg/detail/vel__struct.h
[1.302s] -- Up-to-date: /home/wheeltec/agribot/agribot_ws/install/yesense_interface/include/yesense_interface/yesense_interface/msg/detail/tid__struct.h
[1.302s] -- Up-to-date: /home/wheeltec/agribot/agribot_ws/install/yesense_interface/include/yesense_interface/yesense_interface/msg/detail/euler_only__functions.h
[1.303s] -- Up-to-date: /home/wheeltec/agribot/agribot_ws/install/yesense_interface/include/yesense_interface/yesense_interface/msg/detail/tid__functions.h
[1.303s] -- Up-to-date: /home/wheeltec/agribot/agribot_ws/install/yesense_interface/include/yesense_interface/yesense_interface/msg/detail/imu_data__type_support.h
[1.303s] -- Up-to-date: /home/wheeltec/agribot/agribot_ws/install/yesense_interface/include/yesense_interface/yesense_interface/msg/detail/imu_data__struct.h
[1.306s] -- Up-to-date: /home/wheeltec/agribot/agribot_ws/install/yesense_interface/include/yesense_interface/yesense_interface/msg/detail/euler_angle__functions.c
[1.308s] -- Up-to-date: /home/wheeltec/agribot/agribot_ws/install/yesense_interface/include/yesense_interface/yesense_interface/msg/detail/nav_min__type_support.h
[1.310s] -- Up-to-date: /home/wheeltec/agribot/agribot_ws/install/yesense_interface/include/yesense_interface/yesense_interface/msg/detail/robot_lord__functions.h
[1.310s] -- Up-to-date: /home/wheeltec/agribot/agribot_ws/install/yesense_interface/include/yesense_interface/yesense_interface/msg/detail/attitude_min_vru__functions.c
[1.310s] -- Up-to-date: /home/wheeltec/agribot/agribot_ws/install/yesense_interface/include/yesense_interface/yesense_interface/msg/detail/attitude_all_data__functions.c
[1.311s] -- Up-to-date: /home/wheeltec/agribot/agribot_ws/install/yesense_interface/include/yesense_interface/yesense_interface/msg/detail/euler_only__functions.c
[1.312s] -- Up-to-date: /home/wheeltec/agribot/agribot_ws/install/yesense_interface/include/yesense_interface/yesense_interface/msg/detail/attitude_min_vru__functions.h
[1.312s] -- Up-to-date: /home/wheeltec/agribot/agribot_ws/install/yesense_interface/include/yesense_interface/yesense_interface/msg/detail/pos_only__type_support.h
[1.313s] -- Up-to-date: /home/wheeltec/agribot/agribot_ws/install/yesense_interface/include/yesense_interface/yesense_interface/msg/detail/nav_status__struct.h
[1.323s] -- Up-to-date: /home/wheeltec/agribot/agribot_ws/install/yesense_interface/include/yesense_interface/yesense_interface/msg/detail/euler_angle__functions.h
[1.323s] -- Up-to-date: /home/wheeltec/agribot/agribot_ws/install/yesense_interface/include/yesense_interface/yesense_interface/msg/detail/imu_data_ten_axis__struct.h
[1.323s] -- Up-to-date: /home/wheeltec/agribot/agribot_ws/install/yesense_interface/include/yesense_interface/yesense_interface/msg/detail/euler_only__struct.h
[1.323s] -- Up-to-date: /home/wheeltec/agribot/agribot_ws/install/yesense_interface/include/yesense_interface/yesense_interface/msg/detail/three_axis__type_support.h
[1.324s] -- Up-to-date: /home/wheeltec/agribot/agribot_ws/install/yesense_interface/include/yesense_interface/yesense_interface/msg/detail/pressure__type_support.h
[1.324s] -- Up-to-date: /home/wheeltec/agribot/agribot_ws/install/yesense_interface/include/yesense_interface/yesense_interface/msg/detail/nav_min_utc__type_support.h
[1.324s] -- Up-to-date: /home/wheeltec/agribot/agribot_ws/install/yesense_interface/include/yesense_interface/yesense_interface/msg/detail/attitude_min_ahrs__type_support.h
[1.324s] -- Up-to-date: /home/wheeltec/agribot/agribot_ws/install/yesense_interface/include/yesense_interface/yesense_interface/msg/detail/tid__type_support.h
[1.324s] -- Up-to-date: /home/wheeltec/agribot/agribot_ws/install/yesense_interface/include/yesense_interface/yesense_interface/msg/detail/utc__functions.c
[1.324s] -- Up-to-date: /home/wheeltec/agribot/agribot_ws/install/yesense_interface/include/yesense_interface/yesense_interface/msg/detail/quat__type_support.h
[1.325s] -- Up-to-date: /home/wheeltec/agribot/agribot_ws/install/yesense_interface/include/yesense_interface/yesense_interface/msg/detail/nav_all__struct.h
[1.325s] -- Up-to-date: /home/wheeltec/agribot/agribot_ws/install/yesense_interface/include/yesense_interface/yesense_interface/msg/detail/pos_only__struct.h
[1.325s] -- Up-to-date: /home/wheeltec/agribot/agribot_ws/install/yesense_interface/include/yesense_interface/yesense_interface/msg/detail/utc__struct.h
[1.325s] -- Up-to-date: /home/wheeltec/agribot/agribot_ws/install/yesense_interface/include/yesense_interface/yesense_interface/msg/detail/imu_data_ten_axis__type_support.h
[1.325s] -- Up-to-date: /home/wheeltec/agribot/agribot_ws/install/yesense_interface/include/yesense_interface/yesense_interface/msg/detail/sensor_temp__functions.h
[1.325s] -- Up-to-date: /home/wheeltec/agribot/agribot_ws/install/yesense_interface/include/yesense_interface/yesense_interface/msg/detail/sensor_temp__struct.h
[1.325s] -- Up-to-date: /home/wheeltec/agribot/agribot_ws/install/yesense_interface/include/yesense_interface/yesense_interface/msg/detail/nav_min_utc__functions.c
[1.326s] -- Up-to-date: /home/wheeltec/agribot/agribot_ws/install/yesense_interface/include/yesense_interface/yesense_interface/msg/detail/sensor_temp__functions.c
[1.326s] -- Up-to-date: /home/wheeltec/agribot/agribot_ws/install/yesense_interface/include/yesense_interface/yesense_interface/msg/detail/euler_only__type_support.h
[1.326s] -- Up-to-date: /home/wheeltec/agribot/agribot_ws/install/yesense_interface/include/yesense_interface/yesense_interface/msg/detail/quat__functions.c
[1.326s] -- Up-to-date: /home/wheeltec/agribot/agribot_ws/install/yesense_interface/include/yesense_interface/yesense_interface/msg/detail/nav_status__functions.h
[1.326s] -- Up-to-date: /home/wheeltec/agribot/agribot_ws/install/yesense_interface/include/yesense_interface/yesense_interface/msg/detail/attitude_all_data__functions.h
[1.326s] -- Up-to-date: /home/wheeltec/agribot/agribot_ws/install/yesense_interface/include/yesense_interface/yesense_interface/msg/detail/nav_min__functions.h
[1.326s] -- Up-to-date: /home/wheeltec/agribot/agribot_ws/install/yesense_interface/include/yesense_interface/yesense_interface/msg/detail/nav_all__functions.h
[1.327s] -- Up-to-date: /home/wheeltec/agribot/agribot_ws/install/yesense_interface/include/yesense_interface/yesense_interface/msg/detail/pos_only__functions.h
[1.327s] -- Up-to-date: /home/wheeltec/agribot/agribot_ws/install/yesense_interface/include/yesense_interface/yesense_interface/msg/detail/attitude_all_data__type_support.h
[1.327s] -- Up-to-date: /home/wheeltec/agribot/agribot_ws/install/yesense_interface/include/yesense_interface/yesense_interface/msg/detail/attitude_min_ahrs__functions.h
[1.327s] -- Up-to-date: /home/wheeltec/agribot/agribot_ws/install/yesense_interface/include/yesense_interface/yesense_interface/msg/detail/quat__struct.h
[1.327s] -- Up-to-date: /home/wheeltec/agribot/agribot_ws/install/yesense_interface/include/yesense_interface/yesense_interface/msg/detail/gnss_pos__struct.h
[1.327s] -- Up-to-date: /home/wheeltec/agribot/agribot_ws/install/yesense_interface/include/yesense_interface/yesense_interface/msg/detail/robot_lord__type_support.h
[1.328s] -- Up-to-date: /home/wheeltec/agribot/agribot_ws/install/yesense_interface/include/yesense_interface/yesense_interface/msg/detail/robot_lord__struct.h
[1.328s] -- Up-to-date: /home/wheeltec/agribot/agribot_ws/install/yesense_interface/include/yesense_interface/yesense_interface/msg/detail/utc__type_support.h
[1.328s] -- Up-to-date: /home/wheeltec/agribot/agribot_ws/install/yesense_interface/include/yesense_interface/yesense_interface/msg/detail/sample_timestamp__functions.h
[1.328s] -- Up-to-date: /home/wheeltec/agribot/agribot_ws/install/yesense_interface/include/yesense_interface/yesense_interface/msg/detail/three_axis__functions.h
[1.328s] -- Up-to-date: /home/wheeltec/agribot/agribot_ws/install/yesense_interface/include/yesense_interface/yesense_interface/msg/detail/gnss_pos__functions.c
[1.328s] -- Up-to-date: /home/wheeltec/agribot/agribot_ws/install/yesense_interface/include/yesense_interface/yesense_interface/msg/detail/nav_all__type_support.h
[1.328s] -- Up-to-date: /home/wheeltec/agribot/agribot_ws/install/yesense_interface/include/yesense_interface/yesense_interface/msg/detail/pressure__struct.h
[1.329s] -- Up-to-date: /home/wheeltec/agribot/agribot_ws/install/yesense_interface/include/yesense_interface/yesense_interface/msg/detail/vel__functions.h
[1.329s] -- Up-to-date: /home/wheeltec/agribot/agribot_ws/install/yesense_interface/include/yesense_interface/yesense_interface/msg/detail/nav_status__functions.c
[1.329s] -- Up-to-date: /home/wheeltec/agribot/agribot_ws/install/yesense_interface/include/yesense_interface/yesense_interface/msg/detail/robot_lord__functions.c
[1.329s] -- Up-to-date: /home/wheeltec/agribot/agribot_ws/install/yesense_interface/include/yesense_interface/yesense_interface/msg/detail/attitude_min_vru__struct.h
[1.329s] -- Up-to-date: /home/wheeltec/agribot/agribot_ws/install/yesense_interface/include/yesense_interface/yesense_interface/msg/detail/three_axis__struct.h
[1.329s] -- Up-to-date: /home/wheeltec/agribot/agribot_ws/install/yesense_interface/include/yesense_interface/yesense_interface/msg/detail/gnss_pos__functions.h
[1.329s] -- Up-to-date: /home/wheeltec/agribot/agribot_ws/install/yesense_interface/include/yesense_interface/yesense_interface/msg/detail/nav_all__functions.c
[1.330s] -- Up-to-date: /home/wheeltec/agribot/agribot_ws/install/yesense_interface/include/yesense_interface/yesense_interface/msg/detail/nav_min__functions.c
[1.330s] -- Up-to-date: /home/wheeltec/agribot/agribot_ws/install/yesense_interface/include/yesense_interface/yesense_interface/msg/detail/vel__type_support.h
[1.330s] -- Up-to-date: /home/wheeltec/agribot/agribot_ws/install/yesense_interface/include/yesense_interface/yesense_interface/msg/detail/nav_min_utc__struct.h
[1.330s] -- Up-to-date: /home/wheeltec/agribot/agribot_ws/install/yesense_interface/include/yesense_interface/yesense_interface/msg/detail/gnss_pos__type_support.h
[1.330s] -- Up-to-date: /home/wheeltec/agribot/agribot_ws/install/yesense_interface/include/yesense_interface/yesense_interface/msg/detail/nav_min_utc__functions.h
[1.330s] -- Up-to-date: /home/wheeltec/agribot/agribot_ws/install/yesense_interface/include/yesense_interface/yesense_interface/msg/detail/imu_data_ten_axis__functions.c
[1.347s] -- Up-to-date: /home/wheeltec/agribot/agribot_ws/install/yesense_interface/include/yesense_interface/yesense_interface/msg/detail/euler_angle__type_support.h
[1.347s] -- Up-to-date: /home/wheeltec/agribot/agribot_ws/install/yesense_interface/include/yesense_interface/yesense_interface/msg/detail/sample_timestamp__struct.h
[1.347s] -- Up-to-date: /home/wheeltec/agribot/agribot_ws/install/yesense_interface/include/yesense_interface/yesense_interface/msg/detail/sample_timestamp__functions.c
[1.348s] -- Up-to-date: /home/wheeltec/agribot/agribot_ws/install/yesense_interface/include/yesense_interface/yesense_interface/msg/detail/pressure__functions.h
[1.348s] -- Up-to-date: /home/wheeltec/agribot/agribot_ws/install/yesense_interface/include/yesense_interface/yesense_interface/msg/detail/quat__functions.h
[1.348s] -- Up-to-date: /home/wheeltec/agribot/agribot_ws/install/yesense_interface/include/yesense_interface/yesense_interface/msg/detail/sample_timestamp__type_support.h
[1.348s] -- Up-to-date: /home/wheeltec/agribot/agribot_ws/install/yesense_interface/include/yesense_interface/yesense_interface/msg/detail/attitude_min_ahrs__struct.h
[1.348s] -- Up-to-date: /home/wheeltec/agribot/agribot_ws/install/yesense_interface/include/yesense_interface/yesense_interface/msg/pos_only.h
[1.348s] -- Up-to-date: /home/wheeltec/agribot/agribot_ws/install/yesense_interface/include/yesense_interface/yesense_interface/msg/tid.h
[1.348s] -- Up-to-date: /home/wheeltec/agribot/agribot_ws/install/yesense_interface/include/yesense_interface/yesense_interface/msg/nav_min.h
[1.349s] -- Up-to-date: /home/wheeltec/agribot/agribot_ws/install/yesense_interface/include/yesense_interface/yesense_interface/msg/gnss_pos.h
[1.349s] -- Up-to-date: /home/wheeltec/agribot/agribot_ws/install/yesense_interface/include/yesense_interface/yesense_interface/msg/sample_timestamp.h
[1.349s] -- Up-to-date: /home/wheeltec/agribot/agribot_ws/install/yesense_interface/include/yesense_interface/yesense_interface/msg/imu_data_ten_axis.h
[1.349s] -- Up-to-date: /home/wheeltec/agribot/agribot_ws/install/yesense_interface/include/yesense_interface/yesense_interface/msg/robot_lord.h
[1.349s] -- Up-to-date: /home/wheeltec/agribot/agribot_ws/install/yesense_interface/share/yesense_interface/environment/library_path.sh
[1.349s] -- Up-to-date: /home/wheeltec/agribot/agribot_ws/install/yesense_interface/share/yesense_interface/environment/library_path.dsv
[1.349s] -- Up-to-date: /home/wheeltec/agribot/agribot_ws/install/yesense_interface/lib/libyesense_interface__rosidl_generator_c.so
[1.350s] -- Up-to-date: /home/wheeltec/agribot/agribot_ws/install/yesense_interface/include/yesense_interface/yesense_interface
[1.350s] -- Up-to-date: /home/wheeltec/agribot/agribot_ws/install/yesense_interface/include/yesense_interface/yesense_interface/msg
[1.350s] -- Up-to-date: /home/wheeltec/agribot/agribot_ws/install/yesense_interface/include/yesense_interface/yesense_interface/msg/rosidl_typesupport_fastrtps_c__visibility_control.h
[1.350s] -- Up-to-date: /home/wheeltec/agribot/agribot_ws/install/yesense_interface/include/yesense_interface/yesense_interface/msg/detail
[1.350s] -- Up-to-date: /home/wheeltec/agribot/agribot_ws/install/yesense_interface/include/yesense_interface/yesense_interface/msg/detail/attitude_min_ahrs__rosidl_typesupport_fastrtps_c.h
[1.350s] -- Up-to-date: /home/wheeltec/agribot/agribot_ws/install/yesense_interface/include/yesense_interface/yesense_interface/msg/detail/nav_min_utc__rosidl_typesupport_fastrtps_c.h
[1.350s] -- Up-to-date: /home/wheeltec/agribot/agribot_ws/install/yesense_interface/include/yesense_interface/yesense_interface/msg/detail/utc__rosidl_typesupport_fastrtps_c.h
[1.351s] -- Up-to-date: /home/wheeltec/agribot/agribot_ws/install/yesense_interface/include/yesense_interface/yesense_interface/msg/detail/euler_angle__rosidl_typesupport_fastrtps_c.h
[1.351s] -- Up-to-date: /home/wheeltec/agribot/agribot_ws/install/yesense_interface/include/yesense_interface/yesense_interface/msg/detail/pos_only__rosidl_typesupport_fastrtps_c.h
[1.351s] -- Up-to-date: /home/wheeltec/agribot/agribot_ws/install/yesense_interface/include/yesense_interface/yesense_interface/msg/detail/imu_data_ten_axis__rosidl_typesupport_fastrtps_c.h
[1.351s] -- Up-to-date: /home/wheeltec/agribot/agribot_ws/install/yesense_interface/include/yesense_interface/yesense_interface/msg/detail/sample_timestamp__rosidl_typesupport_fastrtps_c.h
[1.351s] -- Up-to-date: /home/wheeltec/agribot/agribot_ws/install/yesense_interface/include/yesense_interface/yesense_interface/msg/detail/nav_all__rosidl_typesupport_fastrtps_c.h
[1.351s] -- Up-to-date: /home/wheeltec/agribot/agribot_ws/install/yesense_interface/include/yesense_interface/yesense_interface/msg/detail/three_axis__rosidl_typesupport_fastrtps_c.h
[1.352s] -- Up-to-date: /home/wheeltec/agribot/agribot_ws/install/yesense_interface/include/yesense_interface/yesense_interface/msg/detail/robot_lord__rosidl_typesupport_fastrtps_c.h
[1.352s] -- Up-to-date: /home/wheeltec/agribot/agribot_ws/install/yesense_interface/include/yesense_interface/yesense_interface/msg/detail/imu_data__rosidl_typesupport_fastrtps_c.h
[1.352s] -- Up-to-date: /home/wheeltec/agribot/agribot_ws/install/yesense_interface/include/yesense_interface/yesense_interface/msg/detail/attitude_min_vru__rosidl_typesupport_fastrtps_c.h
[1.352s] -- Up-to-date: /home/wheeltec/agribot/agribot_ws/install/yesense_interface/include/yesense_interface/yesense_interface/msg/detail/nav_status__rosidl_typesupport_fastrtps_c.h
[1.352s] -- Up-to-date: /home/wheeltec/agribot/agribot_ws/install/yesense_interface/include/yesense_interface/yesense_interface/msg/detail/vel__rosidl_typesupport_fastrtps_c.h
[1.352s] -- Up-to-date: /home/wheeltec/agribot/agribot_ws/install/yesense_interface/include/yesense_interface/yesense_interface/msg/detail/sensor_temp__rosidl_typesupport_fastrtps_c.h
[1.352s] -- Up-to-date: /home/wheeltec/agribot/agribot_ws/install/yesense_interface/include/yesense_interface/yesense_interface/msg/detail/tid__rosidl_typesupport_fastrtps_c.h
[1.353s] -- Up-to-date: /home/wheeltec/agribot/agribot_ws/install/yesense_interface/include/yesense_interface/yesense_interface/msg/detail/quat__rosidl_typesupport_fastrtps_c.h
[1.353s] -- Up-to-date: /home/wheeltec/agribot/agribot_ws/install/yesense_interface/include/yesense_interface/yesense_interface/msg/detail/gnss_pos__rosidl_typesupport_fastrtps_c.h
[1.353s] -- Up-to-date: /home/wheeltec/agribot/agribot_ws/install/yesense_interface/include/yesense_interface/yesense_interface/msg/detail/nav_min__rosidl_typesupport_fastrtps_c.h
[1.353s] -- Up-to-date: /home/wheeltec/agribot/agribot_ws/install/yesense_interface/include/yesense_interface/yesense_interface/msg/detail/attitude_all_data__rosidl_typesupport_fastrtps_c.h
[1.353s] -- Up-to-date: /home/wheeltec/agribot/agribot_ws/install/yesense_interface/include/yesense_interface/yesense_interface/msg/detail/euler_only__rosidl_typesupport_fastrtps_c.h
[1.353s] -- Up-to-date: /home/wheeltec/agribot/agribot_ws/install/yesense_interface/include/yesense_interface/yesense_interface/msg/detail/pressure__rosidl_typesupport_fastrtps_c.h
[1.353s] -- Up-to-date: /home/wheeltec/agribot/agribot_ws/install/yesense_interface/lib/libyesense_interface__rosidl_typesupport_fastrtps_c.so
[1.354s] -- Up-to-date: /home/wheeltec/agribot/agribot_ws/install/yesense_interface/include/yesense_interface/yesense_interface
[1.354s] -- Up-to-date: /home/wheeltec/agribot/agribot_ws/install/yesense_interface/include/yesense_interface/yesense_interface/msg
[1.354s] -- Up-to-date: /home/wheeltec/agribot/agribot_ws/install/yesense_interface/include/yesense_interface/yesense_interface/msg/rosidl_typesupport_introspection_c__visibility_control.h
[1.354s] -- Up-to-date: /home/wheeltec/agribot/agribot_ws/install/yesense_interface/include/yesense_interface/yesense_interface/msg/detail
[1.354s] -- Up-to-date: /home/wheeltec/agribot/agribot_ws/install/yesense_interface/include/yesense_interface/yesense_interface/msg/detail/nav_all__rosidl_typesupport_introspection_c.h
[1.354s] -- Up-to-date: /home/wheeltec/agribot/agribot_ws/install/yesense_interface/include/yesense_interface/yesense_interface/msg/detail/pos_only__rosidl_typesupport_introspection_c.h
[1.354s] -- Up-to-date: /home/wheeltec/agribot/agribot_ws/install/yesense_interface/include/yesense_interface/yesense_interface/msg/detail/pos_only__type_support.c
[1.355s] -- Up-to-date: /home/wheeltec/agribot/agribot_ws/install/yesense_interface/include/yesense_interface/yesense_interface/msg/detail/sample_timestamp__rosidl_typesupport_introspection_c.h
[1.355s] -- Up-to-date: /home/wheeltec/agribot/agribot_ws/install/yesense_interface/include/yesense_interface/yesense_interface/msg/detail/nav_status__type_support.c
[1.355s] -- Up-to-date: /home/wheeltec/agribot/agribot_ws/install/yesense_interface/include/yesense_interface/yesense_interface/msg/detail/quat__type_support.c
[1.355s] -- Up-to-date: /home/wheeltec/agribot/agribot_ws/install/yesense_interface/include/yesense_interface/yesense_interface/msg/detail/utc__type_support.c
[1.355s] -- Up-to-date: /home/wheeltec/agribot/agribot_ws/install/yesense_interface/include/yesense_interface/yesense_interface/msg/detail/pressure__type_support.c
[1.355s] -- Up-to-date: /home/wheeltec/agribot/agribot_ws/install/yesense_interface/include/yesense_interface/yesense_interface/msg/detail/nav_min__type_support.c
[1.355s] -- Up-to-date: /home/wheeltec/agribot/agribot_ws/install/yesense_interface/include/yesense_interface/yesense_interface/msg/detail/tid__rosidl_typesupport_introspection_c.h
[1.356s] -- Up-to-date: /home/wheeltec/agribot/agribot_ws/install/yesense_interface/include/yesense_interface/yesense_interface/msg/detail/imu_data_ten_axis__rosidl_typesupport_introspection_c.h
[1.356s] -- Up-to-date: /home/wheeltec/agribot/agribot_ws/install/yesense_interface/include/yesense_interface/yesense_interface/msg/detail/sample_timestamp__type_support.c
[1.356s] -- Up-to-date: /home/wheeltec/agribot/agribot_ws/install/yesense_interface/include/yesense_interface/yesense_interface/msg/detail/attitude_all_data__rosidl_typesupport_introspection_c.h
[1.356s] -- Up-to-date: /home/wheeltec/agribot/agribot_ws/install/yesense_interface/include/yesense_interface/yesense_interface/msg/detail/attitude_all_data__type_support.c
[1.356s] -- Up-to-date: /home/wheeltec/agribot/agribot_ws/install/yesense_interface/include/yesense_interface/yesense_interface/msg/detail/gnss_pos__rosidl_typesupport_introspection_c.h
[1.356s] -- Up-to-date: /home/wheeltec/agribot/agribot_ws/install/yesense_interface/include/yesense_interface/yesense_interface/msg/detail/nav_status__rosidl_typesupport_introspection_c.h
[1.356s] -- Up-to-date: /home/wheeltec/agribot/agribot_ws/install/yesense_interface/include/yesense_interface/yesense_interface/msg/detail/imu_data_ten_axis__type_support.c
[1.357s] -- Up-to-date: /home/wheeltec/agribot/agribot_ws/install/yesense_interface/include/yesense_interface/yesense_interface/msg/detail/tid__type_support.c
[1.357s] -- Up-to-date: /home/wheeltec/agribot/agribot_ws/install/yesense_interface/include/yesense_interface/yesense_interface/msg/detail/attitude_min_ahrs__type_support.c
[1.357s] -- Up-to-date: /home/wheeltec/agribot/agribot_ws/install/yesense_interface/include/yesense_interface/yesense_interface/msg/detail/three_axis__rosidl_typesupport_introspection_c.h
[1.357s] -- Up-to-date: /home/wheeltec/agribot/agribot_ws/install/yesense_interface/include/yesense_interface/yesense_interface/msg/detail/euler_angle__rosidl_typesupport_introspection_c.h
[1.357s] -- Up-to-date: /home/wheeltec/agribot/agribot_ws/install/yesense_interface/include/yesense_interface/yesense_interface/msg/detail/vel__rosidl_typesupport_introspection_c.h
[1.357s] -- Up-to-date: /home/wheeltec/agribot/agribot_ws/install/yesense_interface/include/yesense_interface/yesense_interface/msg/detail/nav_min_utc__rosidl_typesupport_introspection_c.h
[1.357s] -- Up-to-date: /home/wheeltec/agribot/agribot_ws/install/yesense_interface/include/yesense_interface/yesense_interface/msg/detail/nav_all__type_support.c
[1.358s] -- Up-to-date: /home/wheeltec/agribot/agribot_ws/install/yesense_interface/include/yesense_interface/yesense_interface/msg/detail/nav_min_utc__type_support.c
[1.358s] -- Up-to-date: /home/wheeltec/agribot/agribot_ws/install/yesense_interface/include/yesense_interface/yesense_interface/msg/detail/nav_min__rosidl_typesupport_introspection_c.h
[1.358s] -- Up-to-date: /home/wheeltec/agribot/agribot_ws/install/yesense_interface/include/yesense_interface/yesense_interface/msg/detail/imu_data__rosidl_typesupport_introspection_c.h
[1.358s] -- Up-to-date: /home/wheeltec/agribot/agribot_ws/install/yesense_interface/include/yesense_interface/yesense_interface/msg/detail/utc__rosidl_typesupport_introspection_c.h
[1.358s] -- Up-to-date: /home/wheeltec/agribot/agribot_ws/install/yesense_interface/include/yesense_interface/yesense_interface/msg/detail/imu_data__type_support.c
[1.358s] -- Up-to-date: /home/wheeltec/agribot/agribot_ws/install/yesense_interface/include/yesense_interface/yesense_interface/msg/detail/vel__type_support.c
[1.359s] -- Up-to-date: /home/wheeltec/agribot/agribot_ws/install/yesense_interface/include/yesense_interface/yesense_interface/msg/detail/sensor_temp__type_support.c
[1.359s] -- Up-to-date: /home/wheeltec/agribot/agribot_ws/install/yesense_interface/include/yesense_interface/yesense_interface/msg/detail/attitude_min_vru__type_support.c
[1.359s] -- Up-to-date: /home/wheeltec/agribot/agribot_ws/install/yesense_interface/include/yesense_interface/yesense_interface/msg/detail/three_axis__type_support.c
[1.359s] -- Up-to-date: /home/wheeltec/agribot/agribot_ws/install/yesense_interface/include/yesense_interface/yesense_interface/msg/detail/robot_lord__rosidl_typesupport_introspection_c.h
[1.359s] -- Up-to-date: /home/wheeltec/agribot/agribot_ws/install/yesense_interface/include/yesense_interface/yesense_interface/msg/detail/robot_lord__type_support.c
[1.359s] -- Up-to-date: /home/wheeltec/agribot/agribot_ws/install/yesense_interface/include/yesense_interface/yesense_interface/msg/detail/attitude_min_ahrs__rosidl_typesupport_introspection_c.h
[1.359s] -- Up-to-date: /home/wheeltec/agribot/agribot_ws/install/yesense_interface/include/yesense_interface/yesense_interface/msg/detail/attitude_min_vru__rosidl_typesupport_introspection_c.h
[1.360s] -- Up-to-date: /home/wheeltec/agribot/agribot_ws/install/yesense_interface/include/yesense_interface/yesense_interface/msg/detail/gnss_pos__type_support.c
[1.360s] -- Up-to-date: /home/wheeltec/agribot/agribot_ws/install/yesense_interface/include/yesense_interface/yesense_interface/msg/detail/euler_only__type_support.c
[1.360s] -- Up-to-date: /home/wheeltec/agribot/agribot_ws/install/yesense_interface/include/yesense_interface/yesense_interface/msg/detail/sensor_temp__rosidl_typesupport_introspection_c.h
[1.360s] -- Up-to-date: /home/wheeltec/agribot/agribot_ws/install/yesense_interface/include/yesense_interface/yesense_interface/msg/detail/euler_angle__type_support.c
[1.360s] -- Up-to-date: /home/wheeltec/agribot/agribot_ws/install/yesense_interface/include/yesense_interface/yesense_interface/msg/detail/euler_only__rosidl_typesupport_introspection_c.h
[1.360s] -- Up-to-date: /home/wheeltec/agribot/agribot_ws/install/yesense_interface/include/yesense_interface/yesense_interface/msg/detail/pressure__rosidl_typesupport_introspection_c.h
[1.360s] -- Up-to-date: /home/wheeltec/agribot/agribot_ws/install/yesense_interface/include/yesense_interface/yesense_interface/msg/detail/quat__rosidl_typesupport_introspection_c.h
[1.361s] -- Up-to-date: /home/wheeltec/agribot/agribot_ws/install/yesense_interface/lib/libyesense_interface__rosidl_typesupport_introspection_c.so
[1.361s] -- Up-to-date: /home/wheeltec/agribot/agribot_ws/install/yesense_interface/lib/libyesense_interface__rosidl_typesupport_c.so
[1.361s] -- Up-to-date: /home/wheeltec/agribot/agribot_ws/install/yesense_interface/include/yesense_interface/yesense_interface
[1.361s] -- Up-to-date: /home/wheeltec/agribot/agribot_ws/install/yesense_interface/include/yesense_interface/yesense_interface/msg
[1.361s] -- Up-to-date: /home/wheeltec/agribot/agribot_ws/install/yesense_interface/include/yesense_interface/yesense_interface/msg/imu_data.hpp
[1.361s] -- Up-to-date: /home/wheeltec/agribot/agribot_ws/install/yesense_interface/include/yesense_interface/yesense_interface/msg/utc.hpp
[1.361s] -- Up-to-date: /home/wheeltec/agribot/agribot_ws/install/yesense_interface/include/yesense_interface/yesense_interface/msg/gnss_pos.hpp
[1.362s] -- Up-to-date: /home/wheeltec/agribot/agribot_ws/install/yesense_interface/include/yesense_interface/yesense_interface/msg/attitude_min_vru.hpp
[1.362s] -- Up-to-date: /home/wheeltec/agribot/agribot_ws/install/yesense_interface/include/yesense_interface/yesense_interface/msg/nav_all.hpp
[1.362s] -- Up-to-date: /home/wheeltec/agribot/agribot_ws/install/yesense_interface/include/yesense_interface/yesense_interface/msg/nav_min.hpp
[1.362s] -- Up-to-date: /home/wheeltec/agribot/agribot_ws/install/yesense_interface/include/yesense_interface/yesense_interface/msg/imu_data_ten_axis.hpp
[1.362s] -- Up-to-date: /home/wheeltec/agribot/agribot_ws/install/yesense_interface/include/yesense_interface/yesense_interface/msg/sensor_temp.hpp
[1.362s] -- Up-to-date: /home/wheeltec/agribot/agribot_ws/install/yesense_interface/include/yesense_interface/yesense_interface/msg/attitude_min_ahrs.hpp
[1.362s] -- Up-to-date: /home/wheeltec/agribot/agribot_ws/install/yesense_interface/include/yesense_interface/yesense_interface/msg/nav_status.hpp
[1.369s] -- Up-to-date: /home/wheeltec/agribot/agribot_ws/install/yesense_interface/include/yesense_interface/yesense_interface/msg/pressure.hpp
[1.369s] -- Up-to-date: /home/wheeltec/agribot/agribot_ws/install/yesense_interface/include/yesense_interface/yesense_interface/msg/quat.hpp
[1.370s] -- Up-to-date: /home/wheeltec/agribot/agribot_ws/install/yesense_interface/include/yesense_interface/yesense_interface/msg/robot_lord.hpp
[1.370s] -- Up-to-date: /home/wheeltec/agribot/agribot_ws/install/yesense_interface/include/yesense_interface/yesense_interface/msg/three_axis.hpp
[1.370s] -- Up-to-date: /home/wheeltec/agribot/agribot_ws/install/yesense_interface/include/yesense_interface/yesense_interface/msg/nav_min_utc.hpp
[1.370s] -- Up-to-date: /home/wheeltec/agribot/agribot_ws/install/yesense_interface/include/yesense_interface/yesense_interface/msg/detail
[1.370s] -- Up-to-date: /home/wheeltec/agribot/agribot_ws/install/yesense_interface/include/yesense_interface/yesense_interface/msg/detail/euler_only__struct.hpp
[1.370s] -- Up-to-date: /home/wheeltec/agribot/agribot_ws/install/yesense_interface/include/yesense_interface/yesense_interface/msg/detail/nav_all__type_support.hpp
[1.371s] -- Up-to-date: /home/wheeltec/agribot/agribot_ws/install/yesense_interface/include/yesense_interface/yesense_interface/msg/detail/attitude_all_data__type_support.hpp
[1.371s] -- Up-to-date: /home/wheeltec/agribot/agribot_ws/install/yesense_interface/include/yesense_interface/yesense_interface/msg/detail/imu_data_ten_axis__type_support.hpp
[1.371s] -- Up-to-date: /home/wheeltec/agribot/agribot_ws/install/yesense_interface/include/yesense_interface/yesense_interface/msg/detail/nav_status__traits.hpp
[1.371s] -- Up-to-date: /home/wheeltec/agribot/agribot_ws/install/yesense_interface/include/yesense_interface/yesense_interface/msg/detail/robot_lord__traits.hpp
[1.371s] -- Up-to-date: /home/wheeltec/agribot/agribot_ws/install/yesense_interface/include/yesense_interface/yesense_interface/msg/detail/vel__struct.hpp
[1.371s] -- Up-to-date: /home/wheeltec/agribot/agribot_ws/install/yesense_interface/include/yesense_interface/yesense_interface/msg/detail/gnss_pos__type_support.hpp
[1.371s] -- Up-to-date: /home/wheeltec/agribot/agribot_ws/install/yesense_interface/include/yesense_interface/yesense_interface/msg/detail/pressure__type_support.hpp
[1.371s] -- Up-to-date: /home/wheeltec/agribot/agribot_ws/install/yesense_interface/include/yesense_interface/yesense_interface/msg/detail/quat__builder.hpp
[1.372s] -- Up-to-date: /home/wheeltec/agribot/agribot_ws/install/yesense_interface/include/yesense_interface/yesense_interface/msg/detail/nav_all__struct.hpp
[1.372s] -- Up-to-date: /home/wheeltec/agribot/agribot_ws/install/yesense_interface/include/yesense_interface/yesense_interface/msg/detail/quat__type_support.hpp
[1.372s] -- Up-to-date: /home/wheeltec/agribot/agribot_ws/install/yesense_interface/include/yesense_interface/yesense_interface/msg/detail/nav_status__type_support.hpp
[1.372s] -- Up-to-date: /home/wheeltec/agribot/agribot_ws/install/yesense_interface/include/yesense_interface/yesense_interface/msg/detail/attitude_min_vru__struct.hpp
[1.372s] -- Up-to-date: /home/wheeltec/agribot/agribot_ws/install/yesense_interface/include/yesense_interface/yesense_interface/msg/detail/nav_min_utc__builder.hpp
[1.372s] -- Up-to-date: /home/wheeltec/agribot/agribot_ws/install/yesense_interface/include/yesense_interface/yesense_interface/msg/detail/imu_data_ten_axis__struct.hpp
[1.373s] -- Up-to-date: /home/wheeltec/agribot/agribot_ws/install/yesense_interface/include/yesense_interface/yesense_interface/msg/detail/tid__traits.hpp
[1.373s] -- Up-to-date: /home/wheeltec/agribot/agribot_ws/install/yesense_interface/include/yesense_interface/yesense_interface/msg/detail/nav_min__builder.hpp
[1.373s] -- Up-to-date: /home/wheeltec/agribot/agribot_ws/install/yesense_interface/include/yesense_interface/yesense_interface/msg/detail/nav_status__builder.hpp
[1.373s] -- Up-to-date: /home/wheeltec/agribot/agribot_ws/install/yesense_interface/include/yesense_interface/yesense_interface/msg/detail/attitude_min_ahrs__struct.hpp
[1.373s] -- Up-to-date: /home/wheeltec/agribot/agribot_ws/install/yesense_interface/include/yesense_interface/yesense_interface/msg/detail/nav_min__struct.hpp
[1.373s] -- Up-to-date: /home/wheeltec/agribot/agribot_ws/install/yesense_interface/include/yesense_interface/yesense_interface/msg/detail/robot_lord__builder.hpp
[1.373s] -- Up-to-date: /home/wheeltec/agribot/agribot_ws/install/yesense_interface/include/yesense_interface/yesense_interface/msg/detail/imu_data_ten_axis__builder.hpp
[1.374s] -- Up-to-date: /home/wheeltec/agribot/agribot_ws/install/yesense_interface/include/yesense_interface/yesense_interface/msg/detail/three_axis__builder.hpp
[1.374s] -- Up-to-date: /home/wheeltec/agribot/agribot_ws/install/yesense_interface/include/yesense_interface/yesense_interface/msg/detail/sensor_temp__traits.hpp
[1.374s] -- Up-to-date: /home/wheeltec/agribot/agribot_ws/install/yesense_interface/include/yesense_interface/yesense_interface/msg/detail/imu_data__struct.hpp
[1.374s] -- Up-to-date: /home/wheeltec/agribot/agribot_ws/install/yesense_interface/include/yesense_interface/yesense_interface/msg/detail/attitude_min_vru__type_support.hpp
[1.374s] -- Up-to-date: /home/wheeltec/agribot/agribot_ws/install/yesense_interface/include/yesense_interface/yesense_interface/msg/detail/robot_lord__type_support.hpp
[1.374s] -- Up-to-date: /home/wheeltec/agribot/agribot_ws/install/yesense_interface/include/yesense_interface/yesense_interface/msg/detail/nav_min__traits.hpp
[1.375s] -- Up-to-date: /home/wheeltec/agribot/agribot_ws/install/yesense_interface/include/yesense_interface/yesense_interface/msg/detail/gnss_pos__struct.hpp
[1.375s] -- Up-to-date: /home/wheeltec/agribot/agribot_ws/install/yesense_interface/include/yesense_interface/yesense_interface/msg/detail/euler_angle__struct.hpp
[1.375s] -- Up-to-date: /home/wheeltec/agribot/agribot_ws/install/yesense_interface/include/yesense_interface/yesense_interface/msg/detail/nav_all__traits.hpp
[1.375s] -- Up-to-date: /home/wheeltec/agribot/agribot_ws/install/yesense_interface/include/yesense_interface/yesense_interface/msg/detail/imu_data__traits.hpp
[1.375s] -- Up-to-date: /home/wheeltec/agribot/agribot_ws/install/yesense_interface/include/yesense_interface/yesense_interface/msg/detail/euler_angle__traits.hpp
[1.375s] -- Up-to-date: /home/wheeltec/agribot/agribot_ws/install/yesense_interface/include/yesense_interface/yesense_interface/msg/detail/vel__builder.hpp
[1.375s] -- Up-to-date: /home/wheeltec/agribot/agribot_ws/install/yesense_interface/include/yesense_interface/yesense_interface/msg/detail/tid__builder.hpp
[1.376s] -- Up-to-date: /home/wheeltec/agribot/agribot_ws/install/yesense_interface/include/yesense_interface/yesense_interface/msg/detail/attitude_min_vru__builder.hpp
[1.376s] -- Up-to-date: /home/wheeltec/agribot/agribot_ws/install/yesense_interface/include/yesense_interface/yesense_interface/msg/detail/nav_min_utc__traits.hpp
[1.376s] -- Up-to-date: /home/wheeltec/agribot/agribot_ws/install/yesense_interface/include/yesense_interface/yesense_interface/msg/detail/three_axis__traits.hpp
[1.376s] -- Up-to-date: /home/wheeltec/agribot/agribot_ws/install/yesense_interface/include/yesense_interface/yesense_interface/msg/detail/attitude_min_ahrs__type_support.hpp
[1.376s] -- Up-to-date: /home/wheeltec/agribot/agribot_ws/install/yesense_interface/include/yesense_interface/yesense_interface/msg/detail/quat__struct.hpp
[1.376s] -- Up-to-date: /home/wheeltec/agribot/agribot_ws/install/yesense_interface/include/yesense_interface/yesense_interface/msg/detail/three_axis__struct.hpp
[1.376s] -- Up-to-date: /home/wheeltec/agribot/agribot_ws/install/yesense_interface/include/yesense_interface/yesense_interface/msg/detail/nav_status__struct.hpp
[1.377s] -- Up-to-date: /home/wheeltec/agribot/agribot_ws/install/yesense_interface/include/yesense_interface/yesense_interface/msg/detail/attitude_all_data__struct.hpp
[1.377s] -- Up-to-date: /home/wheeltec/agribot/agribot_ws/install/yesense_interface/include/yesense_interface/yesense_interface/msg/detail/pos_only__builder.hpp
[1.377s] -- Up-to-date: /home/wheeltec/agribot/agribot_ws/install/yesense_interface/include/yesense_interface/yesense_interface/msg/detail/utc__builder.hpp
[1.377s] -- Up-to-date: /home/wheeltec/agribot/agribot_ws/install/yesense_interface/include/yesense_interface/yesense_interface/msg/detail/attitude_all_data__traits.hpp
[1.377s] -- Up-to-date: /home/wheeltec/agribot/agribot_ws/install/yesense_interface/include/yesense_interface/yesense_interface/msg/detail/three_axis__type_support.hpp
[1.377s] -- Up-to-date: /home/wheeltec/agribot/agribot_ws/install/yesense_interface/include/yesense_interface/yesense_interface/msg/detail/utc__struct.hpp
[1.377s] -- Up-to-date: /home/wheeltec/agribot/agribot_ws/install/yesense_interface/include/yesense_interface/yesense_interface/msg/detail/pos_only__traits.hpp
[1.378s] -- Up-to-date: /home/wheeltec/agribot/agribot_ws/install/yesense_interface/include/yesense_interface/yesense_interface/msg/detail/sample_timestamp__builder.hpp
[1.378s] -- Up-to-date: /home/wheeltec/agribot/agribot_ws/install/yesense_interface/include/yesense_interface/yesense_interface/msg/detail/tid__type_support.hpp
[1.378s] -- Up-to-date: /home/wheeltec/agribot/agribot_ws/install/yesense_interface/include/yesense_interface/yesense_interface/msg/detail/gnss_pos__traits.hpp
[1.378s] -- Up-to-date: /home/wheeltec/agribot/agribot_ws/install/yesense_interface/include/yesense_interface/yesense_interface/msg/detail/sample_timestamp__traits.hpp
[1.378s] -- Up-to-date: /home/wheeltec/agribot/agribot_ws/install/yesense_interface/include/yesense_interface/yesense_interface/msg/detail/pressure__traits.hpp
[1.378s] -- Up-to-date: /home/wheeltec/agribot/agribot_ws/install/yesense_interface/include/yesense_interface/yesense_interface/msg/detail/imu_data__builder.hpp
[1.379s] -- Up-to-date: /home/wheeltec/agribot/agribot_ws/install/yesense_interface/include/yesense_interface/yesense_interface/msg/detail/attitude_min_ahrs__traits.hpp
[1.379s] -- Up-to-date: /home/wheeltec/agribot/agribot_ws/install/yesense_interface/include/yesense_interface/yesense_interface/msg/detail/pressure__struct.hpp
[1.379s] -- Up-to-date: /home/wheeltec/agribot/agribot_ws/install/yesense_interface/include/yesense_interface/yesense_interface/msg/detail/nav_all__builder.hpp
[1.379s] -- Up-to-date: /home/wheeltec/agribot/agribot_ws/install/yesense_interface/include/yesense_interface/yesense_interface/msg/detail/euler_only__traits.hpp
[1.379s] -- Up-to-date: /home/wheeltec/agribot/agribot_ws/install/yesense_interface/include/yesense_interface/yesense_interface/msg/detail/utc__traits.hpp
[1.379s] -- Up-to-date: /home/wheeltec/agribot/agribot_ws/install/yesense_interface/include/yesense_interface/yesense_interface/msg/detail/vel__type_support.hpp
[1.379s] -- Up-to-date: /home/wheeltec/agribot/agribot_ws/install/yesense_interface/include/yesense_interface/yesense_interface/msg/detail/euler_angle__builder.hpp
[1.380s] -- Up-to-date: /home/wheeltec/agribot/agribot_ws/install/yesense_interface/include/yesense_interface/yesense_interface/msg/detail/pressure__builder.hpp
[1.380s] -- Up-to-date: /home/wheeltec/agribot/agribot_ws/install/yesense_interface/include/yesense_interface/yesense_interface/msg/detail/sensor_temp__struct.hpp
[1.380s] -- Up-to-date: /home/wheeltec/agribot/agribot_ws/install/yesense_interface/include/yesense_interface/yesense_interface/msg/detail/sample_timestamp__type_support.hpp
[1.380s] -- Up-to-date: /home/wheeltec/agribot/agribot_ws/install/yesense_interface/include/yesense_interface/yesense_interface/msg/detail/attitude_all_data__builder.hpp
[1.380s] -- Up-to-date: /home/wheeltec/agribot/agribot_ws/install/yesense_interface/include/yesense_interface/yesense_interface/msg/detail/sample_timestamp__struct.hpp
[1.380s] -- Up-to-date: /home/wheeltec/agribot/agribot_ws/install/yesense_interface/include/yesense_interface/yesense_interface/msg/detail/euler_only__type_support.hpp
[1.380s] -- Up-to-date: /home/wheeltec/agribot/agribot_ws/install/yesense_interface/include/yesense_interface/yesense_interface/msg/detail/utc__type_support.hpp
[1.381s] -- Up-to-date: /home/wheeltec/agribot/agribot_ws/install/yesense_interface/include/yesense_interface/yesense_interface/msg/detail/sensor_temp__builder.hpp
[1.381s] -- Up-to-date: /home/wheeltec/agribot/agribot_ws/install/yesense_interface/include/yesense_interface/yesense_interface/msg/detail/nav_min_utc__type_support.hpp
[1.381s] -- Up-to-date: /home/wheeltec/agribot/agribot_ws/install/yesense_interface/include/yesense_interface/yesense_interface/msg/detail/imu_data_ten_axis__traits.hpp
[1.381s] -- Up-to-date: /home/wheeltec/agribot/agribot_ws/install/yesense_interface/include/yesense_interface/yesense_interface/msg/detail/nav_min_utc__struct.hpp
[1.381s] -- Up-to-date: /home/wheeltec/agribot/agribot_ws/install/yesense_interface/include/yesense_interface/yesense_interface/msg/detail/sensor_temp__type_support.hpp
[1.381s] -- Up-to-date: /home/wheeltec/agribot/agribot_ws/install/yesense_interface/include/yesense_interface/yesense_interface/msg/detail/tid__struct.hpp
[1.381s] -- Up-to-date: /home/wheeltec/agribot/agribot_ws/install/yesense_interface/include/yesense_interface/yesense_interface/msg/detail/nav_min__type_support.hpp
[1.382s] -- Up-to-date: /home/wheeltec/agribot/agribot_ws/install/yesense_interface/include/yesense_interface/yesense_interface/msg/detail/euler_only__builder.hpp
[1.382s] -- Up-to-date: /home/wheeltec/agribot/agribot_ws/install/yesense_interface/include/yesense_interface/yesense_interface/msg/detail/robot_lord__struct.hpp
[1.382s] -- Up-to-date: /home/wheeltec/agribot/agribot_ws/install/yesense_interface/include/yesense_interface/yesense_interface/msg/detail/pos_only__type_support.hpp
[1.382s] -- Up-to-date: /home/wheeltec/agribot/agribot_ws/install/yesense_interface/include/yesense_interface/yesense_interface/msg/detail/vel__traits.hpp
[1.382s] -- Up-to-date: /home/wheeltec/agribot/agribot_ws/install/yesense_interface/include/yesense_interface/yesense_interface/msg/detail/quat__traits.hpp
[1.382s] -- Up-to-date: /home/wheeltec/agribot/agribot_ws/install/yesense_interface/include/yesense_interface/yesense_interface/msg/detail/attitude_min_vru__traits.hpp
[1.394s] -- Up-to-date: /home/wheeltec/agribot/agribot_ws/install/yesense_interface/include/yesense_interface/yesense_interface/msg/detail/euler_angle__type_support.hpp
[1.396s] -- Up-to-date: /home/wheeltec/agribot/agribot_ws/install/yesense_interface/include/yesense_interface/yesense_interface/msg/detail/gnss_pos__builder.hpp
[1.396s] -- Up-to-date: /home/wheeltec/agribot/agribot_ws/install/yesense_interface/include/yesense_interface/yesense_interface/msg/detail/pos_only__struct.hpp
[1.397s] -- Up-to-date: /home/wheeltec/agribot/agribot_ws/install/yesense_interface/include/yesense_interface/yesense_interface/msg/detail/attitude_min_ahrs__builder.hpp
[1.397s] -- Up-to-date: /home/wheeltec/agribot/agribot_ws/install/yesense_interface/include/yesense_interface/yesense_interface/msg/detail/imu_data__type_support.hpp
[1.398s] -- Up-to-date: /home/wheeltec/agribot/agribot_ws/install/yesense_interface/include/yesense_interface/yesense_interface/msg/vel.hpp
[1.399s] -- Up-to-date: /home/wheeltec/agribot/agribot_ws/install/yesense_interface/include/yesense_interface/yesense_interface/msg/euler_angle.hpp
[1.399s] -- Up-to-date: /home/wheeltec/agribot/agribot_ws/install/yesense_interface/include/yesense_interface/yesense_interface/msg/tid.hpp
[1.400s] -- Up-to-date: /home/wheeltec/agribot/agribot_ws/install/yesense_interface/include/yesense_interface/yesense_interface/msg/sample_timestamp.hpp
[1.400s] -- Up-to-date: /home/wheeltec/agribot/agribot_ws/install/yesense_interface/include/yesense_interface/yesense_interface/msg/attitude_all_data.hpp
[1.400s] -- Up-to-date: /home/wheeltec/agribot/agribot_ws/install/yesense_interface/include/yesense_interface/yesense_interface/msg/rosidl_generator_cpp__visibility_control.hpp
[1.400s] -- Up-to-date: /home/wheeltec/agribot/agribot_ws/install/yesense_interface/include/yesense_interface/yesense_interface/msg/euler_only.hpp
[1.400s] -- Up-to-date: /home/wheeltec/agribot/agribot_ws/install/yesense_interface/include/yesense_interface/yesense_interface/msg/pos_only.hpp
[1.400s] -- Up-to-date: /home/wheeltec/agribot/agribot_ws/install/yesense_interface/include/yesense_interface/yesense_interface
[1.400s] -- Up-to-date: /home/wheeltec/agribot/agribot_ws/install/yesense_interface/include/yesense_interface/yesense_interface/msg
[1.401s] -- Up-to-date: /home/wheeltec/agribot/agribot_ws/install/yesense_interface/include/yesense_interface/yesense_interface/msg/rosidl_typesupport_fastrtps_cpp__visibility_control.h
[1.401s] -- Up-to-date: /home/wheeltec/agribot/agribot_ws/install/yesense_interface/include/yesense_interface/yesense_interface/msg/detail
[1.401s] -- Up-to-date: /home/wheeltec/agribot/agribot_ws/install/yesense_interface/include/yesense_interface/yesense_interface/msg/detail/nav_status__rosidl_typesupport_fastrtps_cpp.hpp
[1.401s] -- Up-to-date: /home/wheeltec/agribot/agribot_ws/install/yesense_interface/include/yesense_interface/yesense_interface/msg/detail/sensor_temp__rosidl_typesupport_fastrtps_cpp.hpp
[1.401s] -- Up-to-date: /home/wheeltec/agribot/agribot_ws/install/yesense_interface/include/yesense_interface/yesense_interface/msg/detail/attitude_all_data__rosidl_typesupport_fastrtps_cpp.hpp
[1.401s] -- Up-to-date: /home/wheeltec/agribot/agribot_ws/install/yesense_interface/include/yesense_interface/yesense_interface/msg/detail/three_axis__rosidl_typesupport_fastrtps_cpp.hpp
[1.402s] -- Up-to-date: /home/wheeltec/agribot/agribot_ws/install/yesense_interface/include/yesense_interface/yesense_interface/msg/detail/vel__rosidl_typesupport_fastrtps_cpp.hpp
[1.402s] -- Up-to-date: /home/wheeltec/agribot/agribot_ws/install/yesense_interface/include/yesense_interface/yesense_interface/msg/detail/quat__rosidl_typesupport_fastrtps_cpp.hpp
[1.402s] -- Up-to-date: /home/wheeltec/agribot/agribot_ws/install/yesense_interface/include/yesense_interface/yesense_interface/msg/detail/attitude_min_vru__rosidl_typesupport_fastrtps_cpp.hpp
[1.402s] -- Up-to-date: /home/wheeltec/agribot/agribot_ws/install/yesense_interface/include/yesense_interface/yesense_interface/msg/detail/sample_timestamp__rosidl_typesupport_fastrtps_cpp.hpp
[1.402s] -- Up-to-date: /home/wheeltec/agribot/agribot_ws/install/yesense_interface/include/yesense_interface/yesense_interface/msg/detail/robot_lord__rosidl_typesupport_fastrtps_cpp.hpp
[1.402s] -- Up-to-date: /home/wheeltec/agribot/agribot_ws/install/yesense_interface/include/yesense_interface/yesense_interface/msg/detail/nav_min__rosidl_typesupport_fastrtps_cpp.hpp
[1.402s] -- Up-to-date: /home/wheeltec/agribot/agribot_ws/install/yesense_interface/include/yesense_interface/yesense_interface/msg/detail/nav_min_utc__rosidl_typesupport_fastrtps_cpp.hpp
[1.403s] -- Up-to-date: /home/wheeltec/agribot/agribot_ws/install/yesense_interface/include/yesense_interface/yesense_interface/msg/detail/attitude_min_ahrs__rosidl_typesupport_fastrtps_cpp.hpp
[1.403s] -- Up-to-date: /home/wheeltec/agribot/agribot_ws/install/yesense_interface/include/yesense_interface/yesense_interface/msg/detail/imu_data__rosidl_typesupport_fastrtps_cpp.hpp
[1.403s] -- Up-to-date: /home/wheeltec/agribot/agribot_ws/install/yesense_interface/include/yesense_interface/yesense_interface/msg/detail/euler_only__rosidl_typesupport_fastrtps_cpp.hpp
[1.403s] -- Up-to-date: /home/wheeltec/agribot/agribot_ws/install/yesense_interface/include/yesense_interface/yesense_interface/msg/detail/pressure__rosidl_typesupport_fastrtps_cpp.hpp
[1.403s] -- Up-to-date: /home/wheeltec/agribot/agribot_ws/install/yesense_interface/include/yesense_interface/yesense_interface/msg/detail/tid__rosidl_typesupport_fastrtps_cpp.hpp
[1.403s] -- Up-to-date: /home/wheeltec/agribot/agribot_ws/install/yesense_interface/include/yesense_interface/yesense_interface/msg/detail/pos_only__rosidl_typesupport_fastrtps_cpp.hpp
[1.404s] -- Up-to-date: /home/wheeltec/agribot/agribot_ws/install/yesense_interface/include/yesense_interface/yesense_interface/msg/detail/utc__rosidl_typesupport_fastrtps_cpp.hpp
[1.404s] -- Up-to-date: /home/wheeltec/agribot/agribot_ws/install/yesense_interface/include/yesense_interface/yesense_interface/msg/detail/nav_all__rosidl_typesupport_fastrtps_cpp.hpp
[1.404s] -- Up-to-date: /home/wheeltec/agribot/agribot_ws/install/yesense_interface/include/yesense_interface/yesense_interface/msg/detail/imu_data_ten_axis__rosidl_typesupport_fastrtps_cpp.hpp
[1.404s] -- Up-to-date: /home/wheeltec/agribot/agribot_ws/install/yesense_interface/include/yesense_interface/yesense_interface/msg/detail/gnss_pos__rosidl_typesupport_fastrtps_cpp.hpp
[1.404s] -- Up-to-date: /home/wheeltec/agribot/agribot_ws/install/yesense_interface/include/yesense_interface/yesense_interface/msg/detail/euler_angle__rosidl_typesupport_fastrtps_cpp.hpp
[1.404s] -- Up-to-date: /home/wheeltec/agribot/agribot_ws/install/yesense_interface/include/yesense_interface/yesense_interface/msg/detail/dds_fastrtps
[1.413s] -- Up-to-date: /home/wheeltec/agribot/agribot_ws/install/yesense_interface/lib/libyesense_interface__rosidl_typesupport_fastrtps_cpp.so
[1.414s] -- Up-to-date: /home/wheeltec/agribot/agribot_ws/install/yesense_interface/include/yesense_interface/yesense_interface
[1.414s] -- Up-to-date: /home/wheeltec/agribot/agribot_ws/install/yesense_interface/include/yesense_interface/yesense_interface/msg
[1.415s] -- Up-to-date: /home/wheeltec/agribot/agribot_ws/install/yesense_interface/include/yesense_interface/yesense_interface/msg/detail
[1.415s] -- Up-to-date: /home/wheeltec/agribot/agribot_ws/install/yesense_interface/include/yesense_interface/yesense_interface/msg/detail/sample_timestamp__type_support.cpp
[1.416s] -- Up-to-date: /home/wheeltec/agribot/agribot_ws/install/yesense_interface/include/yesense_interface/yesense_interface/msg/detail/imu_data_ten_axis__rosidl_typesupport_introspection_cpp.hpp
[1.417s] -- Up-to-date: /home/wheeltec/agribot/agribot_ws/install/yesense_interface/include/yesense_interface/yesense_interface/msg/detail/utc__rosidl_typesupport_introspection_cpp.hpp
[1.418s] -- Up-to-date: /home/wheeltec/agribot/agribot_ws/install/yesense_interface/include/yesense_interface/yesense_interface/msg/detail/pos_only__type_support.cpp
[1.418s] -- Up-to-date: /home/wheeltec/agribot/agribot_ws/install/yesense_interface/include/yesense_interface/yesense_interface/msg/detail/euler_only__rosidl_typesupport_introspection_cpp.hpp
[1.418s] -- Up-to-date: /home/wheeltec/agribot/agribot_ws/install/yesense_interface/include/yesense_interface/yesense_interface/msg/detail/nav_min_utc__rosidl_typesupport_introspection_cpp.hpp
[1.419s] -- Up-to-date: /home/wheeltec/agribot/agribot_ws/install/yesense_interface/include/yesense_interface/yesense_interface/msg/detail/euler_angle__rosidl_typesupport_introspection_cpp.hpp
[1.420s] -- Up-to-date: /home/wheeltec/agribot/agribot_ws/install/yesense_interface/include/yesense_interface/yesense_interface/msg/detail/vel__type_support.cpp
[1.420s] -- Up-to-date: /home/wheeltec/agribot/agribot_ws/install/yesense_interface/include/yesense_interface/yesense_interface/msg/detail/sample_timestamp__rosidl_typesupport_introspection_cpp.hpp
[1.420s] -- Up-to-date: /home/wheeltec/agribot/agribot_ws/install/yesense_interface/include/yesense_interface/yesense_interface/msg/detail/nav_all__rosidl_typesupport_introspection_cpp.hpp
[1.421s] -- Up-to-date: /home/wheeltec/agribot/agribot_ws/install/yesense_interface/include/yesense_interface/yesense_interface/msg/detail/attitude_min_vru__type_support.cpp
[1.422s] -- Up-to-date: /home/wheeltec/agribot/agribot_ws/install/yesense_interface/include/yesense_interface/yesense_interface/msg/detail/euler_only__type_support.cpp
[1.422s] -- Up-to-date: /home/wheeltec/agribot/agribot_ws/install/yesense_interface/include/yesense_interface/yesense_interface/msg/detail/tid__type_support.cpp
[1.422s] -- Up-to-date: /home/wheeltec/agribot/agribot_ws/install/yesense_interface/include/yesense_interface/yesense_interface/msg/detail/attitude_all_data__type_support.cpp
[1.423s] -- Up-to-date: /home/wheeltec/agribot/agribot_ws/install/yesense_interface/include/yesense_interface/yesense_interface/msg/detail/robot_lord__rosidl_typesupport_introspection_cpp.hpp
[1.423s] -- Up-to-date: /home/wheeltec/agribot/agribot_ws/install/yesense_interface/include/yesense_interface/yesense_interface/msg/detail/imu_data__type_support.cpp
[1.423s] -- Up-to-date: /home/wheeltec/agribot/agribot_ws/install/yesense_interface/include/yesense_interface/yesense_interface/msg/detail/gnss_pos__rosidl_typesupport_introspection_cpp.hpp
[1.424s] -- Up-to-date: /home/wheeltec/agribot/agribot_ws/install/yesense_interface/include/yesense_interface/yesense_interface/msg/detail/nav_min__type_support.cpp
[1.424s] -- Up-to-date: /home/wheeltec/agribot/agribot_ws/install/yesense_interface/include/yesense_interface/yesense_interface/msg/detail/utc__type_support.cpp
[1.424s] -- Up-to-date: /home/wheeltec/agribot/agribot_ws/install/yesense_interface/include/yesense_interface/yesense_interface/msg/detail/quat__rosidl_typesupport_introspection_cpp.hpp
[1.424s] -- Up-to-date: /home/wheeltec/agribot/agribot_ws/install/yesense_interface/include/yesense_interface/yesense_interface/msg/detail/vel__rosidl_typesupport_introspection_cpp.hpp
[1.424s] -- Up-to-date: /home/wheeltec/agribot/agribot_ws/install/yesense_interface/include/yesense_interface/yesense_interface/msg/detail/pos_only__rosidl_typesupport_introspection_cpp.hpp
[1.424s] -- Up-to-date: /home/wheeltec/agribot/agribot_ws/install/yesense_interface/include/yesense_interface/yesense_interface/msg/detail/nav_all__type_support.cpp
[1.425s] -- Up-to-date: /home/wheeltec/agribot/agribot_ws/install/yesense_interface/include/yesense_interface/yesense_interface/msg/detail/nav_min_utc__type_support.cpp
[1.425s] -- Up-to-date: /home/wheeltec/agribot/agribot_ws/install/yesense_interface/include/yesense_interface/yesense_interface/msg/detail/euler_angle__type_support.cpp
[1.425s] -- Up-to-date: /home/wheeltec/agribot/agribot_ws/install/yesense_interface/include/yesense_interface/yesense_interface/msg/detail/pressure__rosidl_typesupport_introspection_cpp.hpp
[1.425s] -- Up-to-date: /home/wheeltec/agribot/agribot_ws/install/yesense_interface/include/yesense_interface/yesense_interface/msg/detail/pressure__type_support.cpp
[1.425s] -- Up-to-date: /home/wheeltec/agribot/agribot_ws/install/yesense_interface/include/yesense_interface/yesense_interface/msg/detail/three_axis__type_support.cpp
[1.425s] -- Up-to-date: /home/wheeltec/agribot/agribot_ws/install/yesense_interface/include/yesense_interface/yesense_interface/msg/detail/attitude_all_data__rosidl_typesupport_introspection_cpp.hpp
[1.425s] -- Up-to-date: /home/wheeltec/agribot/agribot_ws/install/yesense_interface/include/yesense_interface/yesense_interface/msg/detail/imu_data__rosidl_typesupport_introspection_cpp.hpp
[1.426s] -- Up-to-date: /home/wheeltec/agribot/agribot_ws/install/yesense_interface/include/yesense_interface/yesense_interface/msg/detail/three_axis__rosidl_typesupport_introspection_cpp.hpp
[1.426s] -- Up-to-date: /home/wheeltec/agribot/agribot_ws/install/yesense_interface/include/yesense_interface/yesense_interface/msg/detail/nav_status__type_support.cpp
[1.426s] -- Up-to-date: /home/wheeltec/agribot/agribot_ws/install/yesense_interface/include/yesense_interface/yesense_interface/msg/detail/robot_lord__type_support.cpp
[1.426s] -- Up-to-date: /home/wheeltec/agribot/agribot_ws/install/yesense_interface/include/yesense_interface/yesense_interface/msg/detail/attitude_min_vru__rosidl_typesupport_introspection_cpp.hpp
[1.426s] -- Up-to-date: /home/wheeltec/agribot/agribot_ws/install/yesense_interface/include/yesense_interface/yesense_interface/msg/detail/gnss_pos__type_support.cpp
[1.427s] -- Up-to-date: /home/wheeltec/agribot/agribot_ws/install/yesense_interface/include/yesense_interface/yesense_interface/msg/detail/nav_status__rosidl_typesupport_introspection_cpp.hpp
[1.427s] -- Up-to-date: /home/wheeltec/agribot/agribot_ws/install/yesense_interface/include/yesense_interface/yesense_interface/msg/detail/nav_min__rosidl_typesupport_introspection_cpp.hpp
[1.427s] -- Up-to-date: /home/wheeltec/agribot/agribot_ws/install/yesense_interface/include/yesense_interface/yesense_interface/msg/detail/attitude_min_ahrs__type_support.cpp
[1.427s] -- Up-to-date: /home/wheeltec/agribot/agribot_ws/install/yesense_interface/include/yesense_interface/yesense_interface/msg/detail/tid__rosidl_typesupport_introspection_cpp.hpp
[1.427s] -- Up-to-date: /home/wheeltec/agribot/agribot_ws/install/yesense_interface/include/yesense_interface/yesense_interface/msg/detail/imu_data_ten_axis__type_support.cpp
[1.427s] -- Up-to-date: /home/wheeltec/agribot/agribot_ws/install/yesense_interface/include/yesense_interface/yesense_interface/msg/detail/sensor_temp__rosidl_typesupport_introspection_cpp.hpp
[1.427s] -- Up-to-date: /home/wheeltec/agribot/agribot_ws/install/yesense_interface/include/yesense_interface/yesense_interface/msg/detail/attitude_min_ahrs__rosidl_typesupport_introspection_cpp.hpp
[1.428s] -- Up-to-date: /home/wheeltec/agribot/agribot_ws/install/yesense_interface/include/yesense_interface/yesense_interface/msg/detail/sensor_temp__type_support.cpp
[1.428s] -- Up-to-date: /home/wheeltec/agribot/agribot_ws/install/yesense_interface/include/yesense_interface/yesense_interface/msg/detail/quat__type_support.cpp
[1.428s] -- Up-to-date: /home/wheeltec/agribot/agribot_ws/install/yesense_interface/lib/libyesense_interface__rosidl_typesupport_introspection_cpp.so
[1.428s] -- Up-to-date: /home/wheeltec/agribot/agribot_ws/install/yesense_interface/lib/libyesense_interface__rosidl_typesupport_cpp.so
[1.428s] -- Up-to-date: /home/wheeltec/agribot/agribot_ws/install/yesense_interface/share/yesense_interface/environment/pythonpath.sh
[1.428s] -- Up-to-date: /home/wheeltec/agribot/agribot_ws/install/yesense_interface/share/yesense_interface/environment/pythonpath.dsv
[1.428s] -- Up-to-date: /home/wheeltec/agribot/agribot_ws/install/yesense_interface/local/lib/python3.10/dist-packages/yesense_interface-1.0.0-py3.10.egg-info
[1.429s] -- Installing: /home/wheeltec/agribot/agribot_ws/install/yesense_interface/local/lib/python3.10/dist-packages/yesense_interface-1.0.0-py3.10.egg-info/SOURCES.txt
[1.429s] -- Installing: /home/wheeltec/agribot/agribot_ws/install/yesense_interface/local/lib/python3.10/dist-packages/yesense_interface-1.0.0-py3.10.egg-info/PKG-INFO
[1.429s] -- Installing: /home/wheeltec/agribot/agribot_ws/install/yesense_interface/local/lib/python3.10/dist-packages/yesense_interface-1.0.0-py3.10.egg-info/dependency_links.txt
[1.429s] -- Installing: /home/wheeltec/agribot/agribot_ws/install/yesense_interface/local/lib/python3.10/dist-packages/yesense_interface-1.0.0-py3.10.egg-info/top_level.txt
[1.429s] -- Up-to-date: /home/wheeltec/agribot/agribot_ws/install/yesense_interface/local/lib/python3.10/dist-packages/yesense_interface
[1.429s] -- Up-to-date: /home/wheeltec/agribot/agribot_ws/install/yesense_interface/local/lib/python3.10/dist-packages/yesense_interface/yesense_interface_s__rosidl_typesupport_fastrtps_c.cpython-310-aarch64-linux-gnu.so
[1.430s] -- Up-to-date: /home/wheeltec/agribot/agribot_ws/install/yesense_interface/local/lib/python3.10/dist-packages/yesense_interface/yesense_interface_s__rosidl_typesupport_c.cpython-310-aarch64-linux-gnu.so
[1.430s] -- Up-to-date: /home/wheeltec/agribot/agribot_ws/install/yesense_interface/local/lib/python3.10/dist-packages/yesense_interface/_yesense_interface_s.ep.rosidl_typesupport_introspection_c.c
[1.430s] -- Up-to-date: /home/wheeltec/agribot/agribot_ws/install/yesense_interface/local/lib/python3.10/dist-packages/yesense_interface/libyesense_interface__rosidl_generator_py.so
[1.430s] -- Up-to-date: /home/wheeltec/agribot/agribot_ws/install/yesense_interface/local/lib/python3.10/dist-packages/yesense_interface/_yesense_interface_s.ep.rosidl_typesupport_fastrtps_c.c
[1.430s] -- Up-to-date: /home/wheeltec/agribot/agribot_ws/install/yesense_interface/local/lib/python3.10/dist-packages/yesense_interface/_yesense_interface_s.ep.rosidl_typesupport_c.c
[1.430s] -- Up-to-date: /home/wheeltec/agribot/agribot_ws/install/yesense_interface/local/lib/python3.10/dist-packages/yesense_interface/yesense_interface_s__rosidl_typesupport_introspection_c.cpython-310-aarch64-linux-gnu.so
[1.430s] -- Up-to-date: /home/wheeltec/agribot/agribot_ws/install/yesense_interface/local/lib/python3.10/dist-packages/yesense_interface/msg
[1.431s] -- Up-to-date: /home/wheeltec/agribot/agribot_ws/install/yesense_interface/local/lib/python3.10/dist-packages/yesense_interface/msg/_three_axis.py
[1.431s] -- Up-to-date: /home/wheeltec/agribot/agribot_ws/install/yesense_interface/local/lib/python3.10/dist-packages/yesense_interface/msg/_attitude_min_ahrs_s.c
[1.431s] -- Up-to-date: /home/wheeltec/agribot/agribot_ws/install/yesense_interface/local/lib/python3.10/dist-packages/yesense_interface/msg/_gnss_pos.py
[1.431s] -- Up-to-date: /home/wheeltec/agribot/agribot_ws/install/yesense_interface/local/lib/python3.10/dist-packages/yesense_interface/msg/_sensor_temp_s.c
[1.431s] -- Up-to-date: /home/wheeltec/agribot/agribot_ws/install/yesense_interface/local/lib/python3.10/dist-packages/yesense_interface/msg/_robot_lord_s.c
[1.431s] -- Up-to-date: /home/wheeltec/agribot/agribot_ws/install/yesense_interface/local/lib/python3.10/dist-packages/yesense_interface/msg/_attitude_all_data_s.c
[1.432s] -- Up-to-date: /home/wheeltec/agribot/agribot_ws/install/yesense_interface/local/lib/python3.10/dist-packages/yesense_interface/msg/_sensor_temp.py
[1.432s] -- Up-to-date: /home/wheeltec/agribot/agribot_ws/install/yesense_interface/local/lib/python3.10/dist-packages/yesense_interface/msg/_nav_min_utc.py
[1.432s] -- Up-to-date: /home/wheeltec/agribot/agribot_ws/install/yesense_interface/local/lib/python3.10/dist-packages/yesense_interface/msg/_pressure.py
[1.432s] -- Up-to-date: /home/wheeltec/agribot/agribot_ws/install/yesense_interface/local/lib/python3.10/dist-packages/yesense_interface/msg/_euler_only.py
[1.432s] -- Up-to-date: /home/wheeltec/agribot/agribot_ws/install/yesense_interface/local/lib/python3.10/dist-packages/yesense_interface/msg/_nav_all.py
[1.432s] -- Up-to-date: /home/wheeltec/agribot/agribot_ws/install/yesense_interface/local/lib/python3.10/dist-packages/yesense_interface/msg/_utc_s.c
[1.432s] -- Up-to-date: /home/wheeltec/agribot/agribot_ws/install/yesense_interface/local/lib/python3.10/dist-packages/yesense_interface/msg/_pressure_s.c
[1.433s] -- Up-to-date: /home/wheeltec/agribot/agribot_ws/install/yesense_interface/local/lib/python3.10/dist-packages/yesense_interface/msg/_attitude_min_ahrs.py
[1.433s] -- Up-to-date: /home/wheeltec/agribot/agribot_ws/install/yesense_interface/local/lib/python3.10/dist-packages/yesense_interface/msg/_pos_only_s.c
[1.433s] -- Up-to-date: /home/wheeltec/agribot/agribot_ws/install/yesense_interface/local/lib/python3.10/dist-packages/yesense_interface/msg/_attitude_min_vru.py
[1.433s] -- Up-to-date: /home/wheeltec/agribot/agribot_ws/install/yesense_interface/local/lib/python3.10/dist-packages/yesense_interface/msg/_nav_min_s.c
[1.433s] -- Up-to-date: /home/wheeltec/agribot/agribot_ws/install/yesense_interface/local/lib/python3.10/dist-packages/yesense_interface/msg/_nav_all_s.c
[1.433s] -- Up-to-date: /home/wheeltec/agribot/agribot_ws/install/yesense_interface/local/lib/python3.10/dist-packages/yesense_interface/msg/_tid_s.c
[1.433s] -- Up-to-date: /home/wheeltec/agribot/agribot_ws/install/yesense_interface/local/lib/python3.10/dist-packages/yesense_interface/msg/_euler_angle_s.c
[1.434s] -- Up-to-date: /home/wheeltec/agribot/agribot_ws/install/yesense_interface/local/lib/python3.10/dist-packages/yesense_interface/msg/_three_axis_s.c
[1.434s] -- Up-to-date: /home/wheeltec/agribot/agribot_ws/install/yesense_interface/local/lib/python3.10/dist-packages/yesense_interface/msg/_euler_only_s.c
[1.434s] -- Up-to-date: /home/wheeltec/agribot/agribot_ws/install/yesense_interface/local/lib/python3.10/dist-packages/yesense_interface/msg/_vel_s.c
[1.434s] -- Up-to-date: /home/wheeltec/agribot/agribot_ws/install/yesense_interface/local/lib/python3.10/dist-packages/yesense_interface/msg/_tid.py
[1.434s] -- Up-to-date: /home/wheeltec/agribot/agribot_ws/install/yesense_interface/local/lib/python3.10/dist-packages/yesense_interface/msg/_imu_data_ten_axis.py
[1.434s] -- Up-to-date: /home/wheeltec/agribot/agribot_ws/install/yesense_interface/local/lib/python3.10/dist-packages/yesense_interface/msg/_nav_status_s.c
[1.456s] -- Up-to-date: /home/wheeltec/agribot/agribot_ws/install/yesense_interface/local/lib/python3.10/dist-packages/yesense_interface/msg/_quat.py
[1.457s] -- Up-to-date: /home/wheeltec/agribot/agribot_ws/install/yesense_interface/local/lib/python3.10/dist-packages/yesense_interface/msg/_imu_data_ten_axis_s.c
[1.457s] -- Up-to-date: /home/wheeltec/agribot/agribot_ws/install/yesense_interface/local/lib/python3.10/dist-packages/yesense_interface/msg/_imu_data.py
[1.457s] -- Up-to-date: /home/wheeltec/agribot/agribot_ws/install/yesense_interface/local/lib/python3.10/dist-packages/yesense_interface/msg/_attitude_min_vru_s.c
[1.457s] -- Up-to-date: /home/wheeltec/agribot/agribot_ws/install/yesense_interface/local/lib/python3.10/dist-packages/yesense_interface/msg/_vel.py
[1.457s] -- Up-to-date: /home/wheeltec/agribot/agribot_ws/install/yesense_interface/local/lib/python3.10/dist-packages/yesense_interface/msg/_robot_lord.py
[1.458s] -- Up-to-date: /home/wheeltec/agribot/agribot_ws/install/yesense_interface/local/lib/python3.10/dist-packages/yesense_interface/msg/_utc.py
[1.458s] -- Up-to-date: /home/wheeltec/agribot/agribot_ws/install/yesense_interface/local/lib/python3.10/dist-packages/yesense_interface/msg/_nav_min_utc_s.c
[1.458s] -- Up-to-date: /home/wheeltec/agribot/agribot_ws/install/yesense_interface/local/lib/python3.10/dist-packages/yesense_interface/msg/_attitude_all_data.py
[1.458s] -- Up-to-date: /home/wheeltec/agribot/agribot_ws/install/yesense_interface/local/lib/python3.10/dist-packages/yesense_interface/msg/_nav_status.py
[1.458s] -- Up-to-date: /home/wheeltec/agribot/agribot_ws/install/yesense_interface/local/lib/python3.10/dist-packages/yesense_interface/msg/_gnss_pos_s.c
[1.458s] -- Up-to-date: /home/wheeltec/agribot/agribot_ws/install/yesense_interface/local/lib/python3.10/dist-packages/yesense_interface/msg/_imu_data_s.c
[1.464s] -- Up-to-date: /home/wheeltec/agribot/agribot_ws/install/yesense_interface/local/lib/python3.10/dist-packages/yesense_interface/msg/_quat_s.c
[1.465s] -- Up-to-date: /home/wheeltec/agribot/agribot_ws/install/yesense_interface/local/lib/python3.10/dist-packages/yesense_interface/msg/_euler_angle.py
[1.465s] -- Up-to-date: /home/wheeltec/agribot/agribot_ws/install/yesense_interface/local/lib/python3.10/dist-packages/yesense_interface/msg/_pos_only.py
[1.466s] -- Up-to-date: /home/wheeltec/agribot/agribot_ws/install/yesense_interface/local/lib/python3.10/dist-packages/yesense_interface/msg/_sample_timestamp.py
[1.466s] -- Up-to-date: /home/wheeltec/agribot/agribot_ws/install/yesense_interface/local/lib/python3.10/dist-packages/yesense_interface/msg/_sample_timestamp_s.c
[1.466s] -- Up-to-date: /home/wheeltec/agribot/agribot_ws/install/yesense_interface/local/lib/python3.10/dist-packages/yesense_interface/msg/_nav_min.py
[1.466s] -- Up-to-date: /home/wheeltec/agribot/agribot_ws/install/yesense_interface/local/lib/python3.10/dist-packages/yesense_interface/msg/__init__.py
[1.467s] -- Up-to-date: /home/wheeltec/agribot/agribot_ws/install/yesense_interface/local/lib/python3.10/dist-packages/yesense_interface/__init__.py
[1.491s] Listing '/home/wheeltec/agribot/agribot_ws/install/yesense_interface/local/lib/python3.10/dist-packages/yesense_interface'...
[1.491s] Listing '/home/wheeltec/agribot/agribot_ws/install/yesense_interface/local/lib/python3.10/dist-packages/yesense_interface/msg'...
[1.493s] -- Up-to-date: /home/wheeltec/agribot/agribot_ws/install/yesense_interface/local/lib/python3.10/dist-packages/yesense_interface/yesense_interface_s__rosidl_typesupport_fastrtps_c.cpython-310-aarch64-linux-gnu.so
[1.493s] -- Up-to-date: /home/wheeltec/agribot/agribot_ws/install/yesense_interface/local/lib/python3.10/dist-packages/yesense_interface/yesense_interface_s__rosidl_typesupport_introspection_c.cpython-310-aarch64-linux-gnu.so
[1.494s] -- Up-to-date: /home/wheeltec/agribot/agribot_ws/install/yesense_interface/local/lib/python3.10/dist-packages/yesense_interface/yesense_interface_s__rosidl_typesupport_c.cpython-310-aarch64-linux-gnu.so
[1.496s] -- Up-to-date: /home/wheeltec/agribot/agribot_ws/install/yesense_interface/lib/libyesense_interface__rosidl_generator_py.so
[1.496s] -- Up-to-date: /home/wheeltec/agribot/agribot_ws/install/yesense_interface/share/ament_index/resource_index/rust_packages/yesense_interface
[1.496s] -- Up-to-date: /home/wheeltec/agribot/agribot_ws/install/yesense_interface/share/yesense_interface/rust
[1.497s] -- Up-to-date: /home/wheeltec/agribot/agribot_ws/install/yesense_interface/share/yesense_interface/rust/build.rs
[1.497s] -- Up-to-date: /home/wheeltec/agribot/agribot_ws/install/yesense_interface/share/yesense_interface/rust/src
[1.515s] -- Up-to-date: /home/wheeltec/agribot/agribot_ws/install/yesense_interface/share/yesense_interface/rust/src/msg.rs
[1.521s] -- Up-to-date: /home/wheeltec/agribot/agribot_ws/install/yesense_interface/share/yesense_interface/rust/src/lib.rs
[1.522s] -- Up-to-date: /home/wheeltec/agribot/agribot_ws/install/yesense_interface/share/yesense_interface/rust/src/msg
[1.522s] -- Up-to-date: /home/wheeltec/agribot/agribot_ws/install/yesense_interface/share/yesense_interface/rust/src/msg/rmw.rs
[1.522s] -- Up-to-date: /home/wheeltec/agribot/agribot_ws/install/yesense_interface/share/yesense_interface/rust/Cargo.toml
[1.522s] -- Up-to-date: /home/wheeltec/agribot/agribot_ws/install/yesense_interface/share/yesense_interface/msg/Tid.idl
[1.522s] -- Up-to-date: /home/wheeltec/agribot/agribot_ws/install/yesense_interface/share/yesense_interface/msg/ThreeAxis.idl
[1.523s] -- Up-to-date: /home/wheeltec/agribot/agribot_ws/install/yesense_interface/share/yesense_interface/msg/SensorTemp.idl
[1.523s] -- Up-to-date: /home/wheeltec/agribot/agribot_ws/install/yesense_interface/share/yesense_interface/msg/Pressure.idl
[1.523s] -- Up-to-date: /home/wheeltec/agribot/agribot_ws/install/yesense_interface/share/yesense_interface/msg/EulerAngle.idl
[1.523s] -- Up-to-date: /home/wheeltec/agribot/agribot_ws/install/yesense_interface/share/yesense_interface/msg/Quat.idl
[1.523s] -- Up-to-date: /home/wheeltec/agribot/agribot_ws/install/yesense_interface/share/yesense_interface/msg/GnssPos.idl
[1.523s] -- Up-to-date: /home/wheeltec/agribot/agribot_ws/install/yesense_interface/share/yesense_interface/msg/NavStatus.idl
[1.524s] -- Up-to-date: /home/wheeltec/agribot/agribot_ws/install/yesense_interface/share/yesense_interface/msg/Vel.idl
[1.524s] -- Up-to-date: /home/wheeltec/agribot/agribot_ws/install/yesense_interface/share/yesense_interface/msg/Utc.idl
[1.526s] -- Up-to-date: /home/wheeltec/agribot/agribot_ws/install/yesense_interface/share/yesense_interface/msg/SampleTimestamp.idl
[1.526s] -- Up-to-date: /home/wheeltec/agribot/agribot_ws/install/yesense_interface/share/yesense_interface/msg/ImuData.idl
[1.527s] -- Up-to-date: /home/wheeltec/agribot/agribot_ws/install/yesense_interface/share/yesense_interface/msg/ImuDataTenAxis.idl
[1.527s] -- Up-to-date: /home/wheeltec/agribot/agribot_ws/install/yesense_interface/share/yesense_interface/msg/EulerOnly.idl
[1.527s] -- Up-to-date: /home/wheeltec/agribot/agribot_ws/install/yesense_interface/share/yesense_interface/msg/RobotLord.idl
[1.527s] -- Up-to-date: /home/wheeltec/agribot/agribot_ws/install/yesense_interface/share/yesense_interface/msg/AttitudeMinVru.idl
[1.527s] -- Up-to-date: /home/wheeltec/agribot/agribot_ws/install/yesense_interface/share/yesense_interface/msg/AttitudeMinAhrs.idl
[1.527s] -- Up-to-date: /home/wheeltec/agribot/agribot_ws/install/yesense_interface/share/yesense_interface/msg/AttitudeAllData.idl
[1.528s] -- Up-to-date: /home/wheeltec/agribot/agribot_ws/install/yesense_interface/share/yesense_interface/msg/PosOnly.idl
[1.528s] -- Up-to-date: /home/wheeltec/agribot/agribot_ws/install/yesense_interface/share/yesense_interface/msg/NavMin.idl
[1.528s] -- Up-to-date: /home/wheeltec/agribot/agribot_ws/install/yesense_interface/share/yesense_interface/msg/NavMinUtc.idl
[1.528s] -- Up-to-date: /home/wheeltec/agribot/agribot_ws/install/yesense_interface/share/yesense_interface/msg/NavAll.idl
[1.528s] -- Up-to-date: /home/wheeltec/agribot/agribot_ws/install/yesense_interface/share/yesense_interface/msg/Tid.msg
[1.528s] -- Up-to-date: /home/wheeltec/agribot/agribot_ws/install/yesense_interface/share/yesense_interface/msg/ThreeAxis.msg
[1.528s] -- Up-to-date: /home/wheeltec/agribot/agribot_ws/install/yesense_interface/share/yesense_interface/msg/SensorTemp.msg
[1.529s] -- Up-to-date: /home/wheeltec/agribot/agribot_ws/install/yesense_interface/share/yesense_interface/msg/Pressure.msg
[1.529s] -- Up-to-date: /home/wheeltec/agribot/agribot_ws/install/yesense_interface/share/yesense_interface/msg/EulerAngle.msg
[1.529s] -- Up-to-date: /home/wheeltec/agribot/agribot_ws/install/yesense_interface/share/yesense_interface/msg/Quat.msg
[1.529s] -- Up-to-date: /home/wheeltec/agribot/agribot_ws/install/yesense_interface/share/yesense_interface/msg/GnssPos.msg
[1.529s] -- Up-to-date: /home/wheeltec/agribot/agribot_ws/install/yesense_interface/share/yesense_interface/msg/NavStatus.msg
[1.529s] -- Up-to-date: /home/wheeltec/agribot/agribot_ws/install/yesense_interface/share/yesense_interface/msg/Vel.msg
[1.529s] -- Up-to-date: /home/wheeltec/agribot/agribot_ws/install/yesense_interface/share/yesense_interface/msg/Utc.msg
[1.530s] -- Up-to-date: /home/wheeltec/agribot/agribot_ws/install/yesense_interface/share/yesense_interface/msg/SampleTimestamp.msg
[1.530s] -- Up-to-date: /home/wheeltec/agribot/agribot_ws/install/yesense_interface/share/yesense_interface/msg/ImuData.msg
[1.530s] -- Up-to-date: /home/wheeltec/agribot/agribot_ws/install/yesense_interface/share/yesense_interface/msg/ImuDataTenAxis.msg
[1.530s] -- Up-to-date: /home/wheeltec/agribot/agribot_ws/install/yesense_interface/share/yesense_interface/msg/EulerOnly.msg
[1.530s] -- Up-to-date: /home/wheeltec/agribot/agribot_ws/install/yesense_interface/share/yesense_interface/msg/RobotLord.msg
[1.530s] -- Up-to-date: /home/wheeltec/agribot/agribot_ws/install/yesense_interface/share/yesense_interface/msg/AttitudeMinVru.msg
[1.530s] -- Up-to-date: /home/wheeltec/agribot/agribot_ws/install/yesense_interface/share/yesense_interface/msg/AttitudeMinAhrs.msg
[1.531s] -- Up-to-date: /home/wheeltec/agribot/agribot_ws/install/yesense_interface/share/yesense_interface/msg/AttitudeAllData.msg
[1.531s] -- Up-to-date: /home/wheeltec/agribot/agribot_ws/install/yesense_interface/share/yesense_interface/msg/PosOnly.msg
[1.531s] -- Up-to-date: /home/wheeltec/agribot/agribot_ws/install/yesense_interface/share/yesense_interface/msg/NavMin.msg
[1.531s] -- Up-to-date: /home/wheeltec/agribot/agribot_ws/install/yesense_interface/share/yesense_interface/msg/NavMinUtc.msg
[1.531s] -- Up-to-date: /home/wheeltec/agribot/agribot_ws/install/yesense_interface/share/yesense_interface/msg/NavAll.msg
[1.531s] -- Up-to-date: /home/wheeltec/agribot/agribot_ws/install/yesense_interface/share/ament_index/resource_index/package_run_dependencies/yesense_interface
[1.532s] -- Up-to-date: /home/wheeltec/agribot/agribot_ws/install/yesense_interface/share/ament_index/resource_index/parent_prefix_path/yesense_interface
[1.532s] -- Up-to-date: /home/wheeltec/agribot/agribot_ws/install/yesense_interface/share/yesense_interface/environment/ament_prefix_path.sh
[1.532s] -- Up-to-date: /home/wheeltec/agribot/agribot_ws/install/yesense_interface/share/yesense_interface/environment/ament_prefix_path.dsv
[1.532s] -- Up-to-date: /home/wheeltec/agribot/agribot_ws/install/yesense_interface/share/yesense_interface/environment/path.sh
[1.532s] -- Up-to-date: /home/wheeltec/agribot/agribot_ws/install/yesense_interface/share/yesense_interface/environment/path.dsv
[1.532s] -- Up-to-date: /home/wheeltec/agribot/agribot_ws/install/yesense_interface/share/yesense_interface/local_setup.bash
[1.532s] -- Up-to-date: /home/wheeltec/agribot/agribot_ws/install/yesense_interface/share/yesense_interface/local_setup.sh
[1.533s] -- Up-to-date: /home/wheeltec/agribot/agribot_ws/install/yesense_interface/share/yesense_interface/local_setup.zsh
[1.533s] -- Up-to-date: /home/wheeltec/agribot/agribot_ws/install/yesense_interface/share/yesense_interface/local_setup.dsv
[1.533s] -- Installing: /home/wheeltec/agribot/agribot_ws/install/yesense_interface/share/yesense_interface/package.dsv
[1.533s] -- Up-to-date: /home/wheeltec/agribot/agribot_ws/install/yesense_interface/share/ament_index/resource_index/packages/yesense_interface
[1.533s] -- Up-to-date: /home/wheeltec/agribot/agribot_ws/install/yesense_interface/share/yesense_interface/cmake/export_yesense_interface__rosidl_generator_cExport.cmake
[1.533s] -- Up-to-date: /home/wheeltec/agribot/agribot_ws/install/yesense_interface/share/yesense_interface/cmake/export_yesense_interface__rosidl_generator_cExport-noconfig.cmake
[1.533s] -- Up-to-date: /home/wheeltec/agribot/agribot_ws/install/yesense_interface/share/yesense_interface/cmake/export_yesense_interface__rosidl_typesupport_fastrtps_cExport.cmake
[1.533s] -- Up-to-date: /home/wheeltec/agribot/agribot_ws/install/yesense_interface/share/yesense_interface/cmake/export_yesense_interface__rosidl_typesupport_fastrtps_cExport-noconfig.cmake
[1.534s] -- Up-to-date: /home/wheeltec/agribot/agribot_ws/install/yesense_interface/share/yesense_interface/cmake/yesense_interface__rosidl_typesupport_introspection_cExport.cmake
[1.534s] -- Up-to-date: /home/wheeltec/agribot/agribot_ws/install/yesense_interface/share/yesense_interface/cmake/yesense_interface__rosidl_typesupport_introspection_cExport-noconfig.cmake
[1.534s] -- Up-to-date: /home/wheeltec/agribot/agribot_ws/install/yesense_interface/share/yesense_interface/cmake/yesense_interface__rosidl_typesupport_cExport.cmake
[1.534s] -- Up-to-date: /home/wheeltec/agribot/agribot_ws/install/yesense_interface/share/yesense_interface/cmake/yesense_interface__rosidl_typesupport_cExport-noconfig.cmake
[1.534s] -- Up-to-date: /home/wheeltec/agribot/agribot_ws/install/yesense_interface/share/yesense_interface/cmake/export_yesense_interface__rosidl_generator_cppExport.cmake
[1.534s] -- Up-to-date: /home/wheeltec/agribot/agribot_ws/install/yesense_interface/share/yesense_interface/cmake/export_yesense_interface__rosidl_typesupport_fastrtps_cppExport.cmake
[1.534s] -- Up-to-date: /home/wheeltec/agribot/agribot_ws/install/yesense_interface/share/yesense_interface/cmake/export_yesense_interface__rosidl_typesupport_fastrtps_cppExport-noconfig.cmake
[1.535s] -- Up-to-date: /home/wheeltec/agribot/agribot_ws/install/yesense_interface/share/yesense_interface/cmake/yesense_interface__rosidl_typesupport_introspection_cppExport.cmake
[1.535s] -- Up-to-date: /home/wheeltec/agribot/agribot_ws/install/yesense_interface/share/yesense_interface/cmake/yesense_interface__rosidl_typesupport_introspection_cppExport-noconfig.cmake
[1.535s] -- Up-to-date: /home/wheeltec/agribot/agribot_ws/install/yesense_interface/share/yesense_interface/cmake/yesense_interface__rosidl_typesupport_cppExport.cmake
[1.535s] -- Up-to-date: /home/wheeltec/agribot/agribot_ws/install/yesense_interface/share/yesense_interface/cmake/yesense_interface__rosidl_typesupport_cppExport-noconfig.cmake
[1.535s] -- Up-to-date: /home/wheeltec/agribot/agribot_ws/install/yesense_interface/share/yesense_interface/cmake/export_yesense_interface__rosidl_generator_pyExport.cmake
[1.535s] -- Up-to-date: /home/wheeltec/agribot/agribot_ws/install/yesense_interface/share/yesense_interface/cmake/export_yesense_interface__rosidl_generator_pyExport-noconfig.cmake
[1.535s] -- Up-to-date: /home/wheeltec/agribot/agribot_ws/install/yesense_interface/share/yesense_interface/cmake/rosidl_cmake-extras.cmake
[1.536s] -- Up-to-date: /home/wheeltec/agribot/agribot_ws/install/yesense_interface/share/yesense_interface/cmake/ament_cmake_export_include_directories-extras.cmake
[1.536s] -- Up-to-date: /home/wheeltec/agribot/agribot_ws/install/yesense_interface/share/yesense_interface/cmake/ament_cmake_export_libraries-extras.cmake
[1.536s] -- Up-to-date: /home/wheeltec/agribot/agribot_ws/install/yesense_interface/share/yesense_interface/cmake/ament_cmake_export_targets-extras.cmake
[1.536s] -- Up-to-date: /home/wheeltec/agribot/agribot_ws/install/yesense_interface/share/yesense_interface/cmake/rosidl_cmake_export_typesupport_targets-extras.cmake
[1.536s] -- Up-to-date: /home/wheeltec/agribot/agribot_ws/install/yesense_interface/share/yesense_interface/cmake/ament_cmake_export_dependencies-extras.cmake
[1.536s] -- Up-to-date: /home/wheeltec/agribot/agribot_ws/install/yesense_interface/share/yesense_interface/cmake/rosidl_cmake_export_typesupport_libraries-extras.cmake
[1.536s] -- Up-to-date: /home/wheeltec/agribot/agribot_ws/install/yesense_interface/share/yesense_interface/cmake/rosidl_cmake_aggregate_target-extras.cmake
[1.537s] -- Up-to-date: /home/wheeltec/agribot/agribot_ws/install/yesense_interface/share/yesense_interface/cmake/yesense_interfaceConfig.cmake
[1.537s] -- Up-to-date: /home/wheeltec/agribot/agribot_ws/install/yesense_interface/share/yesense_interface/cmake/yesense_interfaceConfig-version.cmake
[1.537s] -- Up-to-date: /home/wheeltec/agribot/agribot_ws/install/yesense_interface/share/yesense_interface/package.xml
[1.538s] Invoked command in '/home/wheeltec/agribot/agribot_ws/build/yesense_interface' returned '0': CMAKE_PREFIX_PATH=${CMAKE_PREFIX_PATH}:/home/wheeltec/wheeltec_ros2/install/simple_follower_ros2:/home/wheeltec/wheeltec_ros2/install/wheeltec_robot_keyboard:/home/wheeltec/wheeltec_ros2/install/wheeltec_dual_rtk_driver:/home/wheeltec/wheeltec_ros2/install/ultralytics_ros2:/home/wheeltec/wheeltec_ros2/install/tf2_tools:/home/wheeltec/wheeltec_ros2/install/ollama_ros_chat:/home/wheeltec/wheeltec_ros2/install/nmea_navsat_driver:/home/wheeltec/wheeltec_ros2/install/nav2_waypoint_cycle:/home/wheeltec/wheeltec_ros2/install/nav2_simple_commander:/home/wheeltec/wheeltec_ros2/install/auto_recharge_ros2:/opt/ros/humble /usr/bin/cmake --install /home/wheeltec/agribot/agribot_ws/build/yesense_interface
