-- The C compiler identification is GNU 11.4.0
-- The CXX compiler identification is GNU 11.4.0
-- Detecting C compiler ABI info
-- Detecting C compiler ABI info - done
-- Check for working C compiler: /usr/bin/cc - skipped
-- Detecting C compile features
-- Detecting C compile features - done
-- Detecting CXX compiler ABI info
-- Detecting CXX compiler ABI info - done
-- Check for working CXX compiler: /usr/bin/c++ - skipped
-- Detecting CXX compile features
-- Detecting CXX compile features - done
-- Found ament_cmake: 1.3.14 (/opt/ros/humble/share/ament_cmake/cmake)
-- Found Python3: /usr/bin/python3 (found version "3.10.12") found components: Interpreter 
-- Found rclcpp: 16.0.19 (/opt/ros/humble/share/rclcpp/cmake)
-- Found rosidl_generator_c: 3.1.9 (/opt/ros/humble/share/rosidl_generator_c/cmake)
-- Found rosidl_adapter: 3.1.9 (/opt/ros/humble/share/rosidl_adapter/cmake)
-- Found rosidl_generator_cpp: 3.1.9 (/opt/ros/humble/share/rosidl_generator_cpp/cmake)
-- Using all available rosidl_typesupport_c: rosidl_typesupport_fastrtps_c;rosidl_typesupport_introspection_c
-- Using all available rosidl_typesupport_cpp: rosidl_typesupport_fastrtps_cpp;rosidl_typesupport_introspection_cpp
-- Found rmw_implementation_cmake: 6.1.2 (/opt/ros/humble/share/rmw_implementation_cmake/cmake)
-- Found rmw_fastrtps_cpp: 6.2.10 (/opt/ros/humble/share/rmw_fastrtps_cpp/cmake)
-- Found OpenSSL: /usr/lib/aarch64-linux-gnu/libcrypto.so (found version "3.0.2")  
-- Found FastRTPS: /opt/ros/humble/include  
-- Using RMW implementation 'rmw_fastrtps_cpp' as default
-- Looking for pthread.h
-- Looking for pthread.h - found
-- Performing Test CMAKE_HAVE_LIBC_PTHREAD
-- Performing Test CMAKE_HAVE_LIBC_PTHREAD - Success
-- Found Threads: TRUE  
-- Found sensor_msgs: 4.9.1 (/opt/ros/humble/share/sensor_msgs/cmake)
-- Found serial: 1.2.1 (/home/wheeltec/agribot/agribot_ws/install/serial/share/serial/cmake)
-- Found nav_msgs: 4.9.1 (/opt/ros/humble/share/nav_msgs/cmake)
-- Found visualization_msgs: 4.9.1 (/opt/ros/humble/share/visualization_msgs/cmake)
-- Found rosidl_default_generators: 1.2.1 (/opt/ros/humble/share/rosidl_default_generators/cmake)
-- Found yesense_interface: 1.0.0 (/home/wheeltec/agribot/agribot_ws/install/yesense_interface/share/yesense_interface/cmake)
-- Found ament_lint_auto: 0.12.15 (/opt/ros/humble/share/ament_lint_auto/cmake)
-- Added test 'copyright' to check source files copyright and LICENSE
-- Added test 'cppcheck' to perform static code analysis on C / C++ code
-- Configured cppcheck include dirs: /home/wheeltec/agribot/agribot_ws/src/yesense_ros2/yesense_std_ros2/include;/home/wheeltec/agribot/agribot_ws/src/yesense_ros2/yesense_std_ros2/src
-- Configured cppcheck exclude dirs and/or files: 
-- Added test 'cpplint' to check C / C++ code against the Google style
-- Configured cpplint exclude dirs and/or files: 
-- Added test 'flake8' to check Python code syntax and style conventions
-- Added test 'lint_cmake' to check CMake code style
-- Added test 'pep257' to check Python code against some of the docstring style conventions in PEP 257
-- Added test 'uncrustify' to check C / C++ code style
-- Configured uncrustify additional arguments: 
-- Added test 'xmllint' to check XML markup files
-- Configuring done
-- Generating done
-- Build files have been written to: /home/wheeltec/agribot/agribot_ws/build/yesense_std_ros2
[ 50%] [32mBuilding CXX object CMakeFiles/yesense_node_publisher.dir/src/yesense_std_out_decoder.cpp.o[0m
[ 50%] [32mBuilding CXX object CMakeFiles/yesense_node_publisher.dir/src/yesense_decoder.cpp.o[0m
[ 50%] [32mBuilding CXX object CMakeFiles/yesense_node_publisher.dir/src/yesense_node.cpp.o[0m
[ 66%] [32mBuilding CXX object CMakeFiles/yesense_node_subscriber.dir/src/yesense_node_subscriber_example.cpp.o[0m
[ 83%] [32m[1mLinking CXX executable yesense_node_publisher[0m
[ 83%] Built target yesense_node_publisher
[100%] [32m[1mLinking CXX executable yesense_node_subscriber[0m
[100%] Built target yesense_node_subscriber
-- Install configuration: ""
-- Installing: /home/wheeltec/agribot/agribot_ws/install/yesense_std_ros2/share/yesense_std_ros2/launch
-- Installing: /home/wheeltec/agribot/agribot_ws/install/yesense_std_ros2/share/yesense_std_ros2/launch/yesense_node.launch.py
-- Installing: /home/wheeltec/agribot/agribot_ws/install/yesense_std_ros2/share/yesense_std_ros2/config
-- Installing: /home/wheeltec/agribot/agribot_ws/install/yesense_std_ros2/share/yesense_std_ros2/config/yesense_config.yaml
-- Installing: /home/wheeltec/agribot/agribot_ws/install/yesense_std_ros2/lib/yesense_std_ros2/yesense_node_publisher
-- Set runtime path of "/home/wheeltec/agribot/agribot_ws/install/yesense_std_ros2/lib/yesense_std_ros2/yesense_node_publisher" to ""
-- Installing: /home/wheeltec/agribot/agribot_ws/install/yesense_std_ros2/lib/yesense_std_ros2/yesense_node_subscriber
-- Set runtime path of "/home/wheeltec/agribot/agribot_ws/install/yesense_std_ros2/lib/yesense_std_ros2/yesense_node_subscriber" to ""
-- Installing: /home/wheeltec/agribot/agribot_ws/install/yesense_std_ros2/share/ament_index/resource_index/package_run_dependencies/yesense_std_ros2
-- Installing: /home/wheeltec/agribot/agribot_ws/install/yesense_std_ros2/share/ament_index/resource_index/parent_prefix_path/yesense_std_ros2
-- Installing: /home/wheeltec/agribot/agribot_ws/install/yesense_std_ros2/share/yesense_std_ros2/environment/ament_prefix_path.sh
-- Installing: /home/wheeltec/agribot/agribot_ws/install/yesense_std_ros2/share/yesense_std_ros2/environment/ament_prefix_path.dsv
-- Installing: /home/wheeltec/agribot/agribot_ws/install/yesense_std_ros2/share/yesense_std_ros2/environment/path.sh
-- Installing: /home/wheeltec/agribot/agribot_ws/install/yesense_std_ros2/share/yesense_std_ros2/environment/path.dsv
-- Installing: /home/wheeltec/agribot/agribot_ws/install/yesense_std_ros2/share/yesense_std_ros2/local_setup.bash
-- Installing: /home/wheeltec/agribot/agribot_ws/install/yesense_std_ros2/share/yesense_std_ros2/local_setup.sh
-- Installing: /home/wheeltec/agribot/agribot_ws/install/yesense_std_ros2/share/yesense_std_ros2/local_setup.zsh
-- Installing: /home/wheeltec/agribot/agribot_ws/install/yesense_std_ros2/share/yesense_std_ros2/local_setup.dsv
-- Installing: /home/wheeltec/agribot/agribot_ws/install/yesense_std_ros2/share/yesense_std_ros2/package.dsv
-- Installing: /home/wheeltec/agribot/agribot_ws/install/yesense_std_ros2/share/ament_index/resource_index/packages/yesense_std_ros2
-- Installing: /home/wheeltec/agribot/agribot_ws/install/yesense_std_ros2/share/yesense_std_ros2/cmake/yesense_std_ros2Config.cmake
-- Installing: /home/wheeltec/agribot/agribot_ws/install/yesense_std_ros2/share/yesense_std_ros2/cmake/yesense_std_ros2Config-version.cmake
-- Installing: /home/wheeltec/agribot/agribot_ws/install/yesense_std_ros2/share/yesense_std_ros2/package.xml
