-- Found ament_cmake: 1.3.14 (/opt/ros/humble/share/ament_cmake/cmake)
-- Override CMake install command with custom implementation using symlinks instead of copying resources
-- Found rclcpp: 16.0.19 (/opt/ros/humble/share/rclcpp/cmake)
-- Found rosidl_generator_c: 3.1.9 (/opt/ros/humble/share/rosidl_generator_c/cmake)
-- Found rosidl_adapter: 3.1.9 (/opt/ros/humble/share/rosidl_adapter/cmake)
-- Found rosidl_generator_cpp: 3.1.9 (/opt/ros/humble/share/rosidl_generator_cpp/cmake)
-- Using all available rosidl_typesupport_c: rosidl_typesupport_fastrtps_c;rosidl_typesupport_introspection_c
-- Using all available rosidl_typesupport_cpp: rosidl_typesupport_fastrtps_cpp;rosidl_typesupport_introspection_cpp
-- Found rmw_implementation_cmake: 6.1.2 (/opt/ros/humble/share/rmw_implementation_cmake/cmake)
-- Found rmw_fastrtps_cpp: 6.2.10 (/opt/ros/humble/share/rmw_fastrtps_cpp/cmake)
-- Using RMW implementation 'rmw_fastrtps_cpp' as default
-- Found serial: 1.2.1 (/home/wheeltec/agribot/agribot_ws/install/serial/share/serial/cmake)
-- Found sensor_msgs: 4.9.1 (/opt/ros/humble/share/sensor_msgs/cmake)
-- Found nav_msgs: 4.9.1 (/opt/ros/humble/share/nav_msgs/cmake)
-- Found tf2: 0.25.20 (/opt/ros/humble/share/tf2/cmake)
-- Found tf2_ros: 0.25.20 (/opt/ros/humble/share/tf2_ros/cmake)
-- Found tf2_geometry_msgs: 0.25.20 (/opt/ros/humble/share/tf2_geometry_msgs/cmake)
-- Found eigen3_cmake_module: 0.1.1 (/opt/ros/humble/share/eigen3_cmake_module/cmake)
-- Ensuring Eigen3 include directory is part of orocos-kdl CMake target
-- Found ament_lint_auto: 0.12.15 (/opt/ros/humble/share/ament_lint_auto/cmake)
-- Found ament_cmake_gtest: 1.3.14 (/opt/ros/humble/share/ament_cmake_gtest/cmake)
-- Found gtest sources under '/opt/ros/humble/src/gtest_vendor': C++ tests using 'Google Test' will be built
-- Added test 'cppcheck' to perform static code analysis on C / C++ code
-- Configured cppcheck include dirs: /home/wheeltec/agribot/agribot_ws/src/turn_on_32chassis/include
-- Configured cppcheck exclude dirs and/or files: 
-- Added test 'flake8' to check Python code syntax and style conventions
-- Added test 'lint_cmake' to check CMake code style
-- Added test 'pep257' to check Python code against some of the docstring style conventions in PEP 257
-- Added test 'uncrustify' to check C / C++ code style
-- Configured uncrustify additional arguments: 
-- Added test 'xmllint' to check XML markup files
-- Configuring done
-- Generating done
-- Build files have been written to: /home/wheeltec/agribot/agribot_ws/build/turn_on_32chassis
[  7%] Building CXX object gtest/CMakeFiles/gtest_main.dir/src/gtest_main.cc.o
Consolidate compiler generated dependencies of target imu_source_selector_node
[ 15%] Building CXX object CMakeFiles/slip_aware_odometry_node.dir/src/slip_aware_odometry.cpp.o
[ 23%] Building CXX object gtest/CMakeFiles/gtest.dir/src/gtest-all.cc.o
[ 30%] Building CXX object CMakeFiles/imu_source_selector_node.dir/src/imu_source_selector.cpp.o
Consolidate compiler generated dependencies of target turn_on_32chassis_node
[ 38%] Building CXX object CMakeFiles/turn_on_32chassis_node.dir/src/Quaternion_Solution.cpp.o
[ 46%] Building CXX object CMakeFiles/turn_on_32chassis_node.dir/src/turn_on_32chassis.cpp.o
[ 53%] Linking CXX static library libgtest_main.a
[ 53%] Built target gtest_main
[ 61%] Linking CXX static library libgtest.a
[ 61%] Built target gtest
[ 69%] Building CXX object CMakeFiles/test_wheel_trust_monitor.dir/test/test_wheel_trust_monitor.cpp.o
[ 76%] Linking CXX executable test_wheel_trust_monitor
[ 76%] Built target test_wheel_trust_monitor
[ 84%] Linking CXX executable imu_source_selector_node
[ 92%] Linking CXX executable slip_aware_odometry_node
[100%] Linking CXX executable turn_on_32chassis_node
[100%] Built target imu_source_selector_node
[100%] Built target turn_on_32chassis_node
[100%] Built target slip_aware_odometry_node
-- Install configuration: ""
-- Execute custom install script
-- Symlinking: /home/wheeltec/agribot/agribot_ws/install/turn_on_32chassis/lib/turn_on_32chassis/turn_on_32chassis_node
-- Symlinking: /home/wheeltec/agribot/agribot_ws/install/turn_on_32chassis/lib/turn_on_32chassis/imu_source_selector_node
-- Symlinking: /home/wheeltec/agribot/agribot_ws/install/turn_on_32chassis/lib/turn_on_32chassis/slip_aware_odometry_node
-- Symlinking: /home/wheeltec/agribot/agribot_ws/install/turn_on_32chassis/share/turn_on_32chassis/launch/turn_on_32chassis.launch.py
-- Symlinking: /home/wheeltec/agribot/agribot_ws/install/turn_on_32chassis/share/turn_on_32chassis/urdf/meshes/bases/burger_base.stl
-- Symlinking: /home/wheeltec/agribot/agribot_ws/install/turn_on_32chassis/share/turn_on_32chassis/urdf/meshes/bases/waffle_base.stl
-- Symlinking: /home/wheeltec/agribot/agribot_ws/install/turn_on_32chassis/share/turn_on_32chassis/urdf/meshes/bases/waffle_pi_base.stl
-- Symlinking: /home/wheeltec/agribot/agribot_ws/install/turn_on_32chassis/share/turn_on_32chassis/urdf/meshes/mid-360-asm.stl
-- Symlinking: /home/wheeltec/agribot/agribot_ws/install/turn_on_32chassis/share/turn_on_32chassis/urdf/meshes/mini_4wd_moveit_four_meshes/arm_base_link.STL
-- Symlinking: /home/wheeltec/agribot/agribot_ws/install/turn_on_32chassis/share/turn_on_32chassis/urdf/meshes/mini_4wd_moveit_four_meshes/base_link.STL
-- Symlinking: /home/wheeltec/agribot/agribot_ws/install/turn_on_32chassis/share/turn_on_32chassis/urdf/meshes/mini_4wd_moveit_four_meshes/camera_link.STL
-- Symlinking: /home/wheeltec/agribot/agribot_ws/install/turn_on_32chassis/share/turn_on_32chassis/urdf/meshes/mini_4wd_moveit_four_meshes/controller_link.STL
-- Symlinking: /home/wheeltec/agribot/agribot_ws/install/turn_on_32chassis/share/turn_on_32chassis/urdf/meshes/mini_4wd_moveit_four_meshes/display_link.STL
-- Symlinking: /home/wheeltec/agribot/agribot_ws/install/turn_on_32chassis/share/turn_on_32chassis/urdf/meshes/mini_4wd_moveit_four_meshes/j1_link.STL
-- Symlinking: /home/wheeltec/agribot/agribot_ws/install/turn_on_32chassis/share/turn_on_32chassis/urdf/meshes/mini_4wd_moveit_four_meshes/j2_link.STL
-- Symlinking: /home/wheeltec/agribot/agribot_ws/install/turn_on_32chassis/share/turn_on_32chassis/urdf/meshes/mini_4wd_moveit_four_meshes/j3_link.STL
-- Symlinking: /home/wheeltec/agribot/agribot_ws/install/turn_on_32chassis/share/turn_on_32chassis/urdf/meshes/mini_4wd_moveit_four_meshes/j4_1_link.STL
-- Symlinking: /home/wheeltec/agribot/agribot_ws/install/turn_on_32chassis/share/turn_on_32chassis/urdf/meshes/mini_4wd_moveit_four_meshes/j4_2_link.STL
-- Symlinking: /home/wheeltec/agribot/agribot_ws/install/turn_on_32chassis/share/turn_on_32chassis/urdf/meshes/mini_4wd_moveit_four_meshes/j4_3_link.STL
-- Symlinking: /home/wheeltec/agribot/agribot_ws/install/turn_on_32chassis/share/turn_on_32chassis/urdf/meshes/mini_4wd_moveit_four_meshes/j4_4_link.STL
-- Symlinking: /home/wheeltec/agribot/agribot_ws/install/turn_on_32chassis/share/turn_on_32chassis/urdf/meshes/mini_4wd_moveit_four_meshes/j4_5_link.STL
-- Symlinking: /home/wheeltec/agribot/agribot_ws/install/turn_on_32chassis/share/turn_on_32chassis/urdf/meshes/mini_4wd_moveit_four_meshes/j4_6_link.STL
-- Symlinking: /home/wheeltec/agribot/agribot_ws/install/turn_on_32chassis/share/turn_on_32chassis/urdf/meshes/mini_4wd_moveit_four_meshes/laser.STL
-- Symlinking: /home/wheeltec/agribot/agribot_ws/install/turn_on_32chassis/share/turn_on_32chassis/urdf/meshes/mini_4wd_moveit_four_meshes/lb_wheel_link.STL
-- Symlinking: /home/wheeltec/agribot/agribot_ws/install/turn_on_32chassis/share/turn_on_32chassis/urdf/meshes/mini_4wd_moveit_four_meshes/lf_wheel_link.STL
-- Symlinking: /home/wheeltec/agribot/agribot_ws/install/turn_on_32chassis/share/turn_on_32chassis/urdf/meshes/mini_4wd_moveit_four_meshes/rb_wheel_link.STL
-- Symlinking: /home/wheeltec/agribot/agribot_ws/install/turn_on_32chassis/share/turn_on_32chassis/urdf/meshes/mini_4wd_moveit_four_meshes/rf_wheel_link.STL
-- Symlinking: /home/wheeltec/agribot/agribot_ws/install/turn_on_32chassis/share/turn_on_32chassis/urdf/meshes/mini_4wd_robot_meshes/base_link.STL
-- Symlinking: /home/wheeltec/agribot/agribot_ws/install/turn_on_32chassis/share/turn_on_32chassis/urdf/meshes/mini_4wd_robot_meshes/camera_link.STL
-- Symlinking: /home/wheeltec/agribot/agribot_ws/install/turn_on_32chassis/share/turn_on_32chassis/urdf/meshes/mini_4wd_robot_meshes/controller_link.STL
-- Symlinking: /home/wheeltec/agribot/agribot_ws/install/turn_on_32chassis/share/turn_on_32chassis/urdf/meshes/mini_4wd_robot_meshes/laser.STL
-- Symlinking: /home/wheeltec/agribot/agribot_ws/install/turn_on_32chassis/share/turn_on_32chassis/urdf/meshes/mini_4wd_robot_meshes/lb_wheel_link.STL
-- Symlinking: /home/wheeltec/agribot/agribot_ws/install/turn_on_32chassis/share/turn_on_32chassis/urdf/meshes/mini_4wd_robot_meshes/lf_wheel_link.STL
-- Symlinking: /home/wheeltec/agribot/agribot_ws/install/turn_on_32chassis/share/turn_on_32chassis/urdf/meshes/mini_4wd_robot_meshes/rb_wheel_link.STL
-- Symlinking: /home/wheeltec/agribot/agribot_ws/install/turn_on_32chassis/share/turn_on_32chassis/urdf/meshes/mini_4wd_robot_meshes/rf_wheel_link.STL
-- Symlinking: /home/wheeltec/agribot/agribot_ws/install/turn_on_32chassis/share/turn_on_32chassis/urdf/meshes/mini_akm_meshes/base_link.STL
-- Symlinking: /home/wheeltec/agribot/agribot_ws/install/turn_on_32chassis/share/turn_on_32chassis/urdf/meshes/mini_akm_meshes/camera_link.STL
-- Symlinking: /home/wheeltec/agribot/agribot_ws/install/turn_on_32chassis/share/turn_on_32chassis/urdf/meshes/mini_akm_meshes/controller_link.STL
-- Symlinking: /home/wheeltec/agribot/agribot_ws/install/turn_on_32chassis/share/turn_on_32chassis/urdf/meshes/mini_akm_meshes/front_link.STL
-- Symlinking: /home/wheeltec/agribot/agribot_ws/install/turn_on_32chassis/share/turn_on_32chassis/urdf/meshes/mini_akm_meshes/laser_link.STL
-- Symlinking: /home/wheeltec/agribot/agribot_ws/install/turn_on_32chassis/share/turn_on_32chassis/urdf/meshes/mini_akm_meshes/lb_link.STL
-- Symlinking: /home/wheeltec/agribot/agribot_ws/install/turn_on_32chassis/share/turn_on_32chassis/urdf/meshes/mini_akm_meshes/left_link.STL
-- Symlinking: /home/wheeltec/agribot/agribot_ws/install/turn_on_32chassis/share/turn_on_32chassis/urdf/meshes/mini_akm_meshes/lf_link.STL
-- Symlinking: /home/wheeltec/agribot/agribot_ws/install/turn_on_32chassis/share/turn_on_32chassis/urdf/meshes/mini_akm_meshes/rb_link.STL
-- Symlinking: /home/wheeltec/agribot/agribot_ws/install/turn_on_32chassis/share/turn_on_32chassis/urdf/meshes/mini_akm_meshes/rf_link.STL
-- Symlinking: /home/wheeltec/agribot/agribot_ws/install/turn_on_32chassis/share/turn_on_32chassis/urdf/meshes/mini_akm_meshes/right_link.STL
-- Symlinking: /home/wheeltec/agribot/agribot_ws/install/turn_on_32chassis/share/turn_on_32chassis/urdf/meshes/mini_akm_robot_meshes/base_link.STL
-- Symlinking: /home/wheeltec/agribot/agribot_ws/install/turn_on_32chassis/share/turn_on_32chassis/urdf/meshes/mini_akm_robot_meshes/camera_link.STL
-- Symlinking: /home/wheeltec/agribot/agribot_ws/install/turn_on_32chassis/share/turn_on_32chassis/urdf/meshes/mini_akm_robot_meshes/controller_link.STL
-- Symlinking: /home/wheeltec/agribot/agribot_ws/install/turn_on_32chassis/share/turn_on_32chassis/urdf/meshes/mini_akm_robot_meshes/front_link.STL
-- Symlinking: /home/wheeltec/agribot/agribot_ws/install/turn_on_32chassis/share/turn_on_32chassis/urdf/meshes/mini_akm_robot_meshes/laser.STL
-- Symlinking: /home/wheeltec/agribot/agribot_ws/install/turn_on_32chassis/share/turn_on_32chassis/urdf/meshes/mini_akm_robot_meshes/lb_link.STL
-- Symlinking: /home/wheeltec/agribot/agribot_ws/install/turn_on_32chassis/share/turn_on_32chassis/urdf/meshes/mini_akm_robot_meshes/left_link.STL
-- Symlinking: /home/wheeltec/agribot/agribot_ws/install/turn_on_32chassis/share/turn_on_32chassis/urdf/meshes/mini_akm_robot_meshes/lf_link.STL
-- Symlinking: /home/wheeltec/agribot/agribot_ws/install/turn_on_32chassis/share/turn_on_32chassis/urdf/meshes/mini_akm_robot_meshes/rb_link.STL
-- Symlinking: /home/wheeltec/agribot/agribot_ws/install/turn_on_32chassis/share/turn_on_32chassis/urdf/meshes/mini_akm_robot_meshes/rf_link.STL
-- Symlinking: /home/wheeltec/agribot/agribot_ws/install/turn_on_32chassis/share/turn_on_32chassis/urdf/meshes/mini_akm_robot_meshes/right_link.STL
-- Symlinking: /home/wheeltec/agribot/agribot_ws/install/turn_on_32chassis/share/turn_on_32chassis/urdf/meshes/wheels/left_tire.stl
-- Symlinking: /home/wheeltec/agribot/agribot_ws/install/turn_on_32chassis/share/turn_on_32chassis/urdf/meshes/wheels/right_tire.stl
-- Symlinking: /home/wheeltec/agribot/agribot_ws/install/turn_on_32chassis/share/turn_on_32chassis/urdf/urdf/agribot.urdf.xacro
-- Symlinking: /home/wheeltec/agribot/agribot_ws/install/turn_on_32chassis/share/turn_on_32chassis/urdf/urdf/mini_4wd_robot.urdf.xacro
-- Symlinking: /home/wheeltec/agribot/agribot_ws/install/turn_on_32chassis/share/turn_on_32chassis/config/bringup.yaml
-- Symlinking: /home/wheeltec/agribot/agribot_ws/install/turn_on_32chassis/share/turn_on_32chassis/config/ekf.yaml
-- Symlinking: /home/wheeltec/agribot/agribot_ws/install/turn_on_32chassis/share/turn_on_32chassis/config/imuconfig.yaml
-- Symlinking: /home/wheeltec/agribot/agribot_ws/install/turn_on_32chassis/share/turn_on_32chassis/config/rviz2_config_agribot.rviz
-- Symlinking: /home/wheeltec/agribot/agribot_ws/install/turn_on_32chassis/share/ament_index/resource_index/package_run_dependencies/turn_on_32chassis
-- Symlinking: /home/wheeltec/agribot/agribot_ws/install/turn_on_32chassis/share/ament_index/resource_index/parent_prefix_path/turn_on_32chassis
-- Symlinking: /home/wheeltec/agribot/agribot_ws/install/turn_on_32chassis/share/turn_on_32chassis/environment/ament_prefix_path.sh
-- Symlinking: /home/wheeltec/agribot/agribot_ws/install/turn_on_32chassis/share/turn_on_32chassis/environment/ament_prefix_path.dsv
-- Symlinking: /home/wheeltec/agribot/agribot_ws/install/turn_on_32chassis/share/turn_on_32chassis/environment/path.sh
-- Symlinking: /home/wheeltec/agribot/agribot_ws/install/turn_on_32chassis/share/turn_on_32chassis/environment/path.dsv
-- Symlinking: /home/wheeltec/agribot/agribot_ws/install/turn_on_32chassis/share/turn_on_32chassis/local_setup.bash
-- Symlinking: /home/wheeltec/agribot/agribot_ws/install/turn_on_32chassis/share/turn_on_32chassis/local_setup.sh
-- Symlinking: /home/wheeltec/agribot/agribot_ws/install/turn_on_32chassis/share/turn_on_32chassis/local_setup.zsh
-- Symlinking: /home/wheeltec/agribot/agribot_ws/install/turn_on_32chassis/share/turn_on_32chassis/local_setup.dsv
-- Symlinking: /home/wheeltec/agribot/agribot_ws/install/turn_on_32chassis/share/turn_on_32chassis/package.dsv
-- Symlinking: /home/wheeltec/agribot/agribot_ws/install/turn_on_32chassis/share/ament_index/resource_index/packages/turn_on_32chassis
-- Symlinking: /home/wheeltec/agribot/agribot_ws/install/turn_on_32chassis/share/turn_on_32chassis/cmake/turn_on_32chassisConfig.cmake
-- Symlinking: /home/wheeltec/agribot/agribot_ws/install/turn_on_32chassis/share/turn_on_32chassis/cmake/turn_on_32chassisConfig-version.cmake
-- Symlinking: /home/wheeltec/agribot/agribot_ws/install/turn_on_32chassis/share/turn_on_32chassis/package.xml
