-- Found rosidl_default_generators: 1.2.1 (/opt/ros/humble/share/rosidl_default_generators/cmake)
-- Found ament_cmake_core: 1.3.14 (/opt/ros/humble/share/ament_cmake_core/cmake)
-- Using all available rosidl_typesupport_c: rosidl_typesupport_fastrtps_c;rosidl_typesupport_introspection_c
-- Found rosidl_adapter: 3.1.9 (/opt/ros/humble/share/rosidl_adapter/cmake)
-- Using all available rosidl_typesupport_cpp: rosidl_typesupport_fastrtps_cpp;rosidl_typesupport_introspection_cpp
-- Configuring done
-- Generating done
-- Build files have been written to: /home/wheeltec/agribot/agribot_ws/build/serial
[35m[1mConsolidate compiler generated dependencies of target serial[0m
[ 75%] [32mBuilding CXX object CMakeFiles/serial.dir/src/serial.cc.o[0m
[ 75%] [32mBuilding CXX object CMakeFiles/serial.dir/src/impl/unix.cc.o[0m
[ 50%] [32mBuilding CXX object CMakeFiles/serial.dir/src/impl/list_ports/list_ports_linux.cc.o[0m
[100%] [32m[1mLinking CXX static library libserial.a[0m
[100%] Built target serial
-- Install configuration: ""
-- Installing: /home/wheeltec/agribot/agribot_ws/install/serial/lib/libserial.a
-- Installing: /home/wheeltec/agribot/agribot_ws/install/serial/share/serial/environment/library_path.sh
-- Installing: /home/wheeltec/agribot/agribot_ws/install/serial/share/serial/environment/library_path.dsv
-- Up-to-date: /home/wheeltec/agribot/agribot_ws/install/serial/include/serial
-- Up-to-date: /home/wheeltec/agribot/agribot_ws/install/serial/include/serial/impl
-- Up-to-date: /home/wheeltec/agribot/agribot_ws/install/serial/include/serial/impl/unix.h
-- Up-to-date: /home/wheeltec/agribot/agribot_ws/install/serial/include/serial/impl/win.h
-- Up-to-date: /home/wheeltec/agribot/agribot_ws/install/serial/include/serial/serial.h
-- Up-to-date: /home/wheeltec/agribot/agribot_ws/install/serial/include/serial/v8stdint.h
-- Up-to-date: /home/wheeltec/agribot/agribot_ws/install/serial/share/ament_index/resource_index/package_run_dependencies/serial
-- Installing: /home/wheeltec/agribot/agribot_ws/install/serial/share/ament_index/resource_index/parent_prefix_path/serial
-- Installing: /home/wheeltec/agribot/agribot_ws/install/serial/share/serial/environment/ament_prefix_path.sh
-- Installing: /home/wheeltec/agribot/agribot_ws/install/serial/share/serial/environment/ament_prefix_path.dsv
-- Installing: /home/wheeltec/agribot/agribot_ws/install/serial/share/serial/environment/path.sh
-- Installing: /home/wheeltec/agribot/agribot_ws/install/serial/share/serial/environment/path.dsv
-- Up-to-date: /home/wheeltec/agribot/agribot_ws/install/serial/share/serial/local_setup.bash
-- Up-to-date: /home/wheeltec/agribot/agribot_ws/install/serial/share/serial/local_setup.sh
-- Up-to-date: /home/wheeltec/agribot/agribot_ws/install/serial/share/serial/local_setup.zsh
-- Installing: /home/wheeltec/agribot/agribot_ws/install/serial/share/serial/local_setup.dsv
-- Installing: /home/wheeltec/agribot/agribot_ws/install/serial/share/serial/package.dsv
-- Up-to-date: /home/wheeltec/agribot/agribot_ws/install/serial/share/ament_index/resource_index/packages/serial
-- Up-to-date: /home/wheeltec/agribot/agribot_ws/install/serial/share/serial/cmake/ament_cmake_export_include_directories-extras.cmake
-- Up-to-date: /home/wheeltec/agribot/agribot_ws/install/serial/share/serial/cmake/ament_cmake_export_libraries-extras.cmake
-- Up-to-date: /home/wheeltec/agribot/agribot_ws/install/serial/share/serial/cmake/ament_cmake_export_dependencies-extras.cmake
-- Up-to-date: /home/wheeltec/agribot/agribot_ws/install/serial/share/serial/cmake/serialConfig.cmake
-- Up-to-date: /home/wheeltec/agribot/agribot_ws/install/serial/share/serial/cmake/serialConfig-version.cmake
-- Up-to-date: /home/wheeltec/agribot/agribot_ws/install/serial/share/serial/package.xml
