[0.044s] Invoking command in '/home/wheeltec/agribot/agribot_ws/build/turn_on_agribot': CMAKE_PREFIX_PATH=${CMAKE_PREFIX_PATH}:/home/wheeltec/wheeltec_ros2/install/simple_follower_ros2:/home/wheeltec/wheeltec_ros2/install/wheeltec_robot_keyboard:/home/wheeltec/wheeltec_ros2/install/wheeltec_dual_rtk_driver:/home/wheeltec/wheeltec_ros2/install/ultralytics_ros2:/home/wheeltec/wheeltec_ros2/install/tf2_tools:/home/wheeltec/wheeltec_ros2/install/ollama_ros_chat:/home/wheeltec/wheeltec_ros2/install/nmea_navsat_driver:/home/wheeltec/wheeltec_ros2/install/nav2_waypoint_cycle:/home/wheeltec/wheeltec_ros2/install/nav2_simple_commander:/home/wheeltec/wheeltec_ros2/install/auto_recharge_ros2:/opt/ros/humble /usr/bin/cmake /home/wheeltec/agribot/agribot_ws/src/turn_on_agribot -DCMAKE_INSTALL_PREFIX=/home/wheeltec/agribot/agribot_ws/install/turn_on_agribot
[0.150s] -- The C compiler identification is GNU 11.4.0
[0.255s] -- The CXX compiler identification is GNU 11.4.0
[0.277s] -- Detecting C compiler ABI info
[0.428s] -- Detecting C compiler ABI info - done
[0.441s] -- Check for working C compiler: /usr/bin/cc - skipped
[0.442s] -- Detecting C compile features
[0.442s] -- Detecting C compile features - done
[0.448s] -- Detecting CXX compiler ABI info
[0.591s] -- Detecting CXX compiler ABI info - done
[0.617s] -- Check for working CXX compiler: /usr/bin/c++ - skipped
[0.618s] -- Detecting CXX compile features
[0.620s] -- Detecting CXX compile features - done
[0.655s] -- Found ament_cmake: 1.3.12 (/opt/ros/humble/share/ament_cmake/cmake)
[1.109s] -- Found Python3: /usr/bin/python3 (found version "3.10.12") found components: Interpreter 
[1.590s] -- Found ament_lint_auto: 0.12.14 (/opt/ros/humble/share/ament_lint_auto/cmake)
[1.909s] -- Added test 'flake8' to check Python code syntax and style conventions
[1.913s] -- Added test 'lint_cmake' to check CMake code style
[1.918s] -- Added test 'pep257' to check Python code against some of the docstring style conventions in PEP 257
[1.923s] -- Added test 'xmllint' to check XML markup files
[1.932s] -- Configuring done
[1.939s] -- Generating done
[1.943s] -- Build files have been written to: /home/wheeltec/agribot/agribot_ws/build/turn_on_agribot
[1.955s] Invoked command in '/home/wheeltec/agribot/agribot_ws/build/turn_on_agribot' returned '0': CMAKE_PREFIX_PATH=${CMAKE_PREFIX_PATH}:/home/wheeltec/wheeltec_ros2/install/simple_follower_ros2:/home/wheeltec/wheeltec_ros2/install/wheeltec_robot_keyboard:/home/wheeltec/wheeltec_ros2/install/wheeltec_dual_rtk_driver:/home/wheeltec/wheeltec_ros2/install/ultralytics_ros2:/home/wheeltec/wheeltec_ros2/install/tf2_tools:/home/wheeltec/wheeltec_ros2/install/ollama_ros_chat:/home/wheeltec/wheeltec_ros2/install/nmea_navsat_driver:/home/wheeltec/wheeltec_ros2/install/nav2_waypoint_cycle:/home/wheeltec/wheeltec_ros2/install/nav2_simple_commander:/home/wheeltec/wheeltec_ros2/install/auto_recharge_ros2:/opt/ros/humble /usr/bin/cmake /home/wheeltec/agribot/agribot_ws/src/turn_on_agribot -DCMAKE_INSTALL_PREFIX=/home/wheeltec/agribot/agribot_ws/install/turn_on_agribot
[1.960s] Invoking command in '/home/wheeltec/agribot/agribot_ws/build/turn_on_agribot': CMAKE_PREFIX_PATH=${CMAKE_PREFIX_PATH}:/home/wheeltec/wheeltec_ros2/install/simple_follower_ros2:/home/wheeltec/wheeltec_ros2/install/wheeltec_robot_keyboard:/home/wheeltec/wheeltec_ros2/install/wheeltec_dual_rtk_driver:/home/wheeltec/wheeltec_ros2/install/ultralytics_ros2:/home/wheeltec/wheeltec_ros2/install/tf2_tools:/home/wheeltec/wheeltec_ros2/install/ollama_ros_chat:/home/wheeltec/wheeltec_ros2/install/nmea_navsat_driver:/home/wheeltec/wheeltec_ros2/install/nav2_waypoint_cycle:/home/wheeltec/wheeltec_ros2/install/nav2_simple_commander:/home/wheeltec/wheeltec_ros2/install/auto_recharge_ros2:/opt/ros/humble /usr/bin/cmake --build /home/wheeltec/agribot/agribot_ws/build/turn_on_agribot -- -j8 -l8
[2.032s] Invoked command in '/home/wheeltec/agribot/agribot_ws/build/turn_on_agribot' returned '0': CMAKE_PREFIX_PATH=${CMAKE_PREFIX_PATH}:/home/wheeltec/wheeltec_ros2/install/simple_follower_ros2:/home/wheeltec/wheeltec_ros2/install/wheeltec_robot_keyboard:/home/wheeltec/wheeltec_ros2/install/wheeltec_dual_rtk_driver:/home/wheeltec/wheeltec_ros2/install/ultralytics_ros2:/home/wheeltec/wheeltec_ros2/install/tf2_tools:/home/wheeltec/wheeltec_ros2/install/ollama_ros_chat:/home/wheeltec/wheeltec_ros2/install/nmea_navsat_driver:/home/wheeltec/wheeltec_ros2/install/nav2_waypoint_cycle:/home/wheeltec/wheeltec_ros2/install/nav2_simple_commander:/home/wheeltec/wheeltec_ros2/install/auto_recharge_ros2:/opt/ros/humble /usr/bin/cmake --build /home/wheeltec/agribot/agribot_ws/build/turn_on_agribot -- -j8 -l8
[2.037s] Invoking command in '/home/wheeltec/agribot/agribot_ws/build/turn_on_agribot': CMAKE_PREFIX_PATH=${CMAKE_PREFIX_PATH}:/home/wheeltec/wheeltec_ros2/install/simple_follower_ros2:/home/wheeltec/wheeltec_ros2/install/wheeltec_robot_keyboard:/home/wheeltec/wheeltec_ros2/install/wheeltec_dual_rtk_driver:/home/wheeltec/wheeltec_ros2/install/ultralytics_ros2:/home/wheeltec/wheeltec_ros2/install/tf2_tools:/home/wheeltec/wheeltec_ros2/install/ollama_ros_chat:/home/wheeltec/wheeltec_ros2/install/nmea_navsat_driver:/home/wheeltec/wheeltec_ros2/install/nav2_waypoint_cycle:/home/wheeltec/wheeltec_ros2/install/nav2_simple_commander:/home/wheeltec/wheeltec_ros2/install/auto_recharge_ros2:/opt/ros/humble /usr/bin/cmake --install /home/wheeltec/agribot/agribot_ws/build/turn_on_agribot
[2.051s] -- Install configuration: ""
[2.051s] -- Installing: /home/wheeltec/agribot/agribot_ws/install/turn_on_agribot/share/turn_on_agribot/launch
[2.052s] -- Installing: /home/wheeltec/agribot/agribot_ws/install/turn_on_agribot/share/turn_on_agribot/launch/turn_on_agribot.launch.py
[2.052s] -- Installing: /home/wheeltec/agribot/agribot_ws/install/turn_on_agribot/share/ament_index/resource_index/package_run_dependencies/turn_on_agribot
[2.052s] -- Installing: /home/wheeltec/agribot/agribot_ws/install/turn_on_agribot/share/ament_index/resource_index/parent_prefix_path/turn_on_agribot
[2.052s] -- Installing: /home/wheeltec/agribot/agribot_ws/install/turn_on_agribot/share/turn_on_agribot/environment/ament_prefix_path.sh
[2.053s] -- Installing: /home/wheeltec/agribot/agribot_ws/install/turn_on_agribot/share/turn_on_agribot/environment/ament_prefix_path.dsv
[2.053s] -- Installing: /home/wheeltec/agribot/agribot_ws/install/turn_on_agribot/share/turn_on_agribot/environment/path.sh
[2.053s] -- Installing: /home/wheeltec/agribot/agribot_ws/install/turn_on_agribot/share/turn_on_agribot/environment/path.dsv
[2.053s] -- Installing: /home/wheeltec/agribot/agribot_ws/install/turn_on_agribot/share/turn_on_agribot/local_setup.bash
[2.054s] -- Installing: /home/wheeltec/agribot/agribot_ws/install/turn_on_agribot/share/turn_on_agribot/local_setup.sh
[2.054s] -- Installing: /home/wheeltec/agribot/agribot_ws/install/turn_on_agribot/share/turn_on_agribot/local_setup.zsh
[2.054s] -- Installing: /home/wheeltec/agribot/agribot_ws/install/turn_on_agribot/share/turn_on_agribot/local_setup.dsv
[2.054s] -- Installing: /home/wheeltec/agribot/agribot_ws/install/turn_on_agribot/share/turn_on_agribot/package.dsv
[2.055s] -- Installing: /home/wheeltec/agribot/agribot_ws/install/turn_on_agribot/share/ament_index/resource_index/packages/turn_on_agribot
[2.055s] -- Installing: /home/wheeltec/agribot/agribot_ws/install/turn_on_agribot/share/turn_on_agribot/cmake/turn_on_agribotConfig.cmake
[2.055s] -- Installing: /home/wheeltec/agribot/agribot_ws/install/turn_on_agribot/share/turn_on_agribot/cmake/turn_on_agribotConfig-version.cmake
[2.056s] -- Installing: /home/wheeltec/agribot/agribot_ws/install/turn_on_agribot/share/turn_on_agribot/package.xml
[2.061s] Invoked command in '/home/wheeltec/agribot/agribot_ws/build/turn_on_agribot' returned '0': CMAKE_PREFIX_PATH=${CMAKE_PREFIX_PATH}:/home/wheeltec/wheeltec_ros2/install/simple_follower_ros2:/home/wheeltec/wheeltec_ros2/install/wheeltec_robot_keyboard:/home/wheeltec/wheeltec_ros2/install/wheeltec_dual_rtk_driver:/home/wheeltec/wheeltec_ros2/install/ultralytics_ros2:/home/wheeltec/wheeltec_ros2/install/tf2_tools:/home/wheeltec/wheeltec_ros2/install/ollama_ros_chat:/home/wheeltec/wheeltec_ros2/install/nmea_navsat_driver:/home/wheeltec/wheeltec_ros2/install/nav2_waypoint_cycle:/home/wheeltec/wheeltec_ros2/install/nav2_simple_commander:/home/wheeltec/wheeltec_ros2/install/auto_recharge_ros2:/opt/ros/humble /usr/bin/cmake --install /home/wheeltec/agribot/agribot_ws/build/turn_on_agribot
