-- Found ament_cmake: 1.3.14 (/opt/ros/humble/share/ament_cmake/cmake)
-- Override CMake install command with custom implementation using symlinks instead of copying resources
-- Found ament_lint_auto: 0.12.15 (/opt/ros/humble/share/ament_lint_auto/cmake)
-- Added test 'flake8' to check Python code syntax and style conventions
-- Added test 'lint_cmake' to check CMake code style
-- Added test 'pep257' to check Python code against some of the docstring style conventions in PEP 257
-- Added test 'xmllint' to check XML markup files
-- Configuring done
-- Generating done
-- Build files have been written to: /home/wheeltec/agribot/agribot_ws/build/turn_on_agribot
-- Install configuration: ""
-- Execute custom install script
-- Up-to-date symlink: /home/wheeltec/agribot/agribot_ws/install/turn_on_agribot/share/turn_on_agribot/launch/turn_on_agribot.launch.py
-- Up-to-date symlink: /home/wheeltec/agribot/agribot_ws/install/turn_on_agribot/share/ament_index/resource_index/package_run_dependencies/turn_on_agribot
-- Up-to-date symlink: /home/wheeltec/agribot/agribot_ws/install/turn_on_agribot/share/ament_index/resource_index/parent_prefix_path/turn_on_agribot
-- Up-to-date symlink: /home/wheeltec/agribot/agribot_ws/install/turn_on_agribot/share/turn_on_agribot/environment/ament_prefix_path.sh
-- Up-to-date symlink: /home/wheeltec/agribot/agribot_ws/install/turn_on_agribot/share/turn_on_agribot/environment/ament_prefix_path.dsv
-- Up-to-date symlink: /home/wheeltec/agribot/agribot_ws/install/turn_on_agribot/share/turn_on_agribot/environment/path.sh
-- Up-to-date symlink: /home/wheeltec/agribot/agribot_ws/install/turn_on_agribot/share/turn_on_agribot/environment/path.dsv
-- Up-to-date symlink: /home/wheeltec/agribot/agribot_ws/install/turn_on_agribot/share/turn_on_agribot/local_setup.bash
-- Up-to-date symlink: /home/wheeltec/agribot/agribot_ws/install/turn_on_agribot/share/turn_on_agribot/local_setup.sh
-- Up-to-date symlink: /home/wheeltec/agribot/agribot_ws/install/turn_on_agribot/share/turn_on_agribot/local_setup.zsh
-- Up-to-date symlink: /home/wheeltec/agribot/agribot_ws/install/turn_on_agribot/share/turn_on_agribot/local_setup.dsv
-- Symlinking: /home/wheeltec/agribot/agribot_ws/install/turn_on_agribot/share/turn_on_agribot/package.dsv
-- Up-to-date symlink: /home/wheeltec/agribot/agribot_ws/install/turn_on_agribot/share/ament_index/resource_index/packages/turn_on_agribot
-- Up-to-date symlink: /home/wheeltec/agribot/agribot_ws/install/turn_on_agribot/share/turn_on_agribot/cmake/turn_on_agribotConfig.cmake
-- Up-to-date symlink: /home/wheeltec/agribot/agribot_ws/install/turn_on_agribot/share/turn_on_agribot/cmake/turn_on_agribotConfig-version.cmake
-- Up-to-date symlink: /home/wheeltec/agribot/agribot_ws/install/turn_on_agribot/share/turn_on_agribot/package.xml
