[0.115s] Invoking command in '/home/wheeltec/agribot/agribot_ws/build/yesense_interface': CMAKE_PREFIX_PATH=${CMAKE_PREFIX_PATH}:/home/wheeltec/wheeltec_ros2/install/simple_follower_ros2:/home/wheeltec/wheeltec_ros2/install/wheeltec_robot_keyboard:/home/wheeltec/wheeltec_ros2/install/wheeltec_dual_rtk_driver:/home/wheeltec/wheeltec_ros2/install/ultralytics_ros2:/home/wheeltec/wheeltec_ros2/install/tf2_tools:/home/wheeltec/wheeltec_ros2/install/ollama_ros_chat:/home/wheeltec/wheeltec_ros2/install/nmea_navsat_driver:/home/wheeltec/wheeltec_ros2/install/nav2_waypoint_cycle:/home/wheeltec/wheeltec_ros2/install/nav2_simple_commander:/home/wheeltec/wheeltec_ros2/install/auto_recharge_ros2:/opt/ros/humble /usr/bin/cmake --build /home/wheeltec/agribot/agribot_ws/build/yesense_interface -- -j8 -l8
[0.311s] [  1%] Built target yesense_interface__rs
[0.338s] [  1%] Built target yesense_interface__cpp
[0.467s] [ 13%] Built target yesense_interface__rosidl_generator_c
[0.486s] [ 13%] Built target ament_cmake_python_copy_yesense_interface
[0.566s] [ 25%] Built target yesense_interface__rosidl_typesupport_introspection_cpp
[0.573s] [ 37%] Built target yesense_interface__rosidl_typesupport_cpp
[0.616s] [ 49%] Built target yesense_interface__rosidl_typesupport_fastrtps_cpp
[1.751s] running egg_info
[1.754s] writing yesense_interface.egg-info/PKG-INFO
[1.755s] writing dependency_links to yesense_interface.egg-info/dependency_links.txt
[1.755s] writing top-level names to yesense_interface.egg-info/top_level.txt
[1.776s] reading manifest file 'yesense_interface.egg-info/SOURCES.txt'
[1.784s] writing manifest file 'yesense_interface.egg-info/SOURCES.txt'
[1.894s] [ 49%] Built target ament_cmake_python_build_yesense_interface_egg
[2.000s] [ 61%] Built target yesense_interface__rosidl_typesupport_c
[2.174s] [ 73%] Built target yesense_interface__rosidl_typesupport_introspection_c
[2.397s] [ 85%] Built target yesense_interface__rosidl_typesupport_fastrtps_c
[2.523s] [ 85%] Built target yesense_interface
[2.644s] [ 86%] Built target yesense_interface__py
[2.851s] [ 97%] Built target yesense_interface__rosidl_generator_py
[3.022s] [ 98%] Built target yesense_interface__rosidl_typesupport_fastrtps_c__pyext
[3.173s] [ 99%] Built target yesense_interface__rosidl_typesupport_c__pyext
[3.342s] [100%] Built target yesense_interface__rosidl_typesupport_introspection_c__pyext
[3.442s] Invoked command in '/home/wheeltec/agribot/agribot_ws/build/yesense_interface' returned '0': CMAKE_PREFIX_PATH=${CMAKE_PREFIX_PATH}:/home/wheeltec/wheeltec_ros2/install/simple_follower_ros2:/home/wheeltec/wheeltec_ros2/install/wheeltec_robot_keyboard:/home/wheeltec/wheeltec_ros2/install/wheeltec_dual_rtk_driver:/home/wheeltec/wheeltec_ros2/install/ultralytics_ros2:/home/wheeltec/wheeltec_ros2/install/tf2_tools:/home/wheeltec/wheeltec_ros2/install/ollama_ros_chat:/home/wheeltec/wheeltec_ros2/install/nmea_navsat_driver:/home/wheeltec/wheeltec_ros2/install/nav2_waypoint_cycle:/home/wheeltec/wheeltec_ros2/install/nav2_simple_commander:/home/wheeltec/wheeltec_ros2/install/auto_recharge_ros2:/opt/ros/humble /usr/bin/cmake --build /home/wheeltec/agribot/agribot_ws/build/yesense_interface -- -j8 -l8
[3.472s] Invoking command in '/home/wheeltec/agribot/agribot_ws/build/yesense_interface': CMAKE_PREFIX_PATH=${CMAKE_PREFIX_PATH}:/home/wheeltec/wheeltec_ros2/install/simple_follower_ros2:/home/wheeltec/wheeltec_ros2/install/wheeltec_robot_keyboard:/home/wheeltec/wheeltec_ros2/install/wheeltec_dual_rtk_driver:/home/wheeltec/wheeltec_ros2/install/ultralytics_ros2:/home/wheeltec/wheeltec_ros2/install/tf2_tools:/home/wheeltec/wheeltec_ros2/install/ollama_ros_chat:/home/wheeltec/wheeltec_ros2/install/nmea_navsat_driver:/home/wheeltec/wheeltec_ros2/install/nav2_waypoint_cycle:/home/wheeltec/wheeltec_ros2/install/nav2_simple_commander:/home/wheeltec/wheeltec_ros2/install/auto_recharge_ros2:/opt/ros/humble /usr/bin/cmake --install /home/wheeltec/agribot/agribot_ws/build/yesense_interface
[3.510s] -- Install configuration: ""
[3.511s] -- Up-to-date: /home/wheeltec/agribot/agribot_ws/install/yesense_interface/share/ament_index/resource_index/rosidl_interfaces/yesense_interface
[3.511s] -- Up-to-date: /home/wheeltec/agribot/agribot_ws/install/yesense_interface/include/yesense_interface/yesense_interface
[3.511s] -- Up-to-date: /home/wheeltec/agribot/agribot_ws/install/yesense_interface/include/yesense_interface/yesense_interface/msg
[3.512s] -- Up-to-date: /home/wheeltec/agribot/agribot_ws/install/yesense_interface/include/yesense_interface/yesense_interface/msg/quat.h
[3.512s] -- Up-to-date: /home/wheeltec/agribot/agribot_ws/install/yesense_interface/include/yesense_interface/yesense_interface/msg/nav_all.h
[3.512s] -- Up-to-date: /home/wheeltec/agribot/agribot_ws/install/yesense_interface/include/yesense_interface/yesense_interface/msg/imu_data.h
[3.512s] -- Up-to-date: /home/wheeltec/agribot/agribot_ws/install/yesense_interface/include/yesense_interface/yesense_interface/msg/attitude_min_ahrs.h
[3.512s] -- Up-to-date: /home/wheeltec/agribot/agribot_ws/install/yesense_interface/include/yesense_interface/yesense_interface/msg/nav_status.h
[3.512s] -- Up-to-date: /home/wheeltec/agribot/agribot_ws/install/yesense_interface/include/yesense_interface/yesense_interface/msg/vel.h
[3.512s] -- Up-to-date: /home/wheeltec/agribot/agribot_ws/install/yesense_interface/include/yesense_interface/yesense_interface/msg/three_axis.h
[3.513s] -- Up-to-date: /home/wheeltec/agribot/agribot_ws/install/yesense_interface/include/yesense_interface/yesense_interface/msg/euler_angle.h
[3.514s] -- Up-to-date: /home/wheeltec/agribot/agribot_ws/install/yesense_interface/include/yesense_interface/yesense_interface/msg/utc.h
[3.514s] -- Up-to-date: /home/wheeltec/agribot/agribot_ws/install/yesense_interface/include/yesense_interface/yesense_interface/msg/euler_only.h
[3.515s] -- Up-to-date: /home/wheeltec/agribot/agribot_ws/install/yesense_interface/include/yesense_interface/yesense_interface/msg/pressure.h
[3.515s] -- Up-to-date: /home/wheeltec/agribot/agribot_ws/install/yesense_interface/include/yesense_interface/yesense_interface/msg/attitude_min_vru.h
[3.518s] -- Up-to-date: /home/wheeltec/agribot/agribot_ws/install/yesense_interface/include/yesense_interface/yesense_interface/msg/sensor_temp.h
[3.521s] -- Up-to-date: /home/wheeltec/agribot/agribot_ws/install/yesense_interface/include/yesense_interface/yesense_interface/msg/rosidl_generator_c__visibility_control.h
[3.521s] -- Up-to-date: /home/wheeltec/agribot/agribot_ws/install/yesense_interface/include/yesense_interface/yesense_interface/msg/nav_min_utc.h
[3.522s] -- Up-to-date: /home/wheeltec/agribot/agribot_ws/install/yesense_interface/include/yesense_interface/yesense_interface/msg/attitude_all_data.h
[3.522s] -- Up-to-date: /home/wheeltec/agribot/agribot_ws/install/yesense_interface/include/yesense_interface/yesense_interface/msg/detail
[3.522s] -- Up-to-date: /home/wheeltec/agribot/agribot_ws/install/yesense_interface/include/yesense_interface/yesense_interface/msg/detail/imu_data__functions.h
[3.522s] -- Up-to-date: /home/wheeltec/agribot/agribot_ws/install/yesense_interface/include/yesense_interface/yesense_interface/msg/detail/attitude_min_ahrs__functions.c
[3.522s] -- Up-to-date: /home/wheeltec/agribot/agribot_ws/install/yesense_interface/include/yesense_interface/yesense_interface/msg/detail/vel__functions.c
[3.522s] -- Up-to-date: /home/wheeltec/agribot/agribot_ws/install/yesense_interface/include/yesense_interface/yesense_interface/msg/detail/attitude_min_vru__type_support.h
[3.523s] -- Up-to-date: /home/wheeltec/agribot/agribot_ws/install/yesense_interface/include/yesense_interface/yesense_interface/msg/detail/nav_min__struct.h
[3.523s] -- Up-to-date: /home/wheeltec/agribot/agribot_ws/install/yesense_interface/include/yesense_interface/yesense_interface/msg/detail/imu_data__functions.c
[3.523s] -- Up-to-date: /home/wheeltec/agribot/agribot_ws/install/yesense_interface/include/yesense_interface/yesense_interface/msg/detail/pos_only__functions.c
[3.523s] -- Up-to-date: /home/wheeltec/agribot/agribot_ws/install/yesense_interface/include/yesense_interface/yesense_interface/msg/detail/three_axis__functions.c
[3.523s] -- Up-to-date: /home/wheeltec/agribot/agribot_ws/install/yesense_interface/include/yesense_interface/yesense_interface/msg/detail/sensor_temp__type_support.h
[3.523s] -- Up-to-date: /home/wheeltec/agribot/agribot_ws/install/yesense_interface/include/yesense_interface/yesense_interface/msg/detail/euler_angle__struct.h
[3.523s] -- Up-to-date: /home/wheeltec/agribot/agribot_ws/install/yesense_interface/include/yesense_interface/yesense_interface/msg/detail/nav_status__type_support.h
[3.524s] -- Up-to-date: /home/wheeltec/agribot/agribot_ws/install/yesense_interface/include/yesense_interface/yesense_interface/msg/detail/tid__functions.c
[3.524s] -- Up-to-date: /home/wheeltec/agribot/agribot_ws/install/yesense_interface/include/yesense_interface/yesense_interface/msg/detail/utc__functions.h
[3.524s] -- Up-to-date: /home/wheeltec/agribot/agribot_ws/install/yesense_interface/include/yesense_interface/yesense_interface/msg/detail/attitude_all_data__struct.h
[3.524s] -- Up-to-date: /home/wheeltec/agribot/agribot_ws/install/yesense_interface/include/yesense_interface/yesense_interface/msg/detail/imu_data_ten_axis__functions.h
[3.524s] -- Up-to-date: /home/wheeltec/agribot/agribot_ws/install/yesense_interface/include/yesense_interface/yesense_interface/msg/detail/pressure__functions.c
[3.524s] -- Up-to-date: /home/wheeltec/agribot/agribot_ws/install/yesense_interface/include/yesense_interface/yesense_interface/msg/detail/vel__struct.h
[3.524s] -- Up-to-date: /home/wheeltec/agribot/agribot_ws/install/yesense_interface/include/yesense_interface/yesense_interface/msg/detail/tid__struct.h
[3.525s] -- Up-to-date: /home/wheeltec/agribot/agribot_ws/install/yesense_interface/include/yesense_interface/yesense_interface/msg/detail/euler_only__functions.h
[3.525s] -- Up-to-date: /home/wheeltec/agribot/agribot_ws/install/yesense_interface/include/yesense_interface/yesense_interface/msg/detail/tid__functions.h
[3.525s] -- Up-to-date: /home/wheeltec/agribot/agribot_ws/install/yesense_interface/include/yesense_interface/yesense_interface/msg/detail/imu_data__type_support.h
[3.525s] -- Up-to-date: /home/wheeltec/agribot/agribot_ws/install/yesense_interface/include/yesense_interface/yesense_interface/msg/detail/imu_data__struct.h
[3.525s] -- Up-to-date: /home/wheeltec/agribot/agribot_ws/install/yesense_interface/include/yesense_interface/yesense_interface/msg/detail/euler_angle__functions.c
[3.525s] -- Up-to-date: /home/wheeltec/agribot/agribot_ws/install/yesense_interface/include/yesense_interface/yesense_interface/msg/detail/nav_min__type_support.h
[3.525s] -- Up-to-date: /home/wheeltec/agribot/agribot_ws/install/yesense_interface/include/yesense_interface/yesense_interface/msg/detail/robot_lord__functions.h
[3.526s] -- Up-to-date: /home/wheeltec/agribot/agribot_ws/install/yesense_interface/include/yesense_interface/yesense_interface/msg/detail/attitude_min_vru__functions.c
[3.526s] -- Up-to-date: /home/wheeltec/agribot/agribot_ws/install/yesense_interface/include/yesense_interface/yesense_interface/msg/detail/attitude_all_data__functions.c
[3.526s] -- Up-to-date: /home/wheeltec/agribot/agribot_ws/install/yesense_interface/include/yesense_interface/yesense_interface/msg/detail/euler_only__functions.c
[3.526s] -- Up-to-date: /home/wheeltec/agribot/agribot_ws/install/yesense_interface/include/yesense_interface/yesense_interface/msg/detail/attitude_min_vru__functions.h
[3.526s] -- Up-to-date: /home/wheeltec/agribot/agribot_ws/install/yesense_interface/include/yesense_interface/yesense_interface/msg/detail/pos_only__type_support.h
[3.526s] -- Up-to-date: /home/wheeltec/agribot/agribot_ws/install/yesense_interface/include/yesense_interface/yesense_interface/msg/detail/nav_status__struct.h
[3.526s] -- Up-to-date: /home/wheeltec/agribot/agribot_ws/install/yesense_interface/include/yesense_interface/yesense_interface/msg/detail/euler_angle__functions.h
[3.526s] -- Up-to-date: /home/wheeltec/agribot/agribot_ws/install/yesense_interface/include/yesense_interface/yesense_interface/msg/detail/imu_data_ten_axis__struct.h
[3.531s] -- Up-to-date: /home/wheeltec/agribot/agribot_ws/install/yesense_interface/include/yesense_interface/yesense_interface/msg/detail/euler_only__struct.h
[3.539s] -- Up-to-date: /home/wheeltec/agribot/agribot_ws/install/yesense_interface/include/yesense_interface/yesense_interface/msg/detail/three_axis__type_support.h
[3.540s] -- Up-to-date: /home/wheeltec/agribot/agribot_ws/install/yesense_interface/include/yesense_interface/yesense_interface/msg/detail/pressure__type_support.h
[3.543s] -- Up-to-date: /home/wheeltec/agribot/agribot_ws/install/yesense_interface/include/yesense_interface/yesense_interface/msg/detail/nav_min_utc__type_support.h
[3.549s] -- Up-to-date: /home/wheeltec/agribot/agribot_ws/install/yesense_interface/include/yesense_interface/yesense_interface/msg/detail/attitude_min_ahrs__type_support.h
[3.550s] -- Up-to-date: /home/wheeltec/agribot/agribot_ws/install/yesense_interface/include/yesense_interface/yesense_interface/msg/detail/tid__type_support.h
[3.552s] -- Up-to-date: /home/wheeltec/agribot/agribot_ws/install/yesense_interface/include/yesense_interface/yesense_interface/msg/detail/utc__functions.c
[3.553s] -- Up-to-date: /home/wheeltec/agribot/agribot_ws/install/yesense_interface/include/yesense_interface/yesense_interface/msg/detail/quat__type_support.h
[3.554s] -- Up-to-date: /home/wheeltec/agribot/agribot_ws/install/yesense_interface/include/yesense_interface/yesense_interface/msg/detail/nav_all__struct.h
[3.555s] -- Up-to-date: /home/wheeltec/agribot/agribot_ws/install/yesense_interface/include/yesense_interface/yesense_interface/msg/detail/pos_only__struct.h
[3.556s] -- Up-to-date: /home/wheeltec/agribot/agribot_ws/install/yesense_interface/include/yesense_interface/yesense_interface/msg/detail/utc__struct.h
[3.559s] -- Up-to-date: /home/wheeltec/agribot/agribot_ws/install/yesense_interface/include/yesense_interface/yesense_interface/msg/detail/imu_data_ten_axis__type_support.h
[3.566s] -- Up-to-date: /home/wheeltec/agribot/agribot_ws/install/yesense_interface/include/yesense_interface/yesense_interface/msg/detail/sensor_temp__functions.h
[3.568s] -- Up-to-date: /home/wheeltec/agribot/agribot_ws/install/yesense_interface/include/yesense_interface/yesense_interface/msg/detail/sensor_temp__struct.h
[3.571s] -- Up-to-date: /home/wheeltec/agribot/agribot_ws/install/yesense_interface/include/yesense_interface/yesense_interface/msg/detail/nav_min_utc__functions.c
[3.577s] -- Up-to-date: /home/wheeltec/agribot/agribot_ws/install/yesense_interface/include/yesense_interface/yesense_interface/msg/detail/sensor_temp__functions.c
[3.577s] -- Up-to-date: /home/wheeltec/agribot/agribot_ws/install/yesense_interface/include/yesense_interface/yesense_interface/msg/detail/euler_only__type_support.h
[3.577s] -- Up-to-date: /home/wheeltec/agribot/agribot_ws/install/yesense_interface/include/yesense_interface/yesense_interface/msg/detail/quat__functions.c
[3.577s] -- Up-to-date: /home/wheeltec/agribot/agribot_ws/install/yesense_interface/include/yesense_interface/yesense_interface/msg/detail/nav_status__functions.h
[3.578s] -- Up-to-date: /home/wheeltec/agribot/agribot_ws/install/yesense_interface/include/yesense_interface/yesense_interface/msg/detail/attitude_all_data__functions.h
[3.578s] -- Up-to-date: /home/wheeltec/agribot/agribot_ws/install/yesense_interface/include/yesense_interface/yesense_interface/msg/detail/nav_min__functions.h
[3.578s] -- Up-to-date: /home/wheeltec/agribot/agribot_ws/install/yesense_interface/include/yesense_interface/yesense_interface/msg/detail/nav_all__functions.h
[3.578s] -- Up-to-date: /home/wheeltec/agribot/agribot_ws/install/yesense_interface/include/yesense_interface/yesense_interface/msg/detail/pos_only__functions.h
[3.578s] -- Up-to-date: /home/wheeltec/agribot/agribot_ws/install/yesense_interface/include/yesense_interface/yesense_interface/msg/detail/attitude_all_data__type_support.h
[3.578s] -- Up-to-date: /home/wheeltec/agribot/agribot_ws/install/yesense_interface/include/yesense_interface/yesense_interface/msg/detail/attitude_min_ahrs__functions.h
[3.578s] -- Up-to-date: /home/wheeltec/agribot/agribot_ws/install/yesense_interface/include/yesense_interface/yesense_interface/msg/detail/quat__struct.h
[3.579s] -- Up-to-date: /home/wheeltec/agribot/agribot_ws/install/yesense_interface/include/yesense_interface/yesense_interface/msg/detail/gnss_pos__struct.h
[3.579s] -- Up-to-date: /home/wheeltec/agribot/agribot_ws/install/yesense_interface/include/yesense_interface/yesense_interface/msg/detail/robot_lord__type_support.h
[3.579s] -- Up-to-date: /home/wheeltec/agribot/agribot_ws/install/yesense_interface/include/yesense_interface/yesense_interface/msg/detail/robot_lord__struct.h
[3.579s] -- Up-to-date: /home/wheeltec/agribot/agribot_ws/install/yesense_interface/include/yesense_interface/yesense_interface/msg/detail/utc__type_support.h
[3.579s] -- Up-to-date: /home/wheeltec/agribot/agribot_ws/install/yesense_interface/include/yesense_interface/yesense_interface/msg/detail/sample_timestamp__functions.h
[3.579s] -- Up-to-date: /home/wheeltec/agribot/agribot_ws/install/yesense_interface/include/yesense_interface/yesense_interface/msg/detail/three_axis__functions.h
[3.579s] -- Up-to-date: /home/wheeltec/agribot/agribot_ws/install/yesense_interface/include/yesense_interface/yesense_interface/msg/detail/gnss_pos__functions.c
[3.580s] -- Up-to-date: /home/wheeltec/agribot/agribot_ws/install/yesense_interface/include/yesense_interface/yesense_interface/msg/detail/nav_all__type_support.h
[3.580s] -- Up-to-date: /home/wheeltec/agribot/agribot_ws/install/yesense_interface/include/yesense_interface/yesense_interface/msg/detail/pressure__struct.h
[3.580s] -- Up-to-date: /home/wheeltec/agribot/agribot_ws/install/yesense_interface/include/yesense_interface/yesense_interface/msg/detail/vel__functions.h
[3.580s] -- Up-to-date: /home/wheeltec/agribot/agribot_ws/install/yesense_interface/include/yesense_interface/yesense_interface/msg/detail/nav_status__functions.c
[3.580s] -- Up-to-date: /home/wheeltec/agribot/agribot_ws/install/yesense_interface/include/yesense_interface/yesense_interface/msg/detail/robot_lord__functions.c
[3.580s] -- Up-to-date: /home/wheeltec/agribot/agribot_ws/install/yesense_interface/include/yesense_interface/yesense_interface/msg/detail/attitude_min_vru__struct.h
[3.580s] -- Up-to-date: /home/wheeltec/agribot/agribot_ws/install/yesense_interface/include/yesense_interface/yesense_interface/msg/detail/three_axis__struct.h
[3.581s] -- Up-to-date: /home/wheeltec/agribot/agribot_ws/install/yesense_interface/include/yesense_interface/yesense_interface/msg/detail/gnss_pos__functions.h
[3.581s] -- Up-to-date: /home/wheeltec/agribot/agribot_ws/install/yesense_interface/include/yesense_interface/yesense_interface/msg/detail/nav_all__functions.c
[3.581s] -- Up-to-date: /home/wheeltec/agribot/agribot_ws/install/yesense_interface/include/yesense_interface/yesense_interface/msg/detail/nav_min__functions.c
[3.581s] -- Up-to-date: /home/wheeltec/agribot/agribot_ws/install/yesense_interface/include/yesense_interface/yesense_interface/msg/detail/vel__type_support.h
[3.581s] -- Up-to-date: /home/wheeltec/agribot/agribot_ws/install/yesense_interface/include/yesense_interface/yesense_interface/msg/detail/nav_min_utc__struct.h
[3.581s] -- Up-to-date: /home/wheeltec/agribot/agribot_ws/install/yesense_interface/include/yesense_interface/yesense_interface/msg/detail/gnss_pos__type_support.h
[3.581s] -- Up-to-date: /home/wheeltec/agribot/agribot_ws/install/yesense_interface/include/yesense_interface/yesense_interface/msg/detail/nav_min_utc__functions.h
[3.582s] -- Up-to-date: /home/wheeltec/agribot/agribot_ws/install/yesense_interface/include/yesense_interface/yesense_interface/msg/detail/imu_data_ten_axis__functions.c
[3.582s] -- Up-to-date: /home/wheeltec/agribot/agribot_ws/install/yesense_interface/include/yesense_interface/yesense_interface/msg/detail/euler_angle__type_support.h
[3.582s] -- Up-to-date: /home/wheeltec/agribot/agribot_ws/install/yesense_interface/include/yesense_interface/yesense_interface/msg/detail/sample_timestamp__struct.h
[3.582s] -- Up-to-date: /home/wheeltec/agribot/agribot_ws/install/yesense_interface/include/yesense_interface/yesense_interface/msg/detail/sample_timestamp__functions.c
[3.582s] -- Up-to-date: /home/wheeltec/agribot/agribot_ws/install/yesense_interface/include/yesense_interface/yesense_interface/msg/detail/pressure__functions.h
[3.582s] -- Up-to-date: /home/wheeltec/agribot/agribot_ws/install/yesense_interface/include/yesense_interface/yesense_interface/msg/detail/quat__functions.h
[3.582s] -- Up-to-date: /home/wheeltec/agribot/agribot_ws/install/yesense_interface/include/yesense_interface/yesense_interface/msg/detail/sample_timestamp__type_support.h
[3.582s] -- Up-to-date: /home/wheeltec/agribot/agribot_ws/install/yesense_interface/include/yesense_interface/yesense_interface/msg/detail/attitude_min_ahrs__struct.h
[3.584s] -- Up-to-date: /home/wheeltec/agribot/agribot_ws/install/yesense_interface/include/yesense_interface/yesense_interface/msg/pos_only.h
[3.586s] -- Up-to-date: /home/wheeltec/agribot/agribot_ws/install/yesense_interface/include/yesense_interface/yesense_interface/msg/tid.h
[3.588s] -- Up-to-date: /home/wheeltec/agribot/agribot_ws/install/yesense_interface/include/yesense_interface/yesense_interface/msg/nav_min.h
[3.599s] -- Up-to-date: /home/wheeltec/agribot/agribot_ws/install/yesense_interface/include/yesense_interface/yesense_interface/msg/gnss_pos.h
[3.605s] -- Up-to-date: /home/wheeltec/agribot/agribot_ws/install/yesense_interface/include/yesense_interface/yesense_interface/msg/sample_timestamp.h
[3.607s] -- Up-to-date: /home/wheeltec/agribot/agribot_ws/install/yesense_interface/include/yesense_interface/yesense_interface/msg/imu_data_ten_axis.h
[3.608s] -- Up-to-date: /home/wheeltec/agribot/agribot_ws/install/yesense_interface/include/yesense_interface/yesense_interface/msg/robot_lord.h
[3.608s] -- Up-to-date: /home/wheeltec/agribot/agribot_ws/install/yesense_interface/share/yesense_interface/environment/library_path.sh
[3.608s] -- Up-to-date: /home/wheeltec/agribot/agribot_ws/install/yesense_interface/share/yesense_interface/environment/library_path.dsv
[3.608s] -- Up-to-date: /home/wheeltec/agribot/agribot_ws/install/yesense_interface/lib/libyesense_interface__rosidl_generator_c.so
[3.608s] -- Up-to-date: /home/wheeltec/agribot/agribot_ws/install/yesense_interface/include/yesense_interface/yesense_interface
[3.609s] -- Up-to-date: /home/wheeltec/agribot/agribot_ws/install/yesense_interface/include/yesense_interface/yesense_interface/msg
[3.609s] -- Up-to-date: /home/wheeltec/agribot/agribot_ws/install/yesense_interface/include/yesense_interface/yesense_interface/msg/rosidl_typesupport_fastrtps_c__visibility_control.h
[3.609s] -- Up-to-date: /home/wheeltec/agribot/agribot_ws/install/yesense_interface/include/yesense_interface/yesense_interface/msg/detail
[3.609s] -- Up-to-date: /home/wheeltec/agribot/agribot_ws/install/yesense_interface/include/yesense_interface/yesense_interface/msg/detail/attitude_min_ahrs__rosidl_typesupport_fastrtps_c.h
[3.609s] -- Up-to-date: /home/wheeltec/agribot/agribot_ws/install/yesense_interface/include/yesense_interface/yesense_interface/msg/detail/nav_min_utc__rosidl_typesupport_fastrtps_c.h
[3.609s] -- Up-to-date: /home/wheeltec/agribot/agribot_ws/install/yesense_interface/include/yesense_interface/yesense_interface/msg/detail/utc__rosidl_typesupport_fastrtps_c.h
[3.610s] -- Up-to-date: /home/wheeltec/agribot/agribot_ws/install/yesense_interface/include/yesense_interface/yesense_interface/msg/detail/euler_angle__rosidl_typesupport_fastrtps_c.h
[3.610s] -- Up-to-date: /home/wheeltec/agribot/agribot_ws/install/yesense_interface/include/yesense_interface/yesense_interface/msg/detail/pos_only__rosidl_typesupport_fastrtps_c.h
[3.610s] -- Up-to-date: /home/wheeltec/agribot/agribot_ws/install/yesense_interface/include/yesense_interface/yesense_interface/msg/detail/imu_data_ten_axis__rosidl_typesupport_fastrtps_c.h
[3.610s] -- Up-to-date: /home/wheeltec/agribot/agribot_ws/install/yesense_interface/include/yesense_interface/yesense_interface/msg/detail/sample_timestamp__rosidl_typesupport_fastrtps_c.h
[3.610s] -- Up-to-date: /home/wheeltec/agribot/agribot_ws/install/yesense_interface/include/yesense_interface/yesense_interface/msg/detail/nav_all__rosidl_typesupport_fastrtps_c.h
[3.610s] -- Up-to-date: /home/wheeltec/agribot/agribot_ws/install/yesense_interface/include/yesense_interface/yesense_interface/msg/detail/three_axis__rosidl_typesupport_fastrtps_c.h
[3.610s] -- Up-to-date: /home/wheeltec/agribot/agribot_ws/install/yesense_interface/include/yesense_interface/yesense_interface/msg/detail/robot_lord__rosidl_typesupport_fastrtps_c.h
[3.611s] -- Up-to-date: /home/wheeltec/agribot/agribot_ws/install/yesense_interface/include/yesense_interface/yesense_interface/msg/detail/imu_data__rosidl_typesupport_fastrtps_c.h
[3.611s] -- Up-to-date: /home/wheeltec/agribot/agribot_ws/install/yesense_interface/include/yesense_interface/yesense_interface/msg/detail/attitude_min_vru__rosidl_typesupport_fastrtps_c.h
[3.611s] -- Up-to-date: /home/wheeltec/agribot/agribot_ws/install/yesense_interface/include/yesense_interface/yesense_interface/msg/detail/nav_status__rosidl_typesupport_fastrtps_c.h
[3.611s] -- Up-to-date: /home/wheeltec/agribot/agribot_ws/install/yesense_interface/include/yesense_interface/yesense_interface/msg/detail/vel__rosidl_typesupport_fastrtps_c.h
[3.611s] -- Up-to-date: /home/wheeltec/agribot/agribot_ws/install/yesense_interface/include/yesense_interface/yesense_interface/msg/detail/sensor_temp__rosidl_typesupport_fastrtps_c.h
[3.611s] -- Up-to-date: /home/wheeltec/agribot/agribot_ws/install/yesense_interface/include/yesense_interface/yesense_interface/msg/detail/tid__rosidl_typesupport_fastrtps_c.h
[3.611s] -- Up-to-date: /home/wheeltec/agribot/agribot_ws/install/yesense_interface/include/yesense_interface/yesense_interface/msg/detail/quat__rosidl_typesupport_fastrtps_c.h
[3.621s] -- Up-to-date: /home/wheeltec/agribot/agribot_ws/install/yesense_interface/include/yesense_interface/yesense_interface/msg/detail/gnss_pos__rosidl_typesupport_fastrtps_c.h
[3.623s] -- Up-to-date: /home/wheeltec/agribot/agribot_ws/install/yesense_interface/include/yesense_interface/yesense_interface/msg/detail/nav_min__rosidl_typesupport_fastrtps_c.h
[3.625s] -- Up-to-date: /home/wheeltec/agribot/agribot_ws/install/yesense_interface/include/yesense_interface/yesense_interface/msg/detail/attitude_all_data__rosidl_typesupport_fastrtps_c.h
[3.626s] -- Up-to-date: /home/wheeltec/agribot/agribot_ws/install/yesense_interface/include/yesense_interface/yesense_interface/msg/detail/euler_only__rosidl_typesupport_fastrtps_c.h
[3.627s] -- Up-to-date: /home/wheeltec/agribot/agribot_ws/install/yesense_interface/include/yesense_interface/yesense_interface/msg/detail/pressure__rosidl_typesupport_fastrtps_c.h
[3.629s] -- Up-to-date: /home/wheeltec/agribot/agribot_ws/install/yesense_interface/lib/libyesense_interface__rosidl_typesupport_fastrtps_c.so
[3.630s] -- Up-to-date: /home/wheeltec/agribot/agribot_ws/install/yesense_interface/include/yesense_interface/yesense_interface
[3.632s] -- Up-to-date: /home/wheeltec/agribot/agribot_ws/install/yesense_interface/include/yesense_interface/yesense_interface/msg
[3.644s] -- Up-to-date: /home/wheeltec/agribot/agribot_ws/install/yesense_interface/include/yesense_interface/yesense_interface/msg/rosidl_typesupport_introspection_c__visibility_control.h
[3.645s] -- Up-to-date: /home/wheeltec/agribot/agribot_ws/install/yesense_interface/include/yesense_interface/yesense_interface/msg/detail
[3.645s] -- Up-to-date: /home/wheeltec/agribot/agribot_ws/install/yesense_interface/include/yesense_interface/yesense_interface/msg/detail/nav_all__rosidl_typesupport_introspection_c.h
[3.645s] -- Up-to-date: /home/wheeltec/agribot/agribot_ws/install/yesense_interface/include/yesense_interface/yesense_interface/msg/detail/pos_only__rosidl_typesupport_introspection_c.h
[3.645s] -- Up-to-date: /home/wheeltec/agribot/agribot_ws/install/yesense_interface/include/yesense_interface/yesense_interface/msg/detail/pos_only__type_support.c
[3.645s] -- Up-to-date: /home/wheeltec/agribot/agribot_ws/install/yesense_interface/include/yesense_interface/yesense_interface/msg/detail/sample_timestamp__rosidl_typesupport_introspection_c.h
[3.645s] -- Up-to-date: /home/wheeltec/agribot/agribot_ws/install/yesense_interface/include/yesense_interface/yesense_interface/msg/detail/nav_status__type_support.c
[3.646s] -- Up-to-date: /home/wheeltec/agribot/agribot_ws/install/yesense_interface/include/yesense_interface/yesense_interface/msg/detail/quat__type_support.c
[3.646s] -- Up-to-date: /home/wheeltec/agribot/agribot_ws/install/yesense_interface/include/yesense_interface/yesense_interface/msg/detail/utc__type_support.c
[3.646s] -- Up-to-date: /home/wheeltec/agribot/agribot_ws/install/yesense_interface/include/yesense_interface/yesense_interface/msg/detail/pressure__type_support.c
[3.646s] -- Up-to-date: /home/wheeltec/agribot/agribot_ws/install/yesense_interface/include/yesense_interface/yesense_interface/msg/detail/nav_min__type_support.c
[3.646s] -- Up-to-date: /home/wheeltec/agribot/agribot_ws/install/yesense_interface/include/yesense_interface/yesense_interface/msg/detail/tid__rosidl_typesupport_introspection_c.h
[3.646s] -- Up-to-date: /home/wheeltec/agribot/agribot_ws/install/yesense_interface/include/yesense_interface/yesense_interface/msg/detail/imu_data_ten_axis__rosidl_typesupport_introspection_c.h
[3.646s] -- Up-to-date: /home/wheeltec/agribot/agribot_ws/install/yesense_interface/include/yesense_interface/yesense_interface/msg/detail/sample_timestamp__type_support.c
[3.647s] -- Up-to-date: /home/wheeltec/agribot/agribot_ws/install/yesense_interface/include/yesense_interface/yesense_interface/msg/detail/attitude_all_data__rosidl_typesupport_introspection_c.h
[3.647s] -- Up-to-date: /home/wheeltec/agribot/agribot_ws/install/yesense_interface/include/yesense_interface/yesense_interface/msg/detail/attitude_all_data__type_support.c
[3.647s] -- Up-to-date: /home/wheeltec/agribot/agribot_ws/install/yesense_interface/include/yesense_interface/yesense_interface/msg/detail/gnss_pos__rosidl_typesupport_introspection_c.h
[3.647s] -- Up-to-date: /home/wheeltec/agribot/agribot_ws/install/yesense_interface/include/yesense_interface/yesense_interface/msg/detail/nav_status__rosidl_typesupport_introspection_c.h
[3.647s] -- Up-to-date: /home/wheeltec/agribot/agribot_ws/install/yesense_interface/include/yesense_interface/yesense_interface/msg/detail/imu_data_ten_axis__type_support.c
[3.647s] -- Up-to-date: /home/wheeltec/agribot/agribot_ws/install/yesense_interface/include/yesense_interface/yesense_interface/msg/detail/tid__type_support.c
[3.647s] -- Up-to-date: /home/wheeltec/agribot/agribot_ws/install/yesense_interface/include/yesense_interface/yesense_interface/msg/detail/attitude_min_ahrs__type_support.c
[3.648s] -- Up-to-date: /home/wheeltec/agribot/agribot_ws/install/yesense_interface/include/yesense_interface/yesense_interface/msg/detail/three_axis__rosidl_typesupport_introspection_c.h
[3.648s] -- Up-to-date: /home/wheeltec/agribot/agribot_ws/install/yesense_interface/include/yesense_interface/yesense_interface/msg/detail/euler_angle__rosidl_typesupport_introspection_c.h
[3.648s] -- Up-to-date: /home/wheeltec/agribot/agribot_ws/install/yesense_interface/include/yesense_interface/yesense_interface/msg/detail/vel__rosidl_typesupport_introspection_c.h
[3.648s] -- Up-to-date: /home/wheeltec/agribot/agribot_ws/install/yesense_interface/include/yesense_interface/yesense_interface/msg/detail/nav_min_utc__rosidl_typesupport_introspection_c.h
[3.648s] -- Up-to-date: /home/wheeltec/agribot/agribot_ws/install/yesense_interface/include/yesense_interface/yesense_interface/msg/detail/nav_all__type_support.c
[3.648s] -- Up-to-date: /home/wheeltec/agribot/agribot_ws/install/yesense_interface/include/yesense_interface/yesense_interface/msg/detail/nav_min_utc__type_support.c
[3.648s] -- Up-to-date: /home/wheeltec/agribot/agribot_ws/install/yesense_interface/include/yesense_interface/yesense_interface/msg/detail/nav_min__rosidl_typesupport_introspection_c.h
[3.648s] -- Up-to-date: /home/wheeltec/agribot/agribot_ws/install/yesense_interface/include/yesense_interface/yesense_interface/msg/detail/imu_data__rosidl_typesupport_introspection_c.h
[3.649s] -- Up-to-date: /home/wheeltec/agribot/agribot_ws/install/yesense_interface/include/yesense_interface/yesense_interface/msg/detail/utc__rosidl_typesupport_introspection_c.h
[3.649s] -- Up-to-date: /home/wheeltec/agribot/agribot_ws/install/yesense_interface/include/yesense_interface/yesense_interface/msg/detail/imu_data__type_support.c
[3.649s] -- Up-to-date: /home/wheeltec/agribot/agribot_ws/install/yesense_interface/include/yesense_interface/yesense_interface/msg/detail/vel__type_support.c
[3.649s] -- Up-to-date: /home/wheeltec/agribot/agribot_ws/install/yesense_interface/include/yesense_interface/yesense_interface/msg/detail/sensor_temp__type_support.c
[3.649s] -- Up-to-date: /home/wheeltec/agribot/agribot_ws/install/yesense_interface/include/yesense_interface/yesense_interface/msg/detail/attitude_min_vru__type_support.c
[3.649s] -- Up-to-date: /home/wheeltec/agribot/agribot_ws/install/yesense_interface/include/yesense_interface/yesense_interface/msg/detail/three_axis__type_support.c
[3.649s] -- Up-to-date: /home/wheeltec/agribot/agribot_ws/install/yesense_interface/include/yesense_interface/yesense_interface/msg/detail/robot_lord__rosidl_typesupport_introspection_c.h
[3.650s] -- Up-to-date: /home/wheeltec/agribot/agribot_ws/install/yesense_interface/include/yesense_interface/yesense_interface/msg/detail/robot_lord__type_support.c
[3.650s] -- Up-to-date: /home/wheeltec/agribot/agribot_ws/install/yesense_interface/include/yesense_interface/yesense_interface/msg/detail/attitude_min_ahrs__rosidl_typesupport_introspection_c.h
[3.650s] -- Up-to-date: /home/wheeltec/agribot/agribot_ws/install/yesense_interface/include/yesense_interface/yesense_interface/msg/detail/attitude_min_vru__rosidl_typesupport_introspection_c.h
[3.650s] -- Up-to-date: /home/wheeltec/agribot/agribot_ws/install/yesense_interface/include/yesense_interface/yesense_interface/msg/detail/gnss_pos__type_support.c
[3.650s] -- Up-to-date: /home/wheeltec/agribot/agribot_ws/install/yesense_interface/include/yesense_interface/yesense_interface/msg/detail/euler_only__type_support.c
[3.650s] -- Up-to-date: /home/wheeltec/agribot/agribot_ws/install/yesense_interface/include/yesense_interface/yesense_interface/msg/detail/sensor_temp__rosidl_typesupport_introspection_c.h
[3.650s] -- Up-to-date: /home/wheeltec/agribot/agribot_ws/install/yesense_interface/include/yesense_interface/yesense_interface/msg/detail/euler_angle__type_support.c
[3.651s] -- Up-to-date: /home/wheeltec/agribot/agribot_ws/install/yesense_interface/include/yesense_interface/yesense_interface/msg/detail/euler_only__rosidl_typesupport_introspection_c.h
[3.655s] -- Up-to-date: /home/wheeltec/agribot/agribot_ws/install/yesense_interface/include/yesense_interface/yesense_interface/msg/detail/pressure__rosidl_typesupport_introspection_c.h
[3.657s] -- Up-to-date: /home/wheeltec/agribot/agribot_ws/install/yesense_interface/include/yesense_interface/yesense_interface/msg/detail/quat__rosidl_typesupport_introspection_c.h
[3.660s] -- Up-to-date: /home/wheeltec/agribot/agribot_ws/install/yesense_interface/lib/libyesense_interface__rosidl_typesupport_introspection_c.so
[3.663s] -- Up-to-date: /home/wheeltec/agribot/agribot_ws/install/yesense_interface/lib/libyesense_interface__rosidl_typesupport_c.so
[3.665s] -- Up-to-date: /home/wheeltec/agribot/agribot_ws/install/yesense_interface/include/yesense_interface/yesense_interface
[3.666s] -- Up-to-date: /home/wheeltec/agribot/agribot_ws/install/yesense_interface/include/yesense_interface/yesense_interface/msg
[3.668s] -- Up-to-date: /home/wheeltec/agribot/agribot_ws/install/yesense_interface/include/yesense_interface/yesense_interface/msg/imu_data.hpp
[3.670s] -- Up-to-date: /home/wheeltec/agribot/agribot_ws/install/yesense_interface/include/yesense_interface/yesense_interface/msg/utc.hpp
[3.672s] -- Up-to-date: /home/wheeltec/agribot/agribot_ws/install/yesense_interface/include/yesense_interface/yesense_interface/msg/gnss_pos.hpp
[3.675s] -- Up-to-date: /home/wheeltec/agribot/agribot_ws/install/yesense_interface/include/yesense_interface/yesense_interface/msg/attitude_min_vru.hpp
[3.678s] -- Up-to-date: /home/wheeltec/agribot/agribot_ws/install/yesense_interface/include/yesense_interface/yesense_interface/msg/nav_all.hpp
[3.680s] -- Up-to-date: /home/wheeltec/agribot/agribot_ws/install/yesense_interface/include/yesense_interface/yesense_interface/msg/nav_min.hpp
[3.682s] -- Up-to-date: /home/wheeltec/agribot/agribot_ws/install/yesense_interface/include/yesense_interface/yesense_interface/msg/imu_data_ten_axis.hpp
[3.684s] -- Up-to-date: /home/wheeltec/agribot/agribot_ws/install/yesense_interface/include/yesense_interface/yesense_interface/msg/sensor_temp.hpp
[3.687s] -- Up-to-date: /home/wheeltec/agribot/agribot_ws/install/yesense_interface/include/yesense_interface/yesense_interface/msg/attitude_min_ahrs.hpp
[3.689s] -- Up-to-date: /home/wheeltec/agribot/agribot_ws/install/yesense_interface/include/yesense_interface/yesense_interface/msg/nav_status.hpp
[3.698s] -- Up-to-date: /home/wheeltec/agribot/agribot_ws/install/yesense_interface/include/yesense_interface/yesense_interface/msg/pressure.hpp
[3.700s] -- Up-to-date: /home/wheeltec/agribot/agribot_ws/install/yesense_interface/include/yesense_interface/yesense_interface/msg/quat.hpp
[3.702s] -- Up-to-date: /home/wheeltec/agribot/agribot_ws/install/yesense_interface/include/yesense_interface/yesense_interface/msg/robot_lord.hpp
[3.704s] -- Up-to-date: /home/wheeltec/agribot/agribot_ws/install/yesense_interface/include/yesense_interface/yesense_interface/msg/three_axis.hpp
[3.705s] -- Up-to-date: /home/wheeltec/agribot/agribot_ws/install/yesense_interface/include/yesense_interface/yesense_interface/msg/nav_min_utc.hpp
[3.720s] -- Up-to-date: /home/wheeltec/agribot/agribot_ws/install/yesense_interface/include/yesense_interface/yesense_interface/msg/detail
[3.723s] -- Up-to-date: /home/wheeltec/agribot/agribot_ws/install/yesense_interface/include/yesense_interface/yesense_interface/msg/detail/euler_only__struct.hpp
[3.728s] -- Up-to-date: /home/wheeltec/agribot/agribot_ws/install/yesense_interface/include/yesense_interface/yesense_interface/msg/detail/nav_all__type_support.hpp
[3.729s] -- Up-to-date: /home/wheeltec/agribot/agribot_ws/install/yesense_interface/include/yesense_interface/yesense_interface/msg/detail/attitude_all_data__type_support.hpp
[3.730s] -- Up-to-date: /home/wheeltec/agribot/agribot_ws/install/yesense_interface/include/yesense_interface/yesense_interface/msg/detail/imu_data_ten_axis__type_support.hpp
[3.731s] -- Up-to-date: /home/wheeltec/agribot/agribot_ws/install/yesense_interface/include/yesense_interface/yesense_interface/msg/detail/nav_status__traits.hpp
[3.732s] -- Up-to-date: /home/wheeltec/agribot/agribot_ws/install/yesense_interface/include/yesense_interface/yesense_interface/msg/detail/robot_lord__traits.hpp
[3.733s] -- Up-to-date: /home/wheeltec/agribot/agribot_ws/install/yesense_interface/include/yesense_interface/yesense_interface/msg/detail/vel__struct.hpp
[3.734s] -- Up-to-date: /home/wheeltec/agribot/agribot_ws/install/yesense_interface/include/yesense_interface/yesense_interface/msg/detail/gnss_pos__type_support.hpp
[3.735s] -- Up-to-date: /home/wheeltec/agribot/agribot_ws/install/yesense_interface/include/yesense_interface/yesense_interface/msg/detail/pressure__type_support.hpp
[3.736s] -- Up-to-date: /home/wheeltec/agribot/agribot_ws/install/yesense_interface/include/yesense_interface/yesense_interface/msg/detail/quat__builder.hpp
[3.737s] -- Up-to-date: /home/wheeltec/agribot/agribot_ws/install/yesense_interface/include/yesense_interface/yesense_interface/msg/detail/nav_all__struct.hpp
[3.737s] -- Up-to-date: /home/wheeltec/agribot/agribot_ws/install/yesense_interface/include/yesense_interface/yesense_interface/msg/detail/quat__type_support.hpp
[3.738s] -- Up-to-date: /home/wheeltec/agribot/agribot_ws/install/yesense_interface/include/yesense_interface/yesense_interface/msg/detail/nav_status__type_support.hpp
[3.739s] -- Up-to-date: /home/wheeltec/agribot/agribot_ws/install/yesense_interface/include/yesense_interface/yesense_interface/msg/detail/attitude_min_vru__struct.hpp
[3.740s] -- Up-to-date: /home/wheeltec/agribot/agribot_ws/install/yesense_interface/include/yesense_interface/yesense_interface/msg/detail/nav_min_utc__builder.hpp
[3.741s] -- Up-to-date: /home/wheeltec/agribot/agribot_ws/install/yesense_interface/include/yesense_interface/yesense_interface/msg/detail/imu_data_ten_axis__struct.hpp
[3.742s] -- Up-to-date: /home/wheeltec/agribot/agribot_ws/install/yesense_interface/include/yesense_interface/yesense_interface/msg/detail/tid__traits.hpp
[3.743s] -- Up-to-date: /home/wheeltec/agribot/agribot_ws/install/yesense_interface/include/yesense_interface/yesense_interface/msg/detail/nav_min__builder.hpp
[3.744s] -- Up-to-date: /home/wheeltec/agribot/agribot_ws/install/yesense_interface/include/yesense_interface/yesense_interface/msg/detail/nav_status__builder.hpp
[3.745s] -- Up-to-date: /home/wheeltec/agribot/agribot_ws/install/yesense_interface/include/yesense_interface/yesense_interface/msg/detail/attitude_min_ahrs__struct.hpp
[3.746s] -- Up-to-date: /home/wheeltec/agribot/agribot_ws/install/yesense_interface/include/yesense_interface/yesense_interface/msg/detail/nav_min__struct.hpp
[3.747s] -- Up-to-date: /home/wheeltec/agribot/agribot_ws/install/yesense_interface/include/yesense_interface/yesense_interface/msg/detail/robot_lord__builder.hpp
[3.748s] -- Up-to-date: /home/wheeltec/agribot/agribot_ws/install/yesense_interface/include/yesense_interface/yesense_interface/msg/detail/imu_data_ten_axis__builder.hpp
[3.749s] -- Up-to-date: /home/wheeltec/agribot/agribot_ws/install/yesense_interface/include/yesense_interface/yesense_interface/msg/detail/three_axis__builder.hpp
[3.750s] -- Up-to-date: /home/wheeltec/agribot/agribot_ws/install/yesense_interface/include/yesense_interface/yesense_interface/msg/detail/sensor_temp__traits.hpp
[3.752s] -- Up-to-date: /home/wheeltec/agribot/agribot_ws/install/yesense_interface/include/yesense_interface/yesense_interface/msg/detail/imu_data__struct.hpp
[3.753s] -- Up-to-date: /home/wheeltec/agribot/agribot_ws/install/yesense_interface/include/yesense_interface/yesense_interface/msg/detail/attitude_min_vru__type_support.hpp
[3.754s] -- Up-to-date: /home/wheeltec/agribot/agribot_ws/install/yesense_interface/include/yesense_interface/yesense_interface/msg/detail/robot_lord__type_support.hpp
[3.755s] -- Up-to-date: /home/wheeltec/agribot/agribot_ws/install/yesense_interface/include/yesense_interface/yesense_interface/msg/detail/nav_min__traits.hpp
[3.756s] -- Up-to-date: /home/wheeltec/agribot/agribot_ws/install/yesense_interface/include/yesense_interface/yesense_interface/msg/detail/gnss_pos__struct.hpp
[3.757s] -- Up-to-date: /home/wheeltec/agribot/agribot_ws/install/yesense_interface/include/yesense_interface/yesense_interface/msg/detail/euler_angle__struct.hpp
[3.758s] -- Up-to-date: /home/wheeltec/agribot/agribot_ws/install/yesense_interface/include/yesense_interface/yesense_interface/msg/detail/nav_all__traits.hpp
[3.759s] -- Up-to-date: /home/wheeltec/agribot/agribot_ws/install/yesense_interface/include/yesense_interface/yesense_interface/msg/detail/imu_data__traits.hpp
[3.760s] -- Up-to-date: /home/wheeltec/agribot/agribot_ws/install/yesense_interface/include/yesense_interface/yesense_interface/msg/detail/euler_angle__traits.hpp
[3.761s] -- Up-to-date: /home/wheeltec/agribot/agribot_ws/install/yesense_interface/include/yesense_interface/yesense_interface/msg/detail/vel__builder.hpp
[3.762s] -- Up-to-date: /home/wheeltec/agribot/agribot_ws/install/yesense_interface/include/yesense_interface/yesense_interface/msg/detail/tid__builder.hpp
[3.763s] -- Up-to-date: /home/wheeltec/agribot/agribot_ws/install/yesense_interface/include/yesense_interface/yesense_interface/msg/detail/attitude_min_vru__builder.hpp
[3.765s] -- Up-to-date: /home/wheeltec/agribot/agribot_ws/install/yesense_interface/include/yesense_interface/yesense_interface/msg/detail/nav_min_utc__traits.hpp
[3.766s] -- Up-to-date: /home/wheeltec/agribot/agribot_ws/install/yesense_interface/include/yesense_interface/yesense_interface/msg/detail/three_axis__traits.hpp
[3.767s] -- Up-to-date: /home/wheeltec/agribot/agribot_ws/install/yesense_interface/include/yesense_interface/yesense_interface/msg/detail/attitude_min_ahrs__type_support.hpp
[3.768s] -- Up-to-date: /home/wheeltec/agribot/agribot_ws/install/yesense_interface/include/yesense_interface/yesense_interface/msg/detail/quat__struct.hpp
[3.769s] -- Up-to-date: /home/wheeltec/agribot/agribot_ws/install/yesense_interface/include/yesense_interface/yesense_interface/msg/detail/three_axis__struct.hpp
[3.770s] -- Up-to-date: /home/wheeltec/agribot/agribot_ws/install/yesense_interface/include/yesense_interface/yesense_interface/msg/detail/nav_status__struct.hpp
[3.771s] -- Up-to-date: /home/wheeltec/agribot/agribot_ws/install/yesense_interface/include/yesense_interface/yesense_interface/msg/detail/attitude_all_data__struct.hpp
[3.772s] -- Up-to-date: /home/wheeltec/agribot/agribot_ws/install/yesense_interface/include/yesense_interface/yesense_interface/msg/detail/pos_only__builder.hpp
[3.774s] -- Up-to-date: /home/wheeltec/agribot/agribot_ws/install/yesense_interface/include/yesense_interface/yesense_interface/msg/detail/utc__builder.hpp
[3.775s] -- Up-to-date: /home/wheeltec/agribot/agribot_ws/install/yesense_interface/include/yesense_interface/yesense_interface/msg/detail/attitude_all_data__traits.hpp
[3.777s] -- Up-to-date: /home/wheeltec/agribot/agribot_ws/install/yesense_interface/include/yesense_interface/yesense_interface/msg/detail/three_axis__type_support.hpp
[3.778s] -- Up-to-date: /home/wheeltec/agribot/agribot_ws/install/yesense_interface/include/yesense_interface/yesense_interface/msg/detail/utc__struct.hpp
[3.779s] -- Up-to-date: /home/wheeltec/agribot/agribot_ws/install/yesense_interface/include/yesense_interface/yesense_interface/msg/detail/pos_only__traits.hpp
[3.781s] -- Up-to-date: /home/wheeltec/agribot/agribot_ws/install/yesense_interface/include/yesense_interface/yesense_interface/msg/detail/sample_timestamp__builder.hpp
[3.782s] -- Up-to-date: /home/wheeltec/agribot/agribot_ws/install/yesense_interface/include/yesense_interface/yesense_interface/msg/detail/tid__type_support.hpp
[3.783s] -- Up-to-date: /home/wheeltec/agribot/agribot_ws/install/yesense_interface/include/yesense_interface/yesense_interface/msg/detail/gnss_pos__traits.hpp
[3.785s] -- Up-to-date: /home/wheeltec/agribot/agribot_ws/install/yesense_interface/include/yesense_interface/yesense_interface/msg/detail/sample_timestamp__traits.hpp
[3.787s] -- Up-to-date: /home/wheeltec/agribot/agribot_ws/install/yesense_interface/include/yesense_interface/yesense_interface/msg/detail/pressure__traits.hpp
[3.788s] -- Up-to-date: /home/wheeltec/agribot/agribot_ws/install/yesense_interface/include/yesense_interface/yesense_interface/msg/detail/imu_data__builder.hpp
[3.789s] -- Up-to-date: /home/wheeltec/agribot/agribot_ws/install/yesense_interface/include/yesense_interface/yesense_interface/msg/detail/attitude_min_ahrs__traits.hpp
[3.793s] -- Up-to-date: /home/wheeltec/agribot/agribot_ws/install/yesense_interface/include/yesense_interface/yesense_interface/msg/detail/pressure__struct.hpp
[3.797s] -- Up-to-date: /home/wheeltec/agribot/agribot_ws/install/yesense_interface/include/yesense_interface/yesense_interface/msg/detail/nav_all__builder.hpp
[3.799s] -- Up-to-date: /home/wheeltec/agribot/agribot_ws/install/yesense_interface/include/yesense_interface/yesense_interface/msg/detail/euler_only__traits.hpp
[3.801s] -- Up-to-date: /home/wheeltec/agribot/agribot_ws/install/yesense_interface/include/yesense_interface/yesense_interface/msg/detail/utc__traits.hpp
[3.802s] -- Up-to-date: /home/wheeltec/agribot/agribot_ws/install/yesense_interface/include/yesense_interface/yesense_interface/msg/detail/vel__type_support.hpp
[3.803s] -- Up-to-date: /home/wheeltec/agribot/agribot_ws/install/yesense_interface/include/yesense_interface/yesense_interface/msg/detail/euler_angle__builder.hpp
[3.805s] -- Up-to-date: /home/wheeltec/agribot/agribot_ws/install/yesense_interface/include/yesense_interface/yesense_interface/msg/detail/pressure__builder.hpp
[3.806s] -- Up-to-date: /home/wheeltec/agribot/agribot_ws/install/yesense_interface/include/yesense_interface/yesense_interface/msg/detail/sensor_temp__struct.hpp
[3.821s] -- Up-to-date: /home/wheeltec/agribot/agribot_ws/install/yesense_interface/include/yesense_interface/yesense_interface/msg/detail/sample_timestamp__type_support.hpp
[3.824s] -- Up-to-date: /home/wheeltec/agribot/agribot_ws/install/yesense_interface/include/yesense_interface/yesense_interface/msg/detail/attitude_all_data__builder.hpp
[3.828s] -- Up-to-date: /home/wheeltec/agribot/agribot_ws/install/yesense_interface/include/yesense_interface/yesense_interface/msg/detail/sample_timestamp__struct.hpp
[3.829s] -- Up-to-date: /home/wheeltec/agribot/agribot_ws/install/yesense_interface/include/yesense_interface/yesense_interface/msg/detail/euler_only__type_support.hpp
[3.830s] -- Up-to-date: /home/wheeltec/agribot/agribot_ws/install/yesense_interface/include/yesense_interface/yesense_interface/msg/detail/utc__type_support.hpp
[3.831s] -- Up-to-date: /home/wheeltec/agribot/agribot_ws/install/yesense_interface/include/yesense_interface/yesense_interface/msg/detail/sensor_temp__builder.hpp
[3.832s] -- Up-to-date: /home/wheeltec/agribot/agribot_ws/install/yesense_interface/include/yesense_interface/yesense_interface/msg/detail/nav_min_utc__type_support.hpp
[3.833s] -- Up-to-date: /home/wheeltec/agribot/agribot_ws/install/yesense_interface/include/yesense_interface/yesense_interface/msg/detail/imu_data_ten_axis__traits.hpp
[3.834s] -- Up-to-date: /home/wheeltec/agribot/agribot_ws/install/yesense_interface/include/yesense_interface/yesense_interface/msg/detail/nav_min_utc__struct.hpp
[3.835s] -- Up-to-date: /home/wheeltec/agribot/agribot_ws/install/yesense_interface/include/yesense_interface/yesense_interface/msg/detail/sensor_temp__type_support.hpp
[3.836s] -- Up-to-date: /home/wheeltec/agribot/agribot_ws/install/yesense_interface/include/yesense_interface/yesense_interface/msg/detail/tid__struct.hpp
[3.837s] -- Up-to-date: /home/wheeltec/agribot/agribot_ws/install/yesense_interface/include/yesense_interface/yesense_interface/msg/detail/nav_min__type_support.hpp
[3.838s] -- Up-to-date: /home/wheeltec/agribot/agribot_ws/install/yesense_interface/include/yesense_interface/yesense_interface/msg/detail/euler_only__builder.hpp
[3.839s] -- Up-to-date: /home/wheeltec/agribot/agribot_ws/install/yesense_interface/include/yesense_interface/yesense_interface/msg/detail/robot_lord__struct.hpp
[3.840s] -- Up-to-date: /home/wheeltec/agribot/agribot_ws/install/yesense_interface/include/yesense_interface/yesense_interface/msg/detail/pos_only__type_support.hpp
[3.841s] -- Up-to-date: /home/wheeltec/agribot/agribot_ws/install/yesense_interface/include/yesense_interface/yesense_interface/msg/detail/vel__traits.hpp
[3.842s] -- Up-to-date: /home/wheeltec/agribot/agribot_ws/install/yesense_interface/include/yesense_interface/yesense_interface/msg/detail/quat__traits.hpp
[3.843s] -- Up-to-date: /home/wheeltec/agribot/agribot_ws/install/yesense_interface/include/yesense_interface/yesense_interface/msg/detail/attitude_min_vru__traits.hpp
[3.844s] -- Up-to-date: /home/wheeltec/agribot/agribot_ws/install/yesense_interface/include/yesense_interface/yesense_interface/msg/detail/euler_angle__type_support.hpp
[3.845s] -- Up-to-date: /home/wheeltec/agribot/agribot_ws/install/yesense_interface/include/yesense_interface/yesense_interface/msg/detail/gnss_pos__builder.hpp
[3.846s] -- Up-to-date: /home/wheeltec/agribot/agribot_ws/install/yesense_interface/include/yesense_interface/yesense_interface/msg/detail/pos_only__struct.hpp
[3.847s] -- Up-to-date: /home/wheeltec/agribot/agribot_ws/install/yesense_interface/include/yesense_interface/yesense_interface/msg/detail/attitude_min_ahrs__builder.hpp
[3.848s] -- Up-to-date: /home/wheeltec/agribot/agribot_ws/install/yesense_interface/include/yesense_interface/yesense_interface/msg/detail/imu_data__type_support.hpp
[3.849s] -- Up-to-date: /home/wheeltec/agribot/agribot_ws/install/yesense_interface/include/yesense_interface/yesense_interface/msg/vel.hpp
[3.850s] -- Up-to-date: /home/wheeltec/agribot/agribot_ws/install/yesense_interface/include/yesense_interface/yesense_interface/msg/euler_angle.hpp
[3.851s] -- Up-to-date: /home/wheeltec/agribot/agribot_ws/install/yesense_interface/include/yesense_interface/yesense_interface/msg/tid.hpp
[3.852s] -- Up-to-date: /home/wheeltec/agribot/agribot_ws/install/yesense_interface/include/yesense_interface/yesense_interface/msg/sample_timestamp.hpp
[3.853s] -- Up-to-date: /home/wheeltec/agribot/agribot_ws/install/yesense_interface/include/yesense_interface/yesense_interface/msg/attitude_all_data.hpp
[3.854s] -- Up-to-date: /home/wheeltec/agribot/agribot_ws/install/yesense_interface/include/yesense_interface/yesense_interface/msg/rosidl_generator_cpp__visibility_control.hpp
[3.855s] -- Up-to-date: /home/wheeltec/agribot/agribot_ws/install/yesense_interface/include/yesense_interface/yesense_interface/msg/euler_only.hpp
[3.856s] -- Up-to-date: /home/wheeltec/agribot/agribot_ws/install/yesense_interface/include/yesense_interface/yesense_interface/msg/pos_only.hpp
[3.857s] -- Up-to-date: /home/wheeltec/agribot/agribot_ws/install/yesense_interface/include/yesense_interface/yesense_interface
[3.858s] -- Up-to-date: /home/wheeltec/agribot/agribot_ws/install/yesense_interface/include/yesense_interface/yesense_interface/msg
[3.859s] -- Up-to-date: /home/wheeltec/agribot/agribot_ws/install/yesense_interface/include/yesense_interface/yesense_interface/msg/rosidl_typesupport_fastrtps_cpp__visibility_control.h
[3.860s] -- Up-to-date: /home/wheeltec/agribot/agribot_ws/install/yesense_interface/include/yesense_interface/yesense_interface/msg/detail
[3.861s] -- Up-to-date: /home/wheeltec/agribot/agribot_ws/install/yesense_interface/include/yesense_interface/yesense_interface/msg/detail/nav_status__rosidl_typesupport_fastrtps_cpp.hpp
[3.862s] -- Up-to-date: /home/wheeltec/agribot/agribot_ws/install/yesense_interface/include/yesense_interface/yesense_interface/msg/detail/sensor_temp__rosidl_typesupport_fastrtps_cpp.hpp
[3.863s] -- Up-to-date: /home/wheeltec/agribot/agribot_ws/install/yesense_interface/include/yesense_interface/yesense_interface/msg/detail/attitude_all_data__rosidl_typesupport_fastrtps_cpp.hpp
[3.864s] -- Up-to-date: /home/wheeltec/agribot/agribot_ws/install/yesense_interface/include/yesense_interface/yesense_interface/msg/detail/three_axis__rosidl_typesupport_fastrtps_cpp.hpp
[3.866s] -- Up-to-date: /home/wheeltec/agribot/agribot_ws/install/yesense_interface/include/yesense_interface/yesense_interface/msg/detail/vel__rosidl_typesupport_fastrtps_cpp.hpp
[3.867s] -- Up-to-date: /home/wheeltec/agribot/agribot_ws/install/yesense_interface/include/yesense_interface/yesense_interface/msg/detail/quat__rosidl_typesupport_fastrtps_cpp.hpp
[3.868s] -- Up-to-date: /home/wheeltec/agribot/agribot_ws/install/yesense_interface/include/yesense_interface/yesense_interface/msg/detail/attitude_min_vru__rosidl_typesupport_fastrtps_cpp.hpp
[3.869s] -- Up-to-date: /home/wheeltec/agribot/agribot_ws/install/yesense_interface/include/yesense_interface/yesense_interface/msg/detail/sample_timestamp__rosidl_typesupport_fastrtps_cpp.hpp
[3.871s] -- Up-to-date: /home/wheeltec/agribot/agribot_ws/install/yesense_interface/include/yesense_interface/yesense_interface/msg/detail/robot_lord__rosidl_typesupport_fastrtps_cpp.hpp
[3.872s] -- Up-to-date: /home/wheeltec/agribot/agribot_ws/install/yesense_interface/include/yesense_interface/yesense_interface/msg/detail/nav_min__rosidl_typesupport_fastrtps_cpp.hpp
[3.874s] -- Up-to-date: /home/wheeltec/agribot/agribot_ws/install/yesense_interface/include/yesense_interface/yesense_interface/msg/detail/nav_min_utc__rosidl_typesupport_fastrtps_cpp.hpp
[3.876s] -- Up-to-date: /home/wheeltec/agribot/agribot_ws/install/yesense_interface/include/yesense_interface/yesense_interface/msg/detail/attitude_min_ahrs__rosidl_typesupport_fastrtps_cpp.hpp
[3.877s] -- Up-to-date: /home/wheeltec/agribot/agribot_ws/install/yesense_interface/include/yesense_interface/yesense_interface/msg/detail/imu_data__rosidl_typesupport_fastrtps_cpp.hpp
[3.879s] -- Up-to-date: /home/wheeltec/agribot/agribot_ws/install/yesense_interface/include/yesense_interface/yesense_interface/msg/detail/euler_only__rosidl_typesupport_fastrtps_cpp.hpp
[3.880s] -- Up-to-date: /home/wheeltec/agribot/agribot_ws/install/yesense_interface/include/yesense_interface/yesense_interface/msg/detail/pressure__rosidl_typesupport_fastrtps_cpp.hpp
[3.881s] -- Up-to-date: /home/wheeltec/agribot/agribot_ws/install/yesense_interface/include/yesense_interface/yesense_interface/msg/detail/tid__rosidl_typesupport_fastrtps_cpp.hpp
[3.882s] -- Up-to-date: /home/wheeltec/agribot/agribot_ws/install/yesense_interface/include/yesense_interface/yesense_interface/msg/detail/pos_only__rosidl_typesupport_fastrtps_cpp.hpp
[3.884s] -- Up-to-date: /home/wheeltec/agribot/agribot_ws/install/yesense_interface/include/yesense_interface/yesense_interface/msg/detail/utc__rosidl_typesupport_fastrtps_cpp.hpp
[3.885s] -- Up-to-date: /home/wheeltec/agribot/agribot_ws/install/yesense_interface/include/yesense_interface/yesense_interface/msg/detail/nav_all__rosidl_typesupport_fastrtps_cpp.hpp
[3.887s] -- Up-to-date: /home/wheeltec/agribot/agribot_ws/install/yesense_interface/include/yesense_interface/yesense_interface/msg/detail/imu_data_ten_axis__rosidl_typesupport_fastrtps_cpp.hpp
[3.888s] -- Up-to-date: /home/wheeltec/agribot/agribot_ws/install/yesense_interface/include/yesense_interface/yesense_interface/msg/detail/gnss_pos__rosidl_typesupport_fastrtps_cpp.hpp
[3.889s] -- Up-to-date: /home/wheeltec/agribot/agribot_ws/install/yesense_interface/include/yesense_interface/yesense_interface/msg/detail/euler_angle__rosidl_typesupport_fastrtps_cpp.hpp
[3.894s] -- Up-to-date: /home/wheeltec/agribot/agribot_ws/install/yesense_interface/include/yesense_interface/yesense_interface/msg/detail/dds_fastrtps
[3.896s] -- Up-to-date: /home/wheeltec/agribot/agribot_ws/install/yesense_interface/lib/libyesense_interface__rosidl_typesupport_fastrtps_cpp.so
[3.898s] -- Up-to-date: /home/wheeltec/agribot/agribot_ws/install/yesense_interface/include/yesense_interface/yesense_interface
[3.899s] -- Up-to-date: /home/wheeltec/agribot/agribot_ws/install/yesense_interface/include/yesense_interface/yesense_interface/msg
[3.900s] -- Up-to-date: /home/wheeltec/agribot/agribot_ws/install/yesense_interface/include/yesense_interface/yesense_interface/msg/detail
[3.901s] -- Up-to-date: /home/wheeltec/agribot/agribot_ws/install/yesense_interface/include/yesense_interface/yesense_interface/msg/detail/sample_timestamp__type_support.cpp
[3.903s] -- Up-to-date: /home/wheeltec/agribot/agribot_ws/install/yesense_interface/include/yesense_interface/yesense_interface/msg/detail/imu_data_ten_axis__rosidl_typesupport_introspection_cpp.hpp
[3.904s] -- Up-to-date: /home/wheeltec/agribot/agribot_ws/install/yesense_interface/include/yesense_interface/yesense_interface/msg/detail/utc__rosidl_typesupport_introspection_cpp.hpp
[3.905s] -- Up-to-date: /home/wheeltec/agribot/agribot_ws/install/yesense_interface/include/yesense_interface/yesense_interface/msg/detail/pos_only__type_support.cpp
[3.906s] -- Up-to-date: /home/wheeltec/agribot/agribot_ws/install/yesense_interface/include/yesense_interface/yesense_interface/msg/detail/euler_only__rosidl_typesupport_introspection_cpp.hpp
[3.922s] -- Up-to-date: /home/wheeltec/agribot/agribot_ws/install/yesense_interface/include/yesense_interface/yesense_interface/msg/detail/nav_min_utc__rosidl_typesupport_introspection_cpp.hpp
[3.924s] -- Up-to-date: /home/wheeltec/agribot/agribot_ws/install/yesense_interface/include/yesense_interface/yesense_interface/msg/detail/euler_angle__rosidl_typesupport_introspection_cpp.hpp
[3.928s] -- Up-to-date: /home/wheeltec/agribot/agribot_ws/install/yesense_interface/include/yesense_interface/yesense_interface/msg/detail/vel__type_support.cpp
[3.929s] -- Up-to-date: /home/wheeltec/agribot/agribot_ws/install/yesense_interface/include/yesense_interface/yesense_interface/msg/detail/sample_timestamp__rosidl_typesupport_introspection_cpp.hpp
[3.930s] -- Up-to-date: /home/wheeltec/agribot/agribot_ws/install/yesense_interface/include/yesense_interface/yesense_interface/msg/detail/nav_all__rosidl_typesupport_introspection_cpp.hpp
[3.931s] -- Up-to-date: /home/wheeltec/agribot/agribot_ws/install/yesense_interface/include/yesense_interface/yesense_interface/msg/detail/attitude_min_vru__type_support.cpp
[3.932s] -- Up-to-date: /home/wheeltec/agribot/agribot_ws/install/yesense_interface/include/yesense_interface/yesense_interface/msg/detail/euler_only__type_support.cpp
[3.933s] -- Up-to-date: /home/wheeltec/agribot/agribot_ws/install/yesense_interface/include/yesense_interface/yesense_interface/msg/detail/tid__type_support.cpp
[3.934s] -- Up-to-date: /home/wheeltec/agribot/agribot_ws/install/yesense_interface/include/yesense_interface/yesense_interface/msg/detail/attitude_all_data__type_support.cpp
[3.936s] -- Up-to-date: /home/wheeltec/agribot/agribot_ws/install/yesense_interface/include/yesense_interface/yesense_interface/msg/detail/robot_lord__rosidl_typesupport_introspection_cpp.hpp
[3.937s] -- Up-to-date: /home/wheeltec/agribot/agribot_ws/install/yesense_interface/include/yesense_interface/yesense_interface/msg/detail/imu_data__type_support.cpp
[3.939s] -- Up-to-date: /home/wheeltec/agribot/agribot_ws/install/yesense_interface/include/yesense_interface/yesense_interface/msg/detail/gnss_pos__rosidl_typesupport_introspection_cpp.hpp
[3.941s] -- Up-to-date: /home/wheeltec/agribot/agribot_ws/install/yesense_interface/include/yesense_interface/yesense_interface/msg/detail/nav_min__type_support.cpp
[3.943s] -- Up-to-date: /home/wheeltec/agribot/agribot_ws/install/yesense_interface/include/yesense_interface/yesense_interface/msg/detail/utc__type_support.cpp
[3.944s] -- Up-to-date: /home/wheeltec/agribot/agribot_ws/install/yesense_interface/include/yesense_interface/yesense_interface/msg/detail/quat__rosidl_typesupport_introspection_cpp.hpp
[3.950s] -- Up-to-date: /home/wheeltec/agribot/agribot_ws/install/yesense_interface/include/yesense_interface/yesense_interface/msg/detail/vel__rosidl_typesupport_introspection_cpp.hpp
[3.955s] -- Up-to-date: /home/wheeltec/agribot/agribot_ws/install/yesense_interface/include/yesense_interface/yesense_interface/msg/detail/pos_only__rosidl_typesupport_introspection_cpp.hpp
[3.956s] -- Up-to-date: /home/wheeltec/agribot/agribot_ws/install/yesense_interface/include/yesense_interface/yesense_interface/msg/detail/nav_all__type_support.cpp
[3.957s] -- Up-to-date: /home/wheeltec/agribot/agribot_ws/install/yesense_interface/include/yesense_interface/yesense_interface/msg/detail/nav_min_utc__type_support.cpp
[3.958s] -- Up-to-date: /home/wheeltec/agribot/agribot_ws/install/yesense_interface/include/yesense_interface/yesense_interface/msg/detail/euler_angle__type_support.cpp
[3.959s] -- Up-to-date: /home/wheeltec/agribot/agribot_ws/install/yesense_interface/include/yesense_interface/yesense_interface/msg/detail/pressure__rosidl_typesupport_introspection_cpp.hpp
[3.960s] -- Up-to-date: /home/wheeltec/agribot/agribot_ws/install/yesense_interface/include/yesense_interface/yesense_interface/msg/detail/pressure__type_support.cpp
[3.961s] -- Up-to-date: /home/wheeltec/agribot/agribot_ws/install/yesense_interface/include/yesense_interface/yesense_interface/msg/detail/three_axis__type_support.cpp
[3.962s] -- Up-to-date: /home/wheeltec/agribot/agribot_ws/install/yesense_interface/include/yesense_interface/yesense_interface/msg/detail/attitude_all_data__rosidl_typesupport_introspection_cpp.hpp
[3.963s] -- Up-to-date: /home/wheeltec/agribot/agribot_ws/install/yesense_interface/include/yesense_interface/yesense_interface/msg/detail/imu_data__rosidl_typesupport_introspection_cpp.hpp
[3.964s] -- Up-to-date: /home/wheeltec/agribot/agribot_ws/install/yesense_interface/include/yesense_interface/yesense_interface/msg/detail/three_axis__rosidl_typesupport_introspection_cpp.hpp
[3.965s] -- Up-to-date: /home/wheeltec/agribot/agribot_ws/install/yesense_interface/include/yesense_interface/yesense_interface/msg/detail/nav_status__type_support.cpp
[3.966s] -- Up-to-date: /home/wheeltec/agribot/agribot_ws/install/yesense_interface/include/yesense_interface/yesense_interface/msg/detail/robot_lord__type_support.cpp
[3.966s] -- Up-to-date: /home/wheeltec/agribot/agribot_ws/install/yesense_interface/include/yesense_interface/yesense_interface/msg/detail/attitude_min_vru__rosidl_typesupport_introspection_cpp.hpp
[3.967s] -- Up-to-date: /home/wheeltec/agribot/agribot_ws/install/yesense_interface/include/yesense_interface/yesense_interface/msg/detail/gnss_pos__type_support.cpp
[3.968s] -- Up-to-date: /home/wheeltec/agribot/agribot_ws/install/yesense_interface/include/yesense_interface/yesense_interface/msg/detail/nav_status__rosidl_typesupport_introspection_cpp.hpp
[3.970s] -- Up-to-date: /home/wheeltec/agribot/agribot_ws/install/yesense_interface/include/yesense_interface/yesense_interface/msg/detail/nav_min__rosidl_typesupport_introspection_cpp.hpp
[3.971s] -- Up-to-date: /home/wheeltec/agribot/agribot_ws/install/yesense_interface/include/yesense_interface/yesense_interface/msg/detail/attitude_min_ahrs__type_support.cpp
[3.972s] -- Up-to-date: /home/wheeltec/agribot/agribot_ws/install/yesense_interface/include/yesense_interface/yesense_interface/msg/detail/tid__rosidl_typesupport_introspection_cpp.hpp
[3.975s] -- Up-to-date: /home/wheeltec/agribot/agribot_ws/install/yesense_interface/include/yesense_interface/yesense_interface/msg/detail/imu_data_ten_axis__type_support.cpp
[3.976s] -- Up-to-date: /home/wheeltec/agribot/agribot_ws/install/yesense_interface/include/yesense_interface/yesense_interface/msg/detail/sensor_temp__rosidl_typesupport_introspection_cpp.hpp
[3.977s] -- Up-to-date: /home/wheeltec/agribot/agribot_ws/install/yesense_interface/include/yesense_interface/yesense_interface/msg/detail/attitude_min_ahrs__rosidl_typesupport_introspection_cpp.hpp
[3.978s] -- Up-to-date: /home/wheeltec/agribot/agribot_ws/install/yesense_interface/include/yesense_interface/yesense_interface/msg/detail/sensor_temp__type_support.cpp
[3.979s] -- Up-to-date: /home/wheeltec/agribot/agribot_ws/install/yesense_interface/include/yesense_interface/yesense_interface/msg/detail/quat__type_support.cpp
[3.980s] -- Up-to-date: /home/wheeltec/agribot/agribot_ws/install/yesense_interface/lib/libyesense_interface__rosidl_typesupport_introspection_cpp.so
[3.981s] -- Up-to-date: /home/wheeltec/agribot/agribot_ws/install/yesense_interface/lib/libyesense_interface__rosidl_typesupport_cpp.so
[3.982s] -- Up-to-date: /home/wheeltec/agribot/agribot_ws/install/yesense_interface/share/yesense_interface/environment/pythonpath.sh
[3.983s] -- Up-to-date: /home/wheeltec/agribot/agribot_ws/install/yesense_interface/share/yesense_interface/environment/pythonpath.dsv
[3.984s] -- Up-to-date: /home/wheeltec/agribot/agribot_ws/install/yesense_interface/local/lib/python3.10/dist-packages/yesense_interface-1.0.0-py3.10.egg-info
[3.984s] -- Installing: /home/wheeltec/agribot/agribot_ws/install/yesense_interface/local/lib/python3.10/dist-packages/yesense_interface-1.0.0-py3.10.egg-info/SOURCES.txt
[3.985s] -- Installing: /home/wheeltec/agribot/agribot_ws/install/yesense_interface/local/lib/python3.10/dist-packages/yesense_interface-1.0.0-py3.10.egg-info/PKG-INFO
[3.987s] -- Installing: /home/wheeltec/agribot/agribot_ws/install/yesense_interface/local/lib/python3.10/dist-packages/yesense_interface-1.0.0-py3.10.egg-info/dependency_links.txt
[3.988s] -- Installing: /home/wheeltec/agribot/agribot_ws/install/yesense_interface/local/lib/python3.10/dist-packages/yesense_interface-1.0.0-py3.10.egg-info/top_level.txt
[3.989s] -- Up-to-date: /home/wheeltec/agribot/agribot_ws/install/yesense_interface/local/lib/python3.10/dist-packages/yesense_interface
[3.990s] -- Up-to-date: /home/wheeltec/agribot/agribot_ws/install/yesense_interface/local/lib/python3.10/dist-packages/yesense_interface/yesense_interface_s__rosidl_typesupport_fastrtps_c.cpython-310-aarch64-linux-gnu.so
[3.993s] -- Up-to-date: /home/wheeltec/agribot/agribot_ws/install/yesense_interface/local/lib/python3.10/dist-packages/yesense_interface/yesense_interface_s__rosidl_typesupport_c.cpython-310-aarch64-linux-gnu.so
[3.994s] -- Up-to-date: /home/wheeltec/agribot/agribot_ws/install/yesense_interface/local/lib/python3.10/dist-packages/yesense_interface/_yesense_interface_s.ep.rosidl_typesupport_introspection_c.c
[3.999s] -- Up-to-date: /home/wheeltec/agribot/agribot_ws/install/yesense_interface/local/lib/python3.10/dist-packages/yesense_interface/libyesense_interface__rosidl_generator_py.so
[4.001s] -- Up-to-date: /home/wheeltec/agribot/agribot_ws/install/yesense_interface/local/lib/python3.10/dist-packages/yesense_interface/_yesense_interface_s.ep.rosidl_typesupport_fastrtps_c.c
[4.002s] -- Up-to-date: /home/wheeltec/agribot/agribot_ws/install/yesense_interface/local/lib/python3.10/dist-packages/yesense_interface/_yesense_interface_s.ep.rosidl_typesupport_c.c
[4.003s] -- Up-to-date: /home/wheeltec/agribot/agribot_ws/install/yesense_interface/local/lib/python3.10/dist-packages/yesense_interface/yesense_interface_s__rosidl_typesupport_introspection_c.cpython-310-aarch64-linux-gnu.so
[4.004s] -- Up-to-date: /home/wheeltec/agribot/agribot_ws/install/yesense_interface/local/lib/python3.10/dist-packages/yesense_interface/msg
[4.005s] -- Up-to-date: /home/wheeltec/agribot/agribot_ws/install/yesense_interface/local/lib/python3.10/dist-packages/yesense_interface/msg/_three_axis.py
[4.006s] -- Up-to-date: /home/wheeltec/agribot/agribot_ws/install/yesense_interface/local/lib/python3.10/dist-packages/yesense_interface/msg/_attitude_min_ahrs_s.c
[4.007s] -- Up-to-date: /home/wheeltec/agribot/agribot_ws/install/yesense_interface/local/lib/python3.10/dist-packages/yesense_interface/msg/_gnss_pos.py
[4.008s] -- Up-to-date: /home/wheeltec/agribot/agribot_ws/install/yesense_interface/local/lib/python3.10/dist-packages/yesense_interface/msg/_sensor_temp_s.c
[4.010s] -- Up-to-date: /home/wheeltec/agribot/agribot_ws/install/yesense_interface/local/lib/python3.10/dist-packages/yesense_interface/msg/_robot_lord_s.c
[4.011s] -- Up-to-date: /home/wheeltec/agribot/agribot_ws/install/yesense_interface/local/lib/python3.10/dist-packages/yesense_interface/msg/_attitude_all_data_s.c
[4.027s] -- Up-to-date: /home/wheeltec/agribot/agribot_ws/install/yesense_interface/local/lib/python3.10/dist-packages/yesense_interface/msg/_sensor_temp.py
[4.029s] -- Up-to-date: /home/wheeltec/agribot/agribot_ws/install/yesense_interface/local/lib/python3.10/dist-packages/yesense_interface/msg/_nav_min_utc.py
[4.030s] -- Up-to-date: /home/wheeltec/agribot/agribot_ws/install/yesense_interface/local/lib/python3.10/dist-packages/yesense_interface/msg/_pressure.py
[4.031s] -- Up-to-date: /home/wheeltec/agribot/agribot_ws/install/yesense_interface/local/lib/python3.10/dist-packages/yesense_interface/msg/_euler_only.py
[4.032s] -- Up-to-date: /home/wheeltec/agribot/agribot_ws/install/yesense_interface/local/lib/python3.10/dist-packages/yesense_interface/msg/_nav_all.py
[4.033s] -- Up-to-date: /home/wheeltec/agribot/agribot_ws/install/yesense_interface/local/lib/python3.10/dist-packages/yesense_interface/msg/_utc_s.c
[4.034s] -- Up-to-date: /home/wheeltec/agribot/agribot_ws/install/yesense_interface/local/lib/python3.10/dist-packages/yesense_interface/msg/_pressure_s.c
[4.035s] -- Up-to-date: /home/wheeltec/agribot/agribot_ws/install/yesense_interface/local/lib/python3.10/dist-packages/yesense_interface/msg/_attitude_min_ahrs.py
[4.036s] -- Up-to-date: /home/wheeltec/agribot/agribot_ws/install/yesense_interface/local/lib/python3.10/dist-packages/yesense_interface/msg/_pos_only_s.c
[4.036s] -- Up-to-date: /home/wheeltec/agribot/agribot_ws/install/yesense_interface/local/lib/python3.10/dist-packages/yesense_interface/msg/_attitude_min_vru.py
[4.037s] -- Up-to-date: /home/wheeltec/agribot/agribot_ws/install/yesense_interface/local/lib/python3.10/dist-packages/yesense_interface/msg/_nav_min_s.c
[4.039s] -- Up-to-date: /home/wheeltec/agribot/agribot_ws/install/yesense_interface/local/lib/python3.10/dist-packages/yesense_interface/msg/_nav_all_s.c
[4.040s] -- Up-to-date: /home/wheeltec/agribot/agribot_ws/install/yesense_interface/local/lib/python3.10/dist-packages/yesense_interface/msg/_tid_s.c
[4.041s] -- Up-to-date: /home/wheeltec/agribot/agribot_ws/install/yesense_interface/local/lib/python3.10/dist-packages/yesense_interface/msg/_euler_angle_s.c
[4.042s] -- Up-to-date: /home/wheeltec/agribot/agribot_ws/install/yesense_interface/local/lib/python3.10/dist-packages/yesense_interface/msg/_three_axis_s.c
[4.067s] -- Up-to-date: /home/wheeltec/agribot/agribot_ws/install/yesense_interface/local/lib/python3.10/dist-packages/yesense_interface/msg/_euler_only_s.c
[4.068s] -- Up-to-date: /home/wheeltec/agribot/agribot_ws/install/yesense_interface/local/lib/python3.10/dist-packages/yesense_interface/msg/_vel_s.c
[4.070s] -- Up-to-date: /home/wheeltec/agribot/agribot_ws/install/yesense_interface/local/lib/python3.10/dist-packages/yesense_interface/msg/_tid.py
[4.070s] -- Up-to-date: /home/wheeltec/agribot/agribot_ws/install/yesense_interface/local/lib/python3.10/dist-packages/yesense_interface/msg/_imu_data_ten_axis.py
[4.070s] -- Up-to-date: /home/wheeltec/agribot/agribot_ws/install/yesense_interface/local/lib/python3.10/dist-packages/yesense_interface/msg/_nav_status_s.c
[4.070s] -- Up-to-date: /home/wheeltec/agribot/agribot_ws/install/yesense_interface/local/lib/python3.10/dist-packages/yesense_interface/msg/_quat.py
[4.070s] -- Up-to-date: /home/wheeltec/agribot/agribot_ws/install/yesense_interface/local/lib/python3.10/dist-packages/yesense_interface/msg/_imu_data_ten_axis_s.c
[4.071s] -- Up-to-date: /home/wheeltec/agribot/agribot_ws/install/yesense_interface/local/lib/python3.10/dist-packages/yesense_interface/msg/_imu_data.py
[4.071s] -- Up-to-date: /home/wheeltec/agribot/agribot_ws/install/yesense_interface/local/lib/python3.10/dist-packages/yesense_interface/msg/_attitude_min_vru_s.c
[4.071s] -- Up-to-date: /home/wheeltec/agribot/agribot_ws/install/yesense_interface/local/lib/python3.10/dist-packages/yesense_interface/msg/_vel.py
[4.071s] -- Up-to-date: /home/wheeltec/agribot/agribot_ws/install/yesense_interface/local/lib/python3.10/dist-packages/yesense_interface/msg/_robot_lord.py
[4.071s] -- Up-to-date: /home/wheeltec/agribot/agribot_ws/install/yesense_interface/local/lib/python3.10/dist-packages/yesense_interface/msg/_utc.py
[4.071s] -- Up-to-date: /home/wheeltec/agribot/agribot_ws/install/yesense_interface/local/lib/python3.10/dist-packages/yesense_interface/msg/_nav_min_utc_s.c
[4.072s] -- Up-to-date: /home/wheeltec/agribot/agribot_ws/install/yesense_interface/local/lib/python3.10/dist-packages/yesense_interface/msg/_attitude_all_data.py
[4.073s] -- Up-to-date: /home/wheeltec/agribot/agribot_ws/install/yesense_interface/local/lib/python3.10/dist-packages/yesense_interface/msg/_nav_status.py
[4.073s] -- Up-to-date: /home/wheeltec/agribot/agribot_ws/install/yesense_interface/local/lib/python3.10/dist-packages/yesense_interface/msg/_gnss_pos_s.c
[4.073s] -- Up-to-date: /home/wheeltec/agribot/agribot_ws/install/yesense_interface/local/lib/python3.10/dist-packages/yesense_interface/msg/_imu_data_s.c
[4.073s] -- Up-to-date: /home/wheeltec/agribot/agribot_ws/install/yesense_interface/local/lib/python3.10/dist-packages/yesense_interface/msg/_quat_s.c
[4.073s] -- Up-to-date: /home/wheeltec/agribot/agribot_ws/install/yesense_interface/local/lib/python3.10/dist-packages/yesense_interface/msg/_euler_angle.py
[4.074s] -- Up-to-date: /home/wheeltec/agribot/agribot_ws/install/yesense_interface/local/lib/python3.10/dist-packages/yesense_interface/msg/_pos_only.py
[4.074s] -- Up-to-date: /home/wheeltec/agribot/agribot_ws/install/yesense_interface/local/lib/python3.10/dist-packages/yesense_interface/msg/_sample_timestamp.py
[4.074s] -- Up-to-date: /home/wheeltec/agribot/agribot_ws/install/yesense_interface/local/lib/python3.10/dist-packages/yesense_interface/msg/_sample_timestamp_s.c
[4.074s] -- Up-to-date: /home/wheeltec/agribot/agribot_ws/install/yesense_interface/local/lib/python3.10/dist-packages/yesense_interface/msg/_nav_min.py
[4.077s] -- Up-to-date: /home/wheeltec/agribot/agribot_ws/install/yesense_interface/local/lib/python3.10/dist-packages/yesense_interface/msg/__init__.py
[4.090s] -- Up-to-date: /home/wheeltec/agribot/agribot_ws/install/yesense_interface/local/lib/python3.10/dist-packages/yesense_interface/__init__.py
[4.091s] Listing '/home/wheeltec/agribot/agribot_ws/install/yesense_interface/local/lib/python3.10/dist-packages/yesense_interface'...
[4.091s] Listing '/home/wheeltec/agribot/agribot_ws/install/yesense_interface/local/lib/python3.10/dist-packages/yesense_interface/msg'...
[4.092s] -- Up-to-date: /home/wheeltec/agribot/agribot_ws/install/yesense_interface/local/lib/python3.10/dist-packages/yesense_interface/yesense_interface_s__rosidl_typesupport_fastrtps_c.cpython-310-aarch64-linux-gnu.so
[4.093s] -- Up-to-date: /home/wheeltec/agribot/agribot_ws/install/yesense_interface/local/lib/python3.10/dist-packages/yesense_interface/yesense_interface_s__rosidl_typesupport_introspection_c.cpython-310-aarch64-linux-gnu.so
[4.094s] -- Up-to-date: /home/wheeltec/agribot/agribot_ws/install/yesense_interface/local/lib/python3.10/dist-packages/yesense_interface/yesense_interface_s__rosidl_typesupport_c.cpython-310-aarch64-linux-gnu.so
[4.094s] -- Up-to-date: /home/wheeltec/agribot/agribot_ws/install/yesense_interface/lib/libyesense_interface__rosidl_generator_py.so
[4.095s] -- Up-to-date: /home/wheeltec/agribot/agribot_ws/install/yesense_interface/share/ament_index/resource_index/rust_packages/yesense_interface
[4.102s] -- Up-to-date: /home/wheeltec/agribot/agribot_ws/install/yesense_interface/share/yesense_interface/rust
[4.102s] -- Up-to-date: /home/wheeltec/agribot/agribot_ws/install/yesense_interface/share/yesense_interface/rust/build.rs
[4.104s] -- Up-to-date: /home/wheeltec/agribot/agribot_ws/install/yesense_interface/share/yesense_interface/rust/src
[4.104s] -- Up-to-date: /home/wheeltec/agribot/agribot_ws/install/yesense_interface/share/yesense_interface/rust/src/msg.rs
[4.105s] -- Up-to-date: /home/wheeltec/agribot/agribot_ws/install/yesense_interface/share/yesense_interface/rust/src/lib.rs
[4.105s] -- Up-to-date: /home/wheeltec/agribot/agribot_ws/install/yesense_interface/share/yesense_interface/rust/src/msg
[4.106s] -- Up-to-date: /home/wheeltec/agribot/agribot_ws/install/yesense_interface/share/yesense_interface/rust/src/msg/rmw.rs
[4.106s] -- Up-to-date: /home/wheeltec/agribot/agribot_ws/install/yesense_interface/share/yesense_interface/rust/Cargo.toml
[4.107s] -- Up-to-date: /home/wheeltec/agribot/agribot_ws/install/yesense_interface/share/yesense_interface/msg/Tid.idl
[4.107s] -- Up-to-date: /home/wheeltec/agribot/agribot_ws/install/yesense_interface/share/yesense_interface/msg/ThreeAxis.idl
[4.107s] -- Up-to-date: /home/wheeltec/agribot/agribot_ws/install/yesense_interface/share/yesense_interface/msg/SensorTemp.idl
[4.108s] -- Up-to-date: /home/wheeltec/agribot/agribot_ws/install/yesense_interface/share/yesense_interface/msg/Pressure.idl
[4.108s] -- Up-to-date: /home/wheeltec/agribot/agribot_ws/install/yesense_interface/share/yesense_interface/msg/EulerAngle.idl
[4.108s] -- Up-to-date: /home/wheeltec/agribot/agribot_ws/install/yesense_interface/share/yesense_interface/msg/Quat.idl
[4.109s] -- Up-to-date: /home/wheeltec/agribot/agribot_ws/install/yesense_interface/share/yesense_interface/msg/GnssPos.idl
[4.109s] -- Up-to-date: /home/wheeltec/agribot/agribot_ws/install/yesense_interface/share/yesense_interface/msg/NavStatus.idl
[4.110s] -- Up-to-date: /home/wheeltec/agribot/agribot_ws/install/yesense_interface/share/yesense_interface/msg/Vel.idl
[4.110s] -- Up-to-date: /home/wheeltec/agribot/agribot_ws/install/yesense_interface/share/yesense_interface/msg/Utc.idl
[4.110s] -- Up-to-date: /home/wheeltec/agribot/agribot_ws/install/yesense_interface/share/yesense_interface/msg/SampleTimestamp.idl
[4.110s] -- Up-to-date: /home/wheeltec/agribot/agribot_ws/install/yesense_interface/share/yesense_interface/msg/ImuData.idl
[4.111s] -- Up-to-date: /home/wheeltec/agribot/agribot_ws/install/yesense_interface/share/yesense_interface/msg/ImuDataTenAxis.idl
[4.115s] -- Up-to-date: /home/wheeltec/agribot/agribot_ws/install/yesense_interface/share/yesense_interface/msg/EulerOnly.idl
[4.118s] -- Up-to-date: /home/wheeltec/agribot/agribot_ws/install/yesense_interface/share/yesense_interface/msg/RobotLord.idl
[4.118s] -- Up-to-date: /home/wheeltec/agribot/agribot_ws/install/yesense_interface/share/yesense_interface/msg/AttitudeMinVru.idl
[4.118s] -- Up-to-date: /home/wheeltec/agribot/agribot_ws/install/yesense_interface/share/yesense_interface/msg/AttitudeMinAhrs.idl
[4.121s] -- Up-to-date: /home/wheeltec/agribot/agribot_ws/install/yesense_interface/share/yesense_interface/msg/AttitudeAllData.idl
[4.121s] -- Up-to-date: /home/wheeltec/agribot/agribot_ws/install/yesense_interface/share/yesense_interface/msg/PosOnly.idl
[4.124s] -- Up-to-date: /home/wheeltec/agribot/agribot_ws/install/yesense_interface/share/yesense_interface/msg/NavMin.idl
[4.124s] -- Up-to-date: /home/wheeltec/agribot/agribot_ws/install/yesense_interface/share/yesense_interface/msg/NavMinUtc.idl
[4.124s] -- Up-to-date: /home/wheeltec/agribot/agribot_ws/install/yesense_interface/share/yesense_interface/msg/NavAll.idl
[4.125s] -- Up-to-date: /home/wheeltec/agribot/agribot_ws/install/yesense_interface/share/yesense_interface/msg/Tid.msg
[4.125s] -- Up-to-date: /home/wheeltec/agribot/agribot_ws/install/yesense_interface/share/yesense_interface/msg/ThreeAxis.msg
[4.125s] -- Up-to-date: /home/wheeltec/agribot/agribot_ws/install/yesense_interface/share/yesense_interface/msg/SensorTemp.msg
[4.126s] -- Up-to-date: /home/wheeltec/agribot/agribot_ws/install/yesense_interface/share/yesense_interface/msg/Pressure.msg
[4.126s] -- Up-to-date: /home/wheeltec/agribot/agribot_ws/install/yesense_interface/share/yesense_interface/msg/EulerAngle.msg
[4.126s] -- Up-to-date: /home/wheeltec/agribot/agribot_ws/install/yesense_interface/share/yesense_interface/msg/Quat.msg
[4.127s] -- Up-to-date: /home/wheeltec/agribot/agribot_ws/install/yesense_interface/share/yesense_interface/msg/GnssPos.msg
[4.127s] -- Up-to-date: /home/wheeltec/agribot/agribot_ws/install/yesense_interface/share/yesense_interface/msg/NavStatus.msg
[4.129s] -- Up-to-date: /home/wheeltec/agribot/agribot_ws/install/yesense_interface/share/yesense_interface/msg/Vel.msg
[4.130s] -- Up-to-date: /home/wheeltec/agribot/agribot_ws/install/yesense_interface/share/yesense_interface/msg/Utc.msg
[4.130s] -- Up-to-date: /home/wheeltec/agribot/agribot_ws/install/yesense_interface/share/yesense_interface/msg/SampleTimestamp.msg
[4.137s] -- Up-to-date: /home/wheeltec/agribot/agribot_ws/install/yesense_interface/share/yesense_interface/msg/ImuData.msg
[4.140s] -- Up-to-date: /home/wheeltec/agribot/agribot_ws/install/yesense_interface/share/yesense_interface/msg/ImuDataTenAxis.msg
[4.140s] -- Up-to-date: /home/wheeltec/agribot/agribot_ws/install/yesense_interface/share/yesense_interface/msg/EulerOnly.msg
[4.140s] -- Up-to-date: /home/wheeltec/agribot/agribot_ws/install/yesense_interface/share/yesense_interface/msg/RobotLord.msg
[4.141s] -- Up-to-date: /home/wheeltec/agribot/agribot_ws/install/yesense_interface/share/yesense_interface/msg/AttitudeMinVru.msg
[4.141s] -- Up-to-date: /home/wheeltec/agribot/agribot_ws/install/yesense_interface/share/yesense_interface/msg/AttitudeMinAhrs.msg
[4.142s] -- Up-to-date: /home/wheeltec/agribot/agribot_ws/install/yesense_interface/share/yesense_interface/msg/AttitudeAllData.msg
[4.145s] -- Up-to-date: /home/wheeltec/agribot/agribot_ws/install/yesense_interface/share/yesense_interface/msg/PosOnly.msg
[4.146s] -- Up-to-date: /home/wheeltec/agribot/agribot_ws/install/yesense_interface/share/yesense_interface/msg/NavMin.msg
[4.146s] -- Up-to-date: /home/wheeltec/agribot/agribot_ws/install/yesense_interface/share/yesense_interface/msg/NavMinUtc.msg
[4.147s] -- Up-to-date: /home/wheeltec/agribot/agribot_ws/install/yesense_interface/share/yesense_interface/msg/NavAll.msg
[4.147s] -- Up-to-date: /home/wheeltec/agribot/agribot_ws/install/yesense_interface/share/ament_index/resource_index/package_run_dependencies/yesense_interface
[4.152s] -- Up-to-date: /home/wheeltec/agribot/agribot_ws/install/yesense_interface/share/ament_index/resource_index/parent_prefix_path/yesense_interface
[4.153s] -- Up-to-date: /home/wheeltec/agribot/agribot_ws/install/yesense_interface/share/yesense_interface/environment/ament_prefix_path.sh
[4.154s] -- Up-to-date: /home/wheeltec/agribot/agribot_ws/install/yesense_interface/share/yesense_interface/environment/ament_prefix_path.dsv
[4.154s] -- Up-to-date: /home/wheeltec/agribot/agribot_ws/install/yesense_interface/share/yesense_interface/environment/path.sh
[4.155s] -- Up-to-date: /home/wheeltec/agribot/agribot_ws/install/yesense_interface/share/yesense_interface/environment/path.dsv
[4.156s] -- Up-to-date: /home/wheeltec/agribot/agribot_ws/install/yesense_interface/share/yesense_interface/local_setup.bash
[4.156s] -- Up-to-date: /home/wheeltec/agribot/agribot_ws/install/yesense_interface/share/yesense_interface/local_setup.sh
[4.156s] -- Up-to-date: /home/wheeltec/agribot/agribot_ws/install/yesense_interface/share/yesense_interface/local_setup.zsh
[4.157s] -- Up-to-date: /home/wheeltec/agribot/agribot_ws/install/yesense_interface/share/yesense_interface/local_setup.dsv
[4.157s] -- Installing: /home/wheeltec/agribot/agribot_ws/install/yesense_interface/share/yesense_interface/package.dsv
[4.157s] -- Up-to-date: /home/wheeltec/agribot/agribot_ws/install/yesense_interface/share/ament_index/resource_index/packages/yesense_interface
[4.162s] -- Up-to-date: /home/wheeltec/agribot/agribot_ws/install/yesense_interface/share/yesense_interface/cmake/export_yesense_interface__rosidl_generator_cExport.cmake
[4.163s] -- Up-to-date: /home/wheeltec/agribot/agribot_ws/install/yesense_interface/share/yesense_interface/cmake/export_yesense_interface__rosidl_generator_cExport-noconfig.cmake
[4.163s] -- Up-to-date: /home/wheeltec/agribot/agribot_ws/install/yesense_interface/share/yesense_interface/cmake/export_yesense_interface__rosidl_typesupport_fastrtps_cExport.cmake
[4.163s] -- Up-to-date: /home/wheeltec/agribot/agribot_ws/install/yesense_interface/share/yesense_interface/cmake/export_yesense_interface__rosidl_typesupport_fastrtps_cExport-noconfig.cmake
[4.163s] -- Up-to-date: /home/wheeltec/agribot/agribot_ws/install/yesense_interface/share/yesense_interface/cmake/yesense_interface__rosidl_typesupport_introspection_cExport.cmake
[4.164s] -- Up-to-date: /home/wheeltec/agribot/agribot_ws/install/yesense_interface/share/yesense_interface/cmake/yesense_interface__rosidl_typesupport_introspection_cExport-noconfig.cmake
[4.164s] -- Up-to-date: /home/wheeltec/agribot/agribot_ws/install/yesense_interface/share/yesense_interface/cmake/yesense_interface__rosidl_typesupport_cExport.cmake
[4.164s] -- Up-to-date: /home/wheeltec/agribot/agribot_ws/install/yesense_interface/share/yesense_interface/cmake/yesense_interface__rosidl_typesupport_cExport-noconfig.cmake
[4.165s] -- Up-to-date: /home/wheeltec/agribot/agribot_ws/install/yesense_interface/share/yesense_interface/cmake/export_yesense_interface__rosidl_generator_cppExport.cmake
[4.165s] -- Up-to-date: /home/wheeltec/agribot/agribot_ws/install/yesense_interface/share/yesense_interface/cmake/export_yesense_interface__rosidl_typesupport_fastrtps_cppExport.cmake
[4.166s] -- Up-to-date: /home/wheeltec/agribot/agribot_ws/install/yesense_interface/share/yesense_interface/cmake/export_yesense_interface__rosidl_typesupport_fastrtps_cppExport-noconfig.cmake
[4.166s] -- Up-to-date: /home/wheeltec/agribot/agribot_ws/install/yesense_interface/share/yesense_interface/cmake/yesense_interface__rosidl_typesupport_introspection_cppExport.cmake
[4.167s] -- Up-to-date: /home/wheeltec/agribot/agribot_ws/install/yesense_interface/share/yesense_interface/cmake/yesense_interface__rosidl_typesupport_introspection_cppExport-noconfig.cmake
[4.168s] -- Up-to-date: /home/wheeltec/agribot/agribot_ws/install/yesense_interface/share/yesense_interface/cmake/yesense_interface__rosidl_typesupport_cppExport.cmake
[4.168s] -- Up-to-date: /home/wheeltec/agribot/agribot_ws/install/yesense_interface/share/yesense_interface/cmake/yesense_interface__rosidl_typesupport_cppExport-noconfig.cmake
[4.169s] -- Up-to-date: /home/wheeltec/agribot/agribot_ws/install/yesense_interface/share/yesense_interface/cmake/export_yesense_interface__rosidl_generator_pyExport.cmake
[4.169s] -- Up-to-date: /home/wheeltec/agribot/agribot_ws/install/yesense_interface/share/yesense_interface/cmake/export_yesense_interface__rosidl_generator_pyExport-noconfig.cmake
[4.169s] -- Up-to-date: /home/wheeltec/agribot/agribot_ws/install/yesense_interface/share/yesense_interface/cmake/rosidl_cmake-extras.cmake
[4.169s] -- Up-to-date: /home/wheeltec/agribot/agribot_ws/install/yesense_interface/share/yesense_interface/cmake/ament_cmake_export_include_directories-extras.cmake
[4.169s] -- Up-to-date: /home/wheeltec/agribot/agribot_ws/install/yesense_interface/share/yesense_interface/cmake/ament_cmake_export_libraries-extras.cmake
[4.170s] -- Up-to-date: /home/wheeltec/agribot/agribot_ws/install/yesense_interface/share/yesense_interface/cmake/ament_cmake_export_targets-extras.cmake
[4.170s] -- Up-to-date: /home/wheeltec/agribot/agribot_ws/install/yesense_interface/share/yesense_interface/cmake/rosidl_cmake_export_typesupport_targets-extras.cmake
[4.171s] -- Up-to-date: /home/wheeltec/agribot/agribot_ws/install/yesense_interface/share/yesense_interface/cmake/ament_cmake_export_dependencies-extras.cmake
[4.171s] -- Up-to-date: /home/wheeltec/agribot/agribot_ws/install/yesense_interface/share/yesense_interface/cmake/rosidl_cmake_export_typesupport_libraries-extras.cmake
[4.171s] -- Up-to-date: /home/wheeltec/agribot/agribot_ws/install/yesense_interface/share/yesense_interface/cmake/rosidl_cmake_aggregate_target-extras.cmake
[4.171s] -- Up-to-date: /home/wheeltec/agribot/agribot_ws/install/yesense_interface/share/yesense_interface/cmake/yesense_interfaceConfig.cmake
[4.172s] -- Up-to-date: /home/wheeltec/agribot/agribot_ws/install/yesense_interface/share/yesense_interface/cmake/yesense_interfaceConfig-version.cmake
[4.172s] -- Up-to-date: /home/wheeltec/agribot/agribot_ws/install/yesense_interface/share/yesense_interface/package.xml
[4.173s] Invoked command in '/home/wheeltec/agribot/agribot_ws/build/yesense_interface' returned '0': CMAKE_PREFIX_PATH=${CMAKE_PREFIX_PATH}:/home/wheeltec/wheeltec_ros2/install/simple_follower_ros2:/home/wheeltec/wheeltec_ros2/install/wheeltec_robot_keyboard:/home/wheeltec/wheeltec_ros2/install/wheeltec_dual_rtk_driver:/home/wheeltec/wheeltec_ros2/install/ultralytics_ros2:/home/wheeltec/wheeltec_ros2/install/tf2_tools:/home/wheeltec/wheeltec_ros2/install/ollama_ros_chat:/home/wheeltec/wheeltec_ros2/install/nmea_navsat_driver:/home/wheeltec/wheeltec_ros2/install/nav2_waypoint_cycle:/home/wheeltec/wheeltec_ros2/install/nav2_simple_commander:/home/wheeltec/wheeltec_ros2/install/auto_recharge_ros2:/opt/ros/humble /usr/bin/cmake --install /home/wheeltec/agribot/agribot_ws/build/yesense_interface
