-- Found ament_cmake: 1.3.12 (/opt/ros/humble/share/ament_cmake/cmake)
-- Found rclcpp: 16.0.16 (/opt/ros/humble/share/rclcpp/cmake)
-- Found rosidl_generator_c: 3.1.7 (/opt/ros/humble/share/rosidl_generator_c/cmake)
-- Found rosidl_adapter: 3.1.7 (/opt/ros/humble/share/rosidl_adapter/cmake)
-- Found rosidl_generator_cpp: 3.1.7 (/opt/ros/humble/share/rosidl_generator_cpp/cmake)
-- Using all available rosidl_typesupport_c: rosidl_typesupport_fastrtps_c;rosidl_typesupport_introspection_c
-- Using all available rosidl_typesupport_cpp: rosidl_typesupport_fastrtps_cpp;rosidl_typesupport_introspection_cpp
-- Found rmw_implementation_cmake: 6.1.2 (/opt/ros/humble/share/rmw_implementation_cmake/cmake)
-- Found rmw_fastrtps_cpp: 6.2.9 (/opt/ros/humble/share/rmw_fastrtps_cpp/cmake)
-- Using RMW implementation 'rmw_fastrtps_cpp' as default
-- Found ament_lint_auto: 0.12.14 (/opt/ros/humble/share/ament_lint_auto/cmake)
-- Added test 'lint_cmake' to check CMake code style
-- Added test 'xmllint' to check XML markup files
-- Configuring done
-- Generating done
-- Build files have been written to: /home/wheeltec/agribot/agribot_ws/build/turn_on_agribot
-- Install configuration: ""
-- Up-to-date: /home/wheeltec/agribot/agribot_ws/install/turn_on_agribot/share/ament_index/resource_index/package_run_dependencies/turn_on_agribot
-- Up-to-date: /home/wheeltec/agribot/agribot_ws/install/turn_on_agribot/share/ament_index/resource_index/parent_prefix_path/turn_on_agribot
-- Up-to-date: /home/wheeltec/agribot/agribot_ws/install/turn_on_agribot/share/turn_on_agribot/environment/ament_prefix_path.sh
-- Installing: /home/wheeltec/agribot/agribot_ws/install/turn_on_agribot/share/turn_on_agribot/environment/ament_prefix_path.dsv
-- Up-to-date: /home/wheeltec/agribot/agribot_ws/install/turn_on_agribot/share/turn_on_agribot/environment/path.sh
-- Installing: /home/wheeltec/agribot/agribot_ws/install/turn_on_agribot/share/turn_on_agribot/environment/path.dsv
-- Up-to-date: /home/wheeltec/agribot/agribot_ws/install/turn_on_agribot/share/turn_on_agribot/local_setup.bash
-- Up-to-date: /home/wheeltec/agribot/agribot_ws/install/turn_on_agribot/share/turn_on_agribot/local_setup.sh
-- Up-to-date: /home/wheeltec/agribot/agribot_ws/install/turn_on_agribot/share/turn_on_agribot/local_setup.zsh
-- Installing: /home/wheeltec/agribot/agribot_ws/install/turn_on_agribot/share/turn_on_agribot/local_setup.dsv
-- Installing: /home/wheeltec/agribot/agribot_ws/install/turn_on_agribot/share/turn_on_agribot/package.dsv
-- Up-to-date: /home/wheeltec/agribot/agribot_ws/install/turn_on_agribot/share/ament_index/resource_index/packages/turn_on_agribot
-- Up-to-date: /home/wheeltec/agribot/agribot_ws/install/turn_on_agribot/share/turn_on_agribot/cmake/turn_on_agribotConfig.cmake
-- Up-to-date: /home/wheeltec/agribot/agribot_ws/install/turn_on_agribot/share/turn_on_agribot/cmake/turn_on_agribotConfig-version.cmake
-- Up-to-date: /home/wheeltec/agribot/agribot_ws/install/turn_on_agribot/share/turn_on_agribot/package.xml
