[0.033s] Invoking command in '/home/wheeltec/agribot/agribot_ws/build/centerline_extraction': CMAKE_PREFIX_PATH=${CMAKE_PREFIX_PATH}:/home/wheeltec/wheeltec_ros2/install/simple_follower_ros2:/home/wheeltec/wheeltec_ros2/install/wheeltec_robot_keyboard:/home/wheeltec/wheeltec_ros2/install/wheeltec_dual_rtk_driver:/home/wheeltec/wheeltec_ros2/install/ultralytics_ros2:/home/wheeltec/wheeltec_ros2/install/tf2_tools:/home/wheeltec/wheeltec_ros2/install/ollama_ros_chat:/home/wheeltec/wheeltec_ros2/install/nmea_navsat_driver:/home/wheeltec/wheeltec_ros2/install/nav2_waypoint_cycle:/home/wheeltec/wheeltec_ros2/install/nav2_simple_commander:/home/wheeltec/wheeltec_ros2/install/auto_recharge_ros2:/opt/ros/humble /usr/bin/cmake /home/wheeltec/agribot/agribot_ws/src/centerline_extraction -DCMAKE_INSTALL_PREFIX=/home/wheeltec/agribot/agribot_ws/install/centerline_extraction
[0.180s] -- The C compiler identification is GNU 11.4.0
[0.305s] -- The CXX compiler identification is GNU 11.4.0
[0.337s] -- Detecting C compiler ABI info
[0.496s] -- Detecting C compiler ABI info - done
[0.518s] -- Check for working C compiler: /usr/bin/cc - skipped
[0.529s] -- Detecting C compile features
[0.531s] -- Detecting C compile features - done
[0.542s] -- Detecting CXX compiler ABI info
[0.701s] -- Detecting CXX compiler ABI info - done
[0.723s] -- Check for working CXX compiler: /usr/bin/c++ - skipped
[0.724s] -- Detecting CXX compile features
[0.725s] -- Detecting CXX compile features - done
[0.767s] -- Found ament_cmake: 1.3.12 (/opt/ros/humble/share/ament_cmake/cmake)
[1.241s] -- Found Python3: /usr/bin/python3 (found version "3.10.12") found components: Interpreter 
[1.736s] -- Found rclcpp: 16.0.15 (/opt/ros/humble/share/rclcpp/cmake)
[2.017s] -- Found rosidl_generator_c: 3.1.7 (/opt/ros/humble/share/rosidl_generator_c/cmake)
[2.070s] -- Found rosidl_adapter: 3.1.7 (/opt/ros/humble/share/rosidl_adapter/cmake)
[2.121s] -- Found rosidl_generator_cpp: 3.1.7 (/opt/ros/humble/share/rosidl_generator_cpp/cmake)
[2.197s] -- Using all available rosidl_typesupport_c: rosidl_typesupport_fastrtps_c;rosidl_typesupport_introspection_c
[2.297s] -- Using all available rosidl_typesupport_cpp: rosidl_typesupport_fastrtps_cpp;rosidl_typesupport_introspection_cpp
[2.569s] -- Found rmw_implementation_cmake: 6.1.2 (/opt/ros/humble/share/rmw_implementation_cmake/cmake)
[2.598s] -- Found rmw_fastrtps_cpp: 6.2.8 (/opt/ros/humble/share/rmw_fastrtps_cpp/cmake)
[2.940s] -- Found OpenSSL: /usr/lib/aarch64-linux-gnu/libcrypto.so (found version "3.0.2")  
[3.026s] -- Found FastRTPS: /opt/ros/humble/include  
[3.148s] -- Using RMW implementation 'rmw_fastrtps_cpp' as default
[3.226s] -- Looking for pthread.h
[3.371s] -- Looking for pthread.h - found
[3.371s] -- Performing Test CMAKE_HAVE_LIBC_PTHREAD
[3.525s] -- Performing Test CMAKE_HAVE_LIBC_PTHREAD - Success
[3.527s] -- Found Threads: TRUE  
[3.741s] -- Found sensor_msgs: 4.9.0 (/opt/ros/humble/share/sensor_msgs/cmake)
[3.836s] -- Found nav_msgs: 4.9.0 (/opt/ros/humble/share/nav_msgs/cmake)
[3.886s] -- Found visualization_msgs: 4.9.0 (/opt/ros/humble/share/visualization_msgs/cmake)
[3.942s] -- Found pcl_conversions: 2.4.5 (/opt/ros/humble/share/pcl_conversions/cmake)
[4.080s] -- Checking for module 'eigen3'
[4.130s] --   Found eigen3, version 3.4.0
[4.186s] -- Found Eigen: /usr/include/eigen3 (Required is at least version "3.1") 
[4.187s] -- Eigen found (include: /usr/include/eigen3, version: 3.4.0)
[4.398s] -- Checking for module 'flann'
[4.448s] --   Found flann, version 1.9.1
[4.559s] -- Found FLANN: /usr/lib/aarch64-linux-gnu/libflann_cpp.so  
[4.559s] -- FLANN found (include: /usr/include, lib: /usr/lib/aarch64-linux-gnu/libflann_cpp.so)
[6.787s] -- Checking for module 'libusb-1.0'
[6.842s] --   Found libusb-1.0, version 1.0.25
[6.932s] -- Found libusb: /usr/lib/aarch64-linux-gnu/libusb-1.0.so  
[6.935s] -- OpenNI found (version: 1.5.4.0, include: /usr/include/ni, lib: /usr/lib/libOpenNI.so;libusb::libusb)
[7.107s] -- OpenNI2 found (version: 2.3.0.85, include: /home/wheeltec/wheeltec_ros2/install/astra_camera/include/openni2, lib: /usr/lib/aarch64-linux-gnu/libOpenNI2.so;libusb::libusb)
[7.440s] -- Eigen found (include: /usr/include/eigen3, version: 3.4.0)
[7.455s] -- OpenNI found (version: 1.5.4.0, include: /usr/include/ni, lib: /usr/lib/libOpenNI.so;libusb::libusb)
[7.469s] -- OpenNI2 found (version: 2.3.0.85, include: /home/wheeltec/wheeltec_ros2/install/astra_camera/include/openni2, lib: /usr/lib/aarch64-linux-gnu/libOpenNI2.so;libusb::libusb)
[7.807s] -- Found Qhull version 8.0.2
[8.142s] -- OpenNI found (version: 1.5.4.0, include: /usr/include/ni, lib: /usr/lib/libOpenNI.so;libusb::libusb)
[8.470s] -- Found PCL_COMMON: /usr/lib/aarch64-linux-gnu/libpcl_common.so  
[8.471s] -- Found PCL_KDTREE: /usr/lib/aarch64-linux-gnu/libpcl_kdtree.so  
[8.473s] -- Found PCL_OCTREE: /usr/lib/aarch64-linux-gnu/libpcl_octree.so  
[8.475s] -- Found PCL_SEARCH: /usr/lib/aarch64-linux-gnu/libpcl_search.so  
[8.476s] -- Found PCL_SAMPLE_CONSENSUS: /usr/lib/aarch64-linux-gnu/libpcl_sample_consensus.so  
[8.478s] -- Found PCL_FILTERS: /usr/lib/aarch64-linux-gnu/libpcl_filters.so  
[8.479s] -- Found PCL_2D: /usr/include/pcl-1.12  
[8.479s] -- Found PCL_GEOMETRY: /usr/include/pcl-1.12  
[8.481s] -- Found PCL_IO: /usr/lib/aarch64-linux-gnu/libpcl_io.so  
[8.483s] -- Found PCL_FEATURES: /usr/lib/aarch64-linux-gnu/libpcl_features.so  
[8.485s] -- Found PCL_ML: /usr/lib/aarch64-linux-gnu/libpcl_ml.so  
[8.486s] -- Found PCL_SEGMENTATION: /usr/lib/aarch64-linux-gnu/libpcl_segmentation.so  
[8.488s] -- Found PCL_VISUALIZATION: /usr/lib/aarch64-linux-gnu/libpcl_visualization.so  
[8.490s] -- Found PCL_SURFACE: /usr/lib/aarch64-linux-gnu/libpcl_surface.so  
[8.492s] -- Found PCL_REGISTRATION: /usr/lib/aarch64-linux-gnu/libpcl_registration.so  
[8.494s] -- Found PCL_KEYPOINTS: /usr/lib/aarch64-linux-gnu/libpcl_keypoints.so  
[8.495s] -- Found PCL_TRACKING: /usr/lib/aarch64-linux-gnu/libpcl_tracking.so  
[8.497s] -- Found PCL_RECOGNITION: /usr/lib/aarch64-linux-gnu/libpcl_recognition.so  
[8.499s] -- Found PCL_STEREO: /usr/lib/aarch64-linux-gnu/libpcl_stereo.so  
[8.501s] -- Found PCL_APPS: /usr/lib/aarch64-linux-gnu/libpcl_apps.so  
[8.502s] -- Found PCL_IN_HAND_SCANNER: /usr/include/pcl-1.12  
[8.503s] -- Found PCL_MODELER: /usr/include/pcl-1.12  
[8.513s] -- Found PCL_POINT_CLOUD_EDITOR: /usr/include/pcl-1.12  
[8.515s] -- Found PCL_OUTOFCORE: /usr/lib/aarch64-linux-gnu/libpcl_outofcore.so  
[8.516s] -- Found PCL_PEOPLE: /usr/lib/aarch64-linux-gnu/libpcl_people.so  
[8.600s] -- Found tf2: 0.25.16 (/opt/ros/humble/share/tf2/cmake)
[8.666s] -- Found tf2_geometry_msgs: 0.25.16 (/opt/ros/humble/share/tf2_geometry_msgs/cmake)
[8.739s] -- Found eigen3_cmake_module: 0.1.1 (/opt/ros/humble/share/eigen3_cmake_module/cmake)
[8.742s] -- Found Eigen3: TRUE (found version "3.4.0") 
[8.742s] -- Ensuring Eigen3 include directory is part of orocos-kdl CMake target
[9.316s] -- Found ament_lint_auto: 0.12.14 (/opt/ros/humble/share/ament_lint_auto/cmake)
[9.637s] -- Added test 'cppcheck' to perform static code analysis on C / C++ code
[9.637s] -- Configured cppcheck include dirs: /home/wheeltec/agribot/agribot_ws/src/centerline_extraction/include
[9.637s] -- Configured cppcheck exclude dirs and/or files: 
[9.642s] -- Added test 'lint_cmake' to check CMake code style
[9.648s] -- Added test 'uncrustify' to check C / C++ code style
[9.648s] -- Configured uncrustify additional arguments: 
[9.652s] -- Added test 'xmllint' to check XML markup files
[9.662s] -- Configuring done
[9.775s] -- Generating done
[9.816s] -- Build files have been written to: /home/wheeltec/agribot/agribot_ws/build/centerline_extraction
[9.868s] Invoked command in '/home/wheeltec/agribot/agribot_ws/build/centerline_extraction' returned '0': CMAKE_PREFIX_PATH=${CMAKE_PREFIX_PATH}:/home/wheeltec/wheeltec_ros2/install/simple_follower_ros2:/home/wheeltec/wheeltec_ros2/install/wheeltec_robot_keyboard:/home/wheeltec/wheeltec_ros2/install/wheeltec_dual_rtk_driver:/home/wheeltec/wheeltec_ros2/install/ultralytics_ros2:/home/wheeltec/wheeltec_ros2/install/tf2_tools:/home/wheeltec/wheeltec_ros2/install/ollama_ros_chat:/home/wheeltec/wheeltec_ros2/install/nmea_navsat_driver:/home/wheeltec/wheeltec_ros2/install/nav2_waypoint_cycle:/home/wheeltec/wheeltec_ros2/install/nav2_simple_commander:/home/wheeltec/wheeltec_ros2/install/auto_recharge_ros2:/opt/ros/humble /usr/bin/cmake /home/wheeltec/agribot/agribot_ws/src/centerline_extraction -DCMAKE_INSTALL_PREFIX=/home/wheeltec/agribot/agribot_ws/install/centerline_extraction
[9.874s] Invoking command in '/home/wheeltec/agribot/agribot_ws/build/centerline_extraction': CMAKE_PREFIX_PATH=${CMAKE_PREFIX_PATH}:/home/wheeltec/wheeltec_ros2/install/simple_follower_ros2:/home/wheeltec/wheeltec_ros2/install/wheeltec_robot_keyboard:/home/wheeltec/wheeltec_ros2/install/wheeltec_dual_rtk_driver:/home/wheeltec/wheeltec_ros2/install/ultralytics_ros2:/home/wheeltec/wheeltec_ros2/install/tf2_tools:/home/wheeltec/wheeltec_ros2/install/ollama_ros_chat:/home/wheeltec/wheeltec_ros2/install/nmea_navsat_driver:/home/wheeltec/wheeltec_ros2/install/nav2_waypoint_cycle:/home/wheeltec/wheeltec_ros2/install/nav2_simple_commander:/home/wheeltec/wheeltec_ros2/install/auto_recharge_ros2:/opt/ros/humble /usr/bin/cmake --build /home/wheeltec/agribot/agribot_ws/build/centerline_extraction -- -j8 -l8
[9.981s] [ 60%] [32mBuilding CXX object CMakeFiles/corn_row_detector_projection.dir/src/corn_row_detector_projection.cpp.o[0m
[9.981s] [ 60%] [32mBuilding CXX object CMakeFiles/cornfield_navigation_node.dir/src/pid_controller.cpp.o[0m
[9.981s] [ 60%] [32mBuilding CXX object CMakeFiles/cornfield_navigation_node.dir/src/main.cpp.o[0m
[23.995s] [01m[K/home/wheeltec/agribot/agribot_ws/src/centerline_extraction/src/corn_row_detector_projection.cpp:[m[K In member function ‘[01m[Kstd::pair<float, float> CornRowDetectorProjection::fit_line(PointCloudXYZPtr)[m[K’:
[23.995s] [01m[K/home/wheeltec/agribot/agribot_ws/src/centerline_extraction/src/corn_row_detector_projection.cpp:293:83:[m[K [01;36m[Knote: [m[Kparameter passing for argument of type ‘[01m[Kstd::pair<float, float>[m[K’ when C++17 is enabled changed to match C++14 ]8;;https://gcc.gnu.org/gcc-10/changes.html#empty_basein GCC 10.1]8;;
[23.995s]   293 | std::pair<float, float> CornRowDetectorProjection::fit_line(PointCloudXYZPtr cloud[01;36m[K)[m[K
[23.996s]       |                                                                                   [01;36m[K^[m[K
[38.443s] [ 80%] [32m[1mLinking CXX executable cornfield_navigation_node[0m
[40.650s] /usr/bin/ld: CMakeFiles/cornfield_navigation_node.dir/src/main.cpp.o: in function `void __gnu_cxx::new_allocator<ObstacleDetector>::construct<ObstacleDetector>(ObstacleDetector*)':
[40.650s] main.cpp:(.text._ZN9__gnu_cxx13new_allocatorI16ObstacleDetectorE9constructIS1_JEEEvPT_DpOT0_[_ZN9__gnu_cxx13new_allocatorI16ObstacleDetectorE9constructIS1_JEEEvPT_DpOT0_]+0x30): undefined reference to `ObstacleDetector::ObstacleDetector()'
[40.735s] collect2: error: ld returned 1 exit status
[40.738s] gmake[2]: *** [CMakeFiles/cornfield_navigation_node.dir/build.make:362：cornfield_navigation_node] 错误 1
[40.739s] gmake[1]: *** [CMakeFiles/Makefile2:165：CMakeFiles/cornfield_navigation_node.dir/all] 错误 2
[40.739s] gmake[1]: *** 正在等待未完成的任务....
[47.407s] [100%] [32m[1mLinking CXX executable corn_row_detector_projection[0m
[50.570s] [100%] Built target corn_row_detector_projection
[50.572s] gmake: *** [Makefile:146：all] 错误 2
[50.579s] Invoked command in '/home/wheeltec/agribot/agribot_ws/build/centerline_extraction' returned '2': CMAKE_PREFIX_PATH=${CMAKE_PREFIX_PATH}:/home/wheeltec/wheeltec_ros2/install/simple_follower_ros2:/home/wheeltec/wheeltec_ros2/install/wheeltec_robot_keyboard:/home/wheeltec/wheeltec_ros2/install/wheeltec_dual_rtk_driver:/home/wheeltec/wheeltec_ros2/install/ultralytics_ros2:/home/wheeltec/wheeltec_ros2/install/tf2_tools:/home/wheeltec/wheeltec_ros2/install/ollama_ros_chat:/home/wheeltec/wheeltec_ros2/install/nmea_navsat_driver:/home/wheeltec/wheeltec_ros2/install/nav2_waypoint_cycle:/home/wheeltec/wheeltec_ros2/install/nav2_simple_commander:/home/wheeltec/wheeltec_ros2/install/auto_recharge_ros2:/opt/ros/humble /usr/bin/cmake --build /home/wheeltec/agribot/agribot_ws/build/centerline_extraction -- -j8 -l8
