[0.043s] Invoking command in '/home/wheeltec/agribot/agribot_ws/build/turn_on_32chassis': CMAKE_PREFIX_PATH=/home/wheeltec/agribot/agribot_ws/install/serial:/home/wheeltec/agribot/agribot_ws/install/yesense_std_ros2:/home/wheeltec/agribot/agribot_ws/install/yesense_interface:/home/wheeltec/agribot/agribot_ws/install/turn_on_agribot:/home/wheeltec/agribot/agribot_ws/install/turn_on_32chassis:/home/wheeltec/agribot/agribot_ws/install/centerline_extraction:/home/wheeltec/ws_livox/install/livox_ros_driver2:/home/wheeltec/wheeltec_ros2/install/yesense_std_ros2:/home/wheeltec/wheeltec_ros2/install/yesense_interface:/home/wheeltec/wheeltec_ros2/install/wheeltec_slam_toolbox:/home/wheeltec/wheeltec_ros2/install/wheeltec_rviz2:/home/wheeltec/wheeltec_ros2/install/wheeltec_rrt_msg:/home/wheeltec/wheeltec_ros2/install/wheeltec_robot_urdf:/home/wheeltec/wheeltec_ros2/install/wheeltec_robot_rtab:/home/wheeltec/wheeltec_ros2/install/wheeltec_robot_rrt:/home/wheeltec/wheeltec_ros2/install/turn_on_wheeltec_robot:/home/wheeltec/wheeltec_ros2/install/wheeltec_robot_msg:/home/wheeltec/wheeltec_ros2/install/wheeltec_robot_kcf:/home/wheeltec/wheeltec_ros2/install/wheeltec_path_follow:/home/wheeltec/wheeltec_ros2/install/wheeltec_nav2:/home/wheeltec/wheeltec_ros2/install/wheeltec_multi:/home/wheeltec/wheeltec_ros2/install/wheeltec_mic_ros2:/home/wheeltec/wheeltec_ros2/install/wheeltec_mic_msg:/home/wheeltec/wheeltec_ros2/install/wheeltec_joy:/home/wheeltec/wheeltec_ros2/install/wheeltec_gps_driver:/home/wheeltec/wheeltec_ros2/install/wheeltec_cartographer:/home/wheeltec/wheeltec_ros2/install/wheeltec_aiui:/home/wheeltec/wheeltec_ros2/install/web_video_server:/home/wheeltec/wheeltec_ros2/install/usb_cam:/home/wheeltec/wheeltec_ros2/install/ublox:/home/wheeltec/wheeltec_ros2/install/ublox_gps:/home/wheeltec/wheeltec_ros2/install/ublox_msgs:/home/wheeltec/wheeltec_ros2/install/ublox_serialization:/home/wheeltec/wheeltec_ros2/install/tts:/home/wheeltec/wheeltec_ros2/install/slam_gmapping:/home/wheeltec/wheeltec_ros2/install/bodyreader:/home/wheeltec/wheeltec_ros2/install/serial:/home/wheeltec/wheeltec_ros2/install/rplidar_ros:/home/wheeltec/wheeltec_ros2/install/orb_slam2_ros:/home/wheeltec/wheeltec_ros2/install/openslam_gmapping:/home/wheeltec/wheeltec_ros2/install/ollama_ros_msgs:/home/wheeltec/wheeltec_ros2/install/nmea_msgs:/home/wheeltec/wheeltec_ros2/install/nav2_bringup:/home/wheeltec/wheeltec_ros2/install/navigation2:/home/wheeltec/wheeltec_ros2/install/nav2_smoother:/home/wheeltec/wheeltec_ros2/install/nav2_dwb_controller:/home/wheeltec/wheeltec_ros2/install/nav2_controller:/home/wheeltec/wheeltec_ros2/install/dwb_plugins:/home/wheeltec/wheeltec_ros2/install/dwb_critics:/home/wheeltec/wheeltec_ros2/install/dwb_core:/home/wheeltec/wheeltec_ros2/install/nav_2d_utils:/home/wheeltec/wheeltec_ros2/install/dwb_msgs:/home/wheeltec/wheeltec_ros2/install/nav_2d_msgs:/home/wheeltec/wheeltec_ros2/install/nav2_waypoint_follower:/home/wheeltec/wheeltec_ros2/install/nav2_theta_star_planner:/home/wheeltec/wheeltec_ros2/install/nav2_smac_planner:/home/wheeltec/wheeltec_ros2/install/nav2_rotation_shim_controller:/home/wheeltec/wheeltec_ros2/install/nav2_regulated_pure_pursuit_controller:/home/wheeltec/wheeltec_ros2/install/nav2_planner:/home/wheeltec/wheeltec_ros2/install/nav2_navfn_planner:/home/wheeltec/wheeltec_ros2/install/nav2_constrained_smoother:/home/wheeltec/wheeltec_ros2/install/nav2_bt_navigator:/home/wheeltec/wheeltec_ros2/install/nav2_behaviors:/home/wheeltec/wheeltec_ros2/install/nav2_core:/home/wheeltec/wheeltec_ros2/install/nav2_collision_monitor:/home/wheeltec/wheeltec_ros2/install/costmap_queue:/home/wheeltec/wheeltec_ros2/install/nav2_costmap_2d:/home/wheeltec/wheeltec_ros2/install/nav2_voxel_grid:/home/wheeltec/wheeltec_ros2/install/nav2_velocity_smoother:/home/wheeltec/wheeltec_ros2/install/nav2_rviz_plugins:/home/wheeltec/wheeltec_ros2/install/nav2_map_server:/home/wheeltec/wheeltec_ros2/install/nav2_lifecycle_manager:/home/wheeltec/wheeltec_ros2/install/nav2_behavior_tree:/home/wheeltec/wheeltec_ros2/install/nav2_amcl:/home/wheeltec/wheeltec_ros2/install/nav2_util:/home/wheeltec/wheeltec_ros2/install/nav2_msgs:/home/wheeltec/wheeltec_ros2/install/nav2_common:/home/wheeltec/wheeltec_ros2/install/lslidar_driver:/home/wheeltec/wheeltec_ros2/install/lslidar_msgs:/home/wheeltec/wheeltec_ros2/install/ldlidar_stl_ros2:/home/wheeltec/wheeltec_ros2/install/ldlidar_sl_ros2:/home/wheeltec/wheeltec_ros2/install/ldlidar:/home/wheeltec/wheeltec_ros2/install/bodyreader_msg:/home/wheeltec/wheeltec_ros2/install/astra_camera:/home/wheeltec/wheeltec_ros2/install/astra_camera_msgs:/home/wheeltec/wheeltec_ros2/install/aruco_ros:/home/wheeltec/wheeltec_ros2/install/aruco_msgs:/home/wheeltec/wheeltec_ros2/install/aruco:/home/wheeltec/wheeltec_ros2/install/ackermann_msgs:/home/wheeltec/wheeltec_ros2/install/simple_follower_ros2:/home/wheeltec/wheeltec_ros2/install/wheeltec_robot_keyboard:/home/wheeltec/wheeltec_ros2/install/wheeltec_dual_rtk_driver:/home/wheeltec/wheeltec_ros2/install/ultralytics_ros2:/home/wheeltec/wheeltec_ros2/install/tf2_tools:/home/wheeltec/wheeltec_ros2/install/ollama_ros_chat:/home/wheeltec/wheeltec_ros2/install/nmea_navsat_driver:/home/wheeltec/wheeltec_ros2/install/nav2_waypoint_cycle:/home/wheeltec/wheeltec_ros2/install/nav2_simple_commander:/home/wheeltec/wheeltec_ros2/install/auto_recharge_ros2:/opt/ros/humble /usr/bin/cmake --build /home/wheeltec/agribot/agribot_ws/build/turn_on_32chassis -- -j8 -l8
[0.107s] -- Found ament_cmake: 1.3.14 (/opt/ros/humble/share/ament_cmake/cmake)
[0.491s] -- Found rclcpp: 16.0.19 (/opt/ros/humble/share/rclcpp/cmake)
[0.575s] -- Found rosidl_generator_c: 3.1.9 (/opt/ros/humble/share/rosidl_generator_c/cmake)
[0.580s] -- Found rosidl_adapter: 3.1.9 (/opt/ros/humble/share/rosidl_adapter/cmake)
[0.591s] -- Found rosidl_generator_cpp: 3.1.9 (/opt/ros/humble/share/rosidl_generator_cpp/cmake)
[0.617s] -- Using all available rosidl_typesupport_c: rosidl_typesupport_fastrtps_c;rosidl_typesupport_introspection_c
[0.648s] -- Using all available rosidl_typesupport_cpp: rosidl_typesupport_fastrtps_cpp;rosidl_typesupport_introspection_cpp
[0.717s] -- Found rmw_implementation_cmake: 6.1.2 (/opt/ros/humble/share/rmw_implementation_cmake/cmake)
[0.728s] -- Found rmw_fastrtps_cpp: 6.2.10 (/opt/ros/humble/share/rmw_fastrtps_cpp/cmake)
[1.015s] -- Using RMW implementation 'rmw_fastrtps_cpp' as default
[1.121s] -- Found serial: 1.2.1 (/home/wheeltec/agribot/agribot_ws/install/serial/share/serial/cmake)
[1.125s] -- Found sensor_msgs: 4.9.1 (/opt/ros/humble/share/sensor_msgs/cmake)
[1.182s] -- Found nav_msgs: 4.9.1 (/opt/ros/humble/share/nav_msgs/cmake)
[1.224s] -- Found tf2: 0.25.20 (/opt/ros/humble/share/tf2/cmake)
[1.234s] -- Found tf2_ros: 0.25.20 (/opt/ros/humble/share/tf2_ros/cmake)
[1.461s] -- Found tf2_geometry_msgs: 0.25.20 (/opt/ros/humble/share/tf2_geometry_msgs/cmake)
[1.470s] -- Found eigen3_cmake_module: 0.1.1 (/opt/ros/humble/share/eigen3_cmake_module/cmake)
[1.473s] -- Ensuring Eigen3 include directory is part of orocos-kdl CMake target
[1.476s] -- Found ament_lint_auto: 0.12.15 (/opt/ros/humble/share/ament_lint_auto/cmake)
[1.805s] -- Added test 'cppcheck' to perform static code analysis on C / C++ code
[1.806s] -- Configured cppcheck include dirs: /home/wheeltec/agribot/agribot_ws/src/turn_on_32chassis/include
[1.806s] -- Configured cppcheck exclude dirs and/or files: 
[1.807s] -- Added test 'flake8' to check Python code syntax and style conventions
[1.809s] -- Added test 'lint_cmake' to check CMake code style
[1.811s] -- Added test 'pep257' to check Python code against some of the docstring style conventions in PEP 257
[1.817s] -- Added test 'uncrustify' to check C / C++ code style
[1.817s] -- Configured uncrustify additional arguments: 
[1.818s] -- Added test 'xmllint' to check XML markup files
[1.830s] -- Configuring done
[1.884s] -- Generating done
[1.899s] -- Build files have been written to: /home/wheeltec/agribot/agribot_ws/build/turn_on_32chassis
[1.975s] [35m[1mConsolidate compiler generated dependencies of target imu_source_selector_node[0m
[1.977s] [35m[1mConsolidate compiler generated dependencies of target turn_on_32chassis_node[0m
[2.019s] [ 20%] [32m[1mLinking CXX executable imu_source_selector_node[0m
[2.030s] [ 80%] Built target turn_on_32chassis_node
[2.914s] [100%] Built target imu_source_selector_node
[2.938s] Invoked command in '/home/wheeltec/agribot/agribot_ws/build/turn_on_32chassis' returned '0': CMAKE_PREFIX_PATH=/home/wheeltec/agribot/agribot_ws/install/serial:/home/wheeltec/agribot/agribot_ws/install/yesense_std_ros2:/home/wheeltec/agribot/agribot_ws/install/yesense_interface:/home/wheeltec/agribot/agribot_ws/install/turn_on_agribot:/home/wheeltec/agribot/agribot_ws/install/turn_on_32chassis:/home/wheeltec/agribot/agribot_ws/install/centerline_extraction:/home/wheeltec/ws_livox/install/livox_ros_driver2:/home/wheeltec/wheeltec_ros2/install/yesense_std_ros2:/home/wheeltec/wheeltec_ros2/install/yesense_interface:/home/wheeltec/wheeltec_ros2/install/wheeltec_slam_toolbox:/home/wheeltec/wheeltec_ros2/install/wheeltec_rviz2:/home/wheeltec/wheeltec_ros2/install/wheeltec_rrt_msg:/home/wheeltec/wheeltec_ros2/install/wheeltec_robot_urdf:/home/wheeltec/wheeltec_ros2/install/wheeltec_robot_rtab:/home/wheeltec/wheeltec_ros2/install/wheeltec_robot_rrt:/home/wheeltec/wheeltec_ros2/install/turn_on_wheeltec_robot:/home/wheeltec/wheeltec_ros2/install/wheeltec_robot_msg:/home/wheeltec/wheeltec_ros2/install/wheeltec_robot_kcf:/home/wheeltec/wheeltec_ros2/install/wheeltec_path_follow:/home/wheeltec/wheeltec_ros2/install/wheeltec_nav2:/home/wheeltec/wheeltec_ros2/install/wheeltec_multi:/home/wheeltec/wheeltec_ros2/install/wheeltec_mic_ros2:/home/wheeltec/wheeltec_ros2/install/wheeltec_mic_msg:/home/wheeltec/wheeltec_ros2/install/wheeltec_joy:/home/wheeltec/wheeltec_ros2/install/wheeltec_gps_driver:/home/wheeltec/wheeltec_ros2/install/wheeltec_cartographer:/home/wheeltec/wheeltec_ros2/install/wheeltec_aiui:/home/wheeltec/wheeltec_ros2/install/web_video_server:/home/wheeltec/wheeltec_ros2/install/usb_cam:/home/wheeltec/wheeltec_ros2/install/ublox:/home/wheeltec/wheeltec_ros2/install/ublox_gps:/home/wheeltec/wheeltec_ros2/install/ublox_msgs:/home/wheeltec/wheeltec_ros2/install/ublox_serialization:/home/wheeltec/wheeltec_ros2/install/tts:/home/wheeltec/wheeltec_ros2/install/slam_gmapping:/home/wheeltec/wheeltec_ros2/install/bodyreader:/home/wheeltec/wheeltec_ros2/install/serial:/home/wheeltec/wheeltec_ros2/install/rplidar_ros:/home/wheeltec/wheeltec_ros2/install/orb_slam2_ros:/home/wheeltec/wheeltec_ros2/install/openslam_gmapping:/home/wheeltec/wheeltec_ros2/install/ollama_ros_msgs:/home/wheeltec/wheeltec_ros2/install/nmea_msgs:/home/wheeltec/wheeltec_ros2/install/nav2_bringup:/home/wheeltec/wheeltec_ros2/install/navigation2:/home/wheeltec/wheeltec_ros2/install/nav2_smoother:/home/wheeltec/wheeltec_ros2/install/nav2_dwb_controller:/home/wheeltec/wheeltec_ros2/install/nav2_controller:/home/wheeltec/wheeltec_ros2/install/dwb_plugins:/home/wheeltec/wheeltec_ros2/install/dwb_critics:/home/wheeltec/wheeltec_ros2/install/dwb_core:/home/wheeltec/wheeltec_ros2/install/nav_2d_utils:/home/wheeltec/wheeltec_ros2/install/dwb_msgs:/home/wheeltec/wheeltec_ros2/install/nav_2d_msgs:/home/wheeltec/wheeltec_ros2/install/nav2_waypoint_follower:/home/wheeltec/wheeltec_ros2/install/nav2_theta_star_planner:/home/wheeltec/wheeltec_ros2/install/nav2_smac_planner:/home/wheeltec/wheeltec_ros2/install/nav2_rotation_shim_controller:/home/wheeltec/wheeltec_ros2/install/nav2_regulated_pure_pursuit_controller:/home/wheeltec/wheeltec_ros2/install/nav2_planner:/home/wheeltec/wheeltec_ros2/install/nav2_navfn_planner:/home/wheeltec/wheeltec_ros2/install/nav2_constrained_smoother:/home/wheeltec/wheeltec_ros2/install/nav2_bt_navigator:/home/wheeltec/wheeltec_ros2/install/nav2_behaviors:/home/wheeltec/wheeltec_ros2/install/nav2_core:/home/wheeltec/wheeltec_ros2/install/nav2_collision_monitor:/home/wheeltec/wheeltec_ros2/install/costmap_queue:/home/wheeltec/wheeltec_ros2/install/nav2_costmap_2d:/home/wheeltec/wheeltec_ros2/install/nav2_voxel_grid:/home/wheeltec/wheeltec_ros2/install/nav2_velocity_smoother:/home/wheeltec/wheeltec_ros2/install/nav2_rviz_plugins:/home/wheeltec/wheeltec_ros2/install/nav2_map_server:/home/wheeltec/wheeltec_ros2/install/nav2_lifecycle_manager:/home/wheeltec/wheeltec_ros2/install/nav2_behavior_tree:/home/wheeltec/wheeltec_ros2/install/nav2_amcl:/home/wheeltec/wheeltec_ros2/install/nav2_util:/home/wheeltec/wheeltec_ros2/install/nav2_msgs:/home/wheeltec/wheeltec_ros2/install/nav2_common:/home/wheeltec/wheeltec_ros2/install/lslidar_driver:/home/wheeltec/wheeltec_ros2/install/lslidar_msgs:/home/wheeltec/wheeltec_ros2/install/ldlidar_stl_ros2:/home/wheeltec/wheeltec_ros2/install/ldlidar_sl_ros2:/home/wheeltec/wheeltec_ros2/install/ldlidar:/home/wheeltec/wheeltec_ros2/install/bodyreader_msg:/home/wheeltec/wheeltec_ros2/install/astra_camera:/home/wheeltec/wheeltec_ros2/install/astra_camera_msgs:/home/wheeltec/wheeltec_ros2/install/aruco_ros:/home/wheeltec/wheeltec_ros2/install/aruco_msgs:/home/wheeltec/wheeltec_ros2/install/aruco:/home/wheeltec/wheeltec_ros2/install/ackermann_msgs:/home/wheeltec/wheeltec_ros2/install/simple_follower_ros2:/home/wheeltec/wheeltec_ros2/install/wheeltec_robot_keyboard:/home/wheeltec/wheeltec_ros2/install/wheeltec_dual_rtk_driver:/home/wheeltec/wheeltec_ros2/install/ultralytics_ros2:/home/wheeltec/wheeltec_ros2/install/tf2_tools:/home/wheeltec/wheeltec_ros2/install/ollama_ros_chat:/home/wheeltec/wheeltec_ros2/install/nmea_navsat_driver:/home/wheeltec/wheeltec_ros2/install/nav2_waypoint_cycle:/home/wheeltec/wheeltec_ros2/install/nav2_simple_commander:/home/wheeltec/wheeltec_ros2/install/auto_recharge_ros2:/opt/ros/humble /usr/bin/cmake --build /home/wheeltec/agribot/agribot_ws/build/turn_on_32chassis -- -j8 -l8
[2.961s] Invoking command in '/home/wheeltec/agribot/agribot_ws/build/turn_on_32chassis': CMAKE_PREFIX_PATH=/home/wheeltec/agribot/agribot_ws/install/serial:/home/wheeltec/agribot/agribot_ws/install/yesense_std_ros2:/home/wheeltec/agribot/agribot_ws/install/yesense_interface:/home/wheeltec/agribot/agribot_ws/install/turn_on_agribot:/home/wheeltec/agribot/agribot_ws/install/turn_on_32chassis:/home/wheeltec/agribot/agribot_ws/install/centerline_extraction:/home/wheeltec/ws_livox/install/livox_ros_driver2:/home/wheeltec/wheeltec_ros2/install/yesense_std_ros2:/home/wheeltec/wheeltec_ros2/install/yesense_interface:/home/wheeltec/wheeltec_ros2/install/wheeltec_slam_toolbox:/home/wheeltec/wheeltec_ros2/install/wheeltec_rviz2:/home/wheeltec/wheeltec_ros2/install/wheeltec_rrt_msg:/home/wheeltec/wheeltec_ros2/install/wheeltec_robot_urdf:/home/wheeltec/wheeltec_ros2/install/wheeltec_robot_rtab:/home/wheeltec/wheeltec_ros2/install/wheeltec_robot_rrt:/home/wheeltec/wheeltec_ros2/install/turn_on_wheeltec_robot:/home/wheeltec/wheeltec_ros2/install/wheeltec_robot_msg:/home/wheeltec/wheeltec_ros2/install/wheeltec_robot_kcf:/home/wheeltec/wheeltec_ros2/install/wheeltec_path_follow:/home/wheeltec/wheeltec_ros2/install/wheeltec_nav2:/home/wheeltec/wheeltec_ros2/install/wheeltec_multi:/home/wheeltec/wheeltec_ros2/install/wheeltec_mic_ros2:/home/wheeltec/wheeltec_ros2/install/wheeltec_mic_msg:/home/wheeltec/wheeltec_ros2/install/wheeltec_joy:/home/wheeltec/wheeltec_ros2/install/wheeltec_gps_driver:/home/wheeltec/wheeltec_ros2/install/wheeltec_cartographer:/home/wheeltec/wheeltec_ros2/install/wheeltec_aiui:/home/wheeltec/wheeltec_ros2/install/web_video_server:/home/wheeltec/wheeltec_ros2/install/usb_cam:/home/wheeltec/wheeltec_ros2/install/ublox:/home/wheeltec/wheeltec_ros2/install/ublox_gps:/home/wheeltec/wheeltec_ros2/install/ublox_msgs:/home/wheeltec/wheeltec_ros2/install/ublox_serialization:/home/wheeltec/wheeltec_ros2/install/tts:/home/wheeltec/wheeltec_ros2/install/slam_gmapping:/home/wheeltec/wheeltec_ros2/install/bodyreader:/home/wheeltec/wheeltec_ros2/install/serial:/home/wheeltec/wheeltec_ros2/install/rplidar_ros:/home/wheeltec/wheeltec_ros2/install/orb_slam2_ros:/home/wheeltec/wheeltec_ros2/install/openslam_gmapping:/home/wheeltec/wheeltec_ros2/install/ollama_ros_msgs:/home/wheeltec/wheeltec_ros2/install/nmea_msgs:/home/wheeltec/wheeltec_ros2/install/nav2_bringup:/home/wheeltec/wheeltec_ros2/install/navigation2:/home/wheeltec/wheeltec_ros2/install/nav2_smoother:/home/wheeltec/wheeltec_ros2/install/nav2_dwb_controller:/home/wheeltec/wheeltec_ros2/install/nav2_controller:/home/wheeltec/wheeltec_ros2/install/dwb_plugins:/home/wheeltec/wheeltec_ros2/install/dwb_critics:/home/wheeltec/wheeltec_ros2/install/dwb_core:/home/wheeltec/wheeltec_ros2/install/nav_2d_utils:/home/wheeltec/wheeltec_ros2/install/dwb_msgs:/home/wheeltec/wheeltec_ros2/install/nav_2d_msgs:/home/wheeltec/wheeltec_ros2/install/nav2_waypoint_follower:/home/wheeltec/wheeltec_ros2/install/nav2_theta_star_planner:/home/wheeltec/wheeltec_ros2/install/nav2_smac_planner:/home/wheeltec/wheeltec_ros2/install/nav2_rotation_shim_controller:/home/wheeltec/wheeltec_ros2/install/nav2_regulated_pure_pursuit_controller:/home/wheeltec/wheeltec_ros2/install/nav2_planner:/home/wheeltec/wheeltec_ros2/install/nav2_navfn_planner:/home/wheeltec/wheeltec_ros2/install/nav2_constrained_smoother:/home/wheeltec/wheeltec_ros2/install/nav2_bt_navigator:/home/wheeltec/wheeltec_ros2/install/nav2_behaviors:/home/wheeltec/wheeltec_ros2/install/nav2_core:/home/wheeltec/wheeltec_ros2/install/nav2_collision_monitor:/home/wheeltec/wheeltec_ros2/install/costmap_queue:/home/wheeltec/wheeltec_ros2/install/nav2_costmap_2d:/home/wheeltec/wheeltec_ros2/install/nav2_voxel_grid:/home/wheeltec/wheeltec_ros2/install/nav2_velocity_smoother:/home/wheeltec/wheeltec_ros2/install/nav2_rviz_plugins:/home/wheeltec/wheeltec_ros2/install/nav2_map_server:/home/wheeltec/wheeltec_ros2/install/nav2_lifecycle_manager:/home/wheeltec/wheeltec_ros2/install/nav2_behavior_tree:/home/wheeltec/wheeltec_ros2/install/nav2_amcl:/home/wheeltec/wheeltec_ros2/install/nav2_util:/home/wheeltec/wheeltec_ros2/install/nav2_msgs:/home/wheeltec/wheeltec_ros2/install/nav2_common:/home/wheeltec/wheeltec_ros2/install/lslidar_driver:/home/wheeltec/wheeltec_ros2/install/lslidar_msgs:/home/wheeltec/wheeltec_ros2/install/ldlidar_stl_ros2:/home/wheeltec/wheeltec_ros2/install/ldlidar_sl_ros2:/home/wheeltec/wheeltec_ros2/install/ldlidar:/home/wheeltec/wheeltec_ros2/install/bodyreader_msg:/home/wheeltec/wheeltec_ros2/install/astra_camera:/home/wheeltec/wheeltec_ros2/install/astra_camera_msgs:/home/wheeltec/wheeltec_ros2/install/aruco_ros:/home/wheeltec/wheeltec_ros2/install/aruco_msgs:/home/wheeltec/wheeltec_ros2/install/aruco:/home/wheeltec/wheeltec_ros2/install/ackermann_msgs:/home/wheeltec/wheeltec_ros2/install/simple_follower_ros2:/home/wheeltec/wheeltec_ros2/install/wheeltec_robot_keyboard:/home/wheeltec/wheeltec_ros2/install/wheeltec_dual_rtk_driver:/home/wheeltec/wheeltec_ros2/install/ultralytics_ros2:/home/wheeltec/wheeltec_ros2/install/tf2_tools:/home/wheeltec/wheeltec_ros2/install/ollama_ros_chat:/home/wheeltec/wheeltec_ros2/install/nmea_navsat_driver:/home/wheeltec/wheeltec_ros2/install/nav2_waypoint_cycle:/home/wheeltec/wheeltec_ros2/install/nav2_simple_commander:/home/wheeltec/wheeltec_ros2/install/auto_recharge_ros2:/opt/ros/humble /usr/bin/cmake --install /home/wheeltec/agribot/agribot_ws/build/turn_on_32chassis
[2.976s] -- Install configuration: ""
[2.976s] -- Up-to-date: /home/wheeltec/agribot/agribot_ws/install/turn_on_32chassis/lib/turn_on_32chassis/turn_on_32chassis_node
[2.977s] -- Installing: /home/wheeltec/agribot/agribot_ws/install/turn_on_32chassis/lib/turn_on_32chassis/imu_source_selector_node
[2.989s] -- Set runtime path of "/home/wheeltec/agribot/agribot_ws/install/turn_on_32chassis/lib/turn_on_32chassis/imu_source_selector_node" to ""
[2.990s] -- Up-to-date: /home/wheeltec/agribot/agribot_ws/install/turn_on_32chassis/share/turn_on_32chassis/launch
[2.991s] -- Up-to-date: /home/wheeltec/agribot/agribot_ws/install/turn_on_32chassis/share/turn_on_32chassis/launch/turn_on_32chassis.launch.py
[2.992s] -- Up-to-date: /home/wheeltec/agribot/agribot_ws/install/turn_on_32chassis/share/turn_on_32chassis/urdf
[2.992s] -- Up-to-date: /home/wheeltec/agribot/agribot_ws/install/turn_on_32chassis/share/turn_on_32chassis/urdf/urdf
[2.993s] -- Up-to-date: /home/wheeltec/agribot/agribot_ws/install/turn_on_32chassis/share/turn_on_32chassis/urdf/urdf/mini_4wd_robot.urdf.xacro
[2.993s] -- Up-to-date: /home/wheeltec/agribot/agribot_ws/install/turn_on_32chassis/share/turn_on_32chassis/urdf/urdf/agribot.urdf.xacro
[2.993s] -- Up-to-date: /home/wheeltec/agribot/agribot_ws/install/turn_on_32chassis/share/turn_on_32chassis/urdf/meshes
[2.994s] -- Up-to-date: /home/wheeltec/agribot/agribot_ws/install/turn_on_32chassis/share/turn_on_32chassis/urdf/meshes/mini_4wd_robot_meshes
[2.994s] -- Up-to-date: /home/wheeltec/agribot/agribot_ws/install/turn_on_32chassis/share/turn_on_32chassis/urdf/meshes/mini_4wd_robot_meshes/camera_link.STL
[2.994s] -- Up-to-date: /home/wheeltec/agribot/agribot_ws/install/turn_on_32chassis/share/turn_on_32chassis/urdf/meshes/mini_4wd_robot_meshes/rf_wheel_link.STL
[2.995s] -- Up-to-date: /home/wheeltec/agribot/agribot_ws/install/turn_on_32chassis/share/turn_on_32chassis/urdf/meshes/mini_4wd_robot_meshes/lb_wheel_link.STL
[2.995s] -- Up-to-date: /home/wheeltec/agribot/agribot_ws/install/turn_on_32chassis/share/turn_on_32chassis/urdf/meshes/mini_4wd_robot_meshes/laser.STL
[2.995s] -- Up-to-date: /home/wheeltec/agribot/agribot_ws/install/turn_on_32chassis/share/turn_on_32chassis/urdf/meshes/mini_4wd_robot_meshes/controller_link.STL
[2.995s] -- Up-to-date: /home/wheeltec/agribot/agribot_ws/install/turn_on_32chassis/share/turn_on_32chassis/urdf/meshes/mini_4wd_robot_meshes/lf_wheel_link.STL
[2.996s] -- Up-to-date: /home/wheeltec/agribot/agribot_ws/install/turn_on_32chassis/share/turn_on_32chassis/urdf/meshes/mini_4wd_robot_meshes/rb_wheel_link.STL
[2.996s] -- Up-to-date: /home/wheeltec/agribot/agribot_ws/install/turn_on_32chassis/share/turn_on_32chassis/urdf/meshes/mini_4wd_robot_meshes/base_link.STL
[2.996s] -- Up-to-date: /home/wheeltec/agribot/agribot_ws/install/turn_on_32chassis/share/turn_on_32chassis/urdf/meshes/mini_akm_robot_meshes
[2.996s] -- Up-to-date: /home/wheeltec/agribot/agribot_ws/install/turn_on_32chassis/share/turn_on_32chassis/urdf/meshes/mini_akm_robot_meshes/lf_link.STL
[2.997s] -- Up-to-date: /home/wheeltec/agribot/agribot_ws/install/turn_on_32chassis/share/turn_on_32chassis/urdf/meshes/mini_akm_robot_meshes/left_link.STL
[2.997s] -- Up-to-date: /home/wheeltec/agribot/agribot_ws/install/turn_on_32chassis/share/turn_on_32chassis/urdf/meshes/mini_akm_robot_meshes/rf_link.STL
[2.997s] -- Up-to-date: /home/wheeltec/agribot/agribot_ws/install/turn_on_32chassis/share/turn_on_32chassis/urdf/meshes/mini_akm_robot_meshes/camera_link.STL
[2.997s] -- Up-to-date: /home/wheeltec/agribot/agribot_ws/install/turn_on_32chassis/share/turn_on_32chassis/urdf/meshes/mini_akm_robot_meshes/rb_link.STL
[2.998s] -- Up-to-date: /home/wheeltec/agribot/agribot_ws/install/turn_on_32chassis/share/turn_on_32chassis/urdf/meshes/mini_akm_robot_meshes/laser.STL
[2.998s] -- Up-to-date: /home/wheeltec/agribot/agribot_ws/install/turn_on_32chassis/share/turn_on_32chassis/urdf/meshes/mini_akm_robot_meshes/controller_link.STL
[2.998s] -- Up-to-date: /home/wheeltec/agribot/agribot_ws/install/turn_on_32chassis/share/turn_on_32chassis/urdf/meshes/mini_akm_robot_meshes/front_link.STL
[2.998s] -- Up-to-date: /home/wheeltec/agribot/agribot_ws/install/turn_on_32chassis/share/turn_on_32chassis/urdf/meshes/mini_akm_robot_meshes/right_link.STL
[2.999s] -- Up-to-date: /home/wheeltec/agribot/agribot_ws/install/turn_on_32chassis/share/turn_on_32chassis/urdf/meshes/mini_akm_robot_meshes/base_link.STL
[2.999s] -- Up-to-date: /home/wheeltec/agribot/agribot_ws/install/turn_on_32chassis/share/turn_on_32chassis/urdf/meshes/mini_akm_robot_meshes/lb_link.STL
[2.999s] -- Up-to-date: /home/wheeltec/agribot/agribot_ws/install/turn_on_32chassis/share/turn_on_32chassis/urdf/meshes/bases
[2.999s] -- Up-to-date: /home/wheeltec/agribot/agribot_ws/install/turn_on_32chassis/share/turn_on_32chassis/urdf/meshes/bases/burger_base.stl
[3.000s] -- Up-to-date: /home/wheeltec/agribot/agribot_ws/install/turn_on_32chassis/share/turn_on_32chassis/urdf/meshes/bases/waffle_base.stl
[3.000s] -- Up-to-date: /home/wheeltec/agribot/agribot_ws/install/turn_on_32chassis/share/turn_on_32chassis/urdf/meshes/bases/waffle_pi_base.stl
[3.000s] -- Up-to-date: /home/wheeltec/agribot/agribot_ws/install/turn_on_32chassis/share/turn_on_32chassis/urdf/meshes/wheels
[3.000s] -- Up-to-date: /home/wheeltec/agribot/agribot_ws/install/turn_on_32chassis/share/turn_on_32chassis/urdf/meshes/wheels/right_tire.stl
[3.001s] -- Up-to-date: /home/wheeltec/agribot/agribot_ws/install/turn_on_32chassis/share/turn_on_32chassis/urdf/meshes/wheels/left_tire.stl
[3.001s] -- Up-to-date: /home/wheeltec/agribot/agribot_ws/install/turn_on_32chassis/share/turn_on_32chassis/urdf/meshes/mini_4wd_moveit_four_meshes
[3.001s] -- Up-to-date: /home/wheeltec/agribot/agribot_ws/install/turn_on_32chassis/share/turn_on_32chassis/urdf/meshes/mini_4wd_moveit_four_meshes/j3_link.STL
[3.001s] -- Up-to-date: /home/wheeltec/agribot/agribot_ws/install/turn_on_32chassis/share/turn_on_32chassis/urdf/meshes/mini_4wd_moveit_four_meshes/j4_5_link.STL
[3.002s] -- Up-to-date: /home/wheeltec/agribot/agribot_ws/install/turn_on_32chassis/share/turn_on_32chassis/urdf/meshes/mini_4wd_moveit_four_meshes/j4_2_link.STL
[3.002s] -- Up-to-date: /home/wheeltec/agribot/agribot_ws/install/turn_on_32chassis/share/turn_on_32chassis/urdf/meshes/mini_4wd_moveit_four_meshes/j1_link.STL
[3.003s] -- Up-to-date: /home/wheeltec/agribot/agribot_ws/install/turn_on_32chassis/share/turn_on_32chassis/urdf/meshes/mini_4wd_moveit_four_meshes/j4_4_link.STL
[3.003s] -- Up-to-date: /home/wheeltec/agribot/agribot_ws/install/turn_on_32chassis/share/turn_on_32chassis/urdf/meshes/mini_4wd_moveit_four_meshes/arm_base_link.STL
[3.004s] -- Up-to-date: /home/wheeltec/agribot/agribot_ws/install/turn_on_32chassis/share/turn_on_32chassis/urdf/meshes/mini_4wd_moveit_four_meshes/j4_1_link.STL
[3.004s] -- Up-to-date: /home/wheeltec/agribot/agribot_ws/install/turn_on_32chassis/share/turn_on_32chassis/urdf/meshes/mini_4wd_moveit_four_meshes/camera_link.STL
[3.005s] -- Up-to-date: /home/wheeltec/agribot/agribot_ws/install/turn_on_32chassis/share/turn_on_32chassis/urdf/meshes/mini_4wd_moveit_four_meshes/rf_wheel_link.STL
[3.005s] -- Up-to-date: /home/wheeltec/agribot/agribot_ws/install/turn_on_32chassis/share/turn_on_32chassis/urdf/meshes/mini_4wd_moveit_four_meshes/j2_link.STL
[3.006s] -- Up-to-date: /home/wheeltec/agribot/agribot_ws/install/turn_on_32chassis/share/turn_on_32chassis/urdf/meshes/mini_4wd_moveit_four_meshes/lb_wheel_link.STL
[3.006s] -- Up-to-date: /home/wheeltec/agribot/agribot_ws/install/turn_on_32chassis/share/turn_on_32chassis/urdf/meshes/mini_4wd_moveit_four_meshes/j4_6_link.STL
[3.006s] -- Up-to-date: /home/wheeltec/agribot/agribot_ws/install/turn_on_32chassis/share/turn_on_32chassis/urdf/meshes/mini_4wd_moveit_four_meshes/laser.STL
[3.006s] -- Up-to-date: /home/wheeltec/agribot/agribot_ws/install/turn_on_32chassis/share/turn_on_32chassis/urdf/meshes/mini_4wd_moveit_four_meshes/controller_link.STL
[3.007s] -- Up-to-date: /home/wheeltec/agribot/agribot_ws/install/turn_on_32chassis/share/turn_on_32chassis/urdf/meshes/mini_4wd_moveit_four_meshes/lf_wheel_link.STL
[3.007s] -- Up-to-date: /home/wheeltec/agribot/agribot_ws/install/turn_on_32chassis/share/turn_on_32chassis/urdf/meshes/mini_4wd_moveit_four_meshes/rb_wheel_link.STL
[3.007s] -- Up-to-date: /home/wheeltec/agribot/agribot_ws/install/turn_on_32chassis/share/turn_on_32chassis/urdf/meshes/mini_4wd_moveit_four_meshes/base_link.STL
[3.007s] -- Up-to-date: /home/wheeltec/agribot/agribot_ws/install/turn_on_32chassis/share/turn_on_32chassis/urdf/meshes/mini_4wd_moveit_four_meshes/j4_3_link.STL
[3.008s] -- Up-to-date: /home/wheeltec/agribot/agribot_ws/install/turn_on_32chassis/share/turn_on_32chassis/urdf/meshes/mini_4wd_moveit_four_meshes/display_link.STL
[3.008s] -- Up-to-date: /home/wheeltec/agribot/agribot_ws/install/turn_on_32chassis/share/turn_on_32chassis/urdf/meshes/mini_akm_meshes
[3.008s] -- Up-to-date: /home/wheeltec/agribot/agribot_ws/install/turn_on_32chassis/share/turn_on_32chassis/urdf/meshes/mini_akm_meshes/lf_link.STL
[3.008s] -- Up-to-date: /home/wheeltec/agribot/agribot_ws/install/turn_on_32chassis/share/turn_on_32chassis/urdf/meshes/mini_akm_meshes/left_link.STL
[3.009s] -- Up-to-date: /home/wheeltec/agribot/agribot_ws/install/turn_on_32chassis/share/turn_on_32chassis/urdf/meshes/mini_akm_meshes/rf_link.STL
[3.009s] -- Up-to-date: /home/wheeltec/agribot/agribot_ws/install/turn_on_32chassis/share/turn_on_32chassis/urdf/meshes/mini_akm_meshes/camera_link.STL
[3.010s] -- Up-to-date: /home/wheeltec/agribot/agribot_ws/install/turn_on_32chassis/share/turn_on_32chassis/urdf/meshes/mini_akm_meshes/rb_link.STL
[3.013s] -- Up-to-date: /home/wheeltec/agribot/agribot_ws/install/turn_on_32chassis/share/turn_on_32chassis/urdf/meshes/mini_akm_meshes/controller_link.STL
[3.014s] -- Up-to-date: /home/wheeltec/agribot/agribot_ws/install/turn_on_32chassis/share/turn_on_32chassis/urdf/meshes/mini_akm_meshes/laser_link.STL
[3.014s] -- Up-to-date: /home/wheeltec/agribot/agribot_ws/install/turn_on_32chassis/share/turn_on_32chassis/urdf/meshes/mini_akm_meshes/front_link.STL
[3.015s] -- Up-to-date: /home/wheeltec/agribot/agribot_ws/install/turn_on_32chassis/share/turn_on_32chassis/urdf/meshes/mini_akm_meshes/right_link.STL
[3.015s] -- Up-to-date: /home/wheeltec/agribot/agribot_ws/install/turn_on_32chassis/share/turn_on_32chassis/urdf/meshes/mini_akm_meshes/base_link.STL
[3.016s] -- Up-to-date: /home/wheeltec/agribot/agribot_ws/install/turn_on_32chassis/share/turn_on_32chassis/urdf/meshes/mini_akm_meshes/lb_link.STL
[3.016s] -- Up-to-date: /home/wheeltec/agribot/agribot_ws/install/turn_on_32chassis/share/turn_on_32chassis/config
[3.017s] -- Up-to-date: /home/wheeltec/agribot/agribot_ws/install/turn_on_32chassis/share/turn_on_32chassis/config/rviz2_config_agribot.rviz
[3.018s] -- Up-to-date: /home/wheeltec/agribot/agribot_ws/install/turn_on_32chassis/share/turn_on_32chassis/config/imuconfig.yaml
[3.019s] -- Up-to-date: /home/wheeltec/agribot/agribot_ws/install/turn_on_32chassis/share/turn_on_32chassis/config/ekf.yaml
[3.019s] -- Installing: /home/wheeltec/agribot/agribot_ws/install/turn_on_32chassis/share/turn_on_32chassis/config/bringup.yaml
[3.020s] -- Installing: /home/wheeltec/agribot/agribot_ws/install/turn_on_32chassis/share/ament_index/resource_index/package_run_dependencies/turn_on_32chassis
[3.020s] -- Installing: /home/wheeltec/agribot/agribot_ws/install/turn_on_32chassis/share/ament_index/resource_index/parent_prefix_path/turn_on_32chassis
[3.021s] -- Up-to-date: /home/wheeltec/agribot/agribot_ws/install/turn_on_32chassis/share/turn_on_32chassis/environment/ament_prefix_path.sh
[3.021s] -- Installing: /home/wheeltec/agribot/agribot_ws/install/turn_on_32chassis/share/turn_on_32chassis/environment/ament_prefix_path.dsv
[3.022s] -- Up-to-date: /home/wheeltec/agribot/agribot_ws/install/turn_on_32chassis/share/turn_on_32chassis/environment/path.sh
[3.022s] -- Installing: /home/wheeltec/agribot/agribot_ws/install/turn_on_32chassis/share/turn_on_32chassis/environment/path.dsv
[3.023s] -- Up-to-date: /home/wheeltec/agribot/agribot_ws/install/turn_on_32chassis/share/turn_on_32chassis/local_setup.bash
[3.023s] -- Up-to-date: /home/wheeltec/agribot/agribot_ws/install/turn_on_32chassis/share/turn_on_32chassis/local_setup.sh
[3.023s] -- Up-to-date: /home/wheeltec/agribot/agribot_ws/install/turn_on_32chassis/share/turn_on_32chassis/local_setup.zsh
[3.024s] -- Installing: /home/wheeltec/agribot/agribot_ws/install/turn_on_32chassis/share/turn_on_32chassis/local_setup.dsv
[3.025s] -- Installing: /home/wheeltec/agribot/agribot_ws/install/turn_on_32chassis/share/turn_on_32chassis/package.dsv
[3.025s] -- Up-to-date: /home/wheeltec/agribot/agribot_ws/install/turn_on_32chassis/share/ament_index/resource_index/packages/turn_on_32chassis
[3.026s] -- Up-to-date: /home/wheeltec/agribot/agribot_ws/install/turn_on_32chassis/share/turn_on_32chassis/cmake/turn_on_32chassisConfig.cmake
[3.027s] -- Up-to-date: /home/wheeltec/agribot/agribot_ws/install/turn_on_32chassis/share/turn_on_32chassis/cmake/turn_on_32chassisConfig-version.cmake
[3.027s] -- Installing: /home/wheeltec/agribot/agribot_ws/install/turn_on_32chassis/share/turn_on_32chassis/package.xml
[3.028s] Invoked command in '/home/wheeltec/agribot/agribot_ws/build/turn_on_32chassis' returned '0': CMAKE_PREFIX_PATH=/home/wheeltec/agribot/agribot_ws/install/serial:/home/wheeltec/agribot/agribot_ws/install/yesense_std_ros2:/home/wheeltec/agribot/agribot_ws/install/yesense_interface:/home/wheeltec/agribot/agribot_ws/install/turn_on_agribot:/home/wheeltec/agribot/agribot_ws/install/turn_on_32chassis:/home/wheeltec/agribot/agribot_ws/install/centerline_extraction:/home/wheeltec/ws_livox/install/livox_ros_driver2:/home/wheeltec/wheeltec_ros2/install/yesense_std_ros2:/home/wheeltec/wheeltec_ros2/install/yesense_interface:/home/wheeltec/wheeltec_ros2/install/wheeltec_slam_toolbox:/home/wheeltec/wheeltec_ros2/install/wheeltec_rviz2:/home/wheeltec/wheeltec_ros2/install/wheeltec_rrt_msg:/home/wheeltec/wheeltec_ros2/install/wheeltec_robot_urdf:/home/wheeltec/wheeltec_ros2/install/wheeltec_robot_rtab:/home/wheeltec/wheeltec_ros2/install/wheeltec_robot_rrt:/home/wheeltec/wheeltec_ros2/install/turn_on_wheeltec_robot:/home/wheeltec/wheeltec_ros2/install/wheeltec_robot_msg:/home/wheeltec/wheeltec_ros2/install/wheeltec_robot_kcf:/home/wheeltec/wheeltec_ros2/install/wheeltec_path_follow:/home/wheeltec/wheeltec_ros2/install/wheeltec_nav2:/home/wheeltec/wheeltec_ros2/install/wheeltec_multi:/home/wheeltec/wheeltec_ros2/install/wheeltec_mic_ros2:/home/wheeltec/wheeltec_ros2/install/wheeltec_mic_msg:/home/wheeltec/wheeltec_ros2/install/wheeltec_joy:/home/wheeltec/wheeltec_ros2/install/wheeltec_gps_driver:/home/wheeltec/wheeltec_ros2/install/wheeltec_cartographer:/home/wheeltec/wheeltec_ros2/install/wheeltec_aiui:/home/wheeltec/wheeltec_ros2/install/web_video_server:/home/wheeltec/wheeltec_ros2/install/usb_cam:/home/wheeltec/wheeltec_ros2/install/ublox:/home/wheeltec/wheeltec_ros2/install/ublox_gps:/home/wheeltec/wheeltec_ros2/install/ublox_msgs:/home/wheeltec/wheeltec_ros2/install/ublox_serialization:/home/wheeltec/wheeltec_ros2/install/tts:/home/wheeltec/wheeltec_ros2/install/slam_gmapping:/home/wheeltec/wheeltec_ros2/install/bodyreader:/home/wheeltec/wheeltec_ros2/install/serial:/home/wheeltec/wheeltec_ros2/install/rplidar_ros:/home/wheeltec/wheeltec_ros2/install/orb_slam2_ros:/home/wheeltec/wheeltec_ros2/install/openslam_gmapping:/home/wheeltec/wheeltec_ros2/install/ollama_ros_msgs:/home/wheeltec/wheeltec_ros2/install/nmea_msgs:/home/wheeltec/wheeltec_ros2/install/nav2_bringup:/home/wheeltec/wheeltec_ros2/install/navigation2:/home/wheeltec/wheeltec_ros2/install/nav2_smoother:/home/wheeltec/wheeltec_ros2/install/nav2_dwb_controller:/home/wheeltec/wheeltec_ros2/install/nav2_controller:/home/wheeltec/wheeltec_ros2/install/dwb_plugins:/home/wheeltec/wheeltec_ros2/install/dwb_critics:/home/wheeltec/wheeltec_ros2/install/dwb_core:/home/wheeltec/wheeltec_ros2/install/nav_2d_utils:/home/wheeltec/wheeltec_ros2/install/dwb_msgs:/home/wheeltec/wheeltec_ros2/install/nav_2d_msgs:/home/wheeltec/wheeltec_ros2/install/nav2_waypoint_follower:/home/wheeltec/wheeltec_ros2/install/nav2_theta_star_planner:/home/wheeltec/wheeltec_ros2/install/nav2_smac_planner:/home/wheeltec/wheeltec_ros2/install/nav2_rotation_shim_controller:/home/wheeltec/wheeltec_ros2/install/nav2_regulated_pure_pursuit_controller:/home/wheeltec/wheeltec_ros2/install/nav2_planner:/home/wheeltec/wheeltec_ros2/install/nav2_navfn_planner:/home/wheeltec/wheeltec_ros2/install/nav2_constrained_smoother:/home/wheeltec/wheeltec_ros2/install/nav2_bt_navigator:/home/wheeltec/wheeltec_ros2/install/nav2_behaviors:/home/wheeltec/wheeltec_ros2/install/nav2_core:/home/wheeltec/wheeltec_ros2/install/nav2_collision_monitor:/home/wheeltec/wheeltec_ros2/install/costmap_queue:/home/wheeltec/wheeltec_ros2/install/nav2_costmap_2d:/home/wheeltec/wheeltec_ros2/install/nav2_voxel_grid:/home/wheeltec/wheeltec_ros2/install/nav2_velocity_smoother:/home/wheeltec/wheeltec_ros2/install/nav2_rviz_plugins:/home/wheeltec/wheeltec_ros2/install/nav2_map_server:/home/wheeltec/wheeltec_ros2/install/nav2_lifecycle_manager:/home/wheeltec/wheeltec_ros2/install/nav2_behavior_tree:/home/wheeltec/wheeltec_ros2/install/nav2_amcl:/home/wheeltec/wheeltec_ros2/install/nav2_util:/home/wheeltec/wheeltec_ros2/install/nav2_msgs:/home/wheeltec/wheeltec_ros2/install/nav2_common:/home/wheeltec/wheeltec_ros2/install/lslidar_driver:/home/wheeltec/wheeltec_ros2/install/lslidar_msgs:/home/wheeltec/wheeltec_ros2/install/ldlidar_stl_ros2:/home/wheeltec/wheeltec_ros2/install/ldlidar_sl_ros2:/home/wheeltec/wheeltec_ros2/install/ldlidar:/home/wheeltec/wheeltec_ros2/install/bodyreader_msg:/home/wheeltec/wheeltec_ros2/install/astra_camera:/home/wheeltec/wheeltec_ros2/install/astra_camera_msgs:/home/wheeltec/wheeltec_ros2/install/aruco_ros:/home/wheeltec/wheeltec_ros2/install/aruco_msgs:/home/wheeltec/wheeltec_ros2/install/aruco:/home/wheeltec/wheeltec_ros2/install/ackermann_msgs:/home/wheeltec/wheeltec_ros2/install/simple_follower_ros2:/home/wheeltec/wheeltec_ros2/install/wheeltec_robot_keyboard:/home/wheeltec/wheeltec_ros2/install/wheeltec_dual_rtk_driver:/home/wheeltec/wheeltec_ros2/install/ultralytics_ros2:/home/wheeltec/wheeltec_ros2/install/tf2_tools:/home/wheeltec/wheeltec_ros2/install/ollama_ros_chat:/home/wheeltec/wheeltec_ros2/install/nmea_navsat_driver:/home/wheeltec/wheeltec_ros2/install/nav2_waypoint_cycle:/home/wheeltec/wheeltec_ros2/install/nav2_simple_commander:/home/wheeltec/wheeltec_ros2/install/auto_recharge_ros2:/opt/ros/humble /usr/bin/cmake --install /home/wheeltec/agribot/agribot_ws/build/turn_on_32chassis
