Consolidate compiler generated dependencies of target turn_on_32chassis_node
[100%] Built target turn_on_32chassis_node
-- Install configuration: ""
-- Up-to-date: /home/wheeltec/agribot/agribot_ws/install/turn_on_32chassis/lib/turn_on_32chassis/turn_on_32chassis_node
-- Up-to-date: /home/wheeltec/agribot/agribot_ws/install/turn_on_32chassis/share/turn_on_32chassis/launch
-- Up-to-date: /home/wheeltec/agribot/agribot_ws/install/turn_on_32chassis/share/turn_on_32chassis/launch/turn_on_32chassis.launch.py
-- Up-to-date: /home/wheeltec/agribot/agribot_ws/install/turn_on_32chassis/share/turn_on_32chassis/urdf
-- Up-to-date: /home/wheeltec/agribot/agribot_ws/install/turn_on_32chassis/share/turn_on_32chassis/urdf/urdf
-- Up-to-date: /home/wheeltec/agribot/agribot_ws/install/turn_on_32chassis/share/turn_on_32chassis/urdf/urdf/mini_4wd_robot.urdf.xacro
-- Up-to-date: /home/wheeltec/agribot/agribot_ws/install/turn_on_32chassis/share/turn_on_32chassis/urdf/urdf/agribot.urdf.xacro
-- Up-to-date: /home/wheeltec/agribot/agribot_ws/install/turn_on_32chassis/share/turn_on_32chassis/urdf/meshes
-- Up-to-date: /home/wheeltec/agribot/agribot_ws/install/turn_on_32chassis/share/turn_on_32chassis/urdf/meshes/mini_4wd_robot_meshes
-- Up-to-date: /home/wheeltec/agribot/agribot_ws/install/turn_on_32chassis/share/turn_on_32chassis/urdf/meshes/mini_4wd_robot_meshes/camera_link.STL
-- Up-to-date: /home/wheeltec/agribot/agribot_ws/install/turn_on_32chassis/share/turn_on_32chassis/urdf/meshes/mini_4wd_robot_meshes/rf_wheel_link.STL
-- Up-to-date: /home/wheeltec/agribot/agribot_ws/install/turn_on_32chassis/share/turn_on_32chassis/urdf/meshes/mini_4wd_robot_meshes/lb_wheel_link.STL
-- Up-to-date: /home/wheeltec/agribot/agribot_ws/install/turn_on_32chassis/share/turn_on_32chassis/urdf/meshes/mini_4wd_robot_meshes/laser.STL
-- Up-to-date: /home/wheeltec/agribot/agribot_ws/install/turn_on_32chassis/share/turn_on_32chassis/urdf/meshes/mini_4wd_robot_meshes/controller_link.STL
-- Up-to-date: /home/wheeltec/agribot/agribot_ws/install/turn_on_32chassis/share/turn_on_32chassis/urdf/meshes/mini_4wd_robot_meshes/lf_wheel_link.STL
-- Up-to-date: /home/wheeltec/agribot/agribot_ws/install/turn_on_32chassis/share/turn_on_32chassis/urdf/meshes/mini_4wd_robot_meshes/rb_wheel_link.STL
-- Up-to-date: /home/wheeltec/agribot/agribot_ws/install/turn_on_32chassis/share/turn_on_32chassis/urdf/meshes/mini_4wd_robot_meshes/base_link.STL
-- Up-to-date: /home/wheeltec/agribot/agribot_ws/install/turn_on_32chassis/share/turn_on_32chassis/urdf/meshes/mini_akm_robot_meshes
-- Up-to-date: /home/wheeltec/agribot/agribot_ws/install/turn_on_32chassis/share/turn_on_32chassis/urdf/meshes/mini_akm_robot_meshes/lf_link.STL
-- Up-to-date: /home/wheeltec/agribot/agribot_ws/install/turn_on_32chassis/share/turn_on_32chassis/urdf/meshes/mini_akm_robot_meshes/left_link.STL
-- Up-to-date: /home/wheeltec/agribot/agribot_ws/install/turn_on_32chassis/share/turn_on_32chassis/urdf/meshes/mini_akm_robot_meshes/rf_link.STL
-- Up-to-date: /home/wheeltec/agribot/agribot_ws/install/turn_on_32chassis/share/turn_on_32chassis/urdf/meshes/mini_akm_robot_meshes/camera_link.STL
-- Up-to-date: /home/wheeltec/agribot/agribot_ws/install/turn_on_32chassis/share/turn_on_32chassis/urdf/meshes/mini_akm_robot_meshes/rb_link.STL
-- Up-to-date: /home/wheeltec/agribot/agribot_ws/install/turn_on_32chassis/share/turn_on_32chassis/urdf/meshes/mini_akm_robot_meshes/laser.STL
-- Up-to-date: /home/wheeltec/agribot/agribot_ws/install/turn_on_32chassis/share/turn_on_32chassis/urdf/meshes/mini_akm_robot_meshes/controller_link.STL
-- Up-to-date: /home/wheeltec/agribot/agribot_ws/install/turn_on_32chassis/share/turn_on_32chassis/urdf/meshes/mini_akm_robot_meshes/front_link.STL
-- Up-to-date: /home/wheeltec/agribot/agribot_ws/install/turn_on_32chassis/share/turn_on_32chassis/urdf/meshes/mini_akm_robot_meshes/right_link.STL
-- Up-to-date: /home/wheeltec/agribot/agribot_ws/install/turn_on_32chassis/share/turn_on_32chassis/urdf/meshes/mini_akm_robot_meshes/base_link.STL
-- Up-to-date: /home/wheeltec/agribot/agribot_ws/install/turn_on_32chassis/share/turn_on_32chassis/urdf/meshes/mini_akm_robot_meshes/lb_link.STL
-- Up-to-date: /home/wheeltec/agribot/agribot_ws/install/turn_on_32chassis/share/turn_on_32chassis/urdf/meshes/bases
-- Up-to-date: /home/wheeltec/agribot/agribot_ws/install/turn_on_32chassis/share/turn_on_32chassis/urdf/meshes/bases/burger_base.stl
-- Up-to-date: /home/wheeltec/agribot/agribot_ws/install/turn_on_32chassis/share/turn_on_32chassis/urdf/meshes/bases/waffle_base.stl
-- Up-to-date: /home/wheeltec/agribot/agribot_ws/install/turn_on_32chassis/share/turn_on_32chassis/urdf/meshes/bases/waffle_pi_base.stl
-- Up-to-date: /home/wheeltec/agribot/agribot_ws/install/turn_on_32chassis/share/turn_on_32chassis/urdf/meshes/wheels
-- Up-to-date: /home/wheeltec/agribot/agribot_ws/install/turn_on_32chassis/share/turn_on_32chassis/urdf/meshes/wheels/right_tire.stl
-- Up-to-date: /home/wheeltec/agribot/agribot_ws/install/turn_on_32chassis/share/turn_on_32chassis/urdf/meshes/wheels/left_tire.stl
-- Up-to-date: /home/wheeltec/agribot/agribot_ws/install/turn_on_32chassis/share/turn_on_32chassis/urdf/meshes/mini_4wd_moveit_four_meshes
-- Up-to-date: /home/wheeltec/agribot/agribot_ws/install/turn_on_32chassis/share/turn_on_32chassis/urdf/meshes/mini_4wd_moveit_four_meshes/j3_link.STL
-- Up-to-date: /home/wheeltec/agribot/agribot_ws/install/turn_on_32chassis/share/turn_on_32chassis/urdf/meshes/mini_4wd_moveit_four_meshes/j4_5_link.STL
-- Up-to-date: /home/wheeltec/agribot/agribot_ws/install/turn_on_32chassis/share/turn_on_32chassis/urdf/meshes/mini_4wd_moveit_four_meshes/j4_2_link.STL
-- Up-to-date: /home/wheeltec/agribot/agribot_ws/install/turn_on_32chassis/share/turn_on_32chassis/urdf/meshes/mini_4wd_moveit_four_meshes/j1_link.STL
-- Up-to-date: /home/wheeltec/agribot/agribot_ws/install/turn_on_32chassis/share/turn_on_32chassis/urdf/meshes/mini_4wd_moveit_four_meshes/j4_4_link.STL
-- Up-to-date: /home/wheeltec/agribot/agribot_ws/install/turn_on_32chassis/share/turn_on_32chassis/urdf/meshes/mini_4wd_moveit_four_meshes/arm_base_link.STL
-- Up-to-date: /home/wheeltec/agribot/agribot_ws/install/turn_on_32chassis/share/turn_on_32chassis/urdf/meshes/mini_4wd_moveit_four_meshes/j4_1_link.STL
-- Up-to-date: /home/wheeltec/agribot/agribot_ws/install/turn_on_32chassis/share/turn_on_32chassis/urdf/meshes/mini_4wd_moveit_four_meshes/camera_link.STL
-- Up-to-date: /home/wheeltec/agribot/agribot_ws/install/turn_on_32chassis/share/turn_on_32chassis/urdf/meshes/mini_4wd_moveit_four_meshes/rf_wheel_link.STL
-- Up-to-date: /home/wheeltec/agribot/agribot_ws/install/turn_on_32chassis/share/turn_on_32chassis/urdf/meshes/mini_4wd_moveit_four_meshes/j2_link.STL
-- Up-to-date: /home/wheeltec/agribot/agribot_ws/install/turn_on_32chassis/share/turn_on_32chassis/urdf/meshes/mini_4wd_moveit_four_meshes/lb_wheel_link.STL
-- Up-to-date: /home/wheeltec/agribot/agribot_ws/install/turn_on_32chassis/share/turn_on_32chassis/urdf/meshes/mini_4wd_moveit_four_meshes/j4_6_link.STL
-- Up-to-date: /home/wheeltec/agribot/agribot_ws/install/turn_on_32chassis/share/turn_on_32chassis/urdf/meshes/mini_4wd_moveit_four_meshes/laser.STL
-- Up-to-date: /home/wheeltec/agribot/agribot_ws/install/turn_on_32chassis/share/turn_on_32chassis/urdf/meshes/mini_4wd_moveit_four_meshes/controller_link.STL
-- Up-to-date: /home/wheeltec/agribot/agribot_ws/install/turn_on_32chassis/share/turn_on_32chassis/urdf/meshes/mini_4wd_moveit_four_meshes/lf_wheel_link.STL
-- Up-to-date: /home/wheeltec/agribot/agribot_ws/install/turn_on_32chassis/share/turn_on_32chassis/urdf/meshes/mini_4wd_moveit_four_meshes/rb_wheel_link.STL
-- Up-to-date: /home/wheeltec/agribot/agribot_ws/install/turn_on_32chassis/share/turn_on_32chassis/urdf/meshes/mini_4wd_moveit_four_meshes/base_link.STL
-- Up-to-date: /home/wheeltec/agribot/agribot_ws/install/turn_on_32chassis/share/turn_on_32chassis/urdf/meshes/mini_4wd_moveit_four_meshes/j4_3_link.STL
-- Up-to-date: /home/wheeltec/agribot/agribot_ws/install/turn_on_32chassis/share/turn_on_32chassis/urdf/meshes/mini_4wd_moveit_four_meshes/display_link.STL
-- Up-to-date: /home/wheeltec/agribot/agribot_ws/install/turn_on_32chassis/share/turn_on_32chassis/urdf/meshes/mini_akm_meshes
-- Up-to-date: /home/wheeltec/agribot/agribot_ws/install/turn_on_32chassis/share/turn_on_32chassis/urdf/meshes/mini_akm_meshes/lf_link.STL
-- Up-to-date: /home/wheeltec/agribot/agribot_ws/install/turn_on_32chassis/share/turn_on_32chassis/urdf/meshes/mini_akm_meshes/left_link.STL
-- Up-to-date: /home/wheeltec/agribot/agribot_ws/install/turn_on_32chassis/share/turn_on_32chassis/urdf/meshes/mini_akm_meshes/rf_link.STL
-- Up-to-date: /home/wheeltec/agribot/agribot_ws/install/turn_on_32chassis/share/turn_on_32chassis/urdf/meshes/mini_akm_meshes/camera_link.STL
-- Up-to-date: /home/wheeltec/agribot/agribot_ws/install/turn_on_32chassis/share/turn_on_32chassis/urdf/meshes/mini_akm_meshes/rb_link.STL
-- Up-to-date: /home/wheeltec/agribot/agribot_ws/install/turn_on_32chassis/share/turn_on_32chassis/urdf/meshes/mini_akm_meshes/controller_link.STL
-- Up-to-date: /home/wheeltec/agribot/agribot_ws/install/turn_on_32chassis/share/turn_on_32chassis/urdf/meshes/mini_akm_meshes/laser_link.STL
-- Up-to-date: /home/wheeltec/agribot/agribot_ws/install/turn_on_32chassis/share/turn_on_32chassis/urdf/meshes/mini_akm_meshes/front_link.STL
-- Up-to-date: /home/wheeltec/agribot/agribot_ws/install/turn_on_32chassis/share/turn_on_32chassis/urdf/meshes/mini_akm_meshes/right_link.STL
-- Up-to-date: /home/wheeltec/agribot/agribot_ws/install/turn_on_32chassis/share/turn_on_32chassis/urdf/meshes/mini_akm_meshes/base_link.STL
-- Up-to-date: /home/wheeltec/agribot/agribot_ws/install/turn_on_32chassis/share/turn_on_32chassis/urdf/meshes/mini_akm_meshes/lb_link.STL
-- Up-to-date: /home/wheeltec/agribot/agribot_ws/install/turn_on_32chassis/share/turn_on_32chassis/config
-- Up-to-date: /home/wheeltec/agribot/agribot_ws/install/turn_on_32chassis/share/turn_on_32chassis/config/rviz2_config_agribot.rviz
-- Up-to-date: /home/wheeltec/agribot/agribot_ws/install/turn_on_32chassis/share/turn_on_32chassis/config/imuconfig.yaml
-- Installing: /home/wheeltec/agribot/agribot_ws/install/turn_on_32chassis/share/turn_on_32chassis/config/ekf.yaml
-- Up-to-date: /home/wheeltec/agribot/agribot_ws/install/turn_on_32chassis/share/ament_index/resource_index/package_run_dependencies/turn_on_32chassis
-- Up-to-date: /home/wheeltec/agribot/agribot_ws/install/turn_on_32chassis/share/ament_index/resource_index/parent_prefix_path/turn_on_32chassis
-- Up-to-date: /home/wheeltec/agribot/agribot_ws/install/turn_on_32chassis/share/turn_on_32chassis/environment/ament_prefix_path.sh
-- Up-to-date: /home/wheeltec/agribot/agribot_ws/install/turn_on_32chassis/share/turn_on_32chassis/environment/ament_prefix_path.dsv
-- Up-to-date: /home/wheeltec/agribot/agribot_ws/install/turn_on_32chassis/share/turn_on_32chassis/environment/path.sh
-- Up-to-date: /home/wheeltec/agribot/agribot_ws/install/turn_on_32chassis/share/turn_on_32chassis/environment/path.dsv
-- Up-to-date: /home/wheeltec/agribot/agribot_ws/install/turn_on_32chassis/share/turn_on_32chassis/local_setup.bash
-- Up-to-date: /home/wheeltec/agribot/agribot_ws/install/turn_on_32chassis/share/turn_on_32chassis/local_setup.sh
-- Up-to-date: /home/wheeltec/agribot/agribot_ws/install/turn_on_32chassis/share/turn_on_32chassis/local_setup.zsh
-- Up-to-date: /home/wheeltec/agribot/agribot_ws/install/turn_on_32chassis/share/turn_on_32chassis/local_setup.dsv
-- Installing: /home/wheeltec/agribot/agribot_ws/install/turn_on_32chassis/share/turn_on_32chassis/package.dsv
-- Up-to-date: /home/wheeltec/agribot/agribot_ws/install/turn_on_32chassis/share/ament_index/resource_index/packages/turn_on_32chassis
-- Up-to-date: /home/wheeltec/agribot/agribot_ws/install/turn_on_32chassis/share/turn_on_32chassis/cmake/turn_on_32chassisConfig.cmake
-- Up-to-date: /home/wheeltec/agribot/agribot_ws/install/turn_on_32chassis/share/turn_on_32chassis/cmake/turn_on_32chassisConfig-version.cmake
-- Up-to-date: /home/wheeltec/agribot/agribot_ws/install/turn_on_32chassis/share/turn_on_32chassis/package.xml
