[0.162s] Invoking command in '/home/wheeltec/agribot/agribot_ws/build/serial': CMAKE_PREFIX_PATH=${CMAKE_PREFIX_PATH}:/home/wheeltec/wheeltec_ros2/install/simple_follower_ros2:/home/wheeltec/wheeltec_ros2/install/wheeltec_robot_keyboard:/home/wheeltec/wheeltec_ros2/install/wheeltec_dual_rtk_driver:/home/wheeltec/wheeltec_ros2/install/ultralytics_ros2:/home/wheeltec/wheeltec_ros2/install/tf2_tools:/home/wheeltec/wheeltec_ros2/install/ollama_ros_chat:/home/wheeltec/wheeltec_ros2/install/nmea_navsat_driver:/home/wheeltec/wheeltec_ros2/install/nav2_waypoint_cycle:/home/wheeltec/wheeltec_ros2/install/nav2_simple_commander:/home/wheeltec/wheeltec_ros2/install/auto_recharge_ros2:/opt/ros/humble /usr/bin/cmake --build /home/wheeltec/agribot/agribot_ws/build/serial -- -j8 -l8
[0.859s] [100%] Built target serial
[0.936s] Invoked command in '/home/wheeltec/agribot/agribot_ws/build/serial' returned '0': CMAKE_PREFIX_PATH=${CMAKE_PREFIX_PATH}:/home/wheeltec/wheeltec_ros2/install/simple_follower_ros2:/home/wheeltec/wheeltec_ros2/install/wheeltec_robot_keyboard:/home/wheeltec/wheeltec_ros2/install/wheeltec_dual_rtk_driver:/home/wheeltec/wheeltec_ros2/install/ultralytics_ros2:/home/wheeltec/wheeltec_ros2/install/tf2_tools:/home/wheeltec/wheeltec_ros2/install/ollama_ros_chat:/home/wheeltec/wheeltec_ros2/install/nmea_navsat_driver:/home/wheeltec/wheeltec_ros2/install/nav2_waypoint_cycle:/home/wheeltec/wheeltec_ros2/install/nav2_simple_commander:/home/wheeltec/wheeltec_ros2/install/auto_recharge_ros2:/opt/ros/humble /usr/bin/cmake --build /home/wheeltec/agribot/agribot_ws/build/serial -- -j8 -l8
[0.939s] Invoking command in '/home/wheeltec/agribot/agribot_ws/build/serial': CMAKE_PREFIX_PATH=${CMAKE_PREFIX_PATH}:/home/wheeltec/wheeltec_ros2/install/simple_follower_ros2:/home/wheeltec/wheeltec_ros2/install/wheeltec_robot_keyboard:/home/wheeltec/wheeltec_ros2/install/wheeltec_dual_rtk_driver:/home/wheeltec/wheeltec_ros2/install/ultralytics_ros2:/home/wheeltec/wheeltec_ros2/install/tf2_tools:/home/wheeltec/wheeltec_ros2/install/ollama_ros_chat:/home/wheeltec/wheeltec_ros2/install/nmea_navsat_driver:/home/wheeltec/wheeltec_ros2/install/nav2_waypoint_cycle:/home/wheeltec/wheeltec_ros2/install/nav2_simple_commander:/home/wheeltec/wheeltec_ros2/install/auto_recharge_ros2:/opt/ros/humble /usr/bin/cmake --install /home/wheeltec/agribot/agribot_ws/build/serial
[0.970s] -- Install configuration: ""
[0.970s] -- Up-to-date: /home/wheeltec/agribot/agribot_ws/install/serial/lib/libserial.a
[0.970s] -- Up-to-date: /home/wheeltec/agribot/agribot_ws/install/serial/share/serial/environment/library_path.sh
[0.970s] -- Up-to-date: /home/wheeltec/agribot/agribot_ws/install/serial/share/serial/environment/library_path.dsv
[0.970s] -- Up-to-date: /home/wheeltec/agribot/agribot_ws/install/serial/include/serial
[0.971s] -- Up-to-date: /home/wheeltec/agribot/agribot_ws/install/serial/include/serial/impl
[0.971s] -- Up-to-date: /home/wheeltec/agribot/agribot_ws/install/serial/include/serial/impl/unix.h
[0.971s] -- Up-to-date: /home/wheeltec/agribot/agribot_ws/install/serial/include/serial/impl/win.h
[0.971s] -- Up-to-date: /home/wheeltec/agribot/agribot_ws/install/serial/include/serial/serial.h
[0.971s] -- Up-to-date: /home/wheeltec/agribot/agribot_ws/install/serial/include/serial/v8stdint.h
[0.971s] -- Up-to-date: /home/wheeltec/agribot/agribot_ws/install/serial/share/ament_index/resource_index/package_run_dependencies/serial
[0.971s] -- Up-to-date: /home/wheeltec/agribot/agribot_ws/install/serial/share/ament_index/resource_index/parent_prefix_path/serial
[0.972s] -- Up-to-date: /home/wheeltec/agribot/agribot_ws/install/serial/share/serial/environment/ament_prefix_path.sh
[0.972s] -- Up-to-date: /home/wheeltec/agribot/agribot_ws/install/serial/share/serial/environment/ament_prefix_path.dsv
[0.972s] -- Up-to-date: /home/wheeltec/agribot/agribot_ws/install/serial/share/serial/environment/path.sh
[0.972s] -- Up-to-date: /home/wheeltec/agribot/agribot_ws/install/serial/share/serial/environment/path.dsv
[0.972s] -- Up-to-date: /home/wheeltec/agribot/agribot_ws/install/serial/share/serial/local_setup.bash
[0.973s] -- Up-to-date: /home/wheeltec/agribot/agribot_ws/install/serial/share/serial/local_setup.sh
[0.974s] -- Up-to-date: /home/wheeltec/agribot/agribot_ws/install/serial/share/serial/local_setup.zsh
[0.974s] -- Up-to-date: /home/wheeltec/agribot/agribot_ws/install/serial/share/serial/local_setup.dsv
[0.975s] -- Installing: /home/wheeltec/agribot/agribot_ws/install/serial/share/serial/package.dsv
[0.977s] -- Up-to-date: /home/wheeltec/agribot/agribot_ws/install/serial/share/ament_index/resource_index/packages/serial
[0.977s] -- Up-to-date: /home/wheeltec/agribot/agribot_ws/install/serial/share/serial/cmake/ament_cmake_export_include_directories-extras.cmake
[0.978s] -- Up-to-date: /home/wheeltec/agribot/agribot_ws/install/serial/share/serial/cmake/ament_cmake_export_libraries-extras.cmake
[0.978s] -- Up-to-date: /home/wheeltec/agribot/agribot_ws/install/serial/share/serial/cmake/ament_cmake_export_dependencies-extras.cmake
[0.979s] -- Up-to-date: /home/wheeltec/agribot/agribot_ws/install/serial/share/serial/cmake/serialConfig.cmake
[0.979s] -- Up-to-date: /home/wheeltec/agribot/agribot_ws/install/serial/share/serial/cmake/serialConfig-version.cmake
[0.980s] -- Up-to-date: /home/wheeltec/agribot/agribot_ws/install/serial/share/serial/package.xml
[0.993s] Invoked command in '/home/wheeltec/agribot/agribot_ws/build/serial' returned '0': CMAKE_PREFIX_PATH=${CMAKE_PREFIX_PATH}:/home/wheeltec/wheeltec_ros2/install/simple_follower_ros2:/home/wheeltec/wheeltec_ros2/install/wheeltec_robot_keyboard:/home/wheeltec/wheeltec_ros2/install/wheeltec_dual_rtk_driver:/home/wheeltec/wheeltec_ros2/install/ultralytics_ros2:/home/wheeltec/wheeltec_ros2/install/tf2_tools:/home/wheeltec/wheeltec_ros2/install/ollama_ros_chat:/home/wheeltec/wheeltec_ros2/install/nmea_navsat_driver:/home/wheeltec/wheeltec_ros2/install/nav2_waypoint_cycle:/home/wheeltec/wheeltec_ros2/install/nav2_simple_commander:/home/wheeltec/wheeltec_ros2/install/auto_recharge_ros2:/opt/ros/humble /usr/bin/cmake --install /home/wheeltec/agribot/agribot_ws/build/serial
