[0.042s] Invoking command in '/home/wheeltec/agribot/agribot_ws/build/centerline_extraction': CMAKE_PREFIX_PATH=${CMAKE_PREFIX_PATH}:/home/wheeltec/wheeltec_ros2/install/simple_follower_ros2:/home/wheeltec/wheeltec_ros2/install/wheeltec_robot_keyboard:/home/wheeltec/wheeltec_ros2/install/wheeltec_dual_rtk_driver:/home/wheeltec/wheeltec_ros2/install/ultralytics_ros2:/home/wheeltec/wheeltec_ros2/install/tf2_tools:/home/wheeltec/wheeltec_ros2/install/ollama_ros_chat:/home/wheeltec/wheeltec_ros2/install/nmea_navsat_driver:/home/wheeltec/wheeltec_ros2/install/nav2_waypoint_cycle:/home/wheeltec/wheeltec_ros2/install/nav2_simple_commander:/home/wheeltec/wheeltec_ros2/install/auto_recharge_ros2:/opt/ros/humble /usr/bin/cmake --build /home/wheeltec/agribot/agribot_ws/build/centerline_extraction -- -j8 -l8
[0.165s] [ 11%] Building CXX object CMakeFiles/test_path_publisher.dir/src/test_path_publisher.cpp.o
[0.178s] [ 33%] Built target corn_row_detector_projection
[0.206s] [ 88%] Built target cornfield_navigation_node
[22.610s] [100%] Linking CXX executable test_path_publisher
[23.772s] [100%] Built target test_path_publisher
[23.805s] Invoked command in '/home/wheeltec/agribot/agribot_ws/build/centerline_extraction' returned '0': CMAKE_PREFIX_PATH=${CMAKE_PREFIX_PATH}:/home/wheeltec/wheeltec_ros2/install/simple_follower_ros2:/home/wheeltec/wheeltec_ros2/install/wheeltec_robot_keyboard:/home/wheeltec/wheeltec_ros2/install/wheeltec_dual_rtk_driver:/home/wheeltec/wheeltec_ros2/install/ultralytics_ros2:/home/wheeltec/wheeltec_ros2/install/tf2_tools:/home/wheeltec/wheeltec_ros2/install/ollama_ros_chat:/home/wheeltec/wheeltec_ros2/install/nmea_navsat_driver:/home/wheeltec/wheeltec_ros2/install/nav2_waypoint_cycle:/home/wheeltec/wheeltec_ros2/install/nav2_simple_commander:/home/wheeltec/wheeltec_ros2/install/auto_recharge_ros2:/opt/ros/humble /usr/bin/cmake --build /home/wheeltec/agribot/agribot_ws/build/centerline_extraction -- -j8 -l8
[23.824s] Invoking command in '/home/wheeltec/agribot/agribot_ws/build/centerline_extraction': CMAKE_PREFIX_PATH=${CMAKE_PREFIX_PATH}:/home/wheeltec/wheeltec_ros2/install/simple_follower_ros2:/home/wheeltec/wheeltec_ros2/install/wheeltec_robot_keyboard:/home/wheeltec/wheeltec_ros2/install/wheeltec_dual_rtk_driver:/home/wheeltec/wheeltec_ros2/install/ultralytics_ros2:/home/wheeltec/wheeltec_ros2/install/tf2_tools:/home/wheeltec/wheeltec_ros2/install/ollama_ros_chat:/home/wheeltec/wheeltec_ros2/install/nmea_navsat_driver:/home/wheeltec/wheeltec_ros2/install/nav2_waypoint_cycle:/home/wheeltec/wheeltec_ros2/install/nav2_simple_commander:/home/wheeltec/wheeltec_ros2/install/auto_recharge_ros2:/opt/ros/humble /usr/bin/cmake --install /home/wheeltec/agribot/agribot_ws/build/centerline_extraction
[23.837s] -- Install configuration: ""
[23.838s] -- Execute custom install script
[23.839s] -- Up-to-date symlink: /home/wheeltec/agribot/agribot_ws/install/centerline_extraction/lib/centerline_extraction/cornfield_navigation_node
[23.839s] -- Up-to-date symlink: /home/wheeltec/agribot/agribot_ws/install/centerline_extraction/lib/centerline_extraction/corn_row_detector_projection
[23.839s] -- Up-to-date symlink: /home/wheeltec/agribot/agribot_ws/install/centerline_extraction/lib/centerline_extraction/test_path_publisher
[23.841s] -- Up-to-date symlink: /home/wheeltec/agribot/agribot_ws/install/centerline_extraction/lib/centerline_extraction/pid_tracking_evaluator.py
[23.841s] -- Up-to-date symlink: /home/wheeltec/agribot/agribot_ws/install/centerline_extraction/include//include/centerline_extraction/corn_row_detector_projection.hpp
[23.842s] -- Up-to-date symlink: /home/wheeltec/agribot/agribot_ws/install/centerline_extraction/include//include/centerline_extraction/obstacle_detector.hpp
[23.842s] -- Up-to-date symlink: /home/wheeltec/agribot/agribot_ws/install/centerline_extraction/include//include/centerline_extraction/pid_controller.hpp
[23.843s] -- Up-to-date symlink: /home/wheeltec/agribot/agribot_ws/install/centerline_extraction/include//include/centerline_extraction/pure_pursuit_controller.hpp
[23.843s] -- Up-to-date symlink: /home/wheeltec/agribot/agribot_ws/install/centerline_extraction/share/centerline_extraction/launch/pid_path_test.launch.py
[23.843s] -- Up-to-date symlink: /home/wheeltec/agribot/agribot_ws/install/centerline_extraction/share/centerline_extraction/config/pid_path_test.yaml
[23.844s] -- Up-to-date symlink: /home/wheeltec/agribot/agribot_ws/install/centerline_extraction/share/ament_index/resource_index/package_run_dependencies/centerline_extraction
[23.844s] -- Up-to-date symlink: /home/wheeltec/agribot/agribot_ws/install/centerline_extraction/share/ament_index/resource_index/parent_prefix_path/centerline_extraction
[23.844s] -- Up-to-date symlink: /home/wheeltec/agribot/agribot_ws/install/centerline_extraction/share/centerline_extraction/environment/ament_prefix_path.sh
[23.844s] -- Up-to-date symlink: /home/wheeltec/agribot/agribot_ws/install/centerline_extraction/share/centerline_extraction/environment/ament_prefix_path.dsv
[23.845s] -- Up-to-date symlink: /home/wheeltec/agribot/agribot_ws/install/centerline_extraction/share/centerline_extraction/environment/path.sh
[23.845s] -- Up-to-date symlink: /home/wheeltec/agribot/agribot_ws/install/centerline_extraction/share/centerline_extraction/environment/path.dsv
[23.847s] -- Up-to-date symlink: /home/wheeltec/agribot/agribot_ws/install/centerline_extraction/share/centerline_extraction/local_setup.bash
[23.847s] -- Up-to-date symlink: /home/wheeltec/agribot/agribot_ws/install/centerline_extraction/share/centerline_extraction/local_setup.sh
[23.847s] -- Up-to-date symlink: /home/wheeltec/agribot/agribot_ws/install/centerline_extraction/share/centerline_extraction/local_setup.zsh
[23.847s] -- Up-to-date symlink: /home/wheeltec/agribot/agribot_ws/install/centerline_extraction/share/centerline_extraction/local_setup.dsv
[23.847s] -- Symlinking: /home/wheeltec/agribot/agribot_ws/install/centerline_extraction/share/centerline_extraction/package.dsv
[23.868s] -- Up-to-date symlink: /home/wheeltec/agribot/agribot_ws/install/centerline_extraction/share/ament_index/resource_index/packages/centerline_extraction
[23.870s] -- Up-to-date symlink: /home/wheeltec/agribot/agribot_ws/install/centerline_extraction/share/centerline_extraction/cmake/centerline_extractionConfig.cmake
[23.870s] -- Up-to-date symlink: /home/wheeltec/agribot/agribot_ws/install/centerline_extraction/share/centerline_extraction/cmake/centerline_extractionConfig-version.cmake
[23.870s] -- Up-to-date symlink: /home/wheeltec/agribot/agribot_ws/install/centerline_extraction/share/centerline_extraction/package.xml
[23.874s] Invoked command in '/home/wheeltec/agribot/agribot_ws/build/centerline_extraction' returned '0': CMAKE_PREFIX_PATH=${CMAKE_PREFIX_PATH}:/home/wheeltec/wheeltec_ros2/install/simple_follower_ros2:/home/wheeltec/wheeltec_ros2/install/wheeltec_robot_keyboard:/home/wheeltec/wheeltec_ros2/install/wheeltec_dual_rtk_driver:/home/wheeltec/wheeltec_ros2/install/ultralytics_ros2:/home/wheeltec/wheeltec_ros2/install/tf2_tools:/home/wheeltec/wheeltec_ros2/install/ollama_ros_chat:/home/wheeltec/wheeltec_ros2/install/nmea_navsat_driver:/home/wheeltec/wheeltec_ros2/install/nav2_waypoint_cycle:/home/wheeltec/wheeltec_ros2/install/nav2_simple_commander:/home/wheeltec/wheeltec_ros2/install/auto_recharge_ros2:/opt/ros/humble /usr/bin/cmake --install /home/wheeltec/agribot/agribot_ws/build/centerline_extraction
