[0.043s] Invoking command in '/home/wheeltec/agribot/agribot_ws/build/livox_ros_driver2': CMAKE_PREFIX_PATH=${CMAKE_PREFIX_PATH}:/home/wheeltec/wheeltec_ros2/install/simple_follower_ros2:/home/wheeltec/wheeltec_ros2/install/wheeltec_robot_keyboard:/home/wheeltec/wheeltec_ros2/install/wheeltec_dual_rtk_driver:/home/wheeltec/wheeltec_ros2/install/ultralytics_ros2:/home/wheeltec/wheeltec_ros2/install/tf2_tools:/home/wheeltec/wheeltec_ros2/install/ollama_ros_chat:/home/wheeltec/wheeltec_ros2/install/nmea_navsat_driver:/home/wheeltec/wheeltec_ros2/install/nav2_waypoint_cycle:/home/wheeltec/wheeltec_ros2/install/nav2_simple_commander:/home/wheeltec/wheeltec_ros2/install/auto_recharge_ros2:/opt/ros/humble /usr/bin/cmake /home/wheeltec/agribot/agribot_ws/src/livox_ros_driver2 -DCMAKE_INSTALL_PREFIX=/home/wheeltec/agribot/agribot_ws/install/livox_ros_driver2
[0.150s] -- The C compiler identification is GNU 11.4.0
[0.257s] -- The CXX compiler identification is GNU 11.4.0
[0.277s] -- Detecting C compiler ABI info
[0.415s] -- Detecting C compiler ABI info - done
[0.439s] -- Check for working C compiler: /usr/bin/cc - skipped
[0.440s] -- Detecting C compile features
[0.441s] -- Detecting C compile features - done
[0.453s] -- Detecting CXX compiler ABI info
[0.608s] -- Detecting CXX compiler ABI info - done
[0.634s] -- Check for working CXX compiler: /usr/bin/c++ - skipped
[0.634s] -- Detecting CXX compile features
[0.636s] -- Detecting CXX compile features - done
[0.639s] -- livox_ros_driver2 version: 1.2.4
[0.672s] -- Found ament_cmake_auto: 1.3.12 (/opt/ros/humble/share/ament_cmake_auto/cmake)
[1.143s] -- Found Python3: /usr/bin/python3 (found version "3.10.12") found components: Interpreter 
[1.836s] -- Using all available rosidl_typesupport_c: rosidl_typesupport_fastrtps_c;rosidl_typesupport_introspection_c
[1.895s] -- Found rosidl_adapter: 3.1.8 (/opt/ros/humble/share/rosidl_adapter/cmake)
[2.143s] -- Using all available rosidl_typesupport_cpp: rosidl_typesupport_fastrtps_cpp;rosidl_typesupport_introspection_cpp
[2.632s] -- Found rmw_implementation_cmake: 6.1.2 (/opt/ros/humble/share/rmw_implementation_cmake/cmake)
[2.662s] -- Found rmw_fastrtps_cpp: 6.2.9 (/opt/ros/humble/share/rmw_fastrtps_cpp/cmake)
[2.951s] -- Found OpenSSL: /usr/lib/aarch64-linux-gnu/libcrypto.so (found version "3.0.2")  
[3.034s] -- Found FastRTPS: /opt/ros/humble/include  
[3.164s] -- Using RMW implementation 'rmw_fastrtps_cpp' as default
[3.233s] -- Looking for pthread.h
[3.369s] -- Looking for pthread.h - found
[3.369s] -- Performing Test CMAKE_HAVE_LIBC_PTHREAD
[3.514s] -- Performing Test CMAKE_HAVE_LIBC_PTHREAD - Success
[3.517s] -- Found Threads: TRUE  
[4.051s] -- Checking for module 'eigen3'
[4.084s] --   Found eigen3, version 3.4.0
[4.154s] -- Found Eigen: /usr/include/eigen3 (Required is at least version "3.1") 
[4.154s] -- Eigen found (include: /usr/include/eigen3, version: 3.4.0)
[4.354s] -- Checking for module 'flann'
[4.397s] --   Found flann, version 1.9.1
[4.502s] -- Found FLANN: /usr/lib/aarch64-linux-gnu/libflann_cpp.so  
[4.503s] -- FLANN found (include: /usr/include, lib: /usr/lib/aarch64-linux-gnu/libflann_cpp.so)
[6.673s] -- Checking for module 'libusb-1.0'
[6.723s] --   Found libusb-1.0, version 1.0.25
[6.807s] -- Found libusb: /usr/lib/aarch64-linux-gnu/libusb-1.0.so  
[6.811s] -- OpenNI found (version: 1.5.4.0, include: /usr/include/ni, lib: /usr/lib/libOpenNI.so;libusb::libusb)
[6.965s] -- OpenNI2 found (version: 2.3.0.85, include: /home/wheeltec/wheeltec_ros2/install/astra_camera/include/openni2, lib: /usr/lib/aarch64-linux-gnu/libOpenNI2.so;libusb::libusb)
[7.323s] -- Eigen found (include: /usr/include/eigen3, version: 3.4.0)
[7.337s] -- OpenNI found (version: 1.5.4.0, include: /usr/include/ni, lib: /usr/lib/libOpenNI.so;libusb::libusb)
[7.351s] -- OpenNI2 found (version: 2.3.0.85, include: /home/wheeltec/wheeltec_ros2/install/astra_camera/include/openni2, lib: /usr/lib/aarch64-linux-gnu/libOpenNI2.so;libusb::libusb)
[7.703s] -- Found Qhull version 8.0.2
[8.039s] -- OpenNI found (version: 1.5.4.0, include: /usr/include/ni, lib: /usr/lib/libOpenNI.so;libusb::libusb)
[8.363s] -- Found PCL_COMMON: /usr/lib/aarch64-linux-gnu/libpcl_common.so  
[8.365s] -- Found PCL_KDTREE: /usr/lib/aarch64-linux-gnu/libpcl_kdtree.so  
[8.366s] -- Found PCL_OCTREE: /usr/lib/aarch64-linux-gnu/libpcl_octree.so  
[8.368s] -- Found PCL_SEARCH: /usr/lib/aarch64-linux-gnu/libpcl_search.so  
[8.369s] -- Found PCL_SAMPLE_CONSENSUS: /usr/lib/aarch64-linux-gnu/libpcl_sample_consensus.so  
[8.371s] -- Found PCL_FILTERS: /usr/lib/aarch64-linux-gnu/libpcl_filters.so  
[8.372s] -- Found PCL_2D: /usr/include/pcl-1.12  
[8.372s] -- Found PCL_GEOMETRY: /usr/include/pcl-1.12  
[8.374s] -- Found PCL_IO: /usr/lib/aarch64-linux-gnu/libpcl_io.so  
[8.376s] -- Found PCL_FEATURES: /usr/lib/aarch64-linux-gnu/libpcl_features.so  
[8.377s] -- Found PCL_ML: /usr/lib/aarch64-linux-gnu/libpcl_ml.so  
[8.379s] -- Found PCL_SEGMENTATION: /usr/lib/aarch64-linux-gnu/libpcl_segmentation.so  
[8.381s] -- Found PCL_VISUALIZATION: /usr/lib/aarch64-linux-gnu/libpcl_visualization.so  
[8.383s] -- Found PCL_SURFACE: /usr/lib/aarch64-linux-gnu/libpcl_surface.so  
[8.385s] -- Found PCL_REGISTRATION: /usr/lib/aarch64-linux-gnu/libpcl_registration.so  
[8.387s] -- Found PCL_KEYPOINTS: /usr/lib/aarch64-linux-gnu/libpcl_keypoints.so  
[8.389s] -- Found PCL_TRACKING: /usr/lib/aarch64-linux-gnu/libpcl_tracking.so  
[8.390s] -- Found PCL_RECOGNITION: /usr/lib/aarch64-linux-gnu/libpcl_recognition.so  
[8.392s] -- Found PCL_STEREO: /usr/lib/aarch64-linux-gnu/libpcl_stereo.so  
[8.394s] -- Found PCL_APPS: /usr/lib/aarch64-linux-gnu/libpcl_apps.so  
[8.395s] -- Found PCL_IN_HAND_SCANNER: /usr/include/pcl-1.12  
[8.396s] -- Found PCL_MODELER: /usr/include/pcl-1.12  
[8.397s] -- Found PCL_POINT_CLOUD_EDITOR: /usr/include/pcl-1.12  
[8.399s] -- Found PCL_OUTOFCORE: /usr/lib/aarch64-linux-gnu/libpcl_outofcore.so  
[8.400s] -- Found PCL_PEOPLE: /usr/lib/aarch64-linux-gnu/libpcl_people.so  
[8.540s] -- Found PkgConfig: /usr/bin/pkg-config (found version "0.29.2") 
[8.542s] -- Checking for module 'apr-1'
[8.551s] --   No package 'apr-1' found
[9.159s] -- Found ament_cmake_ros: 0.10.0 (/opt/ros/humble/share/ament_cmake_ros/cmake)
[9.834s] -- Using all available rosidl_typesupport_c: rosidl_typesupport_fastrtps_c;rosidl_typesupport_introspection_c
[10.670s] -- Using all available rosidl_typesupport_cpp: rosidl_typesupport_fastrtps_cpp;rosidl_typesupport_introspection_cpp
[10.750s] -- Found PythonInterp: /usr/bin/python3 (found suitable version "3.10.12", minimum required is "3.6") 
[10.782s] -- Found python_cmake_module: 0.10.0 (/opt/ros/humble/share/python_cmake_module/cmake)
[10.876s] -- Found PythonLibs: /usr/lib/aarch64-linux-gnu/libpython3.10.so (found suitable version "3.10.12", minimum required is "3.5") 
[10.877s] -- Using PYTHON_EXECUTABLE: /usr/bin/python3
[10.877s] -- Using PYTHON_INCLUDE_DIRS: /usr/include/python3.10
[10.877s] -- Using PYTHON_LIBRARIES: /usr/lib/aarch64-linux-gnu/libpython3.10.so
[10.937s] -- Found PythonExtra: .so  
[11.431s] -- Found ament_lint_auto: 0.12.14 (/opt/ros/humble/share/ament_lint_auto/cmake)
[11.621s] -- Added test 'copyright' to check source files copyright and LICENSE
[11.636s] -- Added test 'cppcheck' to perform static code analysis on C / C++ code
[11.637s] -- Configured cppcheck include dirs: /home/wheeltec/agribot/agribot_ws/src/livox_ros_driver2/3rdparty;/home/wheeltec/agribot/agribot_ws/src/livox_ros_driver2/src
[11.637s] -- Configured cppcheck exclude dirs and/or files: 
[11.651s] -- Added test 'cpplint' to check C / C++ code against the Google style
[11.652s] -- Configured cpplint exclude dirs and/or files: 
[11.657s] -- Added test 'flake8' to check Python code syntax and style conventions
[11.663s] -- Added test 'lint_cmake' to check CMake code style
[11.668s] -- Added test 'pep257' to check Python code against some of the docstring style conventions in PEP 257
[11.682s] -- Added test 'uncrustify' to check C / C++ code style
[11.682s] -- Configured uncrustify additional arguments: 
[11.687s] -- Added test 'xmllint' to check XML markup files
[11.698s] -- Configuring done
[11.713s] [0mCMake Error: The following variables are used in this project, but they are set to NOTFOUND.
[11.713s] Please set them or make sure they are set and tested correctly in the CMake files:
[11.713s] /home/wheeltec/agribot/agribot_ws/src/livox_ros_driver2/LIVOX_INTERFACES_INCLUDE_DIRECTORIES
[11.714s]    used as include directory in directory /home/wheeltec/agribot/agribot_ws/src/livox_ros_driver2
[11.714s] [0m
[11.836s] -- Generating done
[11.843s] [0mCMake Generate step failed.  Build files cannot be regenerated correctly.[0m
[11.899s] Invoked command in '/home/wheeltec/agribot/agribot_ws/build/livox_ros_driver2' returned '1': CMAKE_PREFIX_PATH=${CMAKE_PREFIX_PATH}:/home/wheeltec/wheeltec_ros2/install/simple_follower_ros2:/home/wheeltec/wheeltec_ros2/install/wheeltec_robot_keyboard:/home/wheeltec/wheeltec_ros2/install/wheeltec_dual_rtk_driver:/home/wheeltec/wheeltec_ros2/install/ultralytics_ros2:/home/wheeltec/wheeltec_ros2/install/tf2_tools:/home/wheeltec/wheeltec_ros2/install/ollama_ros_chat:/home/wheeltec/wheeltec_ros2/install/nmea_navsat_driver:/home/wheeltec/wheeltec_ros2/install/nav2_waypoint_cycle:/home/wheeltec/wheeltec_ros2/install/nav2_simple_commander:/home/wheeltec/wheeltec_ros2/install/auto_recharge_ros2:/opt/ros/humble /usr/bin/cmake /home/wheeltec/agribot/agribot_ws/src/livox_ros_driver2 -DCMAKE_INSTALL_PREFIX=/home/wheeltec/agribot/agribot_ws/install/livox_ros_driver2
